#
# A fatal error has been detected by the Java Runtime Environment:
#
#  EXCEPTION_ACCESS_VIOLATION (0xc0000005) at pc=0x00007ffc69f864f7, pid=30152, tid=9388
#
# JRE version: Java(TM) SE Runtime Environment (21.0.11+9) (build 21.0.11+9-LTS-211)
# Java VM: Java HotSpot(TM) 64-Bit Server VM (21.0.11+9-LTS-211, mixed mode, sharing, tiered, compressed oops, compressed class ptrs, g1 gc, windows-amd64)
# Problematic frame:
# C  [glass.dll+0x264f7]
#
# No core dump will be written. Minidumps are not enabled by default on client versions of Windows
#
# If you would like to submit a bug report, please visit:
#   https://bugreport.java.com/bugreport/crash.jsp
#

---------------  S U M M A R Y ------------

Command Line: -javaagent:C:\Program Files\JetBrains\IntelliJ IDEA 2026.1.2\lib\idea_rt.jar=49677 -Dfile.encoding=UTF-8 -Dsun.stdout.encoding=UTF-8 -Dsun.stderr.encoding=UTF-8 com.asm.App

Host: 13th Gen Intel(R) Core(TM) i5-13420H, 12 cores, 15G,  Windows 11 , 64 bit Build 26100 (10.0.26100.8328)
Time: Wed May 27 01:18:15 2026 Hora estándar central (México) elapsed time: 86.483090 seconds (0d 0h 1m 26s)

---------------  T H R E A D  ---------------

Current thread (0x000001d4351dfc00):  VMThread "VM Thread"          [id=9388, stack(0x000000d0ae500000,0x000000d0ae600000) (1024K)]

Stack: [0x000000d0ae500000,0x000000d0ae600000],  sp=0x000000d0ae5feb70,  free space=1018k
Native frames: (J=compiled Java code, j=interpreted, Vv=VM code, C=native code)
C  [glass.dll+0x264f7]


siginfo: EXCEPTION_ACCESS_VIOLATION (0xc0000005), reading address 0x0000000000000000


Registers:
RAX=0x0000000000000000, RBX=0x000001d4351e8e4a, RCX=0x000001d4351dfc00, RDX=0x000000d0ae5feb70
RSP=0x000000d0ae5feb70, RBP=0x00002fb10d24e7c0, RSI=0x000001d47c07b3e8, RDI=0x000001d47c07b3c0
R8 =0x0000000000010002, R9 =0x00002fb10d24e7c0, R10=0x000001d413ee0000, R11=0x000000d0ae5fec58
R12=0x000000007ffe0385, R13=0x0000000000000001, R14=0x000000d0ae5fec78, R15=0x000001d47c07b3c0
RIP=0x00007ffc69f864f7, EFLAGS=0x0000000000010202


Register to memory mapping:

RAX=0x0 is null
RBX=0x000001d4351e8e4a is a global jni handle
RCX=0x000001d4351dfc00 points into unknown readable memory: 0x00007ffbe99a31f8 | f8 31 9a e9 fb 7f 00 00
RDX=0x000000d0ae5feb70 points into unknown readable memory: 0x0000000000000000 | 00 00 00 00 00 00 00 00
RSP=0x000000d0ae5feb70 points into unknown readable memory: 0x0000000000000000 | 00 00 00 00 00 00 00 00
RBP=0x00002fb10d24e7c0 is an unknown value
RSI=0x000001d47c07b3e8 points into unknown readable memory: 0x00002fb10d24e7c0 | c0 e7 24 0d b1 2f 00 00
RDI=0x000001d47c07b3c0 points into unknown readable memory: 0x0000504d64dcde98 | 98 de dc 64 4d 50 00 00
R8 =0x0000000000010002 is an unknown value
R9 =0x00002fb10d24e7c0 is an unknown value
R10=0x000001d413ee0000 points into unknown readable memory: 0x0000000000000000 | 00 00 00 00 00 00 00 00
R11=0x000000d0ae5fec58 points into unknown readable memory: 0x00007ffc69f83ccd | cd 3c f8 69 fc 7f 00 00
R12=0x000000007ffe0385 points into unknown readable memory: 00 00 00
R13=0x0000000000000001 is an unknown value
R14=0x000000d0ae5fec78 points into unknown readable memory: 0x000000d0ae5fec60 | 60 ec 5f ae d0 00 00 00
R15=0x000001d47c07b3c0 points into unknown readable memory: 0x0000504d64dcde98 | 98 de dc 64 4d 50 00 00

Top of Stack: (sp=0x000000d0ae5feb70)
0x000000d0ae5feb70:   0000000000000000 000001d400000000
0x000000d0ae5feb80:   000001d47c095440 000000007ffe0385
0x000000d0ae5feb90:   000001d47c07b3c8 00007ffc81f0bc75
0x000000d0ae5feba0:   000001d47c07b3c0 000001d400000000
0x000000d0ae5febb0:   000001d47c07b3e0 00002fb10d24e7c0
0x000000d0ae5febc0:   fffffffffffffffe 00007ffc6b4c0000
0x000000d0ae5febd0:   00007ffc69f60000 00007ffc69f60000
0x000000d0ae5febe0:   000000d0ae5fec68 00007ffc81f0b897
0x000000d0ae5febf0:   000000d0ae5fec00 000000d0ae5fec78
0x000000d0ae5fec00:   000000d0ae5ff1c0 00007ffc81ff88c0
0x000000d0ae5fec10:   0000000000000001 00007ffc81f0b84d
0x000000d0ae5fec20:   0000000000000000 0000000000000001
0x000000d0ae5fec30:   00007ffc7cf9ed80 000000d0ae5fec68
0x000000d0ae5fec40:   fffffffffffffffe 000000d0ae5fec30
0x000000d0ae5fec50:   0000000000000000 00007ffc69f83ccd
0x000000d0ae5fec60:   00007ffc69f9a008 0000000000000002
0x000000d0ae5fec70:   00007ffc00000002 000000d0ae5fec60
0x000000d0ae5fec80:   0000000000000000 00007ffc82010000
0x000000d0ae5fec90:   0000000000000000 00007ffc69f83df2
0x000000d0ae5feca0:   0000000000000001 000000d0ae5ff1c0
0x000000d0ae5fecb0:   0000000000000001 0000000000000000
0x000000d0ae5fecc0:   0000000000000001 00007ffc80990000
0x000000d0ae5fecd0:   00007ffc00000001 000000d0ae5ff1c0
0x000000d0ae5fece0:   0000000000000000 00007ffc69f83e40
0x000000d0ae5fecf0:   0000000000000001 00007ffc8479f98a
0x000000d0ae5fed00:   00007ffc69f60000 0000000000000000
0x000000d0ae5fed10:   0000000000000001 000000007ffe0384
0x000000d0ae5fed20:   0000000000000000 00007ffc84652d23
0x000000d0ae5fed30:   0000000000000000 000001d4140504a8
0x000000d0ae5fed40:   000000000000008d 0000000000000000
0x000000d0ae5fed50:   0000000000000000 0000000000000000
0x000000d0ae5fed60:   0000000000000000 fffff62900000000 

Instructions: (pc=0x00007ffc69f864f7)
0x00007ffc69f863f7:   8b 4d 58 e8 8d cf ff ff 48 8b 4d 60 e8 84 cf ff
0x00007ffc69f86407:   ff 48 8b 95 80 00 00 00 48 8b 8d 18 01 00 00 e8
0x00007ffc69f86417:   76 c4 ff ff 33 d2 33 c9 e8 cc e1 ff ff 90 48 89
0x00007ffc69f86427:   54 24 10 55 48 83 ec 20 48 8b ea 48 b8 00 00 00
0x00007ffc69f86437:   00 00 00 00 00 48 83 c4 20 5d c3 cc 40 55 48 8b
0x00007ffc69f86447:   ea 48 8b 01 33 c9 81 38 05 00 00 c0 0f 94 c1 8b
0x00007ffc69f86457:   c1 5d c3 cc 40 55 48 83 ec 20 48 8b ea 8a 4d 40
0x00007ffc69f86467:   48 83 c4 20 5d e9 73 d3 ff ff cc 40 55 48 83 ec
0x00007ffc69f86477:   20 48 8b ea 8a 4d 20 e8 61 d3 ff ff 90 48 83 c4
0x00007ffc69f86487:   20 5d c3 cc 40 55 48 83 ec 20 48 8b ea 48 83 c4
0x00007ffc69f86497:   20 5d e9 c2 d1 ff ff cc 40 55 48 83 ec 30 48 8b
0x00007ffc69f864a7:   ea 48 8b 01 8b 10 48 89 4c 24 28 89 54 24 20 4c
0x00007ffc69f864b7:   8d 0d 63 d6 ff ff 4c 8b 45 70 8b 55 68 48 8b 4d
0x00007ffc69f864c7:   60 e8 03 d1 ff ff 90 48 83 c4 30 5d c3 cc cc cc
0x00007ffc69f864d7:   cc cc cc cc cc cc cc cc cc 40 53 48 83 ec 20 48
0x00007ffc69f864e7:   8b 1d 1b 35 01 00 48 85 db 74 16 e8 89 8f ff ff
0x00007ffc69f864f7:   4c 8b 00 48 8b d3 48 8b c8 41 ff 90 b0 00 00 00
0x00007ffc69f86507:   90 48 83 c4 20 5b c3 cc cc 40 53 48 83 ec 20 48
0x00007ffc69f86517:   8b 1d 8b 36 01 00 48 85 db 74 57 b8 ff ff ff ff
0x00007ffc69f86527:   f0 0f c1 43 10 83 f8 01 75 3d 48 85 db 74 38 48
0x00007ffc69f86537:   8b 0b 48 85 c9 74 0d ff 15 64 0d 00 00 48 c7 03
0x00007ffc69f86547:   00 00 00 00 48 8b 4b 08 48 85 c9 74 0d e8 33 ce
0x00007ffc69f86557:   ff ff 48 c7 43 08 00 00 00 00 ba 18 00 00 00 48
0x00007ffc69f86567:   8b cb e8 1e ce ff ff 48 c7 05 2f 36 01 00 00 00
0x00007ffc69f86577:   00 00 48 83 c4 20 5b c3 cc 40 53 48 83 ec 20 48
0x00007ffc69f86587:   8b 1d fb 35 01 00 48 85 db 74 57 b8 ff ff ff ff
0x00007ffc69f86597:   f0 0f c1 43 10 83 f8 01 75 3d 48 85 db 74 38 48
0x00007ffc69f865a7:   8b 0b 48 85 c9 74 0d ff 15 f4 0c 00 00 48 c7 03
0x00007ffc69f865b7:   00 00 00 00 48 8b 4b 08 48 85 c9 74 0d e8 c3 cd
0x00007ffc69f865c7:   ff ff 48 c7 43 08 00 00 00 00 ba 18 00 00 00 48
0x00007ffc69f865d7:   8b cb e8 ae cd ff ff 48 c7 05 9f 35 01 00 00 00
0x00007ffc69f865e7:   00 00 48 83 c4 20 5b c3 cc 40 53 48 83 ec 20 48 


Stack slot to memory mapping:

stack at sp + 0 slots: 0x0 is null
stack at sp + 1 slots: 0x000001d400000000 points into unknown readable memory: 0x0000002078746341 | 41 63 74 78 20 00 00 00
stack at sp + 2 slots: 0x000001d47c095440 points into unknown readable memory: 0x000001d47c095230 | 30 52 09 7c d4 01 00 00
stack at sp + 3 slots: 0x000000007ffe0385 points into unknown readable memory: 00 00 00
stack at sp + 4 slots: 0x000001d47c07b3c8 points into unknown readable memory: 0x00002fb10d24e7c0 | c0 e7 24 0d b1 2f 00 00
stack at sp + 5 slots: 0x00007ffc81f0bc75 ucrtbase.dll
stack at sp + 6 slots: 0x000001d47c07b3c0 points into unknown readable memory: 0x0000504d64dcde98 | 98 de dc 64 4d 50 00 00
stack at sp + 7 slots: 0x000001d400000000 points into unknown readable memory: 0x0000002078746341 | 41 63 74 78 20 00 00 00

VM_Operation (0x000000d0adbff4d0): Exit, mode: safepoint, requested by thread 0x000001d407930ba0


---------------  P R O C E S S  ---------------

Threads class SMR info:
_java_thread_list=0x000001d407665580, length=28, elements={
0x000001d416128b50, 0x000001d4351fc8f0, 0x000001d4351ff360, 0x000001d435799840,
0x000001d435207510, 0x000001d4357a1fa0, 0x000001d4352081d0, 0x000001d435208c70,
0x000001d435a55940, 0x000001d435a54590, 0x000001d435a552b0, 0x000001d435a54c20,
0x000001d47b8690e0, 0x000001d47b867d30, 0x000001d47b868a50, 0x000001d47b86a490,
0x000001d47b869e00, 0x000001d47b86ab20, 0x000001d47b86b840, 0x000001d47b86e630,
0x000001d47b86cbf0, 0x000001d47b86dfa0, 0x000001d47b86ecc0, 0x000001d47b86f350,
0x000001d47b86d280, 0x000001d47b86d910, 0x000001d407930ba0, 0x000001d407930510
}

Java Threads: ( => current thread )
  0x000001d416128b50 JavaThread "main"                              [_thread_blocked, id=22284, stack(0x000000d0ade00000,0x000000d0adf00000) (1024K)]
  0x000001d4351fc8f0 JavaThread "Reference Handler"          daemon [_thread_blocked, id=41240, stack(0x000000d0ae600000,0x000000d0ae700000) (1024K)]
  0x000001d4351ff360 JavaThread "Finalizer"                  daemon [_thread_blocked, id=30580, stack(0x000000d0ae700000,0x000000d0ae800000) (1024K)]
  0x000001d435799840 JavaThread "Attach Listener"            daemon [_thread_blocked, id=22432, stack(0x000000d0ae900000,0x000000d0aea00000) (1024K)]
  0x000001d435207510 JavaThread "Service Thread"             daemon [_thread_blocked, id=32240, stack(0x000000d0aea00000,0x000000d0aeb00000) (1024K)]
  0x000001d4357a1fa0 JavaThread "Monitor Deflation Thread"   daemon [_thread_blocked, id=4192, stack(0x000000d0aeb00000,0x000000d0aec00000) (1024K)]
  0x000001d4352081d0 JavaThread "C2 CompilerThread0"         daemon [_thread_blocked, id=24040, stack(0x000000d0aec00000,0x000000d0aed00000) (1024K)]
  0x000001d435208c70 JavaThread "C1 CompilerThread0"         daemon [_thread_blocked, id=21632, stack(0x000000d0aed00000,0x000000d0aee00000) (1024K)]
  0x000001d435a55940 JavaThread "Common-Cleaner"             daemon [_thread_blocked, id=4596, stack(0x000000d0aee00000,0x000000d0aef00000) (1024K)]
  0x000001d435a54590 JavaThread "Monitor Ctrl-Break"         daemon [_thread_in_native, id=34380, stack(0x000000d0af000000,0x000000d0af100000) (1024K)]
  0x000001d435a552b0 JavaThread "Notification Thread"        daemon [_thread_blocked, id=25548, stack(0x000000d0af100000,0x000000d0af200000) (1024K)]
  0x000001d435a54c20 JavaThread "JavaFX-Launcher"                   [_thread_blocked, id=43176, stack(0x000000d0af200000,0x000000d0af300000) (1024K)]
  0x000001d47b8690e0 JavaThread "RMI TCP Accept-0"           daemon [_thread_in_native, id=43296, stack(0x000000d0af400000,0x000000d0af500000) (1024K)]
  0x000001d47b867d30 JavaThread "RMI TCP Connection(1)-192.168.100.46" daemon [_thread_in_native, id=42232, stack(0x000000d0af500000,0x000000d0af600000) (1024K)]
  0x000001d47b868a50 JavaThread "RMI Scheduler(0)"           daemon [_thread_blocked, id=25528, stack(0x000000d0af600000,0x000000d0af700000) (1024K)]
  0x000001d47b86a490 JavaThread "JMX server connection timeout 27" daemon [_thread_blocked, id=41672, stack(0x000000d0af700000,0x000000d0af800000) (1024K)]
  0x000001d47b869e00 JavaThread "InvokeLaterDispatcher"      daemon [_thread_blocked, id=24908, stack(0x000000d0b0200000,0x000000d0b0300000) (1024K)]
  0x000001d47b86ab20 JavaThread "JavaFX Application Thread"         [_thread_in_native, id=8368, stack(0x000000d0b0300000,0x000000d0b0400000) (1024K)]
  0x000001d47b86b840 JavaThread "Thread-2"                   daemon [_thread_in_native, id=42892, stack(0x000000d0b1300000,0x000000d0b1400000) (1024K)]
  0x000001d47b86e630 JavaThread "mysql-cj-abandoned-connection-cleanup" daemon [_thread_blocked, id=42484, stack(0x000000d0b1600000,0x000000d0b1700000) (1024K)]
  0x000001d47b86cbf0 JavaThread "Hibernate Connection Pool Validation Thread" daemon [_thread_blocked, id=13308, stack(0x000000d0b1700000,0x000000d0b1800000) (1024K)]
  0x000001d47b86dfa0 JavaThread "Prism Font Disposer"        daemon [_thread_blocked, id=33016, stack(0x000000d0b1a00000,0x000000d0b1b00000) (1024K)]
  0x000001d47b86ecc0 JavaThread "Cleaner-0"                  daemon [_thread_blocked, id=39284, stack(0x000000d0b1b00000,0x000000d0b1c00000) (1024K)]
  0x000001d47b86f350 JavaThread "PrinterListener"            daemon [_thread_in_native, id=32444, stack(0x000000d0aef00000,0x000000d0af000000) (1024K)]
  0x000001d47b86d280 JavaThread "RemotePrinterListener"      daemon [_thread_in_native, id=6176, stack(0x000000d0b1c00000,0x000000d0b1d00000) (1024K)]
  0x000001d47b86d910 JavaThread "Java2D Disposer"            daemon [_thread_blocked, id=13232, stack(0x000000d0b1d00000,0x000000d0b1e00000) (1024K)]
  0x000001d407930ba0 JavaThread "SIGINT handler"             daemon [_thread_blocked, id=42836, stack(0x000000d0adb00000,0x000000d0adc00000) (1024K)]
  0x000001d407930510 JavaThread "AWT-Shutdown"                      [_thread_blocked, id=24528, stack(0x000000d0b2100000,0x000000d0b2200000) (1024K)]
Total: 28

Other Threads:
=>0x000001d4351dfc00 VMThread "VM Thread"                           [id=9388, stack(0x000000d0ae500000,0x000000d0ae600000) (1024K)]
  0x000001d416190440 WorkerThread "GC Thread#0"                     [id=29484, stack(0x000000d0adf00000,0x000000d0ae000000) (1024K)]
  0x000001d47b99b180 WorkerThread "GC Thread#1"                     [id=7900, stack(0x000000d0af800000,0x000000d0af900000) (1024K)]
  0x000001d47b99b940 WorkerThread "GC Thread#2"                     [id=612, stack(0x000000d0af900000,0x000000d0afa00000) (1024K)]
  0x000001d47b99bcf0 WorkerThread "GC Thread#3"                     [id=31596, stack(0x000000d0afa00000,0x000000d0afb00000) (1024K)]
  0x000001d47b99c0a0 WorkerThread "GC Thread#4"                     [id=11724, stack(0x000000d0afb00000,0x000000d0afc00000) (1024K)]
  0x000001d47b99c450 WorkerThread "GC Thread#5"                     [id=9244, stack(0x000000d0afc00000,0x000000d0afd00000) (1024K)]
  0x000001d47b954200 WorkerThread "GC Thread#6"                     [id=23116, stack(0x000000d0afd00000,0x000000d0afe00000) (1024K)]
  0x000001d47b9525f0 WorkerThread "GC Thread#7"                     [id=22860, stack(0x000000d0afe00000,0x000000d0aff00000) (1024K)]
  0x000001d47b94e960 WorkerThread "GC Thread#8"                     [id=34624, stack(0x000000d0aff00000,0x000000d0b0000000) (1024K)]
  0x000001d47b95f830 WorkerThread "GC Thread#9"                     [id=16000, stack(0x000000d0b0000000,0x000000d0b0100000) (1024K)]
  0x000001d4161a1680 ConcurrentGCThread "G1 Main Marker"            terminated
  0x000001d4161a3010 WorkerThread "G1 Conc#0"                       [id=42160, stack(0x000000d0ae100000,0x000000d0ae200000) (1024K)]
  0x000001d47b95e970 WorkerThread "G1 Conc#1"                       [id=38008, stack(0x000000d0b1400000,0x000000d0b1500000) (1024K)]
  0x000001d47b95f0d0 WorkerThread "G1 Conc#2"                       [id=43704, stack(0x000000d0b1500000,0x000000d0b1600000) (1024K)]
  0x000001d4350990a0 ConcurrentGCThread "G1 Refine#0"               terminated
  0x000001d43509a8e0 ConcurrentGCThread "G1 Service"                terminated
Total: 17

Threads with active compile tasks:
Total: 0

VM state: at safepoint (shutting down)

VM Mutex/Monitor currently owned by a thread:  ([mutex/lock_event])
[0x00007ffbe9b6af50] Threads_lock - owner thread: 0x000001d4351dfc00
[0x00007ffbe9b6b050] Heap_lock - owner thread: 0x000001d407930ba0

Heap address: 0x0000000705c00000, size: 4004 MB, Compressed Oops mode: Zero based, Oop shift amount: 3

CDS archive(s) mapped at: [0x000001d436000000-0x000001d436c90000-0x000001d436c90000), size 13172736, SharedBaseAddress: 0x000001d436000000, ArchiveRelocationMode: 1.
Compressed class space mapped at: 0x000001d437000000-0x000001d477000000, reserved size: 1073741824
Narrow klass base: 0x000001d436000000, Narrow klass shift: 0, Narrow klass range: 0x100000000

GC Precious Log:
 CardTable entry size: 512
 Card Set container configuration: InlinePtr #cards 4 size 8 Array Of Cards #cards 16 size 48 Howl #buckets 8 coarsen threshold 3686 Howl Bitmap #cards 512 size 80 coarsen threshold 460 Card regions per heap region 1 cards per card region 4096
 CPUs: 12 total, 12 available
 Memory: 16013M
 Large Page Support: Disabled
 NUMA Support: Disabled
 Compressed Oops: Enabled (Zero based)
 Heap Region Size: 2M
 Heap Min Capacity: 8M
 Heap Initial Capacity: 252M
 Heap Max Capacity: 4004M
 Pre-touch: Disabled
 Parallel Workers: 10
 Concurrent Workers: 3
 Concurrent Refinement Workers: 10
 Periodic GC: Disabled

Heap:
 garbage-first heap   total 61440K, used 28874K [0x0000000705c00000, 0x0000000800000000)
  region size 2048K, 5 young (10240K), 2 survivors (4096K)
 Metaspace       used 62254K, committed 62848K, reserved 1114112K
  class space    used 8561K, committed 8832K, reserved 1048576K

Heap Regions: E=young(eden), S=young(survivor), O=old, HS=humongous(starts), HC=humongous(continues), CS=collection set, F=free, TAMS=top-at-mark-start, PB=parsable bottom
|   0|0x0000000705c00000, 0x0000000705e00000, 0x0000000705e00000|100%| O|  |TAMS 0x0000000705c00000| PB 0x0000000705c00000| Untracked 
|   1|0x0000000705e00000, 0x0000000706000000, 0x0000000706000000|100%| O|  |TAMS 0x0000000705e00000| PB 0x0000000705e00000| Untracked 
|   2|0x0000000706000000, 0x00000007061faea0, 0x0000000706200000| 99%| O|  |TAMS 0x0000000706000000| PB 0x0000000706000000| Untracked 
|   3|0x0000000706200000, 0x0000000706400000, 0x0000000706400000|100%| O|  |TAMS 0x0000000706200000| PB 0x0000000706200000| Untracked 
|   4|0x0000000706400000, 0x0000000706600000, 0x0000000706600000|100%| O|  |TAMS 0x0000000706400000| PB 0x0000000706400000| Untracked 
|   5|0x0000000706600000, 0x0000000706800000, 0x0000000706800000|100%| O|  |TAMS 0x0000000706600000| PB 0x0000000706600000| Untracked 
|   6|0x0000000706800000, 0x0000000706a00000, 0x0000000706a00000|100%| O|  |TAMS 0x0000000706800000| PB 0x0000000706800000| Untracked 
|   7|0x0000000706a00000, 0x0000000706c00000, 0x0000000706c00000|100%|HS|  |TAMS 0x0000000706a00000| PB 0x0000000706a00000| Complete 
|   8|0x0000000706c00000, 0x0000000706e00000, 0x0000000706e00000|100%| O|  |TAMS 0x0000000706c00000| PB 0x0000000706c00000| Untracked 
|   9|0x0000000706e00000, 0x0000000706e00000, 0x0000000707000000|  0%| F|  |TAMS 0x0000000706e00000| PB 0x0000000706e00000| Untracked 
|  10|0x0000000707000000, 0x0000000707200000, 0x0000000707200000|100%| O|  |TAMS 0x0000000707000000| PB 0x0000000707000000| Untracked 
|  11|0x0000000707200000, 0x000000070732d7a0, 0x0000000707400000| 58%| O|  |TAMS 0x0000000707200000| PB 0x0000000707200000| Untracked 
|  12|0x0000000707400000, 0x0000000707400000, 0x0000000707600000|  0%| F|  |TAMS 0x0000000707400000| PB 0x0000000707400000| Untracked 
|  13|0x0000000707600000, 0x0000000707600000, 0x0000000707800000|  0%| F|  |TAMS 0x0000000707600000| PB 0x0000000707600000| Untracked 
|  14|0x0000000707800000, 0x0000000707800000, 0x0000000707a00000|  0%| F|  |TAMS 0x0000000707800000| PB 0x0000000707800000| Untracked 
|  15|0x0000000707a00000, 0x0000000707a00000, 0x0000000707c00000|  0%| F|  |TAMS 0x0000000707a00000| PB 0x0000000707a00000| Untracked 
|  16|0x0000000707c00000, 0x0000000707c00000, 0x0000000707e00000|  0%| F|  |TAMS 0x0000000707c00000| PB 0x0000000707c00000| Untracked 
|  17|0x0000000707e00000, 0x0000000707e00000, 0x0000000708000000|  0%| F|  |TAMS 0x0000000707e00000| PB 0x0000000707e00000| Untracked 
|  18|0x0000000708000000, 0x0000000708000000, 0x0000000708200000|  0%| F|  |TAMS 0x0000000708000000| PB 0x0000000708000000| Untracked 
|  19|0x0000000708200000, 0x000000070830a2f0, 0x0000000708400000| 51%| S|CS|TAMS 0x0000000708200000| PB 0x0000000708200000| Complete 
|  20|0x0000000708400000, 0x0000000708600000, 0x0000000708600000|100%| S|CS|TAMS 0x0000000708400000| PB 0x0000000708400000| Complete 
|  21|0x0000000708600000, 0x0000000708600000, 0x0000000708800000|  0%| F|  |TAMS 0x0000000708600000| PB 0x0000000708600000| Untracked 
|  22|0x0000000708800000, 0x0000000708800000, 0x0000000708a00000|  0%| F|  |TAMS 0x0000000708800000| PB 0x0000000708800000| Untracked 
|  23|0x0000000708a00000, 0x0000000708a00000, 0x0000000708c00000|  0%| F|  |TAMS 0x0000000708a00000| PB 0x0000000708a00000| Untracked 
|  24|0x0000000708c00000, 0x0000000708c00000, 0x0000000708e00000|  0%| F|  |TAMS 0x0000000708c00000| PB 0x0000000708c00000| Untracked 
|  25|0x0000000708e00000, 0x0000000708e00000, 0x0000000709000000|  0%| F|  |TAMS 0x0000000708e00000| PB 0x0000000708e00000| Untracked 
|  26|0x0000000709000000, 0x0000000709000000, 0x0000000709200000|  0%| F|  |TAMS 0x0000000709000000| PB 0x0000000709000000| Untracked 
|  27|0x0000000709200000, 0x00000007092463d8, 0x0000000709400000| 13%| E|  |TAMS 0x0000000709200000| PB 0x0000000709200000| Complete 
| 121|0x0000000714e00000, 0x0000000715000000, 0x0000000715000000|100%| E|CS|TAMS 0x0000000714e00000| PB 0x0000000714e00000| Complete 
| 125|0x0000000715600000, 0x0000000715800000, 0x0000000715800000|100%| E|CS|TAMS 0x0000000715600000| PB 0x0000000715600000| Complete 

Card table byte_map: [0x000001d42e320000,0x000001d42eb00000] _byte_map_base: 0x000001d42aaf2000

Marking Bits: (CMBitMap*) 0x000001d416191360
 Bits: [0x000001d42eb00000, 0x000001d432990000)

Polling page: 0x000001d4142d0000

Metaspace:

Usage:
  Non-class:     52.43 MB used.
      Class:      8.36 MB used.
       Both:     60.80 MB used.

Virtual space:
  Non-class space:       64.00 MB reserved,      52.75 MB ( 82%) committed,  1 nodes.
      Class space:        1.00 GB reserved,       8.62 MB ( <1%) committed,  1 nodes.
             Both:        1.06 GB reserved,      61.38 MB (  6%) committed. 

Chunk freelists:
   Non-Class:  10.99 MB
       Class:  7.22 MB
        Both:  18.20 MB

MaxMetaspaceSize: unlimited
CompressedClassSpaceSize: 1.00 GB
Initial GC threshold: 21.00 MB
Current GC threshold: 99.31 MB
CDS: on
 - commit_granule_bytes: 65536.
 - commit_granule_words: 8192.
 - virtual_space_node_default_size: 8388608.
 - enlarge_chunks_in_place: 1.
 - use_allocation_guard: 0.


Internal statistics:

num_allocs_failed_limit: 12.
num_arena_births: 762.
num_arena_deaths: 2.
num_vsnodes_births: 2.
num_vsnodes_deaths: 0.
num_space_committed: 982.
num_space_uncommitted: 0.
num_chunks_returned_to_freelist: 15.
num_chunks_taken_from_freelist: 2546.
num_chunk_merges: 9.
num_chunk_splits: 1838.
num_chunks_enlarged: 1425.
num_inconsistent_stats: 0.

CodeHeap 'non-profiled nmethods': size=120000Kb used=2879Kb max_used=2879Kb free=117120Kb
 bounds [0x000001d4260b0000, 0x000001d426380000, 0x000001d42d5e0000]
CodeHeap 'profiled nmethods': size=120000Kb used=10710Kb max_used=10710Kb free=109289Kb
 bounds [0x000001d41e5e0000, 0x000001d41f060000, 0x000001d425b10000]
CodeHeap 'non-nmethods': size=5760Kb used=2161Kb max_used=2190Kb free=3598Kb
 bounds [0x000001d425b10000, 0x000001d425d80000, 0x000001d4260b0000]
 total_blobs=6630 nmethods=5539 adapters=994
 compilation: enabled
              stopped_count=0, restarted_count=0
 full_count=0

Compilation events (20 events):
Event: 85.073 Thread 0x000001d435208c70 6020   !   3       sun.rmi.server.MarshalInputStream::resolveClass (105 bytes)
Event: 85.075 Thread 0x000001d435208c70 nmethod 6020 0x000001d41f04d690 code [0x000001d41f04d9e0, 0x000001d41f04ed78]
Event: 85.075 Thread 0x000001d435208c70 6021       3       sun.rmi.server.MarshalInputStream::readLocation (5 bytes)
Event: 85.075 Thread 0x000001d435208c70 nmethod 6021 0x000001d41f04f610 code [0x000001d41f04f7c0, 0x000001d41f04f968]
Event: 85.075 Thread 0x000001d435208c70 6022       3       java.io.ObjectStreamClass::classNamesEqual (59 bytes)
Event: 85.076 Thread 0x000001d435208c70 nmethod 6022 0x000001d41f04fa10 code [0x000001d41f04fca0, 0x000001d41f050718]
Event: 85.129 Thread 0x000001d435208c70 6023   !   3       java.security.AccessController::doPrivileged (26 bytes)
Event: 85.130 Thread 0x000001d435208c70 nmethod 6023 0x000001d41f050b90 code [0x000001d41f050da0, 0x000001d41f0512c8]
Event: 85.131 Thread 0x000001d435208c70 6024       3       java.util.logging.Logger::log (33 bytes)
Event: 85.131 Thread 0x000001d435208c70 nmethod 6024 0x000001d41f051590 code [0x000001d41f051780, 0x000001d41f051c60]
Event: 85.131 Thread 0x000001d435208c70 6025       3       sun.rmi.transport.ObjectEndpoint::hashCode (27 bytes)
Event: 85.131 Thread 0x000001d435208c70 nmethod 6025 0x000001d41f051e10 code [0x000001d41f051fc0, 0x000001d41f052260]
Event: 85.798 Thread 0x000001d435208c70 6026       3       java.util.logging.LogManager$4::<init> (26 bytes)
Event: 85.799 Thread 0x000001d435208c70 nmethod 6026 0x000001d41f052390 code [0x000001d41f052540, 0x000001d41f052838]
Event: 85.799 Thread 0x000001d435208c70 6028       3       java.util.logging.LogManager::setLoggerHandlers (101 bytes)
Event: 85.801 Thread 0x000001d435208c70 nmethod 6028 0x000001d41f052910 code [0x000001d41f052ce0, 0x000001d41f054618]
Event: 85.801 Thread 0x000001d435208c70 6029       3       java.util.concurrent.ConcurrentHashMap$KeyIterator::next (34 bytes)
Event: 85.801 Thread 0x000001d435208c70 nmethod 6029 0x000001d41f054e90 code [0x000001d41f055060, 0x000001d41f055338]
Event: 85.802 Thread 0x000001d435208c70 6027       3       java.util.logging.LogManager$4::run (5 bytes)
Event: 85.802 Thread 0x000001d435208c70 nmethod 6027 0x000001d41f055490 code [0x000001d41f055640, 0x000001d41f055798]

GC Heap History (18 events):
Event: 0.393 GC heap before
{Heap before GC invocations=0 (full 0):
 garbage-first heap   total 258048K, used 20480K [0x0000000705c00000, 0x0000000800000000)
  region size 2048K, 11 young (22528K), 0 survivors (0K)
 Metaspace       used 7545K, committed 7872K, reserved 1114112K
  class space    used 821K, committed 960K, reserved 1048576K
}
Event: 0.398 GC heap after
{Heap after GC invocations=1 (full 0):
 garbage-first heap   total 258048K, used 5775K [0x0000000705c00000, 0x0000000800000000)
  region size 2048K, 2 young (4096K), 2 survivors (4096K)
 Metaspace       used 7545K, committed 7872K, reserved 1114112K
  class space    used 821K, committed 960K, reserved 1048576K
}
Event: 1.058 GC heap before
{Heap before GC invocations=1 (full 0):
 garbage-first heap   total 258048K, used 34447K [0x0000000705c00000, 0x0000000800000000)
  region size 2048K, 16 young (32768K), 2 survivors (4096K)
 Metaspace       used 17471K, committed 17856K, reserved 1114112K
  class space    used 2189K, committed 2368K, reserved 1048576K
}
Event: 1.063 GC heap after
{Heap after GC invocations=2 (full 0):
 garbage-first heap   total 258048K, used 10219K [0x0000000705c00000, 0x0000000800000000)
  region size 2048K, 2 young (4096K), 2 survivors (4096K)
 Metaspace       used 17471K, committed 17856K, reserved 1114112K
  class space    used 2189K, committed 2368K, reserved 1048576K
}
Event: 1.185 GC heap before
{Heap before GC invocations=2 (full 0):
 garbage-first heap   total 258048K, used 16363K [0x0000000705c00000, 0x0000000800000000)
  region size 2048K, 6 young (12288K), 2 survivors (4096K)
 Metaspace       used 21160K, committed 21504K, reserved 1114112K
  class space    used 2641K, committed 2816K, reserved 1048576K
}
Event: 1.187 GC heap after
{Heap after GC invocations=3 (full 0):
 garbage-first heap   total 258048K, used 11161K [0x0000000705c00000, 0x0000000800000000)
  region size 2048K, 3 young (6144K), 3 survivors (6144K)
 Metaspace       used 21160K, committed 21504K, reserved 1114112K
  class space    used 2641K, committed 2816K, reserved 1048576K
}
Event: 1.632 GC heap before
{Heap before GC invocations=4 (full 0):
 garbage-first heap   total 49152K, used 33689K [0x0000000705c00000, 0x0000000800000000)
  region size 2048K, 14 young (28672K), 3 survivors (6144K)
 Metaspace       used 31069K, committed 31552K, reserved 1114112K
  class space    used 3864K, committed 4096K, reserved 1048576K
}
Event: 1.637 GC heap after
{Heap after GC invocations=5 (full 0):
 garbage-first heap   total 49152K, used 14361K [0x0000000705c00000, 0x0000000800000000)
  region size 2048K, 2 young (4096K), 2 survivors (4096K)
 Metaspace       used 31069K, committed 31552K, reserved 1114112K
  class space    used 3864K, committed 4096K, reserved 1048576K
}
Event: 1.860 GC heap before
{Heap before GC invocations=5 (full 0):
 garbage-first heap   total 49152K, used 28697K [0x0000000705c00000, 0x0000000800000000)
  region size 2048K, 10 young (20480K), 2 survivors (4096K)
 Metaspace       used 35550K, committed 35968K, reserved 1114112K
  class space    used 4492K, committed 4672K, reserved 1048576K
}
Event: 1.864 GC heap after
{Heap after GC invocations=6 (full 0):
 garbage-first heap   total 49152K, used 14736K [0x0000000705c00000, 0x0000000800000000)
  region size 2048K, 1 young (2048K), 1 survivors (2048K)
 Metaspace       used 35550K, committed 35968K, reserved 1114112K
  class space    used 4492K, committed 4672K, reserved 1048576K
}
Event: 1.879 GC heap before
{Heap before GC invocations=6 (full 0):
 garbage-first heap   total 49152K, used 14736K [0x0000000705c00000, 0x0000000800000000)
  region size 2048K, 2 young (4096K), 1 survivors (2048K)
 Metaspace       used 35887K, committed 36288K, reserved 1114112K
  class space    used 4538K, committed 4736K, reserved 1048576K
}
Event: 1.880 GC heap after
{Heap after GC invocations=7 (full 0):
 garbage-first heap   total 153600K, used 14749K [0x0000000705c00000, 0x0000000800000000)
  region size 2048K, 1 young (2048K), 1 survivors (2048K)
 Metaspace       used 35887K, committed 36288K, reserved 1114112K
  class space    used 4538K, committed 4736K, reserved 1048576K
}
Event: 2.408 GC heap before
{Heap before GC invocations=8 (full 0):
 garbage-first heap   total 61440K, used 49565K [0x0000000705c00000, 0x0000000800000000)
  region size 2048K, 18 young (36864K), 1 survivors (2048K)
 Metaspace       used 45736K, committed 46208K, reserved 1114112K
  class space    used 6071K, committed 6272K, reserved 1048576K
}
Event: 2.410 GC heap after
{Heap after GC invocations=9 (full 0):
 garbage-first heap   total 61440K, used 16349K [0x0000000705c00000, 0x0000000800000000)
  region size 2048K, 2 young (4096K), 2 survivors (4096K)
 Metaspace       used 45736K, committed 46208K, reserved 1114112K
  class space    used 6071K, committed 6272K, reserved 1048576K
}
Event: 2.994 GC heap before
{Heap before GC invocations=9 (full 0):
 garbage-first heap   total 61440K, used 49117K [0x0000000705c00000, 0x0000000800000000)
  region size 2048K, 18 young (36864K), 2 survivors (4096K)
 Metaspace       used 55731K, committed 56320K, reserved 1114112K
  class space    used 7852K, committed 8128K, reserved 1048576K
}
Event: 2.997 GC heap after
{Heap after GC invocations=10 (full 0):
 garbage-first heap   total 61440K, used 19664K [0x0000000705c00000, 0x0000000800000000)
  region size 2048K, 3 young (6144K), 3 survivors (6144K)
 Metaspace       used 55731K, committed 56320K, reserved 1114112K
  class space    used 7852K, committed 8128K, reserved 1048576K
}
Event: 7.558 GC heap before
{Heap before GC invocations=10 (full 0):
 garbage-first heap   total 61440K, used 36048K [0x0000000705c00000, 0x0000000800000000)
  region size 2048K, 12 young (24576K), 3 survivors (6144K)
 Metaspace       used 60111K, committed 60736K, reserved 1114112K
  class space    used 8335K, committed 8640K, reserved 1048576K
}
Event: 7.563 GC heap after
{Heap after GC invocations=11 (full 0):
 garbage-first heap   total 61440K, used 24778K [0x0000000705c00000, 0x0000000800000000)
  region size 2048K, 2 young (4096K), 2 survivors (4096K)
 Metaspace       used 60111K, committed 60736K, reserved 1114112K
  class space    used 8335K, committed 8640K, reserved 1048576K
}

Dll operation events (20 events):
Event: 0.345 Loaded shared library C:\Users\oc_vh\.openjfx\cache\21.0.2+5\amd64\api-ms-win-crt-runtime-l1-1-0.dll
Event: 0.348 Loaded shared library C:\Users\oc_vh\.openjfx\cache\21.0.2+5\amd64\api-ms-win-crt-stdio-l1-1-0.dll
Event: 0.352 Loaded shared library C:\Users\oc_vh\.openjfx\cache\21.0.2+5\amd64\api-ms-win-crt-string-l1-1-0.dll
Event: 0.355 Loaded shared library C:\Users\oc_vh\.openjfx\cache\21.0.2+5\amd64\api-ms-win-crt-time-l1-1-0.dll
Event: 0.360 Loaded shared library C:\Users\oc_vh\.openjfx\cache\21.0.2+5\amd64\api-ms-win-crt-utility-l1-1-0.dll
Event: 0.374 Loaded shared library C:\Users\oc_vh\.openjfx\cache\21.0.2+5\amd64\ucrtbase.dll
Event: 0.379 Loaded shared library C:\Users\oc_vh\.openjfx\cache\21.0.2+5\amd64\vcruntime140.dll
Event: 0.382 Loaded shared library C:\Users\oc_vh\.openjfx\cache\21.0.2+5\amd64\vcruntime140_1.dll
Event: 0.391 Loaded shared library C:\Users\oc_vh\.openjfx\cache\21.0.2+5\amd64\msvcp140.dll
Event: 0.400 Loaded shared library C:\Users\oc_vh\.openjfx\cache\21.0.2+5\amd64\msvcp140_1.dll
Event: 0.404 Loaded shared library C:\Users\oc_vh\.openjfx\cache\21.0.2+5\amd64\msvcp140_2.dll
Event: 0.438 Loaded shared library C:\Users\oc_vh\.openjfx\cache\21.0.2+5\amd64\prism_d3d.dll
Event: 0.509 Loaded shared library C:\Users\oc_vh\.openjfx\cache\21.0.2+5\amd64\glass.dll
Event: 0.705 Loaded shared library C:\Users\oc_vh\.openjfx\cache\21.0.2+5\amd64\javafx_font.dll
Event: 1.356 Loaded shared library C:\Program Files\Java\jdk-21.0.11\bin\sunmscapi.dll
Event: 1.766 Loaded shared library C:\Program Files\Java\jdk-21.0.11\bin\verify.dll
Event: 7.530 Loaded shared library C:\Program Files\Java\jdk-21.0.11\bin\awt.dll
Event: 7.545 Loaded shared library C:\Users\oc_vh\.openjfx\cache\21.0.2+5\amd64\prism_common.dll
Event: 7.588 Loaded shared library C:\Program Files\Java\jdk-21.0.11\bin\freetype.dll
Event: 7.588 Loaded shared library C:\Program Files\Java\jdk-21.0.11\bin\fontmanager.dll

Deoptimization events (20 events):
Event: 6.817 Thread 0x000001d47b869770 DEOPT PACKING pc=0x000001d41ed967c2 sp=0x000000d0b01fd980
Event: 6.817 Thread 0x000001d47b869770 DEOPT UNPACKING pc=0x000001d425b64e42 sp=0x000000d0b01fcde8 mode 0
Event: 6.817 Thread 0x000001d47b869770 DEOPT PACKING pc=0x000001d41ed967c2 sp=0x000000d0b01fd980
Event: 6.817 Thread 0x000001d47b869770 DEOPT UNPACKING pc=0x000001d425b64e42 sp=0x000000d0b01fcde8 mode 0
Event: 6.817 Thread 0x000001d47b869770 DEOPT PACKING pc=0x000001d41ed967c2 sp=0x000000d0b01fd980
Event: 6.817 Thread 0x000001d47b869770 DEOPT UNPACKING pc=0x000001d425b64e42 sp=0x000000d0b01fcde8 mode 0
Event: 6.817 Thread 0x000001d47b869770 DEOPT PACKING pc=0x000001d41ed967c2 sp=0x000000d0b01fd980
Event: 6.817 Thread 0x000001d47b869770 DEOPT UNPACKING pc=0x000001d425b64e42 sp=0x000000d0b01fcde8 mode 0
Event: 6.818 Thread 0x000001d47b869770 DEOPT PACKING pc=0x000001d41ed967c2 sp=0x000000d0b01fd980
Event: 6.818 Thread 0x000001d47b869770 DEOPT UNPACKING pc=0x000001d425b64e42 sp=0x000000d0b01fcde8 mode 0
Event: 6.818 Thread 0x000001d47b869770 DEOPT PACKING pc=0x000001d41ed967c2 sp=0x000000d0b01fd980
Event: 6.818 Thread 0x000001d47b869770 DEOPT UNPACKING pc=0x000001d425b64e42 sp=0x000000d0b01fcde8 mode 0
Event: 6.818 Thread 0x000001d47b869770 DEOPT PACKING pc=0x000001d41ed967c2 sp=0x000000d0b01fd980
Event: 6.818 Thread 0x000001d47b869770 DEOPT UNPACKING pc=0x000001d425b64e42 sp=0x000000d0b01fcde8 mode 0
Event: 6.818 Thread 0x000001d47b869770 DEOPT PACKING pc=0x000001d41ed967c2 sp=0x000000d0b01fd980
Event: 6.818 Thread 0x000001d47b869770 DEOPT UNPACKING pc=0x000001d425b64e42 sp=0x000000d0b01fcde8 mode 0
Event: 7.848 Thread 0x000001d47b86ab20 Uncommon trap: trap_request=0xffffff45 fr.pc=0x000001d4262e3e98 relative=0x00000000000007f8
Event: 7.848 Thread 0x000001d47b86ab20 Uncommon trap: reason=unstable_if action=reinterpret pc=0x000001d4262e3e98 method=java.util.HashMap.putVal(ILjava/lang/Object;Ljava/lang/Object;ZZ)Ljava/lang/Object; @ 206 c2
Event: 7.848 Thread 0x000001d47b86ab20 DEOPT PACKING pc=0x000001d4262e3e98 sp=0x000000d0b03f8070
Event: 7.848 Thread 0x000001d47b86ab20 DEOPT UNPACKING pc=0x000001d425b646a2 sp=0x000000d0b03f8008 mode 2

Classes loaded (20 events):
Event: 9.151 Loading class sun/awt/im/ExecutableInputMethodManager$3
Event: 9.151 Loading class sun/awt/im/ExecutableInputMethodManager$3 done
Event: 9.152 Loading class sun/awt/windows/WInputMethod
Event: 9.152 Loading class sun/awt/im/InputMethodAdapter
Event: 9.152 Loading class java/awt/im/spi/InputMethod
Event: 9.152 Loading class java/awt/im/spi/InputMethod done
Event: 9.152 Loading class sun/awt/im/InputMethodAdapter done
Event: 9.152 Loading class sun/awt/windows/WInputMethod done
Event: 9.152 Loading class java/awt/Color
Event: 9.152 Loading class java/awt/Paint
Event: 9.152 Loading class java/awt/Paint done
Event: 9.153 Loading class java/awt/Color done
Event: 10.441 Loading class java/util/IdentityHashMap$ValueIterator
Event: 10.441 Loading class java/util/IdentityHashMap$ValueIterator done
Event: 10.441 Loading class sun/awt/AppContext$PostShutdownEventRunnable
Event: 10.441 Loading class sun/awt/AppContext$PostShutdownEventRunnable done
Event: 10.441 Loading class sun/awt/AWTAutoShutdown$1
Event: 10.442 Loading class sun/awt/AWTAutoShutdown$1 done
Event: 85.797 Loading class jdk/internal/misc/Signal$1
Event: 85.798 Loading class jdk/internal/misc/Signal$1 done

Classes unloaded (1 events):
Event: 1.190 Thread 0x000001d4351dfc00 Unloading class 0x000001d437005800 'java/lang/invoke/LambdaForm$DMH+0x000001d437005800'

Classes redefined (0 events):
No events

Internal exceptions (20 events):
Event: 2.991 Thread 0x000001d47b86ab20 Exception <a 'java/io/FileNotFoundException'{0x000000070791ca28}> (0x000000070791ca28) 
thrown [s\open\src\hotspot\share\prims\jni.cpp, line 520]
Event: 2.991 Thread 0x000001d47b86ab20 Exception <a 'java/io/FileNotFoundException'{0x00000007079477c8}> (0x00000007079477c8) 
thrown [s\open\src\hotspot\share\prims\jni.cpp, line 520]
Event: 2.991 Thread 0x000001d47b86ab20 Exception <a 'java/io/FileNotFoundException'{0x0000000707948bb8}> (0x0000000707948bb8) 
thrown [s\open\src\hotspot\share\prims\jni.cpp, line 520]
Event: 3.010 Thread 0x000001d47b86ab20 Exception <a 'java/io/FileNotFoundException'{0x0000000715691588}> (0x0000000715691588) 
thrown [s\open\src\hotspot\share\prims\jni.cpp, line 520]
Event: 3.010 Thread 0x000001d47b86ab20 Exception <a 'java/io/FileNotFoundException'{0x0000000715692978}> (0x0000000715692978) 
thrown [s\open\src\hotspot\share\prims\jni.cpp, line 520]
Event: 3.010 Thread 0x000001d47b86ab20 Exception <a 'java/io/FileNotFoundException'{0x0000000715693d80}> (0x0000000715693d80) 
thrown [s\open\src\hotspot\share\prims\jni.cpp, line 520]
Event: 3.010 Thread 0x000001d47b86ab20 Exception <a 'java/io/FileNotFoundException'{0x0000000715695170}> (0x0000000715695170) 
thrown [s\open\src\hotspot\share\prims\jni.cpp, line 520]
Event: 3.021 Thread 0x000001d47b86ab20 Exception <a 'java/lang/NoSuchMethodError'{0x00000007156cf2f8}: 'java.lang.Object java.lang.invoke.DirectMethodHandle$Holder.newInvokeSpecial(java.lang.Object, java.lang.Object, int)'> (0x00000007156cf2f8) 
thrown [s\open\src\hotspot\share\interpreter\linkResolver.cpp, line 773]
Event: 3.115 Thread 0x000001d47b869770 Exception <a 'java/lang/NoSuchMethodError'{0x0000000714e129b8}: 'int java.lang.invoke.DirectMethodHandle$Holder.invokeStaticInit(java.lang.Object, java.lang.Object)'> (0x0000000714e129b8) 
thrown [s\open\src\hotspot\share\interpreter\linkResolver.cpp, line 773]
Event: 3.252 Thread 0x000001d47b869770 Exception <a 'java/lang/NoSuchMethodError'{0x00000007092c6fa0}: 'java.lang.Object java.lang.invoke.DirectMethodHandle$Holder.invokeStaticInit(java.lang.Object, int)'> (0x00000007092c6fa0) 
thrown [s\open\src\hotspot\share\interpreter\linkResolver.cpp, line 773]
Event: 4.209 Thread 0x000001d47b86ab20 Exception <a 'java/lang/NoSuchMethodError'{0x0000000709364d00}: 'long java.lang.invoke.DirectMethodHandle$Holder.invokeStatic(java.lang.Object, java.lang.Object, java.lang.Object)'> (0x0000000709364d00) 
thrown [s\open\src\hotspot\share\interpreter\linkResolver.cpp, line 773]
Event: 4.210 Thread 0x000001d47b86ab20 Exception <a 'java/lang/NoSuchMethodError'{0x00000007093680e0}: 'long java.lang.invoke.DirectMethodHandle$Holder.invokeStaticInit(java.lang.Object, java.lang.Object, java.lang.Object)'> (0x00000007093680e0) 
thrown [s\open\src\hotspot\share\interpreter\linkResolver.cpp, line 773]
Event: 4.211 Thread 0x000001d47b86ab20 Exception <a 'java/lang/NoSuchMethodError'{0x000000070937c480}: 'java.lang.Object java.lang.invoke.DirectMethodHandle$Holder.newInvokeSpecial(java.lang.Object, java.lang.Object, long)'> (0x000000070937c480) 
thrown [s\open\src\hotspot\share\interpreter\linkResolver.cpp, line 773]
Event: 4.275 Thread 0x000001d47b86ab20 Exception <a 'java/lang/NoSuchMethodError'{0x000000070938c638}: 'java.lang.Object java.lang.invoke.DirectMethodHandle$Holder.newInvokeSpecial(java.lang.Object, java.lang.Object, int, int, int, int, int, java.lang.Object)'> (0x000000070938c638) 
thrown [s\open\src\hotspot\share\interpreter\linkResolver.cpp, line 773]
Event: 4.276 Thread 0x000001d47b86ab20 Exception <a 'java/lang/NoSuchMethodError'{0x000000070939e290}: 'java.lang.Object java.lang.invoke.DirectMethodHandle$Holder.newInvokeSpecial(java.lang.Object, java.lang.Object, java.lang.Object, int, int, int, int, int)'> (0x000000070939e290) 
thrown [s\open\src\hotspot\share\interpreter\linkResolver.cpp, line 773]
Event: 4.276 Thread 0x000001d47b86ab20 Exception <a 'java/lang/NoSuchMethodError'{0x00000007093a55b0}: 'java.lang.Object java.lang.invoke.Invokers$Holder.linkToTargetMethod(java.lang.Object, java.lang.Object, int, int, int, int, int, java.lang.Object)'> (0x00000007093a55b0) 
thrown [s\open\src\hotspot\share\interpreter\linkResolver.cpp, line 773]
Event: 6.565 Thread 0x000001d47b86ab20 Exception <a 'java/lang/NoSuchMethodError'{0x0000000708e1f248}: 'void java.lang.invoke.DirectMethodHandle$Holder.invokeInterface(java.lang.Object, java.lang.Object, java.lang.Object, java.lang.Object)'> (0x0000000708e1f248) 
thrown [s\open\src\hotspot\share\interpreter\linkResolver.cpp, line 773]
Event: 7.526 Thread 0x000001d47b86ab20 Exception <a 'java/lang/ClassNotFoundException'{0x00000007086075b8}: sun/awt/resources/spi/awtProvider> (0x00000007086075b8) 
thrown [s\open\src\hotspot\share\classfile\systemDictionary.cpp, line 313]
Event: 7.531 Thread 0x000001d47b86ab20 Exception <a 'java/io/FileNotFoundException'{0x000000070860b220}> (0x000000070860b220) 
thrown [s\open\src\hotspot\share\prims\jni.cpp, line 520]
Event: 7.531 Thread 0x000001d47b86ab20 Exception <a 'java/io/FileNotFoundException'{0x000000070860d520}> (0x000000070860d520) 
thrown [s\open\src\hotspot\share\prims\jni.cpp, line 520]

ZGC Phase Switch (0 events):
No events

VM Operations (20 events):
Event: 44.664 Executing VM operation: Cleanup done
Event: 45.676 Executing VM operation: Cleanup
Event: 45.676 Executing VM operation: Cleanup done
Event: 47.695 Executing VM operation: Cleanup
Event: 47.695 Executing VM operation: Cleanup done
Event: 60.182 Executing VM operation: HandshakeAllThreads (HandshakeForDeflation)
Event: 60.183 Executing VM operation: HandshakeAllThreads (HandshakeForDeflation) done
Event: 60.183 Executing VM operation: RendezvousGCThreads
Event: 60.183 Executing VM operation: RendezvousGCThreads done
Event: 67.247 Executing VM operation: Cleanup
Event: 67.247 Executing VM operation: Cleanup done
Event: 68.259 Executing VM operation: Cleanup
Event: 68.259 Executing VM operation: Cleanup done
Event: 78.319 Executing VM operation: Cleanup
Event: 78.319 Executing VM operation: Cleanup done
Event: 84.321 Executing VM operation: Cleanup
Event: 84.321 Executing VM operation: Cleanup done
Event: 85.322 Executing VM operation: Cleanup
Event: 85.322 Executing VM operation: Cleanup done
Event: 85.903 Executing VM operation: Exit

Events (20 events):
Event: 7.579 Thread 0x000001d47b86b1b0 Thread added: 0x000001d47b86b1b0
Event: 7.579 Thread 0x000001d40792ddb0 Thread added: 0x000001d40792ddb0
Event: 7.903 Thread 0x000001d40792f160 Thread added: 0x000001d40792f160
Event: 7.923 Thread 0x000001d40792f7f0 Thread added: 0x000001d40792f7f0
Event: 7.923 Thread 0x000001d40792fe80 Thread added: 0x000001d40792fe80
Event: 9.148 Thread 0x000001d40792f7f0 Thread exited: 0x000001d40792f7f0
Event: 9.154 Thread 0x000001d40792f160 Thread exited: 0x000001d40792f160
Event: 10.442 Thread 0x000001d47b86b1b0 Thread exited: 0x000001d47b86b1b0
Event: 10.442 Thread 0x000001d40792fe80 Thread exited: 0x000001d40792fe80
Event: 85.798 Thread 0x000001d407930ba0 Thread added: 0x000001d407930ba0
Event: 85.798 Thread 0x000001d40792f160 Thread added: 0x000001d40792f160
Event: 85.799 Thread 0x000001d407931230 Thread added: 0x000001d407931230
Event: 85.799 Thread 0x000001d4079318c0 Thread added: 0x000001d4079318c0
Event: 85.801 Thread 0x000001d40792f160 Thread exited: 0x000001d40792f160
Event: 85.801 Thread 0x000001d407930510 Thread added: 0x000001d407930510
Event: 85.804 Thread 0x000001d4079318c0 Thread exited: 0x000001d4079318c0
Event: 85.809 Thread 0x000001d40792ddb0 Thread exited: 0x000001d40792ddb0
Event: 85.835 Thread 0x000001d47b869770 Thread exited: 0x000001d47b869770
Event: 85.903 Thread 0x000001d407931230 Thread exited: 0x000001d407931230
Event: 85.903 Thread 0x000001d435798090 Thread exited: 0x000001d435798090


Dynamic libraries:
0x00007ff606d10000 - 0x00007ff606d20000 	C:\Program Files\Java\jdk-21.0.11\bin\java.exe
0x00007ffc84640000 - 0x00007ffc848a7000 	C:\windows\SYSTEM32\ntdll.dll
0x00007ffc83530000 - 0x00007ffc835f9000 	C:\windows\System32\KERNEL32.DLL
0x00007ffc81070000 - 0x00007ffc81467000 	C:\windows\System32\KERNELBASE.dll
0x00007ffc81ec0000 - 0x00007ffc8200b000 	C:\windows\System32\ucrtbase.dll
0x00007ffc7e160000 - 0x00007ffc7e17e000 	C:\Program Files\Java\jdk-21.0.11\bin\VCRUNTIME140.dll
0x00007ffc784b0000 - 0x00007ffc784c9000 	C:\Program Files\Java\jdk-21.0.11\bin\jli.dll
0x00007ffc84060000 - 0x00007ffc84116000 	C:\windows\System32\ADVAPI32.dll
0x00007ffc837a0000 - 0x00007ffc83849000 	C:\windows\System32\msvcrt.dll
0x00007ffc83480000 - 0x00007ffc83527000 	C:\windows\System32\sechost.dll
0x00007ffc83bb0000 - 0x00007ffc83cc8000 	C:\windows\System32\RPCRT4.dll
0x00007ffc83e90000 - 0x00007ffc84056000 	C:\windows\System32\USER32.dll
0x00007ffc82390000 - 0x00007ffc823b7000 	C:\windows\System32\win32u.dll
0x00007ffc83110000 - 0x00007ffc8313b000 	C:\windows\System32\GDI32.dll
0x00007ffc81520000 - 0x00007ffc8164c000 	C:\windows\System32\gdi32full.dll
0x00007ffc647b0000 - 0x00007ffc64a42000 	C:\windows\WinSxS\amd64_microsoft.windows.common-controls_6595b64144ccf1df_6.0.26100.8457_none_3e0b2faee331e92d\COMCTL32.dll
0x00007ffc82190000 - 0x00007ffc82233000 	C:\windows\System32\msvcp_win.dll
0x00007ffc77380000 - 0x00007ffc7738b000 	C:\windows\SYSTEM32\VERSION.dll
0x00007ffc83260000 - 0x00007ffc83292000 	C:\windows\System32\IMM32.DLL
0x00007ffc7e240000 - 0x00007ffc7e24c000 	C:\Program Files\Java\jdk-21.0.11\bin\vcruntime140_1.dll
0x00007ffc6f7a0000 - 0x00007ffc6f82d000 	C:\Program Files\Java\jdk-21.0.11\bin\msvcp140.dll
0x00007ffbe8f20000 - 0x00007ffbe9c48000 	C:\Program Files\Java\jdk-21.0.11\bin\server\jvm.dll
0x00007ffc82f80000 - 0x00007ffc83000000 	C:\windows\System32\WS2_32.dll
0x00007ffc80850000 - 0x00007ffc808ae000 	C:\windows\SYSTEM32\POWRPROF.dll
0x00007ffc6c000000 - 0x00007ffc6c036000 	C:\windows\SYSTEM32\WINMM.dll
0x00007ffc80830000 - 0x00007ffc80844000 	C:\windows\SYSTEM32\UMPDC.dll
0x00007ffc7fe00000 - 0x00007ffc7fe1b000 	C:\windows\SYSTEM32\kernel.appcore.dll
0x00007ffc78490000 - 0x00007ffc7849a000 	C:\Program Files\Java\jdk-21.0.11\bin\jimage.dll
0x00007ffc7ee80000 - 0x00007ffc7f0c2000 	C:\windows\SYSTEM32\DBGHELP.DLL
0x00007ffc823e0000 - 0x00007ffc82763000 	C:\windows\System32\combase.dll
0x00007ffc839b0000 - 0x00007ffc83a89000 	C:\windows\System32\OLEAUT32.dll
0x00007ffc3fa10000 - 0x00007ffc3fa4b000 	C:\windows\SYSTEM32\dbgcore.DLL
0x00007ffc81470000 - 0x00007ffc81518000 	C:\windows\System32\bcryptPrimitives.dll
0x00007ffc78480000 - 0x00007ffc78490000 	C:\Program Files\Java\jdk-21.0.11\bin\instrument.dll
0x00007ffc77350000 - 0x00007ffc77371000 	C:\Program Files\Java\jdk-21.0.11\bin\java.dll
0x00007ffc82770000 - 0x00007ffc82ede000 	C:\windows\System32\SHELL32.dll
0x00007ffc81650000 - 0x00007ffc81ebc000 	C:\windows\System32\windows.storage.dll
0x00007ffc83ab0000 - 0x00007ffc83ba6000 	C:\windows\System32\SHCORE.dll
0x00007ffc830a0000 - 0x00007ffc83106000 	C:\windows\System32\shlwapi.dll
0x00007ffc80f90000 - 0x00007ffc80fb9000 	C:\windows\SYSTEM32\profapi.dll
0x00007ffc66100000 - 0x00007ffc661d7000 	C:\Program Files\Java\jdk-21.0.11\bin\jsvml.dll
0x00007ffc72c70000 - 0x00007ffc72c88000 	C:\Program Files\Java\jdk-21.0.11\bin\zip.dll
0x00007ffc772d0000 - 0x00007ffc772e1000 	C:\Program Files\Java\jdk-21.0.11\bin\net.dll
0x00007ffc78b90000 - 0x00007ffc78cb9000 	C:\windows\SYSTEM32\WINHTTP.dll
0x00007ffc80370000 - 0x00007ffc803dc000 	C:\windows\system32\mswsock.dll
0x00007ffc76db0000 - 0x00007ffc76dc6000 	C:\Program Files\Java\jdk-21.0.11\bin\nio.dll
0x00007ffc7f880000 - 0x00007ffc7f9b2000 	C:\windows\SYSTEM32\DNSAPI.dll
0x00007ffc7f7f0000 - 0x00007ffc7f822000 	C:\windows\SYSTEM32\IPHLPAPI.DLL
0x00007ffc831d0000 - 0x00007ffc831da000 	C:\windows\System32\NSI.dll
0x00007ffc77610000 - 0x00007ffc7761b000 	C:\Windows\System32\rasadhlp.dll
0x00007ffc78e30000 - 0x00007ffc78eb6000 	C:\windows\System32\fwpuclnt.dll
0x00007ffc77340000 - 0x00007ffc77349000 	C:\Program Files\Java\jdk-21.0.11\bin\extnet.dll
0x00007ffc772c0000 - 0x00007ffc772ca000 	C:\Program Files\Java\jdk-21.0.11\bin\management.dll
0x00007ffc77050000 - 0x00007ffc7705c000 	C:\Program Files\Java\jdk-21.0.11\bin\management_ext.dll
0x00007ffc83090000 - 0x00007ffc83098000 	C:\windows\System32\PSAPI.DLL
0x000001d414310000 - 0x000001d414313000 	C:\Users\oc_vh\.openjfx\cache\21.0.2+5\amd64\api-ms-win-core-console-l1-1-0.dll
0x000001d414320000 - 0x000001d414323000 	C:\Users\oc_vh\.openjfx\cache\21.0.2+5\amd64\api-ms-win-core-console-l1-2-0.dll
0x000001d414330000 - 0x000001d414333000 	C:\Users\oc_vh\.openjfx\cache\21.0.2+5\amd64\api-ms-win-core-datetime-l1-1-0.dll
0x000001d4160b0000 - 0x000001d4160b3000 	C:\Users\oc_vh\.openjfx\cache\21.0.2+5\amd64\api-ms-win-core-debug-l1-1-0.dll
0x000001d4160c0000 - 0x000001d4160c3000 	C:\Users\oc_vh\.openjfx\cache\21.0.2+5\amd64\api-ms-win-core-errorhandling-l1-1-0.dll
0x000001d4160d0000 - 0x000001d4160d4000 	C:\Users\oc_vh\.openjfx\cache\21.0.2+5\amd64\api-ms-win-core-file-l1-1-0.dll
0x000001d4160e0000 - 0x000001d4160e3000 	C:\Users\oc_vh\.openjfx\cache\21.0.2+5\amd64\api-ms-win-core-file-l1-2-0.dll
0x00007ffc806d0000 - 0x00007ffc806eb000 	C:\windows\SYSTEM32\CRYPTSP.dll
0x00007ffc7fd60000 - 0x00007ffc7fd99000 	C:\windows\system32\rsaenh.dll
0x000001d435ed0000 - 0x000001d435ed3000 	C:\Users\oc_vh\.openjfx\cache\21.0.2+5\amd64\api-ms-win-core-file-l2-1-0.dll
0x00007ffc80420000 - 0x00007ffc80453000 	C:\windows\SYSTEM32\USERENV.dll
0x00007ffc80f60000 - 0x00007ffc80f8a000 	C:\windows\SYSTEM32\bcrypt.dll
0x00007ffc806c0000 - 0x00007ffc806cc000 	C:\windows\SYSTEM32\CRYPTBASE.dll
0x000001d435ee0000 - 0x000001d435ee3000 	C:\Users\oc_vh\.openjfx\cache\21.0.2+5\amd64\api-ms-win-core-handle-l1-1-0.dll
0x000001d435ef0000 - 0x000001d435ef3000 	C:\Users\oc_vh\.openjfx\cache\21.0.2+5\amd64\api-ms-win-core-heap-l1-1-0.dll
0x000001d435f00000 - 0x000001d435f03000 	C:\Users\oc_vh\.openjfx\cache\21.0.2+5\amd64\api-ms-win-core-interlocked-l1-1-0.dll
0x000001d435f10000 - 0x000001d435f13000 	C:\Users\oc_vh\.openjfx\cache\21.0.2+5\amd64\api-ms-win-core-libraryloader-l1-1-0.dll
0x000001d435f20000 - 0x000001d435f23000 	C:\Users\oc_vh\.openjfx\cache\21.0.2+5\amd64\api-ms-win-core-localization-l1-2-0.dll
0x000001d435f30000 - 0x000001d435f33000 	C:\Users\oc_vh\.openjfx\cache\21.0.2+5\amd64\api-ms-win-core-memory-l1-1-0.dll
0x000001d435f40000 - 0x000001d435f43000 	C:\Users\oc_vh\.openjfx\cache\21.0.2+5\amd64\api-ms-win-core-namedpipe-l1-1-0.dll
0x00007ffc51b80000 - 0x00007ffc51b98000 	C:\windows\system32\napinsp.dll
0x000001d435f50000 - 0x000001d435f53000 	C:\Users\oc_vh\.openjfx\cache\21.0.2+5\amd64\api-ms-win-core-processenvironment-l1-1-0.dll
0x00007ffc51b60000 - 0x00007ffc51b73000 	C:\windows\System32\winrnr.dll
0x00007ffc51b30000 - 0x00007ffc51b52000 	C:\windows\system32\nlansp_c.dll
0x00007ffc51ad0000 - 0x00007ffc51ae6000 	C:\windows\system32\wshbth.dll
0x000001d435f60000 - 0x000001d435f63000 	C:\Users\oc_vh\.openjfx\cache\21.0.2+5\amd64\api-ms-win-core-processthreads-l1-1-0.dll
0x000001d435f70000 - 0x000001d435f73000 	C:\Users\oc_vh\.openjfx\cache\21.0.2+5\amd64\api-ms-win-core-processthreads-l1-1-1.dll
0x000001d435f80000 - 0x000001d435f83000 	C:\Users\oc_vh\.openjfx\cache\21.0.2+5\amd64\api-ms-win-core-profile-l1-1-0.dll
0x000001d435f90000 - 0x000001d435f93000 	C:\Users\oc_vh\.openjfx\cache\21.0.2+5\amd64\api-ms-win-core-rtlsupport-l1-1-0.dll
0x000001d435fa0000 - 0x000001d435fa3000 	C:\Users\oc_vh\.openjfx\cache\21.0.2+5\amd64\api-ms-win-core-string-l1-1-0.dll
0x000001d435fb0000 - 0x000001d435fb3000 	C:\Users\oc_vh\.openjfx\cache\21.0.2+5\amd64\api-ms-win-core-synch-l1-1-0.dll
0x000001d435fc0000 - 0x000001d435fc3000 	C:\Users\oc_vh\.openjfx\cache\21.0.2+5\amd64\api-ms-win-core-synch-l1-2-0.dll
0x000001d435fd0000 - 0x000001d435fd3000 	C:\Users\oc_vh\.openjfx\cache\21.0.2+5\amd64\api-ms-win-core-sysinfo-l1-1-0.dll
0x000001d435fe0000 - 0x000001d435fe3000 	C:\Users\oc_vh\.openjfx\cache\21.0.2+5\amd64\api-ms-win-core-timezone-l1-1-0.dll
0x000001d435ff0000 - 0x000001d435ff3000 	C:\Users\oc_vh\.openjfx\cache\21.0.2+5\amd64\api-ms-win-core-util-l1-1-0.dll
0x000001d47c7d0000 - 0x000001d47c7d3000 	C:\Users\oc_vh\.openjfx\cache\21.0.2+5\amd64\api-ms-win-crt-conio-l1-1-0.dll
0x000001d47c7e0000 - 0x000001d47c7e4000 	C:\Users\oc_vh\.openjfx\cache\21.0.2+5\amd64\api-ms-win-crt-convert-l1-1-0.dll
0x000001d47c7f0000 - 0x000001d47c7f3000 	C:\Users\oc_vh\.openjfx\cache\21.0.2+5\amd64\api-ms-win-crt-environment-l1-1-0.dll
0x000001d47c800000 - 0x000001d47c803000 	C:\Users\oc_vh\.openjfx\cache\21.0.2+5\amd64\api-ms-win-crt-filesystem-l1-1-0.dll
0x000001d47c810000 - 0x000001d47c813000 	C:\Users\oc_vh\.openjfx\cache\21.0.2+5\amd64\api-ms-win-crt-heap-l1-1-0.dll
0x000001d47c820000 - 0x000001d47c823000 	C:\Users\oc_vh\.openjfx\cache\21.0.2+5\amd64\api-ms-win-crt-locale-l1-1-0.dll
0x000001d47c830000 - 0x000001d47c835000 	C:\Users\oc_vh\.openjfx\cache\21.0.2+5\amd64\api-ms-win-crt-math-l1-1-0.dll
0x000001d47c840000 - 0x000001d47c845000 	C:\Users\oc_vh\.openjfx\cache\21.0.2+5\amd64\api-ms-win-crt-multibyte-l1-1-0.dll
0x000001d47c850000 - 0x000001d47c860000 	C:\Users\oc_vh\.openjfx\cache\21.0.2+5\amd64\api-ms-win-crt-private-l1-1-0.dll
0x000001d47c860000 - 0x000001d47c863000 	C:\Users\oc_vh\.openjfx\cache\21.0.2+5\amd64\api-ms-win-crt-process-l1-1-0.dll
0x000001d47c870000 - 0x000001d47c874000 	C:\Users\oc_vh\.openjfx\cache\21.0.2+5\amd64\api-ms-win-crt-runtime-l1-1-0.dll
0x000001d47c880000 - 0x000001d47c884000 	C:\Users\oc_vh\.openjfx\cache\21.0.2+5\amd64\api-ms-win-crt-stdio-l1-1-0.dll
0x000001d47c890000 - 0x000001d47c894000 	C:\Users\oc_vh\.openjfx\cache\21.0.2+5\amd64\api-ms-win-crt-string-l1-1-0.dll
0x000001d47c8a0000 - 0x000001d47c8a3000 	C:\Users\oc_vh\.openjfx\cache\21.0.2+5\amd64\api-ms-win-crt-time-l1-1-0.dll
0x000001d47c8b0000 - 0x000001d47c8b3000 	C:\Users\oc_vh\.openjfx\cache\21.0.2+5\amd64\api-ms-win-crt-utility-l1-1-0.dll
0x00007ffc74420000 - 0x00007ffc74476000 	C:\windows\SYSTEM32\pdh.dll
0x00007ffc3fef0000 - 0x00007ffc3ffec000 	C:\Users\oc_vh\.openjfx\cache\21.0.2+5\amd64\ucrtbase.dll
0x00007ffc6f900000 - 0x00007ffc6f91b000 	C:\Users\oc_vh\.openjfx\cache\21.0.2+5\amd64\vcruntime140.dll
0x00007ffc76d70000 - 0x00007ffc76d7c000 	C:\Users\oc_vh\.openjfx\cache\21.0.2+5\amd64\vcruntime140_1.dll
0x00007ffc6a4c0000 - 0x00007ffc6a54e000 	C:\Users\oc_vh\.openjfx\cache\21.0.2+5\amd64\msvcp140.dll
0x00007ffc75fc0000 - 0x00007ffc75fc9000 	C:\Users\oc_vh\.openjfx\cache\21.0.2+5\amd64\msvcp140_1.dll
0x00007ffc6a860000 - 0x00007ffc6a8a1000 	C:\Users\oc_vh\.openjfx\cache\21.0.2+5\amd64\msvcp140_2.dll
0x00007ffc6a2b0000 - 0x00007ffc6a2e0000 	C:\Users\oc_vh\.openjfx\cache\21.0.2+5\amd64\prism_d3d.dll
0x00007ffc62030000 - 0x00007ffc621e3000 	C:\windows\system32\d3d9.dll
0x00007ffc7e8d0000 - 0x00007ffc7e8ff000 	C:\windows\SYSTEM32\dwmapi.dll
0x00007ffc7e6f0000 - 0x00007ffc7e735000 	C:\windows\SYSTEM32\dxcore.dll
0x00007ffc7e610000 - 0x00007ffc7e6ba000 	C:\windows\system32\uxtheme.dll
0x00007ffc83600000 - 0x00007ffc83797000 	C:\windows\System32\ole32.dll
0x00007ffc80d20000 - 0x00007ffc80d71000 	C:\windows\SYSTEM32\CFGMGR32.dll
0x00007ffc792d0000 - 0x00007ffc79331000 	C:\windows\SYSTEM32\directxdatabasehelper.dll
0x00007ffc69f60000 - 0x00007ffc69fa2000 	C:\Users\oc_vh\.openjfx\cache\21.0.2+5\amd64\glass.dll
0x00007ffc83cd0000 - 0x00007ffc83dc0000 	C:\windows\System32\COMDLG32.dll
0x00007ffc83850000 - 0x00007ffc839ac000 	C:\windows\System32\MSCTF.dll
0x00007ffc6b4c0000 - 0x00007ffc6b4d4000 	C:\Users\oc_vh\.openjfx\cache\21.0.2+5\amd64\javafx_font.dll
0x00007ffc7cd70000 - 0x00007ffc7cfd7000 	C:\windows\SYSTEM32\dwrite.dll
0x00007ffc786a0000 - 0x00007ffc786b2000 	C:\windows\System32\perfproc.dll
0x00007ffc42d60000 - 0x00007ffc42d71000 	C:\windows\System32\perfos.dll
0x00007ffc7f4c0000 - 0x00007ffc7f4d2000 	C:\windows\SYSTEM32\pfclient.dll

dbghelp: loaded successfully - version: 4.0.5 - missing functions: none
symbol engine: initialized successfully - sym options: 0x614 - pdb path: .;C:\Program Files\Java\jdk-21.0.11\bin;C:\windows\SYSTEM32;C:\windows\WinSxS\amd64_microsoft.windows.common-controls_6595b64144ccf1df_6.0.26100.8457_none_3e0b2faee331e92d;C:\Program Files\Java\jdk-21.0.11\bin\server;C:\Users\oc_vh\.openjfx\cache\21.0.2+5\amd64;C:\windows\System32\DriverStore\FileRepository\iigd_dch.inf_amd64_a0e4070823166b80;C:\Program Files\Common Files\Microsoft Shared\Ink;C:\windows\System32\DriverStore\FileRepository\ntprint.inf_amd64_78082862576f78bc\Amd64;C:\windows\System32\DriverStore\FileRepository\prnms003.inf_amd64_fe120272380ff332\Amd64;C:\Program Files\Microsoft Office\root\VFS\ProgramFilesCommonX64\Microsoft Shared\Office16

VM Arguments:
jvm_args: -javaagent:C:\Program Files\JetBrains\IntelliJ IDEA 2026.1.2\lib\idea_rt.jar=49677 -Dfile.encoding=UTF-8 -Dsun.stdout.encoding=UTF-8 -Dsun.stderr.encoding=UTF-8 
java_command: com.asm.App
java_class_path (initial): C:\Users\oc_vh\IdeaProjects\pdv-almacenes-san-miguel\target\classes;C:\Users\oc_vh\.m2\repository\org\openjfx\javafx-controls\21.0.2\javafx-controls-21.0.2.jar;C:\Users\oc_vh\.m2\repository\org\openjfx\javafx-controls\21.0.2\javafx-controls-21.0.2-win.jar;C:\Users\oc_vh\.m2\repository\org\openjfx\javafx-graphics\21.0.2\javafx-graphics-21.0.2.jar;C:\Users\oc_vh\.m2\repository\org\openjfx\javafx-graphics\21.0.2\javafx-graphics-21.0.2-win.jar;C:\Users\oc_vh\.m2\repository\org\openjfx\javafx-base\21.0.2\javafx-base-21.0.2.jar;C:\Users\oc_vh\.m2\repository\org\openjfx\javafx-base\21.0.2\javafx-base-21.0.2-win.jar;C:\Users\oc_vh\.m2\repository\org\openjfx\javafx-fxml\21.0.2\javafx-fxml-21.0.2.jar;C:\Users\oc_vh\.m2\repository\org\openjfx\javafx-fxml\21.0.2\javafx-fxml-21.0.2-win.jar;C:\Users\oc_vh\.m2\repository\org\hibernate\orm\hibernate-core\6.2.7.Final\hibernate-core-6.2.7.Final.jar;C:\Users\oc_vh\.m2\repository\jakarta\persistence\jakarta.persistence-api\3.1.0\jakarta.persistence-api-3.1.0.jar;C:\Users\oc_vh\.m2\repository\jakarta\transaction\jakarta.transaction-api\2.0.1\jakarta.transaction-api-2.0.1.jar;C:\Users\oc_vh\.m2\repository\org\jboss\logging\jboss-logging\3.5.0.Final\jboss-logging-3.5.0.Final.jar;C:\Users\oc_vh\.m2\repository\org\hibernate\common\hibernate-commons-annotations\6.0.6.Final\hibernate-commons-annotations-6.0.6.Final.jar;C:\Users\oc_vh\.m2\repository\io\smallrye\jandex\3.0.5\jandex-3.0.5.jar;C:\Users\oc_vh\.m2\repository\com\fasterxml\classmate\1.5.1\classmate-1.5.1.jar;C:\Users\oc_vh\.m2\repository\net\bytebuddy\byte-buddy\1.12.18\byte-buddy-1.12.18.jar;C:\Users\oc_vh\.m2\repository\jakarta\xml\bind\jakarta.xml.bind-api\4.0.0\jakarta.xml.bind-api-4.0.0.jar;C:\Users\oc_vh\.m2\repository\jakarta\activation\jakarta.activation-api\2.1.0\jakarta.activation-api-2.1.0.jar;C:\Users\oc_vh\.m2\repository\org\glassfish\jaxb\jaxb-runtime\4.0.2\jaxb-runtime-4.0.2.jar;C:\Users\oc_vh\.m2\repository\org\glassfish\jaxb\jaxb-core\4.0.2\jaxb-core-4.0.2.jar;C:\Users\oc_vh\.m2\repository\org\eclipse\angus\angus-activation\2.0.0\angus-activation-2.0.0.jar;C:\Users\oc_vh\.m2\repository\org\glassfish\jaxb\txw2\4.0.2\txw2-4.0.2.jar;C:\Users\oc_vh\.m2\repository\com\sun\istack\istack-commons-runtime\4.1.1\istack-commons-runtime-4.1.1.jar;C:\Users\oc_vh\.m2\repository\jakarta\inject\jakarta.inject-api\2.0.1\jakarta.inject-api-2.0.1.jar;C:\Users\oc_vh\.m2\repository\org\antlr\antlr4-runtime\4.10.1\antlr4-runtime-4.10.1.jar;C:\Users\oc_vh\.m2\repository\com\mysql\mysql-connector-j\8.0.33\mysql-connector-j-8.0.33.jar;C:\Users\oc_vh\.m2\repository\com\google\protobuf\protobuf-java\3.21.9\protobuf-java-3.21.9.jar
Launcher Type: SUN_STANDARD

[Global flags]
     intx CICompilerCount                          = 4                                         {product} {ergonomic}
     uint ConcGCThreads                            = 3                                         {product} {ergonomic}
     uint G1ConcRefinementThreads                  = 10                                        {product} {ergonomic}
   size_t G1HeapRegionSize                         = 2097152                                   {product} {ergonomic}
    uintx GCDrainStackTargetSize                   = 64                                        {product} {ergonomic}
   size_t InitialHeapSize                          = 264241152                                 {product} {ergonomic}
   size_t MarkStackSize                            = 4194304                                   {product} {ergonomic}
   size_t MaxHeapSize                              = 4198498304                                {product} {ergonomic}
   size_t MaxNewSize                               = 2518679552                                {product} {ergonomic}
   size_t MinHeapDeltaBytes                        = 2097152                                   {product} {ergonomic}
   size_t MinHeapSize                              = 8388608                                   {product} {ergonomic}
    uintx NonNMethodCodeHeapSize                   = 5839372                                {pd product} {ergonomic}
    uintx NonProfiledCodeHeapSize                  = 122909434                              {pd product} {ergonomic}
    uintx ProfiledCodeHeapSize                     = 122909434                              {pd product} {ergonomic}
    uintx ReservedCodeCacheSize                    = 251658240                              {pd product} {ergonomic}
     bool SegmentedCodeCache                       = true                                      {product} {ergonomic}
   size_t SoftMaxHeapSize                          = 4198498304                             {manageable} {ergonomic}
     bool UseCompressedOops                        = true                           {product lp64_product} {ergonomic}
     bool UseG1GC                                  = true                                      {product} {ergonomic}
     bool UseLargePagesIndividualAllocation        = false                                  {pd product} {ergonomic}

Logging:
Log output configuration:
 #0: stdout all=off uptime,level,tags foldmultilines=false
 #1: stderr all=off uptime,level,tags foldmultilines=false

Environment Variables:
JAVA_HOME=C:\Program Files\Java\jdk-21.0.11
PATH=C:\Program Files\Common Files\Oracle\Java\javapath;C:\Program Files\Microsoft MPI\Bin\;C:\windows\system32;C:\windows;C:\windows\System32\Wbem;C:\windows\System32\WindowsPowerShell\v1.0\;C:\windows\System32\OpenSSH\;C:\Program Files (x86)\NVIDIA Corporation\PhysX\Common;C:\Program Files\NVIDIA Corporation\NVIDIA App\NvDLISR;C:\Users\Administrator\AppData\Local\Microsoft\WindowsApps;C:\Program Files\HP\OMEN-Broadcast\Common;C:\Program Files (x86)\Microsoft SQL Server\170\Tools\Binn\;C:\Program Files\Microsoft SQL Server\170\Tools\Binn\;C:\Program Files\Microsoft SQL Server\Client SDK\ODBC\180\Tools\Binn\;C:\Program Files\Microsoft SQL Server\170\DTS\Binn\;C:\Program Files\PuTTY\;C:\Program Files\Microchip\xc8\v2.36\bin;C:\Program Files\Java\jdk-21.0.11\bin;C:\Program Files\Git\cmd;C:\Program Files\Microsoft SQL Server\Client SDK\ODBC\130\Tools\Binn\;C:\Program Files (x86)\Microsoft SQL Server\130\Tools\Binn\;C:\Program Files\Microsoft SQL Server\130\Tools\Binn\;C:\Program Files\Microsoft SQL Server\130\DTS\Binn\;C:\Users\oc_vh\AppData\Local\Microsoft\WindowsApps;C:\Users\oc_vh\AppData\Local\Programs\Microsoft VS Code\bin;C:\Program Files\JetBrains\IntelliJ IDEA 2026.1.2\bin
USERNAME=oc_vh
OS=Windows_NT
PROCESSOR_IDENTIFIER=Intel64 Family 6 Model 186 Stepping 2, GenuineIntel
TMP=C:\Users\oc_vh\AppData\Local\Temp
TEMP=C:\Users\oc_vh\AppData\Local\Temp




Periodic native trim disabled

---------------  S Y S T E M  ---------------

OS:
 Windows 11 , 64 bit Build 26100 (10.0.26100.8328)
OS uptime: 10 days 12:48 hours
Hyper-V role detected

CPU: total 12 (initial active 12) (6 cores per cpu, 2 threads per core) family 6 model 186 stepping 2 microcode 0x6134, cx8, cmov, fxsr, ht, mmx, 3dnowpref, sse, sse2, sse3, ssse3, sse4.1, sse4.2, popcnt, lzcnt, tsc, tscinvbit, avx, avx2, aes, erms, clmul, bmi1, bmi2, adx, sha, fma, vzeroupper, clflush, clflushopt, clwb, hv, serialize, rdtscp, rdpid, fsrm, f16c, cet_ibt, cet_ss
Processor Information for processor 0
  Max Mhz: 2100, Current Mhz: 2100, Mhz Limit: 2100
Processor Information for processor 1
  Max Mhz: 2100, Current Mhz: 2100, Mhz Limit: 2100
Processor Information for processor 2
  Max Mhz: 2100, Current Mhz: 2100, Mhz Limit: 2100
Processor Information for processor 3
  Max Mhz: 2100, Current Mhz: 2100, Mhz Limit: 2100
Processor Information for processor 4
  Max Mhz: 2100, Current Mhz: 2100, Mhz Limit: 2100
Processor Information for processor 5
  Max Mhz: 2100, Current Mhz: 2100, Mhz Limit: 2100
Processor Information for processor 6
  Max Mhz: 2100, Current Mhz: 2100, Mhz Limit: 2100
Processor Information for processor 7
  Max Mhz: 2100, Current Mhz: 2100, Mhz Limit: 2100
Processor Information for processor 8
  Max Mhz: 2100, Current Mhz: 1540, Mhz Limit: 2100
Processor Information for processor 9
  Max Mhz: 2100, Current Mhz: 1540, Mhz Limit: 2100
Processor Information for processor 10
  Max Mhz: 2100, Current Mhz: 1540, Mhz Limit: 2100
Processor Information for processor 11
  Max Mhz: 2100, Current Mhz: 1540, Mhz Limit: 2100

Memory: 4k page, system-wide physical 16013M (3129M free)
TotalPageFile size 29083M (AvailPageFile size 4503M)
current process WorkingSet (physical memory assigned to process): 355M, peak: 452M
current process commit charge ("private bytes"): 364M, peak: 486M

vm_info: Java HotSpot(TM) 64-Bit Server VM (21.0.11+9-LTS-211) for windows-amd64 JRE (21.0.11+9-LTS-211), built on 2026-03-11T00:23:15Z by "mach5run" with MS VC++ 17.13 (VS2022)

END.
