#
# A fatal error has been detected by the Java Runtime Environment:
#
#  EXCEPTION_ACCESS_VIOLATION (0xc0000005) at pc=0x00007ffc69f864f7, pid=8988, tid=8716
#
# JRE version: Java(TM) SE Runtime Environment (21.0.11+9) (build 21.0.11+9-LTS-211)
# Java VM: Java HotSpot(TM) 64-Bit Server VM (21.0.11+9-LTS-211, mixed mode, sharing, tiered, compressed oops, compressed class ptrs, g1 gc, windows-amd64)
# Problematic frame:
# C  [glass.dll+0x264f7]
#
# No core dump will be written. Minidumps are not enabled by default on client versions of Windows
#
# If you would like to submit a bug report, please visit:
#   https://bugreport.java.com/bugreport/crash.jsp
#

---------------  S U M M A R Y ------------

Command Line: -javaagent:C:\Program Files\JetBrains\IntelliJ IDEA 2026.1.2\lib\idea_rt.jar=58136 -Dfile.encoding=UTF-8 -Dsun.stdout.encoding=UTF-8 -Dsun.stderr.encoding=UTF-8 com.asm.App

Host: 13th Gen Intel(R) Core(TM) i5-13420H, 12 cores, 15G,  Windows 11 , 64 bit Build 26100 (10.0.26100.8328)
Time: Wed May 27 01:09:15 2026 Hora estándar central (México) elapsed time: 350.219080 seconds (0d 0h 5m 50s)

---------------  T H R E A D  ---------------

Current thread (0x000001fe1742f7b0):  VMThread "VM Thread"          [id=8716, stack(0x0000007af6900000,0x0000007af6a00000) (1024K)]

Stack: [0x0000007af6900000,0x0000007af6a00000],  sp=0x0000007af69fefd0,  free space=1019k
Native frames: (J=compiled Java code, j=interpreted, Vv=VM code, C=native code)
C  [glass.dll+0x264f7]


siginfo: EXCEPTION_ACCESS_VIOLATION (0xc0000005), reading address 0x0000000000000000


Registers:
RAX=0x0000000000000000, RBX=0x000001fe66f8341a, RCX=0x000001fe1742f7b0, RDX=0x0000007af69fefd0
RSP=0x0000007af69fefd0, RBP=0x0000d807d62b1d71, RSI=0x000001fe5d823d08, RDI=0x000001fe5d823ce0
R8 =0x0000000000010002, R9 =0x0000d807d62b1d71, R10=0x000001fe75bf0000, R11=0x0000000000000050
R12=0x000000007ffe0385, R13=0x0000000000000001, R14=0x0000007af69ff0d8, R15=0x000001fe5d823ce0
RIP=0x00007ffc69f864f7, EFLAGS=0x0000000000010202


Register to memory mapping:

RAX=0x0 is null
RBX=0x000001fe66f8341a is a global jni handle
RCX=0x000001fe1742f7b0 points into unknown readable memory: 0x00007ffbe99a31f8 | f8 31 9a e9 fb 7f 00 00
RDX=0x0000007af69fefd0 points into unknown readable memory: 0x0000000000000000 | 00 00 00 00 00 00 00 00
RSP=0x0000007af69fefd0 points into unknown readable memory: 0x0000000000000000 | 00 00 00 00 00 00 00 00
RBP=0x0000d807d62b1d71 is an unknown value
RSI=0x000001fe5d823d08 points into unknown readable memory: 0x0000d807d62b1d71 | 71 1d 2b d6 07 d8 00 00
RDI=0x000001fe5d823ce0 points into unknown readable memory: 0x72b0d80729d3ce81 | 81 ce d3 29 07 d8 b0 72
R8 =0x0000000000010002 is an unknown value
R9 =0x0000d807d62b1d71 is an unknown value
R10=0x000001fe75bf0000 points into unknown readable memory: 0x0000000000000000 | 00 00 00 00 00 00 00 00
R11=0x0000000000000050 is an unknown value
R12=0x000000007ffe0385 points into unknown readable memory: 00 00 00
R13=0x0000000000000001 is an unknown value
R14=0x0000007af69ff0d8 points into unknown readable memory: 0x0000007af69ff0c0 | c0 f0 9f f6 7a 00 00 00
R15=0x000001fe5d823ce0 points into unknown readable memory: 0x72b0d80729d3ce81 | 81 ce d3 29 07 d8 b0 72

Top of Stack: (sp=0x0000007af69fefd0)
0x0000007af69fefd0:   0000000000000000 000001fe00000000
0x0000007af69fefe0:   000001fe5dae3640 000000007ffe0385
0x0000007af69feff0:   000001fe5d823ce8 00007ffc81f0bc75
0x0000007af69ff000:   000001fe5d823ce0 000001fe00000000
0x0000007af69ff010:   000001fe5d823d00 0000d807d62b1d71
0x0000007af69ff020:   fffffffffffffffe 00007ffc6a860000
0x0000007af69ff030:   00007ffc69f60000 00007ffc69f60000
0x0000007af69ff040:   0000007af69ff0c8 00007ffc81f0b897
0x0000007af69ff050:   0000007af69ff000 0000007af69ff0d8
0x0000007af69ff060:   0000007af69ff620 00007ffc81ff88c0
0x0000007af69ff070:   0000000000000001 00007ffc81f0b84d
0x0000007af69ff080:   0000000000000000 0000000000000001
0x0000007af69ff090:   00007ffc7cf9ed80 0000007af69ff0c8
0x0000007af69ff0a0:   fffffffffffffffe 0000007af69ff090
0x0000007af69ff0b0:   0000000000000000 00007ffc69f83ccd
0x0000007af69ff0c0:   00007ffc69f9a008 0000000000000002
0x0000007af69ff0d0:   00007ffc00000002 0000007af69ff0c0
0x0000007af69ff0e0:   0000000000000000 00007ffc82010000
0x0000007af69ff0f0:   0000000000000000 00007ffc69f83df2
0x0000007af69ff100:   0000000000000001 0000007af69ff620
0x0000007af69ff110:   0000000000000001 0000000000000000
0x0000007af69ff120:   0000000000000001 00007ffc80990000
0x0000007af69ff130:   00007ffc00000001 0000007af69ff620
0x0000007af69ff140:   0000000000000000 00007ffc69f83e40
0x0000007af69ff150:   0000000000000001 00007ffc8479f98a
0x0000007af69ff160:   00007ffc69f60000 0000000000000000
0x0000007af69ff170:   0000000000000001 000000007ffe0384
0x0000007af69ff180:   0000000000000000 00007ffc84652d23
0x0000007af69ff190:   0000000000000000 000001fe760604a8
0x0000007af69ff1a0:   000000000000008d 0000000000000000
0x0000007af69ff1b0:   0000000000000000 0000000000000000
0x0000007af69ff1c0:   0000000000000000 ffffbe5500000000 

Instructions: (pc=0x00007ffc69f864f7)
0x00007ffc69f863f7:   8b 4d 58 e8 8d cf ff ff 48 8b 4d 60 e8 84 cf ff
0x00007ffc69f86407:   ff 48 8b 95 80 00 00 00 48 8b 8d 18 01 00 00 e8
0x00007ffc69f86417:   76 c4 ff ff 33 d2 33 c9 e8 cc e1 ff ff 90 48 89
0x00007ffc69f86427:   54 24 10 55 48 83 ec 20 48 8b ea 48 b8 00 00 00
0x00007ffc69f86437:   00 00 00 00 00 48 83 c4 20 5d c3 cc 40 55 48 8b
0x00007ffc69f86447:   ea 48 8b 01 33 c9 81 38 05 00 00 c0 0f 94 c1 8b
0x00007ffc69f86457:   c1 5d c3 cc 40 55 48 83 ec 20 48 8b ea 8a 4d 40
0x00007ffc69f86467:   48 83 c4 20 5d e9 73 d3 ff ff cc 40 55 48 83 ec
0x00007ffc69f86477:   20 48 8b ea 8a 4d 20 e8 61 d3 ff ff 90 48 83 c4
0x00007ffc69f86487:   20 5d c3 cc 40 55 48 83 ec 20 48 8b ea 48 83 c4
0x00007ffc69f86497:   20 5d e9 c2 d1 ff ff cc 40 55 48 83 ec 30 48 8b
0x00007ffc69f864a7:   ea 48 8b 01 8b 10 48 89 4c 24 28 89 54 24 20 4c
0x00007ffc69f864b7:   8d 0d 63 d6 ff ff 4c 8b 45 70 8b 55 68 48 8b 4d
0x00007ffc69f864c7:   60 e8 03 d1 ff ff 90 48 83 c4 30 5d c3 cc cc cc
0x00007ffc69f864d7:   cc cc cc cc cc cc cc cc cc 40 53 48 83 ec 20 48
0x00007ffc69f864e7:   8b 1d 1b 35 01 00 48 85 db 74 16 e8 89 8f ff ff
0x00007ffc69f864f7:   4c 8b 00 48 8b d3 48 8b c8 41 ff 90 b0 00 00 00
0x00007ffc69f86507:   90 48 83 c4 20 5b c3 cc cc 40 53 48 83 ec 20 48
0x00007ffc69f86517:   8b 1d 8b 36 01 00 48 85 db 74 57 b8 ff ff ff ff
0x00007ffc69f86527:   f0 0f c1 43 10 83 f8 01 75 3d 48 85 db 74 38 48
0x00007ffc69f86537:   8b 0b 48 85 c9 74 0d ff 15 64 0d 00 00 48 c7 03
0x00007ffc69f86547:   00 00 00 00 48 8b 4b 08 48 85 c9 74 0d e8 33 ce
0x00007ffc69f86557:   ff ff 48 c7 43 08 00 00 00 00 ba 18 00 00 00 48
0x00007ffc69f86567:   8b cb e8 1e ce ff ff 48 c7 05 2f 36 01 00 00 00
0x00007ffc69f86577:   00 00 48 83 c4 20 5b c3 cc 40 53 48 83 ec 20 48
0x00007ffc69f86587:   8b 1d fb 35 01 00 48 85 db 74 57 b8 ff ff ff ff
0x00007ffc69f86597:   f0 0f c1 43 10 83 f8 01 75 3d 48 85 db 74 38 48
0x00007ffc69f865a7:   8b 0b 48 85 c9 74 0d ff 15 f4 0c 00 00 48 c7 03
0x00007ffc69f865b7:   00 00 00 00 48 8b 4b 08 48 85 c9 74 0d e8 c3 cd
0x00007ffc69f865c7:   ff ff 48 c7 43 08 00 00 00 00 ba 18 00 00 00 48
0x00007ffc69f865d7:   8b cb e8 ae cd ff ff 48 c7 05 9f 35 01 00 00 00
0x00007ffc69f865e7:   00 00 48 83 c4 20 5b c3 cc 40 53 48 83 ec 20 48 


Stack slot to memory mapping:

stack at sp + 0 slots: 0x0 is null
stack at sp + 1 slots: 0x000001fe00000000 points into unknown readable memory: 0x0000000000000036 | 36 00 00 00 00 00 00 00
stack at sp + 2 slots: 0x000001fe5dae3640 points into unknown readable memory: 0x000001fe5dae33d0 | d0 33 ae 5d fe 01 00 00
stack at sp + 3 slots: 0x000000007ffe0385 points into unknown readable memory: 00 00 00
stack at sp + 4 slots: 0x000001fe5d823ce8 points into unknown readable memory: 0x0000d807d62b1d71 | 71 1d 2b d6 07 d8 00 00
stack at sp + 5 slots: 0x00007ffc81f0bc75 ucrtbase.dll
stack at sp + 6 slots: 0x000001fe5d823ce0 points into unknown readable memory: 0x72b0d80729d3ce81 | 81 ce d3 29 07 d8 b0 72
stack at sp + 7 slots: 0x000001fe00000000 points into unknown readable memory: 0x0000000000000036 | 36 00 00 00 00 00 00 00

VM_Operation (0x0000007af5fff180): Exit, mode: safepoint, requested by thread 0x000001fe65f683a0


---------------  P R O C E S S  ---------------

Threads class SMR info:
_java_thread_list=0x000001fe5d65e3c0, length=28, elements={
0x000001fe75f67ad0, 0x000001fe1744c700, 0x000001fe1744fe90, 0x000001fe17455420,
0x000001fe17455e80, 0x000001fe17456fd0, 0x000001fe17457d60, 0x000001fe175d8db0,
0x000001fe17735f00, 0x000001fe177c47f0, 0x000001fe178d4640, 0x000001fe1799cab0,
0x000001fe5d11a680, 0x000001fe5d78c1f0, 0x000001fe5d790e50, 0x000001fe5d333880,
0x000001fe5dea9150, 0x000001fe5dea8ac0, 0x000001fe5dea97e0, 0x000001fe5deaa500,
0x000001fe5deaab90, 0x000001fe65f690c0, 0x000001fe65f69750, 0x000001fe65f66960,
0x000001fe65f6a470, 0x000001fe65f66ff0, 0x000001fe65f683a0, 0x000001fe65f6d8f0
}

Java Threads: ( => current thread )
  0x000001fe75f67ad0 JavaThread "main"                              [_thread_blocked, id=28132, stack(0x0000007af6200000,0x0000007af6300000) (1024K)]
  0x000001fe1744c700 JavaThread "Reference Handler"          daemon [_thread_blocked, id=17800, stack(0x0000007af6a00000,0x0000007af6b00000) (1024K)]
  0x000001fe1744fe90 JavaThread "Finalizer"                  daemon [_thread_blocked, id=14232, stack(0x0000007af6b00000,0x0000007af6c00000) (1024K)]
  0x000001fe17455420 JavaThread "Attach Listener"            daemon [_thread_blocked, id=37684, stack(0x0000007af6d00000,0x0000007af6e00000) (1024K)]
  0x000001fe17455e80 JavaThread "Service Thread"             daemon [_thread_blocked, id=24292, stack(0x0000007af6e00000,0x0000007af6f00000) (1024K)]
  0x000001fe17456fd0 JavaThread "Monitor Deflation Thread"   daemon [_thread_blocked, id=34204, stack(0x0000007af6f00000,0x0000007af7000000) (1024K)]
  0x000001fe17457d60 JavaThread "C2 CompilerThread0"         daemon [_thread_blocked, id=39732, stack(0x0000007af7000000,0x0000007af7100000) (1024K)]
  0x000001fe175d8db0 JavaThread "C1 CompilerThread0"         daemon [_thread_blocked, id=37144, stack(0x0000007af7100000,0x0000007af7200000) (1024K)]
  0x000001fe17735f00 JavaThread "Common-Cleaner"             daemon [_thread_blocked, id=26136, stack(0x0000007af7200000,0x0000007af7300000) (1024K)]
  0x000001fe177c47f0 JavaThread "Monitor Ctrl-Break"         daemon [_thread_in_native, id=28504, stack(0x0000007af7400000,0x0000007af7500000) (1024K)]
  0x000001fe178d4640 JavaThread "Notification Thread"        daemon [_thread_blocked, id=41324, stack(0x0000007af7500000,0x0000007af7600000) (1024K)]
  0x000001fe1799cab0 JavaThread "JavaFX-Launcher"                   [_thread_blocked, id=34128, stack(0x0000007af7600000,0x0000007af7700000) (1024K)]
  0x000001fe5d11a680 JavaThread "RMI TCP Accept-0"           daemon [_thread_in_native, id=26152, stack(0x0000007af7800000,0x0000007af7900000) (1024K)]
  0x000001fe5d78c1f0 JavaThread "RMI TCP Connection(1)-192.168.100.46" daemon [_thread_blocked, id=8176, stack(0x0000007af7900000,0x0000007af7a00000) (1024K)]
  0x000001fe5d790e50 JavaThread "RMI Scheduler(0)"           daemon [_thread_blocked, id=17028, stack(0x0000007af7a00000,0x0000007af7b00000) (1024K)]
  0x000001fe5d333880 JavaThread "JMX server connection timeout 27" daemon [_thread_blocked, id=11128, stack(0x0000007af7b00000,0x0000007af7c00000) (1024K)]
  0x000001fe5dea9150 JavaThread "InvokeLaterDispatcher"      daemon [_thread_blocked, id=19688, stack(0x0000007af7700000,0x0000007af7800000) (1024K)]
  0x000001fe5dea8ac0 JavaThread "JavaFX Application Thread"         [_thread_in_native, id=3472, stack(0x0000007af8600000,0x0000007af8700000) (1024K)]
  0x000001fe5dea97e0 JavaThread "Thread-2"                   daemon [_thread_in_native, id=26092, stack(0x0000007af9600000,0x0000007af9700000) (1024K)]
  0x000001fe5deaa500 JavaThread "mysql-cj-abandoned-connection-cleanup" daemon [_thread_blocked, id=13568, stack(0x0000007af9a00000,0x0000007af9b00000) (1024K)]
  0x000001fe5deaab90 JavaThread "Hibernate Connection Pool Validation Thread" daemon [_thread_blocked, id=6420, stack(0x0000007af9b00000,0x0000007af9c00000) (1024K)]
  0x000001fe65f690c0 JavaThread "Prism Font Disposer"        daemon [_thread_blocked, id=12412, stack(0x0000007af9f00000,0x0000007afa000000) (1024K)]
  0x000001fe65f69750 JavaThread "Cleaner-0"                  daemon [_thread_blocked, id=23184, stack(0x0000007afa000000,0x0000007afa100000) (1024K)]
  0x000001fe65f66960 JavaThread "PrinterListener"            daemon [_thread_in_native, id=28860, stack(0x0000007af7300000,0x0000007af7400000) (1024K)]
  0x000001fe65f6a470 JavaThread "RemotePrinterListener"      daemon [_thread_in_native, id=14872, stack(0x0000007af9700000,0x0000007af9800000) (1024K)]
  0x000001fe65f66ff0 JavaThread "Java2D Disposer"            daemon [_thread_blocked, id=34632, stack(0x0000007afa100000,0x0000007afa200000) (1024K)]
  0x000001fe65f683a0 JavaThread "SIGINT handler"             daemon [_thread_blocked, id=14016, stack(0x0000007af5f00000,0x0000007af6000000) (1024K)]
  0x000001fe65f6d8f0 JavaThread "AWT-Shutdown"                      [_thread_blocked, id=33588, stack(0x0000007afa600000,0x0000007afa700000) (1024K)]
Total: 28

Other Threads:
=>0x000001fe1742f7b0 VMThread "VM Thread"                           [id=8716, stack(0x0000007af6900000,0x0000007af6a00000) (1024K)]
  0x000001fe75fcf520 WorkerThread "GC Thread#0"                     [id=29304, stack(0x0000007af6300000,0x0000007af6400000) (1024K)]
  0x000001fe5d9c2c20 WorkerThread "GC Thread#1"                     [id=36316, stack(0x0000007af7c00000,0x0000007af7d00000) (1024K)]
  0x000001fe179c82c0 WorkerThread "GC Thread#2"                     [id=11296, stack(0x0000007af7d00000,0x0000007af7e00000) (1024K)]
  0x000001fe5daf69a0 WorkerThread "GC Thread#3"                     [id=2912, stack(0x0000007af7e00000,0x0000007af7f00000) (1024K)]
  0x000001fe5dacb3e0 WorkerThread "GC Thread#4"                     [id=2468, stack(0x0000007af7f00000,0x0000007af8000000) (1024K)]
  0x000001fe5daf6d50 WorkerThread "GC Thread#5"                     [id=25560, stack(0x0000007af8000000,0x0000007af8100000) (1024K)]
  0x000001fe5d812c50 WorkerThread "GC Thread#6"                     [id=16652, stack(0x0000007af8100000,0x0000007af8200000) (1024K)]
  0x000001fe5d813000 WorkerThread "GC Thread#7"                     [id=19188, stack(0x0000007af8200000,0x0000007af8300000) (1024K)]
  0x000001fe5d811d90 WorkerThread "GC Thread#8"                     [id=34824, stack(0x0000007af8300000,0x0000007af8400000) (1024K)]
  0x000001fe5d811630 WorkerThread "GC Thread#9"                     [id=30132, stack(0x0000007af8400000,0x0000007af8500000) (1024K)]
  0x000001fe75fe15e0 ConcurrentGCThread "G1 Main Marker"            terminated
  0x000001fe75fe2890 WorkerThread "G1 Conc#0"                       [id=41092, stack(0x0000007af6500000,0x0000007af6600000) (1024K)]
  0x000001fe5d8119e0 WorkerThread "G1 Conc#1"                       [id=28636, stack(0x0000007af9800000,0x0000007af9900000) (1024K)]
  0x000001fe64254cc0 WorkerThread "G1 Conc#2"                       [id=36916, stack(0x0000007af9900000,0x0000007af9a00000) (1024K)]
  0x000001fe7602e3f0 ConcurrentGCThread "G1 Refine#0"               terminated
  0x000001fe172ec1f0 ConcurrentGCThread "G1 Service"                terminated
Total: 17

Threads with active compile tasks:
Total: 0

VM state: at safepoint (shutting down)

VM Mutex/Monitor currently owned by a thread:  ([mutex/lock_event])
[0x00007ffbe9b6af50] Threads_lock - owner thread: 0x000001fe1742f7b0
[0x00007ffbe9b6b050] Heap_lock - owner thread: 0x000001fe65f683a0

Heap address: 0x0000000705c00000, size: 4004 MB, Compressed Oops mode: Zero based, Oop shift amount: 3

CDS archive(s) mapped at: [0x000001fe18000000-0x000001fe18c90000-0x000001fe18c90000), size 13172736, SharedBaseAddress: 0x000001fe18000000, ArchiveRelocationMode: 1.
Compressed class space mapped at: 0x000001fe19000000-0x000001fe59000000, reserved size: 1073741824
Narrow klass base: 0x000001fe18000000, Narrow klass shift: 0, Narrow klass range: 0x100000000

GC Precious Log:
 CardTable entry size: 512
 Card Set container configuration: InlinePtr #cards 4 size 8 Array Of Cards #cards 16 size 48 Howl #buckets 8 coarsen threshold 3686 Howl Bitmap #cards 512 size 80 coarsen threshold 460 Card regions per heap region 1 cards per card region 4096
 CPUs: 12 total, 12 available
 Memory: 16013M
 Large Page Support: Disabled
 NUMA Support: Disabled
 Compressed Oops: Enabled (Zero based)
 Heap Region Size: 2M
 Heap Min Capacity: 8M
 Heap Initial Capacity: 252M
 Heap Max Capacity: 4004M
 Pre-touch: Disabled
 Parallel Workers: 10
 Concurrent Workers: 3
 Concurrent Refinement Workers: 10
 Periodic GC: Disabled

Heap:
 garbage-first heap   total 159744K, used 50294K [0x0000000705c00000, 0x0000000800000000)
  region size 2048K, 7 young (14336K), 1 survivors (2048K)
 Metaspace       used 65561K, committed 66240K, reserved 1114112K
  class space    used 8833K, committed 9152K, reserved 1048576K

Heap Regions: E=young(eden), S=young(survivor), O=old, HS=humongous(starts), HC=humongous(continues), CS=collection set, F=free, TAMS=top-at-mark-start, PB=parsable bottom
|   0|0x0000000705c00000, 0x0000000705e00000, 0x0000000705e00000|100%| O|  |TAMS 0x0000000705c00000| PB 0x0000000705c00000| Untracked 
|   1|0x0000000705e00000, 0x0000000706000000, 0x0000000706000000|100%|HS|  |TAMS 0x0000000705e00000| PB 0x0000000705e00000| Complete 
|   2|0x0000000706000000, 0x0000000706200000, 0x0000000706200000|100%| O|  |TAMS 0x0000000706000000| PB 0x0000000706000000| Untracked 
|   3|0x0000000706200000, 0x0000000706400000, 0x0000000706400000|100%| O|  |TAMS 0x0000000706200000| PB 0x0000000706200000| Untracked 
|   4|0x0000000706400000, 0x0000000706600000, 0x0000000706600000|100%| O|  |TAMS 0x0000000706400000| PB 0x0000000706400000| Untracked 
|   5|0x0000000706600000, 0x0000000706800000, 0x0000000706800000|100%| O|  |TAMS 0x0000000706600000| PB 0x0000000706600000| Untracked 
|   6|0x0000000706800000, 0x0000000706a00000, 0x0000000706a00000|100%| O|  |TAMS 0x0000000706800000| PB 0x0000000706800000| Untracked 
|   7|0x0000000706a00000, 0x0000000706c00000, 0x0000000706c00000|100%| O|  |TAMS 0x0000000706a00000| PB 0x0000000706a00000| Untracked 
|   8|0x0000000706c00000, 0x0000000706e00000, 0x0000000706e00000|100%| O|  |TAMS 0x0000000706c00000| PB 0x0000000706c00000| Untracked 
|   9|0x0000000706e00000, 0x0000000707000000, 0x0000000707000000|100%|HS|  |TAMS 0x0000000706e00000| PB 0x0000000706e00000| Complete 
|  10|0x0000000707000000, 0x0000000707200000, 0x0000000707200000|100%|HS|  |TAMS 0x0000000707000000| PB 0x0000000707000000| Complete 
|  11|0x0000000707200000, 0x0000000707400000, 0x0000000707400000|100%| O|  |TAMS 0x0000000707200000| PB 0x0000000707200000| Untracked 
|  12|0x0000000707400000, 0x00000007075580a0, 0x0000000707600000| 67%| O|  |TAMS 0x0000000707400000| PB 0x0000000707400000| Untracked 
|  13|0x0000000707600000, 0x0000000707800000, 0x0000000707800000|100%|HS|  |TAMS 0x0000000707600000| PB 0x0000000707600000| Complete 
|  14|0x0000000707800000, 0x0000000707a00000, 0x0000000707a00000|100%|HS|  |TAMS 0x0000000707800000| PB 0x0000000707800000| Complete 
|  15|0x0000000707a00000, 0x0000000707c00000, 0x0000000707c00000|100%|HC|  |TAMS 0x0000000707a00000| PB 0x0000000707a00000| Complete 
|  16|0x0000000707c00000, 0x0000000707e00000, 0x0000000707e00000|100%|HS|  |TAMS 0x0000000707c00000| PB 0x0000000707c00000| Complete 
|  17|0x0000000707e00000, 0x0000000707e00000, 0x0000000708000000|  0%| F|  |TAMS 0x0000000707e00000| PB 0x0000000707e00000| Untracked 
|  18|0x0000000708000000, 0x0000000708000000, 0x0000000708200000|  0%| F|  |TAMS 0x0000000708000000| PB 0x0000000708000000| Untracked 
|  19|0x0000000708200000, 0x0000000708200000, 0x0000000708400000|  0%| F|  |TAMS 0x0000000708200000| PB 0x0000000708200000| Untracked 
|  20|0x0000000708400000, 0x0000000708400000, 0x0000000708600000|  0%| F|  |TAMS 0x0000000708400000| PB 0x0000000708400000| Untracked 
|  21|0x0000000708600000, 0x0000000708600000, 0x0000000708800000|  0%| F|  |TAMS 0x0000000708600000| PB 0x0000000708600000| Untracked 
|  22|0x0000000708800000, 0x0000000708800000, 0x0000000708a00000|  0%| F|  |TAMS 0x0000000708800000| PB 0x0000000708800000| Untracked 
|  23|0x0000000708a00000, 0x0000000708bc5b38, 0x0000000708c00000| 88%| S|CS|TAMS 0x0000000708a00000| PB 0x0000000708a00000| Complete 
|  24|0x0000000708c00000, 0x0000000708c00000, 0x0000000708e00000|  0%| F|  |TAMS 0x0000000708c00000| PB 0x0000000708c00000| Untracked 
|  25|0x0000000708e00000, 0x0000000708e00000, 0x0000000709000000|  0%| F|  |TAMS 0x0000000708e00000| PB 0x0000000708e00000| Untracked 
|  26|0x0000000709000000, 0x0000000709000000, 0x0000000709200000|  0%| F|  |TAMS 0x0000000709000000| PB 0x0000000709000000| Untracked 
|  27|0x0000000709200000, 0x0000000709200000, 0x0000000709400000|  0%| F|  |TAMS 0x0000000709200000| PB 0x0000000709200000| Untracked 
|  28|0x0000000709400000, 0x0000000709400000, 0x0000000709600000|  0%| F|  |TAMS 0x0000000709400000| PB 0x0000000709400000| Untracked 
|  29|0x0000000709600000, 0x0000000709600000, 0x0000000709800000|  0%| F|  |TAMS 0x0000000709600000| PB 0x0000000709600000| Untracked 
|  30|0x0000000709800000, 0x0000000709800000, 0x0000000709a00000|  0%| F|  |TAMS 0x0000000709800000| PB 0x0000000709800000| Untracked 
|  31|0x0000000709a00000, 0x0000000709a00000, 0x0000000709c00000|  0%| F|  |TAMS 0x0000000709a00000| PB 0x0000000709a00000| Untracked 
|  32|0x0000000709c00000, 0x0000000709c00000, 0x0000000709e00000|  0%| F|  |TAMS 0x0000000709c00000| PB 0x0000000709c00000| Untracked 
|  33|0x0000000709e00000, 0x0000000709e00000, 0x000000070a000000|  0%| F|  |TAMS 0x0000000709e00000| PB 0x0000000709e00000| Untracked 
|  34|0x000000070a000000, 0x000000070a000000, 0x000000070a200000|  0%| F|  |TAMS 0x000000070a000000| PB 0x000000070a000000| Untracked 
|  35|0x000000070a200000, 0x000000070a200000, 0x000000070a400000|  0%| F|  |TAMS 0x000000070a200000| PB 0x000000070a200000| Untracked 
|  36|0x000000070a400000, 0x000000070a400000, 0x000000070a600000|  0%| F|  |TAMS 0x000000070a400000| PB 0x000000070a400000| Untracked 
|  37|0x000000070a600000, 0x000000070a600000, 0x000000070a800000|  0%| F|  |TAMS 0x000000070a600000| PB 0x000000070a600000| Untracked 
|  38|0x000000070a800000, 0x000000070a800000, 0x000000070aa00000|  0%| F|  |TAMS 0x000000070a800000| PB 0x000000070a800000| Untracked 
|  39|0x000000070aa00000, 0x000000070aa00000, 0x000000070ac00000|  0%| F|  |TAMS 0x000000070aa00000| PB 0x000000070aa00000| Untracked 
|  40|0x000000070ac00000, 0x000000070ac00000, 0x000000070ae00000|  0%| F|  |TAMS 0x000000070ac00000| PB 0x000000070ac00000| Untracked 
|  41|0x000000070ae00000, 0x000000070ae00000, 0x000000070b000000|  0%| F|  |TAMS 0x000000070ae00000| PB 0x000000070ae00000| Untracked 
|  42|0x000000070b000000, 0x000000070b000000, 0x000000070b200000|  0%| F|  |TAMS 0x000000070b000000| PB 0x000000070b000000| Untracked 
|  43|0x000000070b200000, 0x000000070b200000, 0x000000070b400000|  0%| F|  |TAMS 0x000000070b200000| PB 0x000000070b200000| Untracked 
|  44|0x000000070b400000, 0x000000070b400000, 0x000000070b600000|  0%| F|  |TAMS 0x000000070b400000| PB 0x000000070b400000| Untracked 
|  45|0x000000070b600000, 0x000000070b600000, 0x000000070b800000|  0%| F|  |TAMS 0x000000070b600000| PB 0x000000070b600000| Untracked 
|  46|0x000000070b800000, 0x000000070b800000, 0x000000070ba00000|  0%| F|  |TAMS 0x000000070b800000| PB 0x000000070b800000| Untracked 
|  47|0x000000070ba00000, 0x000000070ba00000, 0x000000070bc00000|  0%| F|  |TAMS 0x000000070ba00000| PB 0x000000070ba00000| Untracked 
|  48|0x000000070bc00000, 0x000000070bc00000, 0x000000070be00000|  0%| F|  |TAMS 0x000000070bc00000| PB 0x000000070bc00000| Untracked 
|  49|0x000000070be00000, 0x000000070be00000, 0x000000070c000000|  0%| F|  |TAMS 0x000000070be00000| PB 0x000000070be00000| Untracked 
|  50|0x000000070c000000, 0x000000070c000000, 0x000000070c200000|  0%| F|  |TAMS 0x000000070c000000| PB 0x000000070c000000| Untracked 
|  51|0x000000070c200000, 0x000000070c200000, 0x000000070c400000|  0%| F|  |TAMS 0x000000070c200000| PB 0x000000070c200000| Untracked 
|  52|0x000000070c400000, 0x000000070c400000, 0x000000070c600000|  0%| F|  |TAMS 0x000000070c400000| PB 0x000000070c400000| Untracked 
|  53|0x000000070c600000, 0x000000070c600000, 0x000000070c800000|  0%| F|  |TAMS 0x000000070c600000| PB 0x000000070c600000| Untracked 
|  54|0x000000070c800000, 0x000000070c800000, 0x000000070ca00000|  0%| F|  |TAMS 0x000000070c800000| PB 0x000000070c800000| Untracked 
|  55|0x000000070ca00000, 0x000000070ca00000, 0x000000070cc00000|  0%| F|  |TAMS 0x000000070ca00000| PB 0x000000070ca00000| Untracked 
|  56|0x000000070cc00000, 0x000000070cc00000, 0x000000070ce00000|  0%| F|  |TAMS 0x000000070cc00000| PB 0x000000070cc00000| Untracked 
|  57|0x000000070ce00000, 0x000000070ce00000, 0x000000070d000000|  0%| F|  |TAMS 0x000000070ce00000| PB 0x000000070ce00000| Untracked 
|  58|0x000000070d000000, 0x000000070d000000, 0x000000070d200000|  0%| F|  |TAMS 0x000000070d000000| PB 0x000000070d000000| Untracked 
|  59|0x000000070d200000, 0x000000070d200000, 0x000000070d400000|  0%| F|  |TAMS 0x000000070d200000| PB 0x000000070d200000| Untracked 
|  60|0x000000070d400000, 0x000000070d400000, 0x000000070d600000|  0%| F|  |TAMS 0x000000070d400000| PB 0x000000070d400000| Untracked 
|  61|0x000000070d600000, 0x000000070d600000, 0x000000070d800000|  0%| F|  |TAMS 0x000000070d600000| PB 0x000000070d600000| Untracked 
|  62|0x000000070d800000, 0x000000070d800000, 0x000000070da00000|  0%| F|  |TAMS 0x000000070d800000| PB 0x000000070d800000| Untracked 
|  63|0x000000070da00000, 0x000000070da00000, 0x000000070dc00000|  0%| F|  |TAMS 0x000000070da00000| PB 0x000000070da00000| Untracked 
|  64|0x000000070dc00000, 0x000000070dc00000, 0x000000070de00000|  0%| F|  |TAMS 0x000000070dc00000| PB 0x000000070dc00000| Untracked 
|  65|0x000000070de00000, 0x000000070de00000, 0x000000070e000000|  0%| F|  |TAMS 0x000000070de00000| PB 0x000000070de00000| Untracked 
|  66|0x000000070e000000, 0x000000070e000000, 0x000000070e200000|  0%| F|  |TAMS 0x000000070e000000| PB 0x000000070e000000| Untracked 
|  67|0x000000070e200000, 0x000000070e200000, 0x000000070e400000|  0%| F|  |TAMS 0x000000070e200000| PB 0x000000070e200000| Untracked 
|  68|0x000000070e400000, 0x000000070e400000, 0x000000070e600000|  0%| F|  |TAMS 0x000000070e400000| PB 0x000000070e400000| Untracked 
|  69|0x000000070e600000, 0x000000070e600000, 0x000000070e800000|  0%| F|  |TAMS 0x000000070e600000| PB 0x000000070e600000| Untracked 
|  70|0x000000070e800000, 0x000000070e8b8578, 0x000000070ea00000| 36%| E|  |TAMS 0x000000070e800000| PB 0x000000070e800000| Complete 
|  71|0x000000070ea00000, 0x000000070ec00000, 0x000000070ec00000|100%| E|CS|TAMS 0x000000070ea00000| PB 0x000000070ea00000| Complete 
| 119|0x0000000714a00000, 0x0000000714c00000, 0x0000000714c00000|100%| E|CS|TAMS 0x0000000714a00000| PB 0x0000000714a00000| Complete 
| 120|0x0000000714c00000, 0x0000000714e00000, 0x0000000714e00000|100%| E|CS|TAMS 0x0000000714c00000| PB 0x0000000714c00000| Complete 
| 121|0x0000000714e00000, 0x0000000715000000, 0x0000000715000000|100%| E|CS|TAMS 0x0000000714e00000| PB 0x0000000714e00000| Complete 
| 125|0x0000000715600000, 0x0000000715800000, 0x0000000715800000|100%| E|CS|TAMS 0x0000000715600000| PB 0x0000000715600000| Complete 
|2000|0x00000007ffc00000, 0x00000007ffe00000, 0x00000007ffe00000|100%| O|Cm|TAMS 0x00000007ffc00000| PB 0x00000007ffc00000| Complete 
|2001|0x00000007ffe00000, 0x0000000800000000, 0x0000000800000000|100%| O|  |TAMS 0x00000007ffe00000| PB 0x00000007ffe00000| Untracked 

Card table byte_map: [0x000001fe10170000,0x000001fe10950000] _byte_map_base: 0x000001fe0c942000

Marking Bits: (CMBitMap*) 0x000001fe75fd0440
 Bits: [0x000001fe10950000, 0x000001fe147e0000)

Polling page: 0x000001fe76030000

Metaspace:

Usage:
  Non-class:     55.40 MB used.
      Class:      8.63 MB used.
       Both:     64.02 MB used.

Virtual space:
  Non-class space:       64.00 MB reserved,      55.75 MB ( 87%) committed,  1 nodes.
      Class space:        1.00 GB reserved,       8.94 MB ( <1%) committed,  1 nodes.
             Both:        1.06 GB reserved,      64.69 MB (  6%) committed. 

Chunk freelists:
   Non-Class:  7.97 MB
       Class:  7.09 MB
        Both:  15.07 MB

MaxMetaspaceSize: unlimited
CompressedClassSpaceSize: 1.00 GB
Initial GC threshold: 21.00 MB
Current GC threshold: 99.31 MB
CDS: on
 - commit_granule_bytes: 65536.
 - commit_granule_words: 8192.
 - virtual_space_node_default_size: 8388608.
 - enlarge_chunks_in_place: 1.
 - use_allocation_guard: 0.


Internal statistics:

num_allocs_failed_limit: 12.
num_arena_births: 828.
num_arena_deaths: 6.
num_vsnodes_births: 2.
num_vsnodes_deaths: 0.
num_space_committed: 1035.
num_space_uncommitted: 0.
num_chunks_returned_to_freelist: 18.
num_chunks_taken_from_freelist: 2748.
num_chunk_merges: 9.
num_chunk_splits: 1942.
num_chunks_enlarged: 1433.
num_inconsistent_stats: 0.

CodeHeap 'non-profiled nmethods': size=120000Kb used=4508Kb max_used=4508Kb free=115491Kb
 bounds [0x000001fe07ad0000, 0x000001fe07f40000, 0x000001fe0f000000]
CodeHeap 'profiled nmethods': size=120000Kb used=15166Kb max_used=15166Kb free=104833Kb
 bounds [0x000001fe00000000, 0x000001fe00ed0000, 0x000001fe07530000]
CodeHeap 'non-nmethods': size=5760Kb used=2233Kb max_used=2291Kb free=3526Kb
 bounds [0x000001fe07530000, 0x000001fe077a0000, 0x000001fe07ad0000]
 total_blobs=8445 nmethods=7296 adapters=1051
 compilation: enabled
              stopped_count=0, restarted_count=0
 full_count=0

Compilation events (20 events):
Event: 315.146 Thread 0x000001fe175d8db0 7781       3       com.sun.glass.ui.Window::requestFocus (60 bytes)
Event: 315.147 Thread 0x000001fe175d8db0 nmethod 7781 0x000001fe00eccd90 code [0x000001fe00eccfe0, 0x000001fe00ecd810]
Event: 319.689 Thread 0x000001fe17457d60 7783       4       java.io.ObjectStreamClass::getSerialVersionUID (42 bytes)
Event: 319.690 Thread 0x000001fe17457d60 nmethod 7783 0x000001fe07f34e90 code [0x000001fe07f35020, 0x000001fe07f350e8]
Event: 334.963 Thread 0x000001fe17457d60 7784       4       java.util.TreeMap::get (19 bytes)
Event: 334.964 Thread 0x000001fe17457d60 nmethod 7784 0x000001fe07f35190 code [0x000001fe07f35320, 0x000001fe07f353e8]
Event: 338.231 Thread 0x000001fe17457d60 7785       4       java.lang.ClassValue::get (31 bytes)
Event: 338.235 Thread 0x000001fe17457d60 nmethod 7785 0x000001fe07f35490 code [0x000001fe07f35640, 0x000001fe07f35838]
Event: 340.414 Thread 0x000001fe17457d60 7786       4       java.io.ClassCache::get (56 bytes)
Event: 340.431 Thread 0x000001fe17457d60 nmethod 7786 0x000001fe07f35a90 code [0x000001fe07f35ce0, 0x000001fe07f365e8]
Event: 346.926 Thread 0x000001fe17457d60 7787       4       sun.rmi.runtime.Log$LoggerLog::isLoggable (9 bytes)
Event: 346.928 Thread 0x000001fe17457d60 nmethod 7787 0x000001fe07f36d90 code [0x000001fe07f36f20, 0x000001fe07f37010]
Event: 347.611 Thread 0x000001fe175d8db0 7788       3       jdk.internal.loader.URLClassPath::findResource (38 bytes)
Event: 347.611 Thread 0x000001fe175d8db0 nmethod 7788 0x000001fe00ecda90 code [0x000001fe00ecdc60, 0x000001fe00ecdfa8]
Event: 349.522 Thread 0x000001fe175d8db0 7789       3       java.util.logging.Logger::updateEffectiveLevel (126 bytes)
Event: 349.523 Thread 0x000001fe175d8db0 nmethod 7789 0x000001fe00ece110 code [0x000001fe00ece360, 0x000001fe00ecee90]
Event: 349.523 Thread 0x000001fe175d8db0 7790       3       java.util.logging.Logger::getHandlers (5 bytes)
Event: 349.523 Thread 0x000001fe175d8db0 nmethod 7790 0x000001fe00ecf210 code [0x000001fe00ecf3c0, 0x000001fe00ecf588]
Event: 349.525 Thread 0x000001fe175d8db0 7791       3       java.util.logging.Logger::accessCheckedHandlers (17 bytes)
Event: 349.525 Thread 0x000001fe175d8db0 nmethod 7791 0x000001fe00ecf610 code [0x000001fe00ecf7c0, 0x000001fe00ecfa98]

GC Heap History (20 events):
Event: 1.843 GC heap before
{Heap before GC invocations=1 (full 0):
 garbage-first heap   total 258048K, used 32368K [0x0000000705c00000, 0x0000000800000000)
  region size 2048K, 16 young (32768K), 2 survivors (4096K)
 Metaspace       used 17651K, committed 18048K, reserved 1114112K
  class space    used 2211K, committed 2432K, reserved 1048576K
}
Event: 1.852 GC heap after
{Heap after GC invocations=2 (full 0):
 garbage-first heap   total 258048K, used 10481K [0x0000000705c00000, 0x0000000800000000)
  region size 2048K, 2 young (4096K), 2 survivors (4096K)
 Metaspace       used 17651K, committed 18048K, reserved 1114112K
  class space    used 2211K, committed 2432K, reserved 1048576K
}
Event: 2.038 GC heap before
{Heap before GC invocations=2 (full 0):
 garbage-first heap   total 258048K, used 16625K [0x0000000705c00000, 0x0000000800000000)
  region size 2048K, 6 young (12288K), 2 survivors (4096K)
 Metaspace       used 21140K, committed 21504K, reserved 1114112K
  class space    used 2636K, committed 2816K, reserved 1048576K
}
Event: 2.042 GC heap after
{Heap after GC invocations=3 (full 0):
 garbage-first heap   total 258048K, used 11153K [0x0000000705c00000, 0x0000000800000000)
  region size 2048K, 3 young (6144K), 3 survivors (6144K)
 Metaspace       used 21140K, committed 21504K, reserved 1114112K
  class space    used 2636K, committed 2816K, reserved 1048576K
}
Event: 2.840 GC heap before
{Heap before GC invocations=4 (full 0):
 garbage-first heap   total 55296K, used 37777K [0x0000000705c00000, 0x0000000800000000)
  region size 2048K, 16 young (32768K), 3 survivors (6144K)
 Metaspace       used 32315K, committed 32704K, reserved 1114112K
  class space    used 4034K, committed 4224K, reserved 1048576K
}
Event: 2.847 GC heap after
{Heap after GC invocations=5 (full 0):
 garbage-first heap   total 55296K, used 14642K [0x0000000705c00000, 0x0000000800000000)
  region size 2048K, 2 young (4096K), 2 survivors (4096K)
 Metaspace       used 32315K, committed 32704K, reserved 1114112K
  class space    used 4034K, committed 4224K, reserved 1048576K
}
Event: 3.114 GC heap before
{Heap before GC invocations=5 (full 0):
 garbage-first heap   total 55296K, used 24882K [0x0000000705c00000, 0x0000000800000000)
  region size 2048K, 8 young (16384K), 2 survivors (4096K)
 Metaspace       used 35574K, committed 35968K, reserved 1114112K
  class space    used 4496K, committed 4672K, reserved 1048576K
}
Event: 3.118 GC heap after
{Heap after GC invocations=6 (full 0):
 garbage-first heap   total 55296K, used 15702K [0x0000000705c00000, 0x0000000800000000)
  region size 2048K, 1 young (2048K), 1 survivors (2048K)
 Metaspace       used 35574K, committed 35968K, reserved 1114112K
  class space    used 4496K, committed 4672K, reserved 1048576K
}
Event: 3.138 GC heap before
{Heap before GC invocations=6 (full 0):
 garbage-first heap   total 55296K, used 15702K [0x0000000705c00000, 0x0000000800000000)
  region size 2048K, 2 young (4096K), 1 survivors (2048K)
 Metaspace       used 35896K, committed 36288K, reserved 1114112K
  class space    used 4542K, committed 4736K, reserved 1048576K
}
Event: 3.140 GC heap after
{Heap after GC invocations=7 (full 0):
 garbage-first heap   total 55296K, used 15429K [0x0000000705c00000, 0x0000000800000000)
  region size 2048K, 1 young (2048K), 1 survivors (2048K)
 Metaspace       used 35896K, committed 36288K, reserved 1114112K
  class space    used 4542K, committed 4736K, reserved 1048576K
}
Event: 3.694 GC heap before
{Heap before GC invocations=8 (full 0):
 garbage-first heap   total 55296K, used 37957K [0x0000000705c00000, 0x0000000800000000)
  region size 2048K, 13 young (26624K), 1 survivors (2048K)
 Metaspace       used 42808K, committed 43264K, reserved 1114112K
  class space    used 5652K, committed 5824K, reserved 1048576K
}
Event: 3.696 GC heap after
{Heap after GC invocations=9 (full 0):
 garbage-first heap   total 55296K, used 16332K [0x0000000705c00000, 0x0000000800000000)
  region size 2048K, 1 young (2048K), 1 survivors (2048K)
 Metaspace       used 42808K, committed 43264K, reserved 1114112K
  class space    used 5652K, committed 5824K, reserved 1048576K
}
Event: 4.443 GC heap before
{Heap before GC invocations=9 (full 0):
 garbage-first heap   total 55296K, used 40908K [0x0000000705c00000, 0x0000000800000000)
  region size 2048K, 14 young (28672K), 1 survivors (2048K)
 Metaspace       used 51356K, committed 51904K, reserved 1114112K
  class space    used 6909K, committed 7168K, reserved 1048576K
}
Event: 4.448 GC heap after
{Heap after GC invocations=10 (full 0):
 garbage-first heap   total 55296K, used 17867K [0x0000000705c00000, 0x0000000800000000)
  region size 2048K, 2 young (4096K), 2 survivors (4096K)
 Metaspace       used 51356K, committed 51904K, reserved 1114112K
  class space    used 6909K, committed 7168K, reserved 1048576K
}
Event: 17.632 GC heap before
{Heap before GC invocations=10 (full 0):
 garbage-first heap   total 55296K, used 48587K [0x0000000705c00000, 0x0000000800000000)
  region size 2048K, 16 young (32768K), 2 survivors (4096K)
 Metaspace       used 58546K, committed 59136K, reserved 1114112K
  class space    used 8096K, committed 8384K, reserved 1048576K
}
Event: 17.640 GC heap after
{Heap after GC invocations=11 (full 0):
 garbage-first heap   total 59392K, used 25733K [0x0000000705c00000, 0x0000000800000000)
  region size 2048K, 2 young (4096K), 2 survivors (4096K)
 Metaspace       used 58546K, committed 59136K, reserved 1114112K
  class space    used 8096K, committed 8384K, reserved 1048576K
}
Event: 19.901 GC heap before
{Heap before GC invocations=11 (full 0):
 garbage-first heap   total 59392K, used 31877K [0x0000000705c00000, 0x0000000800000000)
  region size 2048K, 6 young (12288K), 2 survivors (4096K)
 Metaspace       used 60166K, committed 60736K, reserved 1114112K
  class space    used 8296K, committed 8576K, reserved 1048576K
}
Event: 19.907 GC heap after
{Heap after GC invocations=12 (full 0):
 garbage-first heap   total 59392K, used 27273K [0x0000000705c00000, 0x0000000800000000)
  region size 2048K, 1 young (2048K), 1 survivors (2048K)
 Metaspace       used 60166K, committed 60736K, reserved 1114112K
  class space    used 8296K, committed 8576K, reserved 1048576K
}
Event: 226.768 GC heap before
{Heap before GC invocations=13 (full 0):
 garbage-first heap   total 59392K, used 55945K [0x0000000705c00000, 0x0000000800000000)
  region size 2048K, 10 young (20480K), 1 survivors (2048K)
 Metaspace       used 65139K, committed 65792K, reserved 1114112K
  class space    used 8759K, committed 9088K, reserved 1048576K
}
Event: 226.770 GC heap after
{Heap after GC invocations=14 (full 0):
 garbage-first heap   total 159744K, used 40054K [0x0000000705c00000, 0x0000000800000000)
  region size 2048K, 1 young (2048K), 1 survivors (2048K)
 Metaspace       used 65139K, committed 65792K, reserved 1114112K
  class space    used 8759K, committed 9088K, reserved 1048576K
}

Dll operation events (20 events):
Event: 0.740 Loaded shared library C:\Users\oc_vh\.openjfx\cache\21.0.2+5\amd64\api-ms-win-crt-runtime-l1-1-0.dll
Event: 0.745 Loaded shared library C:\Users\oc_vh\.openjfx\cache\21.0.2+5\amd64\api-ms-win-crt-stdio-l1-1-0.dll
Event: 0.751 Loaded shared library C:\Users\oc_vh\.openjfx\cache\21.0.2+5\amd64\api-ms-win-crt-string-l1-1-0.dll
Event: 0.757 Loaded shared library C:\Users\oc_vh\.openjfx\cache\21.0.2+5\amd64\api-ms-win-crt-time-l1-1-0.dll
Event: 0.762 Loaded shared library C:\Users\oc_vh\.openjfx\cache\21.0.2+5\amd64\api-ms-win-crt-utility-l1-1-0.dll
Event: 0.779 Loaded shared library C:\Users\oc_vh\.openjfx\cache\21.0.2+5\amd64\ucrtbase.dll
Event: 0.784 Loaded shared library C:\Users\oc_vh\.openjfx\cache\21.0.2+5\amd64\vcruntime140.dll
Event: 0.790 Loaded shared library C:\Users\oc_vh\.openjfx\cache\21.0.2+5\amd64\vcruntime140_1.dll
Event: 0.801 Loaded shared library C:\Users\oc_vh\.openjfx\cache\21.0.2+5\amd64\msvcp140.dll
Event: 0.805 Loaded shared library C:\Users\oc_vh\.openjfx\cache\21.0.2+5\amd64\msvcp140_1.dll
Event: 0.811 Loaded shared library C:\Users\oc_vh\.openjfx\cache\21.0.2+5\amd64\msvcp140_2.dll
Event: 0.868 Loaded shared library C:\Users\oc_vh\.openjfx\cache\21.0.2+5\amd64\prism_d3d.dll
Event: 0.976 Loaded shared library C:\Users\oc_vh\.openjfx\cache\21.0.2+5\amd64\glass.dll
Event: 1.291 Loaded shared library C:\Users\oc_vh\.openjfx\cache\21.0.2+5\amd64\javafx_font.dll
Event: 2.395 Loaded shared library C:\Program Files\Java\jdk-21.0.11\bin\sunmscapi.dll
Event: 2.955 Loaded shared library C:\Program Files\Java\jdk-21.0.11\bin\verify.dll
Event: 19.256 Loaded shared library C:\Program Files\Java\jdk-21.0.11\bin\awt.dll
Event: 19.896 Loaded shared library C:\Users\oc_vh\.openjfx\cache\21.0.2+5\amd64\prism_common.dll
Event: 20.101 Loaded shared library C:\Program Files\Java\jdk-21.0.11\bin\freetype.dll
Event: 20.236 Loaded shared library C:\Program Files\Java\jdk-21.0.11\bin\fontmanager.dll

Deoptimization events (20 events):
Event: 226.772 Thread 0x000001fe5dea8ac0 Uncommon trap: trap_request=0xffffff45 fr.pc=0x000001fe07c3f1a4 relative=0x00000000000004c4
Event: 226.772 Thread 0x000001fe5dea8ac0 Uncommon trap: reason=unstable_if action=reinterpret pc=0x000001fe07c3f1a4 method=java.util.HashMap.getNode(Ljava/lang/Object;)Ljava/util/HashMap$Node; @ 131 c2
Event: 226.772 Thread 0x000001fe5dea8ac0 DEOPT PACKING pc=0x000001fe07c3f1a4 sp=0x0000007af86f7280
Event: 226.772 Thread 0x000001fe5dea8ac0 DEOPT UNPACKING pc=0x000001fe075846a2 sp=0x0000007af86f7190 mode 2
Event: 226.773 Thread 0x000001fe5dea8ac0 Uncommon trap: trap_request=0xffffff45 fr.pc=0x000001fe07d082bc relative=0x000000000000035c
Event: 226.773 Thread 0x000001fe5dea8ac0 Uncommon trap: reason=unstable_if action=reinterpret pc=0x000001fe07d082bc method=java.util.HashMap.getNode(Ljava/lang/Object;)Ljava/util/HashMap$Node; @ 131 c2
Event: 226.773 Thread 0x000001fe5dea8ac0 DEOPT PACKING pc=0x000001fe07d082bc sp=0x0000007af86f6df0
Event: 226.773 Thread 0x000001fe5dea8ac0 DEOPT UNPACKING pc=0x000001fe075846a2 sp=0x0000007af86f6d60 mode 2
Event: 300.747 Thread 0x000001fe5d78c1f0 Uncommon trap: trap_request=0xffffff45 fr.pc=0x000001fe07ed3e64 relative=0x0000000000002e84
Event: 300.747 Thread 0x000001fe5d78c1f0 Uncommon trap: reason=unstable_if action=reinterpret pc=0x000001fe07ed3e64 method=java.io.ObjectStreamField.isPrimitive()Z @ 14 c2
Event: 300.747 Thread 0x000001fe5d78c1f0 DEOPT PACKING pc=0x000001fe07ed3e64 sp=0x0000007af79fe160
Event: 300.747 Thread 0x000001fe5d78c1f0 DEOPT UNPACKING pc=0x000001fe075846a2 sp=0x0000007af79fe008 mode 2
Event: 300.747 Thread 0x000001fe5d78c1f0 Uncommon trap: trap_request=0xffffff45 fr.pc=0x000001fe07ecdce8 relative=0x0000000000001508
Event: 300.747 Thread 0x000001fe5d78c1f0 Uncommon trap: reason=unstable_if action=reinterpret pc=0x000001fe07ecdce8 method=java.io.ObjectStreamClass$FieldReflector.getObjFieldValues(Ljava/lang/Object;[Ljava/lang/Object;)V @ 39 c2
Event: 300.747 Thread 0x000001fe5d78c1f0 DEOPT PACKING pc=0x000001fe07ecdce8 sp=0x0000007af79fe170
Event: 300.747 Thread 0x000001fe5d78c1f0 DEOPT UNPACKING pc=0x000001fe075846a2 sp=0x0000007af79fe040 mode 2
Event: 300.747 Thread 0x000001fe5d78c1f0 Uncommon trap: trap_request=0xffffff45 fr.pc=0x000001fe07e1436c relative=0x000000000000252c
Event: 300.747 Thread 0x000001fe5d78c1f0 Uncommon trap: reason=unstable_if action=reinterpret pc=0x000001fe07e1436c method=java.io.ObjectOutputStream.writeObject0(Ljava/lang/Object;Z)V @ 459 c2
Event: 300.747 Thread 0x000001fe5d78c1f0 DEOPT PACKING pc=0x000001fe07e1436c sp=0x0000007af79fe0a0
Event: 300.747 Thread 0x000001fe5d78c1f0 DEOPT UNPACKING pc=0x000001fe075846a2 sp=0x0000007af79fe088 mode 2

Classes loaded (20 events):
Event: 136.418 Loading class sun/font/CoreMetrics
Event: 136.418 Loading class sun/font/CoreMetrics done
Event: 136.418 Loading class sun/font/FontLineMetrics
Event: 136.418 Loading class java/awt/font/LineMetrics
Event: 136.419 Loading class java/awt/font/LineMetrics done
Event: 136.419 Loading class sun/font/FontLineMetrics done
Event: 136.420 Loading class sun/awt/geom/Curve
Event: 136.421 Loading class sun/awt/geom/Curve done
Event: 136.438 Loading class sun/print/ProxyGraphics2D
Event: 136.439 Loading class sun/print/ProxyGraphics2D done
Event: 136.441 Loading class sun/java2d/Spans$SpanIntersection
Event: 136.441 Loading class sun/java2d/Spans$SpanIntersection done
Event: 136.549 Loading class java/awt/geom/Path2D$Float$CopyIterator
Event: 136.550 Loading class java/awt/geom/Path2D$Float$CopyIterator done
Event: 136.551 Loading class java/awt/geom/Path2D$Float$TxIterator
Event: 136.551 Loading class java/awt/geom/Path2D$Float$TxIterator done
Event: 226.793 Loading class java/util/IdentityHashMap$EntryIterator$Entry
Event: 226.793 Loading class java/util/IdentityHashMap$EntryIterator$Entry done
Event: 349.518 Loading class jdk/internal/misc/Signal$1
Event: 349.518 Loading class jdk/internal/misc/Signal$1 done

Classes unloaded (3 events):
Event: 2.047 Thread 0x000001fe1742f7b0 Unloading class 0x000001fe19011000 'java/lang/invoke/LambdaForm$MH+0x000001fe19011000'
Event: 2.047 Thread 0x000001fe1742f7b0 Unloading class 0x000001fe19010400 'java/lang/invoke/LambdaForm$MH+0x000001fe19010400'
Event: 2.047 Thread 0x000001fe1742f7b0 Unloading class 0x000001fe1900dc00 'java/lang/invoke/LambdaForm$MH+0x000001fe1900dc00'

Classes redefined (0 events):
No events

Internal exceptions (20 events):
Event: 6.081 Thread 0x000001fe5dea8ac0 Exception <a 'java/lang/NoSuchMethodError'{0x0000000707cfc690}: 'long java.lang.invoke.DirectMethodHandle$Holder.invokeStatic(java.lang.Object, java.lang.Object, java.lang.Object)'> (0x0000000707cfc690) 
thrown [s\open\src\hotspot\share\interpreter\linkResolver.cpp, line 773]
Event: 6.081 Thread 0x000001fe5dea8ac0 Exception <a 'java/lang/NoSuchMethodError'{0x0000000707cffa70}: 'long java.lang.invoke.DirectMethodHandle$Holder.invokeStaticInit(java.lang.Object, java.lang.Object, java.lang.Object)'> (0x0000000707cffa70) 
thrown [s\open\src\hotspot\share\interpreter\linkResolver.cpp, line 773]
Event: 6.082 Thread 0x000001fe5dea8ac0 Exception <a 'java/lang/NoSuchMethodError'{0x0000000707d13e10}: 'java.lang.Object java.lang.invoke.DirectMethodHandle$Holder.newInvokeSpecial(java.lang.Object, java.lang.Object, long)'> (0x0000000707d13e10) 
thrown [s\open\src\hotspot\share\interpreter\linkResolver.cpp, line 773]
Event: 6.091 Thread 0x000001fe5dea8ac0 Exception <a 'java/lang/NoSuchMethodError'{0x0000000707d4e3c8}: 'java.lang.Object java.lang.invoke.DirectMethodHandle$Holder.newInvokeSpecial(java.lang.Object, java.lang.Object, int, int, int, int, int, java.lang.Object)'> (0x0000000707d4e3c8) 
thrown [s\open\src\hotspot\share\interpreter\linkResolver.cpp, line 773]
Event: 6.091 Thread 0x000001fe5dea8ac0 Exception <a 'java/lang/NoSuchMethodError'{0x0000000707d5ffe8}: 'java.lang.Object java.lang.invoke.DirectMethodHandle$Holder.newInvokeSpecial(java.lang.Object, java.lang.Object, java.lang.Object, int, int, int, int, int)'> (0x0000000707d5ffe8) 
thrown [s\open\src\hotspot\share\interpreter\linkResolver.cpp, line 773]
Event: 6.092 Thread 0x000001fe5dea8ac0 Exception <a 'java/lang/NoSuchMethodError'{0x0000000707d67308}: 'java.lang.Object java.lang.invoke.Invokers$Holder.linkToTargetMethod(java.lang.Object, java.lang.Object, int, int, int, int, int, java.lang.Object)'> (0x0000000707d67308) 
thrown [s\open\src\hotspot\share\interpreter\linkResolver.cpp, line 773]
Event: 11.004 Thread 0x000001fe5dea8ac0 Implicit null exception at 0x000001fe07d994de to 0x000001fe07d99564
Event: 17.631 Thread 0x000001fe5dea8ac0 Exception <a 'java/lang/NoSuchMethodError'{0x00000007077e20b8}: 'void java.lang.invoke.DirectMethodHandle$Holder.invokeSpecial(java.lang.Object, java.lang.Object, java.lang.Object, java.lang.Object, java.lang.Object, java.lang.Object, java.lang.Object, java.lang.Object, java.lang.Object)'> (0x00000007077e20b8) 
thrown [s\open\src\hotspot\share\interpreter\linkResolver.cpp, line 773]
Event: 17.642 Thread 0x000001fe5dea8ac0 Exception <a 'java/lang/NoSuchMethodError'{0x0000000715604130}: 'int java.lang.invoke.DirectMethodHandle$Holder.invokeStatic(java.lang.Object, java.lang.Object, int, int)'> (0x0000000715604130) 
thrown [s\open\src\hotspot\share\interpreter\linkResolver.cpp, line 773]
Event: 17.681 Thread 0x000001fe5dea8ac0 Exception <a 'java/lang/NoSuchMethodError'{0x00000007156c9448}: 'void java.lang.invoke.DirectMethodHandle$Holder.invokeInterface(java.lang.Object, java.lang.Object, java.lang.Object, java.lang.Object)'> (0x00000007156c9448) 
thrown [s\open\src\hotspot\share\interpreter\linkResolver.cpp, line 773]
Event: 17.686 Thread 0x000001fe5dea8ac0 Exception <a 'java/lang/NoSuchMethodError'{0x00000007156e6c10}: 'void java.lang.invoke.DirectMethodHandle$Holder.invokeSpecialIFC(java.lang.Object, java.lang.Object, int, java.lang.Object, java.lang.Object, java.lang.Object, java.lang.Object)'> (0x00000007156e6c10) 
thrown [s\open\src\hotspot\share\interpreter\linkResolver.cpp, line 773]
Event: 17.697 Thread 0x000001fe5dea8ac0 Exception <a 'java/lang/NoSuchMethodError'{0x000000071570d320}: 'double java.lang.invoke.Invokers$Holder.invokeExact_MT(java.lang.Object, java.lang.Object, java.lang.Object)'> (0x000000071570d320) 
thrown [s\open\src\hotspot\share\interpreter\linkResolver.cpp, line 773]
Event: 17.715 Thread 0x000001fe5dea8ac0 Exception <a 'java/lang/NoSuchMethodError'{0x0000000715764688}: 'java.lang.Object java.lang.invoke.DirectMethodHandle$Holder.invokeStatic(java.lang.Object, int, java.lang.Object)'> (0x0000000715764688) 
thrown [s\open\src\hotspot\share\interpreter\linkResolver.cpp, line 773]
Event: 18.968 Thread 0x000001fe5dea8ac0 Exception <a 'java/lang/ClassNotFoundException'{0x0000000714d7cfa0}: sun/awt/resources/spi/awtProvider> (0x0000000714d7cfa0) 
thrown [s\open\src\hotspot\share\classfile\systemDictionary.cpp, line 313]
Event: 19.258 Thread 0x000001fe5dea8ac0 Exception <a 'java/io/FileNotFoundException'{0x0000000714d808b0}> (0x0000000714d808b0) 
thrown [s\open\src\hotspot\share\prims\jni.cpp, line 520]
Event: 19.258 Thread 0x000001fe5dea8ac0 Exception <a 'java/io/FileNotFoundException'{0x0000000714d82650}> (0x0000000714d82650) 
thrown [s\open\src\hotspot\share\prims\jni.cpp, line 520]
Event: 19.297 Thread 0x000001fe5dea8ac0 Exception <a 'sun/nio/fs/WindowsException'{0x0000000714dec628}> (0x0000000714dec628) 
thrown [s\open\src\hotspot\share\prims\jni.cpp, line 520]
Event: 26.606 Thread 0x000001fe5dea8ac0 Exception <a 'java/lang/NoSuchMethodError'{0x0000000715727b60}: 'java.lang.Object java.lang.invoke.DirectMethodHandle$Holder.newInvokeSpecial(java.lang.Object, long)'> (0x0000000715727b60) 
thrown [s\open\src\hotspot\share\interpreter\linkResolver.cpp, line 773]
Event: 26.963 Thread 0x000001fe5dea8ac0 Exception <a 'java/lang/NoSuchMethodError'{0x000000071574e548}: 'void java.lang.invoke.DirectMethodHandle$Holder.invokeStatic(java.lang.Object, java.lang.Object, int)'> (0x000000071574e548) 
thrown [s\open\src\hotspot\share\interpreter\linkResolver.cpp, line 773]
Event: 222.639 Thread 0x000001fe5dea8ac0 Implicit null exception at 0x000001fe07bc7b77 to 0x000001fe07bc7de0

ZGC Phase Switch (0 events):
No events

VM Operations (20 events):
Event: 226.777 Executing VM operation: HandshakeAllThreads (Deoptimize) done
Event: 226.789 Executing VM operation: HandshakeAllThreads (Deoptimize)
Event: 226.789 Executing VM operation: HandshakeAllThreads (Deoptimize) done
Event: 227.789 Executing VM operation: Cleanup
Event: 227.789 Executing VM operation: Cleanup done
Event: 228.789 Executing VM operation: Cleanup
Event: 228.789 Executing VM operation: Cleanup done
Event: 229.790 Executing VM operation: Cleanup
Event: 229.790 Executing VM operation: Cleanup done
Event: 240.721 Executing VM operation: HandshakeAllThreads (HandshakeForDeflation)
Event: 240.721 Executing VM operation: HandshakeAllThreads (HandshakeForDeflation) done
Event: 240.721 Executing VM operation: RendezvousGCThreads
Event: 240.721 Executing VM operation: RendezvousGCThreads done
Event: 263.735 Executing VM operation: Cleanup
Event: 263.735 Executing VM operation: Cleanup done
Event: 279.815 Executing VM operation: Cleanup
Event: 279.815 Executing VM operation: Cleanup done
Event: 336.355 Executing VM operation: Cleanup
Event: 336.355 Executing VM operation: Cleanup done
Event: 349.633 Executing VM operation: Exit

Events (20 events):
Event: 227.825 Thread 0x000001fe66aaf520 Thread exited: 0x000001fe66aaf520
Event: 228.869 Thread 0x000001fe65f67680 Thread added: 0x000001fe65f67680
Event: 228.870 Thread 0x000001fe65f6b820 Thread added: 0x000001fe65f6b820
Event: 228.870 Thread 0x000001fe65f683a0 Thread added: 0x000001fe65f683a0
Event: 228.871 Thread 0x000001fe65f6beb0 Thread added: 0x000001fe65f6beb0
Event: 235.229 Thread 0x000001fe65f683a0 Thread exited: 0x000001fe65f683a0
Event: 235.229 Thread 0x000001fe65f67680 Thread exited: 0x000001fe65f67680
Event: 236.530 Thread 0x000001fe65f6b820 Thread exited: 0x000001fe65f6b820
Event: 236.530 Thread 0x000001fe65f6beb0 Thread exited: 0x000001fe65f6beb0
Event: 349.519 Thread 0x000001fe65f683a0 Thread added: 0x000001fe65f683a0
Event: 349.520 Thread 0x000001fe65f68a30 Thread added: 0x000001fe65f68a30
Event: 349.520 Thread 0x000001fe65f67680 Thread added: 0x000001fe65f67680
Event: 349.520 Thread 0x000001fe65f6b820 Thread added: 0x000001fe65f6b820
Event: 349.522 Thread 0x000001fe65f6d8f0 Thread added: 0x000001fe65f6d8f0
Event: 349.523 Thread 0x000001fe65f68a30 Thread exited: 0x000001fe65f68a30
Event: 349.524 Thread 0x000001fe65f67680 Thread exited: 0x000001fe65f67680
Event: 349.529 Thread 0x000001fe65f67d10 Thread exited: 0x000001fe65f67d10
Event: 349.560 Thread 0x000001fe5dae0080 Thread exited: 0x000001fe5dae0080
Event: 349.631 Thread 0x000001fe65f6b820 Thread exited: 0x000001fe65f6b820
Event: 349.633 Thread 0x000001fe17453620 Thread exited: 0x000001fe17453620


Dynamic libraries:
0x00007ff606d10000 - 0x00007ff606d20000 	C:\Program Files\Java\jdk-21.0.11\bin\java.exe
0x00007ffc84640000 - 0x00007ffc848a7000 	C:\windows\SYSTEM32\ntdll.dll
0x00007ffc83530000 - 0x00007ffc835f9000 	C:\windows\System32\KERNEL32.DLL
0x00007ffc81070000 - 0x00007ffc81467000 	C:\windows\System32\KERNELBASE.dll
0x00007ffc81ec0000 - 0x00007ffc8200b000 	C:\windows\System32\ucrtbase.dll
0x00007ffc7e160000 - 0x00007ffc7e17e000 	C:\Program Files\Java\jdk-21.0.11\bin\VCRUNTIME140.dll
0x00007ffc784b0000 - 0x00007ffc784c9000 	C:\Program Files\Java\jdk-21.0.11\bin\jli.dll
0x00007ffc84060000 - 0x00007ffc84116000 	C:\windows\System32\ADVAPI32.dll
0x00007ffc837a0000 - 0x00007ffc83849000 	C:\windows\System32\msvcrt.dll
0x00007ffc83480000 - 0x00007ffc83527000 	C:\windows\System32\sechost.dll
0x00007ffc83bb0000 - 0x00007ffc83cc8000 	C:\windows\System32\RPCRT4.dll
0x00007ffc83e90000 - 0x00007ffc84056000 	C:\windows\System32\USER32.dll
0x00007ffc82390000 - 0x00007ffc823b7000 	C:\windows\System32\win32u.dll
0x00007ffc83110000 - 0x00007ffc8313b000 	C:\windows\System32\GDI32.dll
0x00007ffc81520000 - 0x00007ffc8164c000 	C:\windows\System32\gdi32full.dll
0x00007ffc647b0000 - 0x00007ffc64a42000 	C:\windows\WinSxS\amd64_microsoft.windows.common-controls_6595b64144ccf1df_6.0.26100.8457_none_3e0b2faee331e92d\COMCTL32.dll
0x00007ffc82190000 - 0x00007ffc82233000 	C:\windows\System32\msvcp_win.dll
0x00007ffc77380000 - 0x00007ffc7738b000 	C:\windows\SYSTEM32\VERSION.dll
0x00007ffc83260000 - 0x00007ffc83292000 	C:\windows\System32\IMM32.DLL
0x00007ffc7e240000 - 0x00007ffc7e24c000 	C:\Program Files\Java\jdk-21.0.11\bin\vcruntime140_1.dll
0x00007ffc6f7a0000 - 0x00007ffc6f82d000 	C:\Program Files\Java\jdk-21.0.11\bin\msvcp140.dll
0x00007ffbe8f20000 - 0x00007ffbe9c48000 	C:\Program Files\Java\jdk-21.0.11\bin\server\jvm.dll
0x00007ffc82f80000 - 0x00007ffc83000000 	C:\windows\System32\WS2_32.dll
0x00007ffc80850000 - 0x00007ffc808ae000 	C:\windows\SYSTEM32\POWRPROF.dll
0x00007ffc6c000000 - 0x00007ffc6c036000 	C:\windows\SYSTEM32\WINMM.dll
0x00007ffc80830000 - 0x00007ffc80844000 	C:\windows\SYSTEM32\UMPDC.dll
0x00007ffc7fe00000 - 0x00007ffc7fe1b000 	C:\windows\SYSTEM32\kernel.appcore.dll
0x00007ffc78490000 - 0x00007ffc7849a000 	C:\Program Files\Java\jdk-21.0.11\bin\jimage.dll
0x00007ffc7ee80000 - 0x00007ffc7f0c2000 	C:\windows\SYSTEM32\DBGHELP.DLL
0x00007ffc823e0000 - 0x00007ffc82763000 	C:\windows\System32\combase.dll
0x00007ffc839b0000 - 0x00007ffc83a89000 	C:\windows\System32\OLEAUT32.dll
0x00007ffc3fa10000 - 0x00007ffc3fa4b000 	C:\windows\SYSTEM32\dbgcore.DLL
0x00007ffc81470000 - 0x00007ffc81518000 	C:\windows\System32\bcryptPrimitives.dll
0x00007ffc78480000 - 0x00007ffc78490000 	C:\Program Files\Java\jdk-21.0.11\bin\instrument.dll
0x00007ffc77350000 - 0x00007ffc77371000 	C:\Program Files\Java\jdk-21.0.11\bin\java.dll
0x00007ffc82770000 - 0x00007ffc82ede000 	C:\windows\System32\SHELL32.dll
0x00007ffc81650000 - 0x00007ffc81ebc000 	C:\windows\System32\windows.storage.dll
0x00007ffc83ab0000 - 0x00007ffc83ba6000 	C:\windows\System32\SHCORE.dll
0x00007ffc830a0000 - 0x00007ffc83106000 	C:\windows\System32\shlwapi.dll
0x00007ffc80f90000 - 0x00007ffc80fb9000 	C:\windows\SYSTEM32\profapi.dll
0x00007ffc66100000 - 0x00007ffc661d7000 	C:\Program Files\Java\jdk-21.0.11\bin\jsvml.dll
0x00007ffc772d0000 - 0x00007ffc772e8000 	C:\Program Files\Java\jdk-21.0.11\bin\zip.dll
0x00007ffc76db0000 - 0x00007ffc76dc1000 	C:\Program Files\Java\jdk-21.0.11\bin\net.dll
0x00007ffc78b90000 - 0x00007ffc78cb9000 	C:\windows\SYSTEM32\WINHTTP.dll
0x00007ffc80370000 - 0x00007ffc803dc000 	C:\windows\system32\mswsock.dll
0x00007ffc72c70000 - 0x00007ffc72c86000 	C:\Program Files\Java\jdk-21.0.11\bin\nio.dll
0x00007ffc7f880000 - 0x00007ffc7f9b2000 	C:\windows\SYSTEM32\DNSAPI.dll
0x00007ffc7f7f0000 - 0x00007ffc7f822000 	C:\windows\SYSTEM32\IPHLPAPI.DLL
0x00007ffc831d0000 - 0x00007ffc831da000 	C:\windows\System32\NSI.dll
0x00007ffc77610000 - 0x00007ffc7761b000 	C:\Windows\System32\rasadhlp.dll
0x00007ffc78e30000 - 0x00007ffc78eb6000 	C:\windows\System32\fwpuclnt.dll
0x00007ffc77340000 - 0x00007ffc77349000 	C:\Program Files\Java\jdk-21.0.11\bin\extnet.dll
0x00007ffc772c0000 - 0x00007ffc772ca000 	C:\Program Files\Java\jdk-21.0.11\bin\management.dll
0x00007ffc77050000 - 0x00007ffc7705c000 	C:\Program Files\Java\jdk-21.0.11\bin\management_ext.dll
0x00007ffc83090000 - 0x00007ffc83098000 	C:\windows\System32\PSAPI.DLL
0x000001fe17d10000 - 0x000001fe17d13000 	C:\Users\oc_vh\.openjfx\cache\21.0.2+5\amd64\api-ms-win-core-console-l1-1-0.dll
0x000001fe17d20000 - 0x000001fe17d23000 	C:\Users\oc_vh\.openjfx\cache\21.0.2+5\amd64\api-ms-win-core-console-l1-2-0.dll
0x000001fe17d30000 - 0x000001fe17d33000 	C:\Users\oc_vh\.openjfx\cache\21.0.2+5\amd64\api-ms-win-core-datetime-l1-1-0.dll
0x000001fe17d40000 - 0x000001fe17d43000 	C:\Users\oc_vh\.openjfx\cache\21.0.2+5\amd64\api-ms-win-core-debug-l1-1-0.dll
0x000001fe17d50000 - 0x000001fe17d53000 	C:\Users\oc_vh\.openjfx\cache\21.0.2+5\amd64\api-ms-win-core-errorhandling-l1-1-0.dll
0x000001fe17d60000 - 0x000001fe17d64000 	C:\Users\oc_vh\.openjfx\cache\21.0.2+5\amd64\api-ms-win-core-file-l1-1-0.dll
0x000001fe17d70000 - 0x000001fe17d73000 	C:\Users\oc_vh\.openjfx\cache\21.0.2+5\amd64\api-ms-win-core-file-l1-2-0.dll
0x000001fe17d80000 - 0x000001fe17d83000 	C:\Users\oc_vh\.openjfx\cache\21.0.2+5\amd64\api-ms-win-core-file-l2-1-0.dll
0x00007ffc806d0000 - 0x00007ffc806eb000 	C:\windows\SYSTEM32\CRYPTSP.dll
0x00007ffc7fd60000 - 0x00007ffc7fd99000 	C:\windows\system32\rsaenh.dll
0x00007ffc80420000 - 0x00007ffc80453000 	C:\windows\SYSTEM32\USERENV.dll
0x00007ffc80f60000 - 0x00007ffc80f8a000 	C:\windows\SYSTEM32\bcrypt.dll
0x000001fe17d90000 - 0x000001fe17d93000 	C:\Users\oc_vh\.openjfx\cache\21.0.2+5\amd64\api-ms-win-core-handle-l1-1-0.dll
0x00007ffc806c0000 - 0x00007ffc806cc000 	C:\windows\SYSTEM32\CRYPTBASE.dll
0x000001fe17da0000 - 0x000001fe17da3000 	C:\Users\oc_vh\.openjfx\cache\21.0.2+5\amd64\api-ms-win-core-heap-l1-1-0.dll
0x000001fe17db0000 - 0x000001fe17db3000 	C:\Users\oc_vh\.openjfx\cache\21.0.2+5\amd64\api-ms-win-core-interlocked-l1-1-0.dll
0x000001fe17dc0000 - 0x000001fe17dc3000 	C:\Users\oc_vh\.openjfx\cache\21.0.2+5\amd64\api-ms-win-core-libraryloader-l1-1-0.dll
0x000001fe17dd0000 - 0x000001fe17dd3000 	C:\Users\oc_vh\.openjfx\cache\21.0.2+5\amd64\api-ms-win-core-localization-l1-2-0.dll
0x000001fe17de0000 - 0x000001fe17de3000 	C:\Users\oc_vh\.openjfx\cache\21.0.2+5\amd64\api-ms-win-core-memory-l1-1-0.dll
0x00007ffc51b80000 - 0x00007ffc51b98000 	C:\windows\system32\napinsp.dll
0x00007ffc51b60000 - 0x00007ffc51b73000 	C:\windows\System32\winrnr.dll
0x000001fe17df0000 - 0x000001fe17df3000 	C:\Users\oc_vh\.openjfx\cache\21.0.2+5\amd64\api-ms-win-core-namedpipe-l1-1-0.dll
0x00007ffc51b30000 - 0x00007ffc51b52000 	C:\windows\system32\nlansp_c.dll
0x00007ffc51ad0000 - 0x00007ffc51ae6000 	C:\windows\system32\wshbth.dll
0x000001fe17e00000 - 0x000001fe17e03000 	C:\Users\oc_vh\.openjfx\cache\21.0.2+5\amd64\api-ms-win-core-processenvironment-l1-1-0.dll
0x000001fe17e10000 - 0x000001fe17e13000 	C:\Users\oc_vh\.openjfx\cache\21.0.2+5\amd64\api-ms-win-core-processthreads-l1-1-0.dll
0x000001fe17e20000 - 0x000001fe17e23000 	C:\Users\oc_vh\.openjfx\cache\21.0.2+5\amd64\api-ms-win-core-processthreads-l1-1-1.dll
0x000001fe17e30000 - 0x000001fe17e33000 	C:\Users\oc_vh\.openjfx\cache\21.0.2+5\amd64\api-ms-win-core-profile-l1-1-0.dll
0x000001fe17e40000 - 0x000001fe17e43000 	C:\Users\oc_vh\.openjfx\cache\21.0.2+5\amd64\api-ms-win-core-rtlsupport-l1-1-0.dll
0x000001fe17e50000 - 0x000001fe17e53000 	C:\Users\oc_vh\.openjfx\cache\21.0.2+5\amd64\api-ms-win-core-string-l1-1-0.dll
0x000001fe17e60000 - 0x000001fe17e63000 	C:\Users\oc_vh\.openjfx\cache\21.0.2+5\amd64\api-ms-win-core-synch-l1-1-0.dll
0x000001fe17e70000 - 0x000001fe17e73000 	C:\Users\oc_vh\.openjfx\cache\21.0.2+5\amd64\api-ms-win-core-synch-l1-2-0.dll
0x000001fe17e80000 - 0x000001fe17e83000 	C:\Users\oc_vh\.openjfx\cache\21.0.2+5\amd64\api-ms-win-core-sysinfo-l1-1-0.dll
0x000001fe17e90000 - 0x000001fe17e93000 	C:\Users\oc_vh\.openjfx\cache\21.0.2+5\amd64\api-ms-win-core-timezone-l1-1-0.dll
0x000001fe17ea0000 - 0x000001fe17ea3000 	C:\Users\oc_vh\.openjfx\cache\21.0.2+5\amd64\api-ms-win-core-util-l1-1-0.dll
0x000001fe17eb0000 - 0x000001fe17eb3000 	C:\Users\oc_vh\.openjfx\cache\21.0.2+5\amd64\api-ms-win-crt-conio-l1-1-0.dll
0x000001fe17ec0000 - 0x000001fe17ec4000 	C:\Users\oc_vh\.openjfx\cache\21.0.2+5\amd64\api-ms-win-crt-convert-l1-1-0.dll
0x000001fe17ed0000 - 0x000001fe17ed3000 	C:\Users\oc_vh\.openjfx\cache\21.0.2+5\amd64\api-ms-win-crt-environment-l1-1-0.dll
0x000001fe17ee0000 - 0x000001fe17ee3000 	C:\Users\oc_vh\.openjfx\cache\21.0.2+5\amd64\api-ms-win-crt-filesystem-l1-1-0.dll
0x000001fe17ef0000 - 0x000001fe17ef3000 	C:\Users\oc_vh\.openjfx\cache\21.0.2+5\amd64\api-ms-win-crt-heap-l1-1-0.dll
0x000001fe17f00000 - 0x000001fe17f03000 	C:\Users\oc_vh\.openjfx\cache\21.0.2+5\amd64\api-ms-win-crt-locale-l1-1-0.dll
0x000001fe17f10000 - 0x000001fe17f15000 	C:\Users\oc_vh\.openjfx\cache\21.0.2+5\amd64\api-ms-win-crt-math-l1-1-0.dll
0x000001fe17f20000 - 0x000001fe17f25000 	C:\Users\oc_vh\.openjfx\cache\21.0.2+5\amd64\api-ms-win-crt-multibyte-l1-1-0.dll
0x000001fe17f30000 - 0x000001fe17f40000 	C:\Users\oc_vh\.openjfx\cache\21.0.2+5\amd64\api-ms-win-crt-private-l1-1-0.dll
0x000001fe17f40000 - 0x000001fe17f43000 	C:\Users\oc_vh\.openjfx\cache\21.0.2+5\amd64\api-ms-win-crt-process-l1-1-0.dll
0x000001fe17f50000 - 0x000001fe17f54000 	C:\Users\oc_vh\.openjfx\cache\21.0.2+5\amd64\api-ms-win-crt-runtime-l1-1-0.dll
0x000001fe17f60000 - 0x000001fe17f64000 	C:\Users\oc_vh\.openjfx\cache\21.0.2+5\amd64\api-ms-win-crt-stdio-l1-1-0.dll
0x000001fe17f70000 - 0x000001fe17f74000 	C:\Users\oc_vh\.openjfx\cache\21.0.2+5\amd64\api-ms-win-crt-string-l1-1-0.dll
0x000001fe17f80000 - 0x000001fe17f83000 	C:\Users\oc_vh\.openjfx\cache\21.0.2+5\amd64\api-ms-win-crt-time-l1-1-0.dll
0x000001fe17f90000 - 0x000001fe17f93000 	C:\Users\oc_vh\.openjfx\cache\21.0.2+5\amd64\api-ms-win-crt-utility-l1-1-0.dll
0x00007ffc74420000 - 0x00007ffc74476000 	C:\windows\SYSTEM32\pdh.dll
0x00007ffc3fef0000 - 0x00007ffc3ffec000 	C:\Users\oc_vh\.openjfx\cache\21.0.2+5\amd64\ucrtbase.dll
0x00007ffc6f900000 - 0x00007ffc6f91b000 	C:\Users\oc_vh\.openjfx\cache\21.0.2+5\amd64\vcruntime140.dll
0x00007ffc76d70000 - 0x00007ffc76d7c000 	C:\Users\oc_vh\.openjfx\cache\21.0.2+5\amd64\vcruntime140_1.dll
0x00007ffc6a4c0000 - 0x00007ffc6a54e000 	C:\Users\oc_vh\.openjfx\cache\21.0.2+5\amd64\msvcp140.dll
0x00007ffc75fc0000 - 0x00007ffc75fc9000 	C:\Users\oc_vh\.openjfx\cache\21.0.2+5\amd64\msvcp140_1.dll
0x00007ffc6f750000 - 0x00007ffc6f791000 	C:\Users\oc_vh\.openjfx\cache\21.0.2+5\amd64\msvcp140_2.dll
0x00007ffc6a880000 - 0x00007ffc6a8b0000 	C:\Users\oc_vh\.openjfx\cache\21.0.2+5\amd64\prism_d3d.dll
0x00007ffc62030000 - 0x00007ffc621e3000 	C:\windows\system32\d3d9.dll
0x00007ffc7e8d0000 - 0x00007ffc7e8ff000 	C:\windows\SYSTEM32\dwmapi.dll
0x00007ffc7e6f0000 - 0x00007ffc7e735000 	C:\windows\SYSTEM32\dxcore.dll
0x00007ffc7e610000 - 0x00007ffc7e6ba000 	C:\windows\system32\uxtheme.dll
0x00007ffc83600000 - 0x00007ffc83797000 	C:\windows\System32\ole32.dll
0x00007ffc80d20000 - 0x00007ffc80d71000 	C:\windows\SYSTEM32\CFGMGR32.dll
0x00007ffc792d0000 - 0x00007ffc79331000 	C:\windows\SYSTEM32\directxdatabasehelper.dll
0x00007ffc84120000 - 0x00007ffc845a7000 	C:\windows\System32\SETUPAPI.dll
0x00007ffc69f60000 - 0x00007ffc69fa2000 	C:\Users\oc_vh\.openjfx\cache\21.0.2+5\amd64\glass.dll
0x00007ffc83cd0000 - 0x00007ffc83dc0000 	C:\windows\System32\COMDLG32.dll
0x00007ffc83850000 - 0x00007ffc839ac000 	C:\windows\System32\MSCTF.dll
0x00007ffc6a860000 - 0x00007ffc6a874000 	C:\Users\oc_vh\.openjfx\cache\21.0.2+5\amd64\javafx_font.dll
0x00007ffc7cd70000 - 0x00007ffc7cfd7000 	C:\windows\SYSTEM32\dwrite.dll
0x00007ffc786a0000 - 0x00007ffc786b2000 	C:\windows\System32\perfproc.dll
0x00007ffc76da0000 - 0x00007ffc76dae000 	C:\Program Files\Java\jdk-21.0.11\bin\sunmscapi.dll

dbghelp: loaded successfully - version: 4.0.5 - missing functions: none
symbol engine: initialized successfully - sym options: 0x614 - pdb path: .;C:\Program Files\Java\jdk-21.0.11\bin;C:\windows\SYSTEM32;C:\windows\WinSxS\amd64_microsoft.windows.common-controls_6595b64144ccf1df_6.0.26100.8457_none_3e0b2faee331e92d;C:\Program Files\Java\jdk-21.0.11\bin\server;C:\Users\oc_vh\.openjfx\cache\21.0.2+5\amd64;C:\windows\System32\DriverStore\FileRepository\iigd_dch.inf_amd64_a0e4070823166b80;C:\Program Files\Common Files\Microsoft Shared\Ink;C:\windows\System32\DriverStore\FileRepository\ntprint.inf_amd64_78082862576f78bc\Amd64;C:\windows\System32\DriverStore\FileRepository\prnms003.inf_amd64_fe120272380ff332\Amd64;C:\Program Files\Microsoft Office\root\VFS\ProgramFilesCommonX64\Microsoft Shared\Office16;C:\Program Files\Microsoft OneDrive\26.078.0426.0002;C:\windows\WinSxS\amd64_microsoft.windows.gdiplus_6595b64144ccf1df_1.1.26100.8328_none_6ef30b123dc73046

VM Arguments:
jvm_args: -javaagent:C:\Program Files\JetBrains\IntelliJ IDEA 2026.1.2\lib\idea_rt.jar=58136 -Dfile.encoding=UTF-8 -Dsun.stdout.encoding=UTF-8 -Dsun.stderr.encoding=UTF-8 
java_command: com.asm.App
java_class_path (initial): C:\Users\oc_vh\IdeaProjects\pdv-almacenes-san-miguel\target\classes;C:\Users\oc_vh\.m2\repository\org\openjfx\javafx-controls\21.0.2\javafx-controls-21.0.2.jar;C:\Users\oc_vh\.m2\repository\org\openjfx\javafx-controls\21.0.2\javafx-controls-21.0.2-win.jar;C:\Users\oc_vh\.m2\repository\org\openjfx\javafx-graphics\21.0.2\javafx-graphics-21.0.2.jar;C:\Users\oc_vh\.m2\repository\org\openjfx\javafx-graphics\21.0.2\javafx-graphics-21.0.2-win.jar;C:\Users\oc_vh\.m2\repository\org\openjfx\javafx-base\21.0.2\javafx-base-21.0.2.jar;C:\Users\oc_vh\.m2\repository\org\openjfx\javafx-base\21.0.2\javafx-base-21.0.2-win.jar;C:\Users\oc_vh\.m2\repository\org\openjfx\javafx-fxml\21.0.2\javafx-fxml-21.0.2.jar;C:\Users\oc_vh\.m2\repository\org\openjfx\javafx-fxml\21.0.2\javafx-fxml-21.0.2-win.jar;C:\Users\oc_vh\.m2\repository\org\hibernate\orm\hibernate-core\6.2.7.Final\hibernate-core-6.2.7.Final.jar;C:\Users\oc_vh\.m2\repository\jakarta\persistence\jakarta.persistence-api\3.1.0\jakarta.persistence-api-3.1.0.jar;C:\Users\oc_vh\.m2\repository\jakarta\transaction\jakarta.transaction-api\2.0.1\jakarta.transaction-api-2.0.1.jar;C:\Users\oc_vh\.m2\repository\org\jboss\logging\jboss-logging\3.5.0.Final\jboss-logging-3.5.0.Final.jar;C:\Users\oc_vh\.m2\repository\org\hibernate\common\hibernate-commons-annotations\6.0.6.Final\hibernate-commons-annotations-6.0.6.Final.jar;C:\Users\oc_vh\.m2\repository\io\smallrye\jandex\3.0.5\jandex-3.0.5.jar;C:\Users\oc_vh\.m2\repository\com\fasterxml\classmate\1.5.1\classmate-1.5.1.jar;C:\Users\oc_vh\.m2\repository\net\bytebuddy\byte-buddy\1.12.18\byte-buddy-1.12.18.jar;C:\Users\oc_vh\.m2\repository\jakarta\xml\bind\jakarta.xml.bind-api\4.0.0\jakarta.xml.bind-api-4.0.0.jar;C:\Users\oc_vh\.m2\repository\jakarta\activation\jakarta.activation-api\2.1.0\jakarta.activation-api-2.1.0.jar;C:\Users\oc_vh\.m2\repository\org\glassfish\jaxb\jaxb-runtime\4.0.2\jaxb-runtime-4.0.2.jar;C:\Users\oc_vh\.m2\repository\org\glassfish\jaxb\jaxb-core\4.0.2\jaxb-core-4.0.2.jar;C:\Users\oc_vh\.m2\repository\org\eclipse\angus\angus-activation\2.0.0\angus-activation-2.0.0.jar;C:\Users\oc_vh\.m2\repository\org\glassfish\jaxb\txw2\4.0.2\txw2-4.0.2.jar;C:\Users\oc_vh\.m2\repository\com\sun\istack\istack-commons-runtime\4.1.1\istack-commons-runtime-4.1.1.jar;C:\Users\oc_vh\.m2\repository\jakarta\inject\jakarta.inject-api\2.0.1\jakarta.inject-api-2.0.1.jar;C:\Users\oc_vh\.m2\repository\org\antlr\antlr4-runtime\4.10.1\antlr4-runtime-4.10.1.jar;C:\Users\oc_vh\.m2\repository\com\mysql\mysql-connector-j\8.0.33\mysql-connector-j-8.0.33.jar;C:\Users\oc_vh\.m2\repository\com\google\protobuf\protobuf-java\3.21.9\protobuf-java-3.21.9.jar
Launcher Type: SUN_STANDARD

[Global flags]
     intx CICompilerCount                          = 4                                         {product} {ergonomic}
     uint ConcGCThreads                            = 3                                         {product} {ergonomic}
     uint G1ConcRefinementThreads                  = 10                                        {product} {ergonomic}
   size_t G1HeapRegionSize                         = 2097152                                   {product} {ergonomic}
    uintx GCDrainStackTargetSize                   = 64                                        {product} {ergonomic}
   size_t InitialHeapSize                          = 264241152                                 {product} {ergonomic}
   size_t MarkStackSize                            = 4194304                                   {product} {ergonomic}
   size_t MaxHeapSize                              = 4198498304                                {product} {ergonomic}
   size_t MaxNewSize                               = 2518679552                                {product} {ergonomic}
   size_t MinHeapDeltaBytes                        = 2097152                                   {product} {ergonomic}
   size_t MinHeapSize                              = 8388608                                   {product} {ergonomic}
    uintx NonNMethodCodeHeapSize                   = 5839372                                {pd product} {ergonomic}
    uintx NonProfiledCodeHeapSize                  = 122909434                              {pd product} {ergonomic}
    uintx ProfiledCodeHeapSize                     = 122909434                              {pd product} {ergonomic}
    uintx ReservedCodeCacheSize                    = 251658240                              {pd product} {ergonomic}
     bool SegmentedCodeCache                       = true                                      {product} {ergonomic}
   size_t SoftMaxHeapSize                          = 4198498304                             {manageable} {ergonomic}
     bool UseCompressedOops                        = true                           {product lp64_product} {ergonomic}
     bool UseG1GC                                  = true                                      {product} {ergonomic}
     bool UseLargePagesIndividualAllocation        = false                                  {pd product} {ergonomic}

Logging:
Log output configuration:
 #0: stdout all=off uptime,level,tags foldmultilines=false
 #1: stderr all=off uptime,level,tags foldmultilines=false

Environment Variables:
JAVA_HOME=C:\Program Files\Java\jdk-21.0.11
PATH=C:\Program Files\Common Files\Oracle\Java\javapath;C:\Program Files\Microsoft MPI\Bin\;C:\windows\system32;C:\windows;C:\windows\System32\Wbem;C:\windows\System32\WindowsPowerShell\v1.0\;C:\windows\System32\OpenSSH\;C:\Program Files (x86)\NVIDIA Corporation\PhysX\Common;C:\Program Files\NVIDIA Corporation\NVIDIA App\NvDLISR;C:\Users\Administrator\AppData\Local\Microsoft\WindowsApps;C:\Program Files\HP\OMEN-Broadcast\Common;C:\Program Files (x86)\Microsoft SQL Server\170\Tools\Binn\;C:\Program Files\Microsoft SQL Server\170\Tools\Binn\;C:\Program Files\Microsoft SQL Server\Client SDK\ODBC\180\Tools\Binn\;C:\Program Files\Microsoft SQL Server\170\DTS\Binn\;C:\Program Files\PuTTY\;C:\Program Files\Microchip\xc8\v2.36\bin;C:\Program Files\Java\jdk-21.0.11\bin;C:\Program Files\Git\cmd;C:\Program Files\Microsoft SQL Server\Client SDK\ODBC\130\Tools\Binn\;C:\Program Files (x86)\Microsoft SQL Server\130\Tools\Binn\;C:\Program Files\Microsoft SQL Server\130\Tools\Binn\;C:\Program Files\Microsoft SQL Server\130\DTS\Binn\;C:\Users\oc_vh\AppData\Local\Microsoft\WindowsApps;C:\Users\oc_vh\AppData\Local\Programs\Microsoft VS Code\bin;C:\Program Files\JetBrains\IntelliJ IDEA 2026.1.2\bin
USERNAME=oc_vh
OS=Windows_NT
PROCESSOR_IDENTIFIER=Intel64 Family 6 Model 186 Stepping 2, GenuineIntel
TMP=C:\Users\oc_vh\AppData\Local\Temp
TEMP=C:\Users\oc_vh\AppData\Local\Temp




Periodic native trim disabled

---------------  S Y S T E M  ---------------

OS:
 Windows 11 , 64 bit Build 26100 (10.0.26100.8328)
OS uptime: 10 days 12:39 hours
Hyper-V role detected

CPU: total 12 (initial active 12) (6 cores per cpu, 2 threads per core) family 6 model 186 stepping 2 microcode 0x6134, cx8, cmov, fxsr, ht, mmx, 3dnowpref, sse, sse2, sse3, ssse3, sse4.1, sse4.2, popcnt, lzcnt, tsc, tscinvbit, avx, avx2, aes, erms, clmul, bmi1, bmi2, adx, sha, fma, vzeroupper, clflush, clflushopt, clwb, hv, serialize, rdtscp, rdpid, fsrm, f16c, cet_ibt, cet_ss
Processor Information for all 12 processors :
  Max Mhz: 2100, Current Mhz: 2100, Mhz Limit: 2100

Memory: 4k page, system-wide physical 16013M (2366M free)
TotalPageFile size 29083M (AvailPageFile size 3759M)
current process WorkingSet (physical memory assigned to process): 412M, peak: 548M
current process commit charge ("private bytes"): 499M, peak: 606M

vm_info: Java HotSpot(TM) 64-Bit Server VM (21.0.11+9-LTS-211) for windows-amd64 JRE (21.0.11+9-LTS-211), built on 2026-03-11T00:23:15Z by "mach5run" with MS VC++ 17.13 (VS2022)

END.
