#
# A fatal error has been detected by the Java Runtime Environment:
#
#  EXCEPTION_ACCESS_VIOLATION (0xc0000005) at pc=0x00007ffedfc764f7, pid=8652, tid=7440
#
# JRE version: Java(TM) SE Runtime Environment (21.0.11+9) (build 21.0.11+9-LTS-211)
# Java VM: Java HotSpot(TM) 64-Bit Server VM (21.0.11+9-LTS-211, mixed mode, sharing, tiered, compressed oops, compressed class ptrs, g1 gc, windows-amd64)
# Problematic frame:
# C  [glass.dll+0x264f7]
#
# No core dump will be written. Minidumps are not enabled by default on client versions of Windows
#
# If you would like to submit a bug report, please visit:
#   https://bugreport.java.com/bugreport/crash.jsp
#

---------------  S U M M A R Y ------------

Command Line: -javaagent:C:\Program Files\JetBrains\IntelliJ IDEA 2026.1.2\lib\idea_rt.jar=53685 -Dfile.encoding=UTF-8 -Dsun.stdout.encoding=UTF-8 -Dsun.stderr.encoding=UTF-8 com.asm.App

Host: 13th Gen Intel(R) Core(TM) i5-13420H, 12 cores, 15G,  Windows 11 , 64 bit Build 26100 (10.0.26100.8328)
Time: Fri Jun  5 01:14:03 2026 Hora estándar central (México) elapsed time: 109.544651 seconds (0d 0h 1m 49s)

---------------  T H R E A D  ---------------

Current thread (0x000001635c477030):  VMThread "VM Thread"          [id=7440, stack(0x0000001b61600000,0x0000001b61700000) (1024K)]

Stack: [0x0000001b61600000,0x0000001b61700000],  sp=0x0000001b616ff0c0,  free space=1020k
Native frames: (J=compiled Java code, j=interpreted, Vv=VM code, C=native code)
C  [glass.dll+0x264f7]


siginfo: EXCEPTION_ACCESS_VIOLATION (0xc0000005), reading address 0x0000000000000000


Registers:
RAX=0x0000000000000000, RBX=0x000001635c487832, RCX=0x000001635c477030, RDX=0x0000001b616ff0c0
RSP=0x0000001b616ff0c0, RBP=0x00004bd0cc872df6, RSI=0x00000163a2f28768, RDI=0x00000163a2f28740
R8 =0x0000000000010002, R9 =0x00004bd0cc872df6, R10=0x000001633ac60000, R11=0x0000000000000050
R12=0x000000007ffe0385, R13=0x0000000000000001, R14=0x0000001b616ff1c8, R15=0x00000163a2f28740
RIP=0x00007ffedfc764f7, EFLAGS=0x0000000000010206


Register to memory mapping:

RAX=0x0 is null
RBX=0x000001635c487832 is a global jni handle
RCX=0x000001635c477030 points into unknown readable memory: 0x00007ffe838931f8 | f8 31 89 83 fe 7f 00 00
RDX=0x0000001b616ff0c0 points into unknown readable memory: 0x0000000000000000 | 00 00 00 00 00 00 00 00
RSP=0x0000001b616ff0c0 points into unknown readable memory: 0x0000000000000000 | 00 00 00 00 00 00 00 00
RBP=0x00004bd0cc872df6 is an unknown value
RSI=0x00000163a2f28768 points into unknown readable memory: 0x00004bd0cc872df6 | f6 2d 87 cc d0 4b 00 00
RDI=0x00000163a2f28740 points into unknown readable memory: 0x56004bcf3330dc38 | 38 dc 30 33 cf 4b 00 56
R8 =0x0000000000010002 is an unknown value
R9 =0x00004bd0cc872df6 is an unknown value
R10=0x000001633ac60000 points into unknown readable memory: 0x0000000000000000 | 00 00 00 00 00 00 00 00
R11=0x0000000000000050 is an unknown value
R12=0x000000007ffe0385 points into unknown readable memory: 00 00 00
R13=0x0000000000000001 is an unknown value
R14=0x0000001b616ff1c8 points into unknown readable memory: 0x0000001b616ff1b0 | b0 f1 6f 61 1b 00 00 00
R15=0x00000163a2f28740 points into unknown readable memory: 0x56004bcf3330dc38 | 38 dc 30 33 cf 4b 00 56

Top of Stack: (sp=0x0000001b616ff0c0)
0x0000001b616ff0c0:   0000000000000000 0000016300000000
0x0000001b616ff0d0:   00000163a2e8fd60 000000007ffe0385
0x0000001b616ff0e0:   00000163a2f28748 00007fff214ebc75
0x0000001b616ff0f0:   00000163a2f28740 0000016300000000
0x0000001b616ff100:   00000163a2f28760 00004bd0cc872df6
0x0000001b616ff110:   fffffffffffffffe 00007ffee9ad0000
0x0000001b616ff120:   00007ffedfc50000 00007ffedfc50000
0x0000001b616ff130:   0000001b616ff1b8 00007fff214eb897
0x0000001b616ff140:   0000001b616ff100 0000001b616ff1c8
0x0000001b616ff150:   0000001b616ff710 00007fff215d88c0
0x0000001b616ff160:   0000000000000001 00007fff214eb84d
0x0000001b616ff170:   0000000000000000 0000000000000001
0x0000001b616ff180:   00007fff1b53ed80 0000001b616ff1b8
0x0000001b616ff190:   fffffffffffffffe 0000001b616ff180
0x0000001b616ff1a0:   0000000000000000 00007ffedfc73ccd
0x0000001b616ff1b0:   00007ffedfc8a008 0000000000000002
0x0000001b616ff1c0:   00007fff00000002 0000001b616ff1b0
0x0000001b616ff1d0:   0000000000000000 00007fff21760000
0x0000001b616ff1e0:   0000000000000000 00007ffedfc73df2
0x0000001b616ff1f0:   0000000000000001 0000001b616ff710
0x0000001b616ff200:   0000000000000001 0000000000000000
0x0000001b616ff210:   0000000000000001 00007fff1f6e0000
0x0000001b616ff220:   00007fff00000001 0000001b616ff710
0x0000001b616ff230:   0000000000000000 00007ffedfc73e40
0x0000001b616ff240:   0000000000000001 00007fff23cbf98a
0x0000001b616ff250:   00007ffedfc50000 0000000000000000
0x0000001b616ff260:   0000000000000001 000000007ffe0384
0x0000001b616ff270:   0000000000000000 00007fff23b72d23
0x0000001b616ff280:   0000000000000000 000001633af904a8
0x0000001b616ff290:   000000000000008d 0000000000000000
0x0000001b616ff2a0:   0000000000000000 0000000000000000
0x0000001b616ff2b0:   0000000000000000 fffff62900000000 

Instructions: (pc=0x00007ffedfc764f7)
0x00007ffedfc763f7:   8b 4d 58 e8 8d cf ff ff 48 8b 4d 60 e8 84 cf ff
0x00007ffedfc76407:   ff 48 8b 95 80 00 00 00 48 8b 8d 18 01 00 00 e8
0x00007ffedfc76417:   76 c4 ff ff 33 d2 33 c9 e8 cc e1 ff ff 90 48 89
0x00007ffedfc76427:   54 24 10 55 48 83 ec 20 48 8b ea 48 b8 00 00 00
0x00007ffedfc76437:   00 00 00 00 00 48 83 c4 20 5d c3 cc 40 55 48 8b
0x00007ffedfc76447:   ea 48 8b 01 33 c9 81 38 05 00 00 c0 0f 94 c1 8b
0x00007ffedfc76457:   c1 5d c3 cc 40 55 48 83 ec 20 48 8b ea 8a 4d 40
0x00007ffedfc76467:   48 83 c4 20 5d e9 73 d3 ff ff cc 40 55 48 83 ec
0x00007ffedfc76477:   20 48 8b ea 8a 4d 20 e8 61 d3 ff ff 90 48 83 c4
0x00007ffedfc76487:   20 5d c3 cc 40 55 48 83 ec 20 48 8b ea 48 83 c4
0x00007ffedfc76497:   20 5d e9 c2 d1 ff ff cc 40 55 48 83 ec 30 48 8b
0x00007ffedfc764a7:   ea 48 8b 01 8b 10 48 89 4c 24 28 89 54 24 20 4c
0x00007ffedfc764b7:   8d 0d 63 d6 ff ff 4c 8b 45 70 8b 55 68 48 8b 4d
0x00007ffedfc764c7:   60 e8 03 d1 ff ff 90 48 83 c4 30 5d c3 cc cc cc
0x00007ffedfc764d7:   cc cc cc cc cc cc cc cc cc 40 53 48 83 ec 20 48
0x00007ffedfc764e7:   8b 1d 1b 35 01 00 48 85 db 74 16 e8 89 8f ff ff
0x00007ffedfc764f7:   4c 8b 00 48 8b d3 48 8b c8 41 ff 90 b0 00 00 00
0x00007ffedfc76507:   90 48 83 c4 20 5b c3 cc cc 40 53 48 83 ec 20 48
0x00007ffedfc76517:   8b 1d 8b 36 01 00 48 85 db 74 57 b8 ff ff ff ff
0x00007ffedfc76527:   f0 0f c1 43 10 83 f8 01 75 3d 48 85 db 74 38 48
0x00007ffedfc76537:   8b 0b 48 85 c9 74 0d ff 15 64 0d 00 00 48 c7 03
0x00007ffedfc76547:   00 00 00 00 48 8b 4b 08 48 85 c9 74 0d e8 33 ce
0x00007ffedfc76557:   ff ff 48 c7 43 08 00 00 00 00 ba 18 00 00 00 48
0x00007ffedfc76567:   8b cb e8 1e ce ff ff 48 c7 05 2f 36 01 00 00 00
0x00007ffedfc76577:   00 00 48 83 c4 20 5b c3 cc 40 53 48 83 ec 20 48
0x00007ffedfc76587:   8b 1d fb 35 01 00 48 85 db 74 57 b8 ff ff ff ff
0x00007ffedfc76597:   f0 0f c1 43 10 83 f8 01 75 3d 48 85 db 74 38 48
0x00007ffedfc765a7:   8b 0b 48 85 c9 74 0d ff 15 f4 0c 00 00 48 c7 03
0x00007ffedfc765b7:   00 00 00 00 48 8b 4b 08 48 85 c9 74 0d e8 c3 cd
0x00007ffedfc765c7:   ff ff 48 c7 43 08 00 00 00 00 ba 18 00 00 00 48
0x00007ffedfc765d7:   8b cb e8 ae cd ff ff 48 c7 05 9f 35 01 00 00 00
0x00007ffedfc765e7:   00 00 48 83 c4 20 5b c3 cc 40 53 48 83 ec 20 48 


Stack slot to memory mapping:

stack at sp + 0 slots: 0x0 is null
stack at sp + 1 slots: 0x0000016300000000 is an unknown value
stack at sp + 2 slots: 0x00000163a2e8fd60 points into unknown readable memory: 0x00000163a2e80220 | 20 02 e8 a2 63 01 00 00
stack at sp + 3 slots: 0x000000007ffe0385 points into unknown readable memory: 00 00 00
stack at sp + 4 slots: 0x00000163a2f28748 points into unknown readable memory: 0x00004bd0cc872df6 | f6 2d 87 cc d0 4b 00 00
stack at sp + 5 slots: 0x00007fff214ebc75 ucrtbase.dll
stack at sp + 6 slots: 0x00000163a2f28740 points into unknown readable memory: 0x56004bcf3330dc38 | 38 dc 30 33 cf 4b 00 56
stack at sp + 7 slots: 0x0000016300000000 is an unknown value

VM_Operation (0x0000001b60cff230): Exit, mode: safepoint, requested by thread 0x00000163ad82f0e0


---------------  P R O C E S S  ---------------

Threads class SMR info:
_java_thread_list=0x00000163a26aaea0, length=30, elements={
0x000001633ab760e0, 0x000001635c496fc0, 0x000001635c499a30, 0x000001635c49d700,
0x000001635c49ed80, 0x000001635c4a81c0, 0x000001635c4aaf60, 0x000001635c4ada10,
0x000001635c776920, 0x000001635c9dee50, 0x000001635c87a230, 0x00000163a203a650,
0x00000163a20df750, 0x00000163a27f7320, 0x00000163a23567e0, 0x00000163a27e16d0,
0x00000163a2f45220, 0x00000163a2f44b90, 0x00000163a2f47980, 0x00000163a2f472f0,
0x00000163a2f45f40, 0x00000163a2f458b0, 0x00000163a2f465d0, 0x00000163ad82f770,
0x00000163ad82fe00, 0x00000163ad82d6a0, 0x00000163ad82dd30, 0x00000163ad82e3c0,
0x00000163ad82f0e0, 0x00000163ab3c0bd0
}

Java Threads: ( => current thread )
  0x000001633ab760e0 JavaThread "main"                              [_thread_blocked, id=22800, stack(0x0000001b60f00000,0x0000001b61000000) (1024K)]
  0x000001635c496fc0 JavaThread "Reference Handler"          daemon [_thread_blocked, id=34684, stack(0x0000001b61700000,0x0000001b61800000) (1024K)]
  0x000001635c499a30 JavaThread "Finalizer"                  daemon [_thread_blocked, id=3996, stack(0x0000001b61800000,0x0000001b61900000) (1024K)]
  0x000001635c49d700 JavaThread "Attach Listener"            daemon [_thread_blocked, id=17808, stack(0x0000001b61a00000,0x0000001b61b00000) (1024K)]
  0x000001635c49ed80 JavaThread "Service Thread"             daemon [_thread_blocked, id=25764, stack(0x0000001b61b00000,0x0000001b61c00000) (1024K)]
  0x000001635c4a81c0 JavaThread "Monitor Deflation Thread"   daemon [_thread_blocked, id=36552, stack(0x0000001b61c00000,0x0000001b61d00000) (1024K)]
  0x000001635c4aaf60 JavaThread "C2 CompilerThread0"         daemon [_thread_blocked, id=28752, stack(0x0000001b61d00000,0x0000001b61e00000) (1024K)]
  0x000001635c4ada10 JavaThread "C1 CompilerThread0"         daemon [_thread_blocked, id=1200, stack(0x0000001b61e00000,0x0000001b61f00000) (1024K)]
  0x000001635c776920 JavaThread "Common-Cleaner"             daemon [_thread_blocked, id=33656, stack(0x0000001b61f00000,0x0000001b62000000) (1024K)]
  0x000001635c9dee50 JavaThread "Monitor Ctrl-Break"         daemon [_thread_in_native, id=33776, stack(0x0000001b62100000,0x0000001b62200000) (1024K)]
  0x000001635c87a230 JavaThread "Notification Thread"        daemon [_thread_blocked, id=3092, stack(0x0000001b62200000,0x0000001b62300000) (1024K)]
  0x00000163a203a650 JavaThread "JavaFX-Launcher"                   [_thread_blocked, id=25572, stack(0x0000001b62300000,0x0000001b62400000) (1024K)]
  0x00000163a20df750 JavaThread "RMI TCP Accept-0"           daemon [_thread_in_native, id=34688, stack(0x0000001b62500000,0x0000001b62600000) (1024K)]
  0x00000163a27f7320 JavaThread "RMI TCP Connection(1)-192.168.100.46" daemon [_thread_in_native, id=34008, stack(0x0000001b62600000,0x0000001b62700000) (1024K)]
  0x00000163a23567e0 JavaThread "RMI Scheduler(0)"           daemon [_thread_blocked, id=37560, stack(0x0000001b62700000,0x0000001b62800000) (1024K)]
  0x00000163a27e16d0 JavaThread "JMX server connection timeout 27" daemon [_thread_blocked, id=2720, stack(0x0000001b62800000,0x0000001b62900000) (1024K)]
  0x00000163a2f45220 JavaThread "InvokeLaterDispatcher"      daemon [_thread_blocked, id=20604, stack(0x0000001b63400000,0x0000001b63500000) (1024K)]
  0x00000163a2f44b90 JavaThread "JavaFX Application Thread"         [_thread_in_native, id=39128, stack(0x0000001b63500000,0x0000001b63600000) (1024K)]
  0x00000163a2f47980 JavaThread "Thread-2"                   daemon [_thread_in_native, id=19116, stack(0x0000001b64500000,0x0000001b64600000) (1024K)]
  0x00000163a2f472f0 JavaThread "mysql-cj-abandoned-connection-cleanup" daemon [_thread_blocked, id=27028, stack(0x0000001b64800000,0x0000001b64900000) (1024K)]
  0x00000163a2f45f40 JavaThread "Hibernate Connection Pool Validation Thread" daemon [_thread_blocked, id=30260, stack(0x0000001b64900000,0x0000001b64a00000) (1024K)]
  0x00000163a2f458b0 JavaThread "Prism Font Disposer"        daemon [_thread_blocked, id=21356, stack(0x0000001b64d00000,0x0000001b64e00000) (1024K)]
  0x00000163a2f465d0 JavaThread "Cleaner-0"                  daemon [_thread_blocked, id=40932, stack(0x0000001b62400000,0x0000001b62500000) (1024K)]
  0x00000163ad82f770 JavaThread "Hibernate Connection Pool Validation Thread" daemon [_thread_blocked, id=31660, stack(0x0000001b65000000,0x0000001b65100000) (1024K)]
  0x00000163ad82fe00 JavaThread "Hibernate Connection Pool Validation Thread" daemon [_thread_blocked, id=2052, stack(0x0000001b65100000,0x0000001b65200000) (1024K)]
  0x00000163ad82d6a0 JavaThread "PrinterListener"            daemon [_thread_in_native, id=1428, stack(0x0000001b62000000,0x0000001b62100000) (1024K)]
  0x00000163ad82dd30 JavaThread "RemotePrinterListener"      daemon [_thread_in_native, id=40736, stack(0x0000001b64f00000,0x0000001b65000000) (1024K)]
  0x00000163ad82e3c0 JavaThread "Java2D Disposer"            daemon [_thread_blocked, id=1880, stack(0x0000001b65200000,0x0000001b65300000) (1024K)]
  0x00000163ad82f0e0 JavaThread "SIGINT handler"             daemon [_thread_blocked, id=39660, stack(0x0000001b60c00000,0x0000001b60d00000) (1024K)]
  0x00000163ab3c0bd0 JavaThread "AWT-Shutdown"                      [_thread_blocked, id=24904, stack(0x0000001b65300000,0x0000001b65400000) (1024K)]
Total: 30

Other Threads:
=>0x000001635c477030 VMThread "VM Thread"                           [id=7440, stack(0x0000001b61600000,0x0000001b61700000) (1024K)]
  0x000001633d044bf0 WorkerThread "GC Thread#0"                     [id=20508, stack(0x0000001b61000000,0x0000001b61100000) (1024K)]
  0x00000163a2b82ed0 WorkerThread "GC Thread#1"                     [id=16588, stack(0x0000001b62900000,0x0000001b62a00000) (1024K)]
  0x00000163a27f6f30 WorkerThread "GC Thread#2"                     [id=22024, stack(0x0000001b62a00000,0x0000001b62b00000) (1024K)]
  0x00000163a2928c40 WorkerThread "GC Thread#3"                     [id=25584, stack(0x0000001b62b00000,0x0000001b62c00000) (1024K)]
  0x00000163a2974c80 WorkerThread "GC Thread#4"                     [id=1860, stack(0x0000001b62c00000,0x0000001b62d00000) (1024K)]
  0x00000163a2950530 WorkerThread "GC Thread#5"                     [id=31880, stack(0x0000001b62d00000,0x0000001b62e00000) (1024K)]
  0x00000163a2b41730 WorkerThread "GC Thread#6"                     [id=36696, stack(0x0000001b62e00000,0x0000001b62f00000) (1024K)]
  0x00000163a2b503a0 WorkerThread "GC Thread#7"                     [id=34304, stack(0x0000001b62f00000,0x0000001b63000000) (1024K)]
  0x00000163a2b5a610 WorkerThread "GC Thread#8"                     [id=7476, stack(0x0000001b63000000,0x0000001b63100000) (1024K)]
  0x00000163a2b5bc80 WorkerThread "GC Thread#9"                     [id=25768, stack(0x0000001b63100000,0x0000001b63200000) (1024K)]
  0x000001633ac3de30 ConcurrentGCThread "G1 Main Marker"            terminated
  0x000001633d0522f0 WorkerThread "G1 Conc#0"                       [id=16528, stack(0x0000001b61200000,0x0000001b61300000) (1024K)]
  0x00000163a2b5aa10 WorkerThread "G1 Conc#1"                       [id=10864, stack(0x0000001b64600000,0x0000001b64700000) (1024K)]
  0x00000163a2b5b520 WorkerThread "G1 Conc#2"                       [id=40424, stack(0x0000001b64700000,0x0000001b64800000) (1024K)]
  0x000001635c32a5e0 ConcurrentGCThread "G1 Refine#0"               terminated
  0x000001635c32c410 ConcurrentGCThread "G1 Service"                terminated
Total: 17

Threads with active compile tasks:
Total: 0

VM state: at safepoint (shutting down)

VM Mutex/Monitor currently owned by a thread:  ([mutex/lock_event])
[0x00007ffe83a5af50] Threads_lock - owner thread: 0x000001635c477030
[0x00007ffe83a5b050] Heap_lock - owner thread: 0x00000163ad82f0e0

Heap address: 0x0000000705c00000, size: 4004 MB, Compressed Oops mode: Zero based, Oop shift amount: 3

CDS archive(s) mapped at: [0x000001635d000000-0x000001635dc90000-0x000001635dc90000), size 13172736, SharedBaseAddress: 0x000001635d000000, ArchiveRelocationMode: 1.
Compressed class space mapped at: 0x000001635e000000-0x000001639e000000, reserved size: 1073741824
Narrow klass base: 0x000001635d000000, Narrow klass shift: 0, Narrow klass range: 0x100000000

GC Precious Log:
 CardTable entry size: 512
 Card Set container configuration: InlinePtr #cards 4 size 8 Array Of Cards #cards 16 size 48 Howl #buckets 8 coarsen threshold 3686 Howl Bitmap #cards 512 size 80 coarsen threshold 460 Card regions per heap region 1 cards per card region 4096
 CPUs: 12 total, 12 available
 Memory: 16013M
 Large Page Support: Disabled
 NUMA Support: Disabled
 Compressed Oops: Enabled (Zero based)
 Heap Region Size: 2M
 Heap Min Capacity: 8M
 Heap Initial Capacity: 252M
 Heap Max Capacity: 4004M
 Pre-touch: Disabled
 Parallel Workers: 10
 Concurrent Workers: 3
 Concurrent Refinement Workers: 10
 Periodic GC: Disabled

Heap:
 garbage-first heap   total 153600K, used 50809K [0x0000000705c00000, 0x0000000800000000)
  region size 2048K, 15 young (30720K), 2 survivors (4096K)
 Metaspace       used 64613K, committed 65152K, reserved 1114112K
  class space    used 8733K, committed 8960K, reserved 1048576K

Heap Regions: E=young(eden), S=young(survivor), O=old, HS=humongous(starts), HC=humongous(continues), CS=collection set, F=free, TAMS=top-at-mark-start, PB=parsable bottom
|   0|0x0000000705c00000, 0x0000000705e00000, 0x0000000705e00000|100%| O|  |TAMS 0x0000000705c00000| PB 0x0000000705c00000| Untracked 
|   1|0x0000000705e00000, 0x0000000706000000, 0x0000000706000000|100%| O|  |TAMS 0x0000000705e00000| PB 0x0000000705e00000| Untracked 
|   2|0x0000000706000000, 0x0000000706200000, 0x0000000706200000|100%|HS|  |TAMS 0x0000000706000000| PB 0x0000000706000000| Complete 
|   3|0x0000000706200000, 0x0000000706400000, 0x0000000706400000|100%| O|  |TAMS 0x0000000706200000| PB 0x0000000706200000| Untracked 
|   4|0x0000000706400000, 0x0000000706600000, 0x0000000706600000|100%| O|  |TAMS 0x0000000706400000| PB 0x0000000706400000| Untracked 
|   5|0x0000000706600000, 0x0000000706800000, 0x0000000706800000|100%| O|  |TAMS 0x0000000706600000| PB 0x0000000706600000| Untracked 
|   6|0x0000000706800000, 0x0000000706a00000, 0x0000000706a00000|100%| O|  |TAMS 0x0000000706800000| PB 0x0000000706800000| Untracked 
|   7|0x0000000706a00000, 0x0000000706c00000, 0x0000000706c00000|100%| O|  |TAMS 0x0000000706a00000| PB 0x0000000706a00000| Untracked 
|   8|0x0000000706c00000, 0x0000000706e00000, 0x0000000706e00000|100%| O|  |TAMS 0x0000000706c00000| PB 0x0000000706c00000| Untracked 
|   9|0x0000000706e00000, 0x0000000707000000, 0x0000000707000000|100%| O|  |TAMS 0x0000000706e00000| PB 0x0000000706e00000| Untracked 
|  10|0x0000000707000000, 0x0000000707000000, 0x0000000707200000|  0%| F|  |TAMS 0x0000000707000000| PB 0x0000000707000000| Untracked 
|  11|0x0000000707200000, 0x0000000707200000, 0x0000000707400000|  0%| F|  |TAMS 0x0000000707200000| PB 0x0000000707200000| Untracked 
|  12|0x0000000707400000, 0x00000007075d1ba0, 0x0000000707600000| 90%| O|  |TAMS 0x0000000707400000| PB 0x0000000707400000| Untracked 
|  13|0x0000000707600000, 0x0000000707600000, 0x0000000707800000|  0%| F|  |TAMS 0x0000000707600000| PB 0x0000000707600000| Untracked 
|  14|0x0000000707800000, 0x0000000707800000, 0x0000000707a00000|  0%| F|  |TAMS 0x0000000707800000| PB 0x0000000707800000| Untracked 
|  15|0x0000000707a00000, 0x0000000707bcc940, 0x0000000707c00000| 89%| S|CS|TAMS 0x0000000707a00000| PB 0x0000000707a00000| Complete 
|  16|0x0000000707c00000, 0x0000000707e00000, 0x0000000707e00000|100%| S|CS|TAMS 0x0000000707c00000| PB 0x0000000707c00000| Complete 
|  17|0x0000000707e00000, 0x0000000707e00000, 0x0000000708000000|  0%| F|  |TAMS 0x0000000707e00000| PB 0x0000000707e00000| Untracked 
|  18|0x0000000708000000, 0x0000000708000000, 0x0000000708200000|  0%| F|  |TAMS 0x0000000708000000| PB 0x0000000708000000| Untracked 
|  19|0x0000000708200000, 0x0000000708200000, 0x0000000708400000|  0%| F|  |TAMS 0x0000000708200000| PB 0x0000000708200000| Untracked 
|  20|0x0000000708400000, 0x0000000708400000, 0x0000000708600000|  0%| F|  |TAMS 0x0000000708400000| PB 0x0000000708400000| Untracked 
|  21|0x0000000708600000, 0x0000000708600000, 0x0000000708800000|  0%| F|  |TAMS 0x0000000708600000| PB 0x0000000708600000| Untracked 
|  22|0x0000000708800000, 0x0000000708800000, 0x0000000708a00000|  0%| F|  |TAMS 0x0000000708800000| PB 0x0000000708800000| Untracked 
|  23|0x0000000708a00000, 0x0000000708a00000, 0x0000000708c00000|  0%| F|  |TAMS 0x0000000708a00000| PB 0x0000000708a00000| Untracked 
|  24|0x0000000708c00000, 0x0000000708c00000, 0x0000000708e00000|  0%| F|  |TAMS 0x0000000708c00000| PB 0x0000000708c00000| Untracked 
|  25|0x0000000708e00000, 0x0000000708e00000, 0x0000000709000000|  0%| F|  |TAMS 0x0000000708e00000| PB 0x0000000708e00000| Untracked 
|  26|0x0000000709000000, 0x0000000709000000, 0x0000000709200000|  0%| F|  |TAMS 0x0000000709000000| PB 0x0000000709000000| Untracked 
|  27|0x0000000709200000, 0x0000000709200000, 0x0000000709400000|  0%| F|  |TAMS 0x0000000709200000| PB 0x0000000709200000| Untracked 
|  28|0x0000000709400000, 0x0000000709400000, 0x0000000709600000|  0%| F|  |TAMS 0x0000000709400000| PB 0x0000000709400000| Untracked 
|  29|0x0000000709600000, 0x0000000709600000, 0x0000000709800000|  0%| F|  |TAMS 0x0000000709600000| PB 0x0000000709600000| Untracked 
|  30|0x0000000709800000, 0x0000000709800000, 0x0000000709a00000|  0%| F|  |TAMS 0x0000000709800000| PB 0x0000000709800000| Untracked 
|  31|0x0000000709a00000, 0x0000000709a00000, 0x0000000709c00000|  0%| F|  |TAMS 0x0000000709a00000| PB 0x0000000709a00000| Untracked 
|  32|0x0000000709c00000, 0x0000000709c00000, 0x0000000709e00000|  0%| F|  |TAMS 0x0000000709c00000| PB 0x0000000709c00000| Untracked 
|  33|0x0000000709e00000, 0x0000000709e00000, 0x000000070a000000|  0%| F|  |TAMS 0x0000000709e00000| PB 0x0000000709e00000| Untracked 
|  34|0x000000070a000000, 0x000000070a000000, 0x000000070a200000|  0%| F|  |TAMS 0x000000070a000000| PB 0x000000070a000000| Untracked 
|  35|0x000000070a200000, 0x000000070a200000, 0x000000070a400000|  0%| F|  |TAMS 0x000000070a200000| PB 0x000000070a200000| Untracked 
|  36|0x000000070a400000, 0x000000070a400000, 0x000000070a600000|  0%| F|  |TAMS 0x000000070a400000| PB 0x000000070a400000| Untracked 
|  37|0x000000070a600000, 0x000000070a600000, 0x000000070a800000|  0%| F|  |TAMS 0x000000070a600000| PB 0x000000070a600000| Untracked 
|  38|0x000000070a800000, 0x000000070a800000, 0x000000070aa00000|  0%| F|  |TAMS 0x000000070a800000| PB 0x000000070a800000| Untracked 
|  39|0x000000070aa00000, 0x000000070aa00000, 0x000000070ac00000|  0%| F|  |TAMS 0x000000070aa00000| PB 0x000000070aa00000| Untracked 
|  40|0x000000070ac00000, 0x000000070ac00000, 0x000000070ae00000|  0%| F|  |TAMS 0x000000070ac00000| PB 0x000000070ac00000| Untracked 
|  41|0x000000070ae00000, 0x000000070ae00000, 0x000000070b000000|  0%| F|  |TAMS 0x000000070ae00000| PB 0x000000070ae00000| Untracked 
|  42|0x000000070b000000, 0x000000070b000000, 0x000000070b200000|  0%| F|  |TAMS 0x000000070b000000| PB 0x000000070b000000| Untracked 
|  43|0x000000070b200000, 0x000000070b200000, 0x000000070b400000|  0%| F|  |TAMS 0x000000070b200000| PB 0x000000070b200000| Untracked 
|  44|0x000000070b400000, 0x000000070b400000, 0x000000070b600000|  0%| F|  |TAMS 0x000000070b400000| PB 0x000000070b400000| Untracked 
|  45|0x000000070b600000, 0x000000070b600000, 0x000000070b800000|  0%| F|  |TAMS 0x000000070b600000| PB 0x000000070b600000| Untracked 
|  46|0x000000070b800000, 0x000000070b800000, 0x000000070ba00000|  0%| F|  |TAMS 0x000000070b800000| PB 0x000000070b800000| Untracked 
|  47|0x000000070ba00000, 0x000000070ba00000, 0x000000070bc00000|  0%| F|  |TAMS 0x000000070ba00000| PB 0x000000070ba00000| Untracked 
|  48|0x000000070bc00000, 0x000000070bc00000, 0x000000070be00000|  0%| F|  |TAMS 0x000000070bc00000| PB 0x000000070bc00000| Untracked 
|  49|0x000000070be00000, 0x000000070be00000, 0x000000070c000000|  0%| F|  |TAMS 0x000000070be00000| PB 0x000000070be00000| Untracked 
|  50|0x000000070c000000, 0x000000070c000000, 0x000000070c200000|  0%| F|  |TAMS 0x000000070c000000| PB 0x000000070c000000| Untracked 
|  51|0x000000070c200000, 0x000000070c200000, 0x000000070c400000|  0%| F|  |TAMS 0x000000070c200000| PB 0x000000070c200000| Untracked 
|  52|0x000000070c400000, 0x000000070c400000, 0x000000070c600000|  0%| F|  |TAMS 0x000000070c400000| PB 0x000000070c400000| Untracked 
|  53|0x000000070c600000, 0x000000070c600000, 0x000000070c800000|  0%| F|  |TAMS 0x000000070c600000| PB 0x000000070c600000| Untracked 
|  54|0x000000070c800000, 0x000000070c800000, 0x000000070ca00000|  0%| F|  |TAMS 0x000000070c800000| PB 0x000000070c800000| Untracked 
|  55|0x000000070ca00000, 0x000000070ca00000, 0x000000070cc00000|  0%| F|  |TAMS 0x000000070ca00000| PB 0x000000070ca00000| Untracked 
|  56|0x000000070cc00000, 0x000000070cc00000, 0x000000070ce00000|  0%| F|  |TAMS 0x000000070cc00000| PB 0x000000070cc00000| Untracked 
|  57|0x000000070ce00000, 0x000000070ce00000, 0x000000070d000000|  0%| F|  |TAMS 0x000000070ce00000| PB 0x000000070ce00000| Untracked 
|  58|0x000000070d000000, 0x000000070d000000, 0x000000070d200000|  0%| F|  |TAMS 0x000000070d000000| PB 0x000000070d000000| Untracked 
|  59|0x000000070d200000, 0x000000070d200000, 0x000000070d400000|  0%| F|  |TAMS 0x000000070d200000| PB 0x000000070d200000| Untracked 
|  60|0x000000070d400000, 0x000000070d400000, 0x000000070d600000|  0%| F|  |TAMS 0x000000070d400000| PB 0x000000070d400000| Untracked 
|  61|0x000000070d600000, 0x000000070d600000, 0x000000070d800000|  0%| F|  |TAMS 0x000000070d600000| PB 0x000000070d600000| Untracked 
|  62|0x000000070d800000, 0x000000070d9904d0, 0x000000070da00000| 78%| E|  |TAMS 0x000000070d800000| PB 0x000000070d800000| Complete 
|  63|0x000000070da00000, 0x000000070dc00000, 0x000000070dc00000|100%| E|CS|TAMS 0x000000070da00000| PB 0x000000070da00000| Complete 
|  64|0x000000070dc00000, 0x000000070de00000, 0x000000070de00000|100%| E|CS|TAMS 0x000000070dc00000| PB 0x000000070dc00000| Complete 
|  65|0x000000070de00000, 0x000000070e000000, 0x000000070e000000|100%| E|CS|TAMS 0x000000070de00000| PB 0x000000070de00000| Complete 
|  66|0x000000070e000000, 0x000000070e200000, 0x000000070e200000|100%| E|CS|TAMS 0x000000070e000000| PB 0x000000070e000000| Complete 
|  67|0x000000070e200000, 0x000000070e400000, 0x000000070e400000|100%| E|CS|TAMS 0x000000070e200000| PB 0x000000070e200000| Complete 
|  68|0x000000070e400000, 0x000000070e600000, 0x000000070e600000|100%| E|CS|TAMS 0x000000070e400000| PB 0x000000070e400000| Complete 
|  69|0x000000070e600000, 0x000000070e800000, 0x000000070e800000|100%| E|CS|TAMS 0x000000070e600000| PB 0x000000070e600000| Complete 
|  70|0x000000070e800000, 0x000000070ea00000, 0x000000070ea00000|100%| E|CS|TAMS 0x000000070e800000| PB 0x000000070e800000| Complete 
| 119|0x0000000714a00000, 0x0000000714c00000, 0x0000000714c00000|100%| E|CS|TAMS 0x0000000714a00000| PB 0x0000000714a00000| Complete 
| 120|0x0000000714c00000, 0x0000000714e00000, 0x0000000714e00000|100%| E|CS|TAMS 0x0000000714c00000| PB 0x0000000714c00000| Complete 
| 121|0x0000000714e00000, 0x0000000715000000, 0x0000000715000000|100%| E|CS|TAMS 0x0000000714e00000| PB 0x0000000714e00000| Complete 
| 125|0x0000000715600000, 0x0000000715800000, 0x0000000715800000|100%| E|CS|TAMS 0x0000000715600000| PB 0x0000000715600000| Complete 

Card table byte_map: [0x00000163551c0000,0x00000163559a0000] _byte_map_base: 0x0000016351992000

Marking Bits: (CMBitMap*) 0x000001633d045300
 Bits: [0x00000163559a0000, 0x0000016359830000)

Polling page: 0x000001633aea0000

Metaspace:

Usage:
  Non-class:     54.57 MB used.
      Class:      8.53 MB used.
       Both:     63.10 MB used.

Virtual space:
  Non-class space:       64.00 MB reserved,      54.88 MB ( 86%) committed,  1 nodes.
      Class space:        1.00 GB reserved,       8.75 MB ( <1%) committed,  1 nodes.
             Both:        1.06 GB reserved,      63.62 MB (  6%) committed. 

Chunk freelists:
   Non-Class:  8.98 MB
       Class:  7.20 MB
        Both:  16.18 MB

MaxMetaspaceSize: unlimited
CompressedClassSpaceSize: 1.00 GB
Initial GC threshold: 21.00 MB
Current GC threshold: 96.81 MB
CDS: on
 - commit_granule_bytes: 65536.
 - commit_granule_words: 8192.
 - virtual_space_node_default_size: 8388608.
 - enlarge_chunks_in_place: 1.
 - use_allocation_guard: 0.


Internal statistics:

num_allocs_failed_limit: 9.
num_arena_births: 778.
num_arena_deaths: 0.
num_vsnodes_births: 2.
num_vsnodes_deaths: 0.
num_space_committed: 1018.
num_space_uncommitted: 0.
num_chunks_returned_to_freelist: 9.
num_chunks_taken_from_freelist: 2657.
num_chunk_merges: 6.
num_chunk_splits: 1908.
num_chunks_enlarged: 1482.
num_inconsistent_stats: 0.

CodeHeap 'non-profiled nmethods': size=120000Kb used=4307Kb max_used=4307Kb free=115693Kb
 bounds [0x000001634cf60000, 0x000001634d3a0000, 0x0000016354490000]
CodeHeap 'profiled nmethods': size=120000Kb used=15249Kb max_used=15249Kb free=104750Kb
 bounds [0x0000016345490000, 0x0000016346380000, 0x000001634c9c0000]
CodeHeap 'non-nmethods': size=5760Kb used=2183Kb max_used=2211Kb free=3576Kb
 bounds [0x000001634c9c0000, 0x000001634cc30000, 0x000001634cf60000]
 total_blobs=8898 nmethods=7793 adapters=1008
 compilation: enabled
              stopped_count=0, restarted_count=0
 full_count=0

Compilation events (20 events):
Event: 100.435 Thread 0x000001635c4aaf60 8283       4       java.io.BufferedOutputStream::growIfNeeded (59 bytes)
Event: 100.436 Thread 0x000001635c4aaf60 nmethod 8283 0x000001634d394890 code [0x000001634d394a20, 0x000001634d394b10]
Event: 106.880 Thread 0x000001635c4ada10 8284       3       java.io.ObjectStreamClass::getClassDataLayout0 (297 bytes)
Event: 106.883 Thread 0x000001635c4ada10 nmethod 8284 0x0000016346369a90 code [0x0000016346369fa0, 0x000001634636ccf0]
Event: 108.048 Thread 0x000001635c4ada10 8285   !   3       java.nio.DirectByteBuffer::put (37 bytes)
Event: 108.049 Thread 0x000001635c4ada10 nmethod 8285 0x000001634636dc90 code [0x000001634636df00, 0x000001634636e8c8]
Event: 108.049 Thread 0x000001635c4ada10 8286   !   3       java.io.ObjectInputStream::readOrdinaryObject (373 bytes)
Event: 108.052 Thread 0x000001635c4ada10 nmethod 8286 0x000001634636ed90 code [0x000001634636f280, 0x0000016346371320]
Event: 108.861 Thread 0x000001635c4ada10 8287       3       java.util.concurrent.ConcurrentHashMap::isEmpty (15 bytes)
Event: 108.861 Thread 0x000001635c4ada10 nmethod 8287 0x0000016346371f90 code [0x0000016346372140, 0x00000163463722d8]
Event: 108.861 Thread 0x000001635c4ada10 8288       3       java.util.concurrent.ConcurrentHashMap::tableSizeFor (32 bytes)
Event: 108.861 Thread 0x000001635c4ada10 nmethod 8288 0x0000016346372390 code [0x0000016346372560, 0x0000016346372768]
Event: 108.861 Thread 0x000001635c4ada10 8289       3       java.util.logging.Logger::updateEffectiveLevel (126 bytes)
Event: 108.862 Thread 0x000001635c4ada10 nmethod 8289 0x0000016346372810 code [0x0000016346372a60, 0x0000016346373590]
Event: 108.862 Thread 0x000001635c4ada10 8290       3       java.util.logging.Logger::getHandlers (5 bytes)
Event: 108.863 Thread 0x000001635c4ada10 nmethod 8290 0x0000016346373910 code [0x0000016346373ac0, 0x0000016346373c88]
Event: 108.863 Thread 0x000001635c4ada10 8291       3       java.util.logging.Logger::accessCheckedHandlers (17 bytes)
Event: 108.863 Thread 0x000001635c4ada10 nmethod 8291 0x0000016346373d10 code [0x0000016346373ec0, 0x0000016346374198]
Event: 108.863 Thread 0x000001635c4ada10 8292       3       java.util.concurrent.ThreadPoolExecutor::workerCountOf (5 bytes)
Event: 108.863 Thread 0x000001635c4ada10 nmethod 8292 0x0000016346374290 code [0x0000016346374420, 0x0000016346374518]

GC Heap History (20 events):
Event: 1.394 GC heap before
{Heap before GC invocations=2 (full 0):
 garbage-first heap   total 258048K, used 15971K [0x0000000705c00000, 0x0000000800000000)
  region size 2048K, 6 young (12288K), 2 survivors (4096K)
 Metaspace       used 21104K, committed 21504K, reserved 1114112K
  class space    used 2632K, committed 2816K, reserved 1048576K
}
Event: 1.397 GC heap after
{Heap after GC invocations=3 (full 0):
 garbage-first heap   total 258048K, used 10815K [0x0000000705c00000, 0x0000000800000000)
  region size 2048K, 3 young (6144K), 3 survivors (6144K)
 Metaspace       used 21104K, committed 21504K, reserved 1114112K
  class space    used 2632K, committed 2816K, reserved 1048576K
}
Event: 1.863 GC heap before
{Heap before GC invocations=4 (full 0):
 garbage-first heap   total 49152K, used 33343K [0x0000000705c00000, 0x0000000800000000)
  region size 2048K, 14 young (28672K), 3 survivors (6144K)
 Metaspace       used 31053K, committed 31488K, reserved 1114112K
  class space    used 3852K, committed 4096K, reserved 1048576K
}
Event: 1.867 GC heap after
{Heap after GC invocations=5 (full 0):
 garbage-first heap   total 49152K, used 13816K [0x0000000705c00000, 0x0000000800000000)
  region size 2048K, 2 young (4096K), 2 survivors (4096K)
 Metaspace       used 31053K, committed 31488K, reserved 1114112K
  class space    used 3852K, committed 4096K, reserved 1048576K
}
Event: 2.107 GC heap before
{Heap before GC invocations=5 (full 0):
 garbage-first heap   total 49152K, used 28152K [0x0000000705c00000, 0x0000000800000000)
  region size 2048K, 10 young (20480K), 2 survivors (4096K)
 Metaspace       used 35516K, committed 35968K, reserved 1114112K
  class space    used 4493K, committed 4672K, reserved 1048576K
}
Event: 2.111 GC heap after
{Heap after GC invocations=6 (full 0):
 garbage-first heap   total 49152K, used 14650K [0x0000000705c00000, 0x0000000800000000)
  region size 2048K, 1 young (2048K), 1 survivors (2048K)
 Metaspace       used 35516K, committed 35968K, reserved 1114112K
  class space    used 4493K, committed 4672K, reserved 1048576K
}
Event: 2.125 GC heap before
{Heap before GC invocations=6 (full 0):
 garbage-first heap   total 49152K, used 14650K [0x0000000705c00000, 0x0000000800000000)
  region size 2048K, 2 young (4096K), 1 survivors (2048K)
 Metaspace       used 35869K, committed 36288K, reserved 1114112K
  class space    used 4541K, committed 4736K, reserved 1048576K
}
Event: 2.127 GC heap after
{Heap after GC invocations=7 (full 0):
 garbage-first heap   total 49152K, used 14591K [0x0000000705c00000, 0x0000000800000000)
  region size 2048K, 1 young (2048K), 1 survivors (2048K)
 Metaspace       used 35869K, committed 36288K, reserved 1114112K
  class space    used 4541K, committed 4736K, reserved 1048576K
}
Event: 2.477 GC heap before
{Heap before GC invocations=8 (full 0):
 garbage-first heap   total 49152K, used 35071K [0x0000000705c00000, 0x0000000800000000)
  region size 2048K, 12 young (24576K), 1 survivors (2048K)
 Metaspace       used 42850K, committed 43328K, reserved 1114112K
  class space    used 5663K, committed 5888K, reserved 1048576K
}
Event: 2.479 GC heap after
{Heap after GC invocations=9 (full 0):
 garbage-first heap   total 49152K, used 15577K [0x0000000705c00000, 0x0000000800000000)
  region size 2048K, 2 young (4096K), 2 survivors (4096K)
 Metaspace       used 42850K, committed 43328K, reserved 1114112K
  class space    used 5663K, committed 5888K, reserved 1048576K
}
Event: 2.944 GC heap before
{Heap before GC invocations=9 (full 0):
 garbage-first heap   total 49152K, used 38105K [0x0000000705c00000, 0x0000000800000000)
  region size 2048K, 13 young (26624K), 2 survivors (4096K)
 Metaspace       used 48907K, committed 49536K, reserved 1114112K
  class space    used 6748K, committed 7040K, reserved 1048576K
}
Event: 2.946 GC heap after
{Heap after GC invocations=10 (full 0):
 garbage-first heap   total 49152K, used 16853K [0x0000000705c00000, 0x0000000800000000)
  region size 2048K, 2 young (4096K), 2 survivors (4096K)
 Metaspace       used 48907K, committed 49536K, reserved 1114112K
  class space    used 6748K, committed 7040K, reserved 1048576K
}
Event: 9.647 GC heap before
{Heap before GC invocations=10 (full 0):
 garbage-first heap   total 49152K, used 41429K [0x0000000705c00000, 0x0000000800000000)
  region size 2048K, 13 young (26624K), 2 survivors (4096K)
 Metaspace       used 55814K, committed 56384K, reserved 1114112K
  class space    used 7742K, committed 8000K, reserved 1048576K
}
Event: 9.651 GC heap after
{Heap after GC invocations=11 (full 0):
 garbage-first heap   total 49152K, used 21532K [0x0000000705c00000, 0x0000000800000000)
  region size 2048K, 2 young (4096K), 2 survivors (4096K)
 Metaspace       used 55814K, committed 56384K, reserved 1114112K
  class space    used 7742K, committed 8000K, reserved 1048576K
}
Event: 9.930 GC heap before
{Heap before GC invocations=11 (full 0):
 garbage-first heap   total 49152K, used 39964K [0x0000000705c00000, 0x0000000800000000)
  region size 2048K, 11 young (22528K), 2 survivors (4096K)
 Metaspace       used 57953K, committed 58496K, reserved 1114112K
  class space    used 8018K, committed 8256K, reserved 1048576K
}
Event: 9.932 GC heap after
{Heap after GC invocations=12 (full 0):
 garbage-first heap   total 49152K, used 22770K [0x0000000705c00000, 0x0000000800000000)
  region size 2048K, 1 young (2048K), 1 survivors (2048K)
 Metaspace       used 57953K, committed 58496K, reserved 1114112K
  class space    used 8018K, committed 8256K, reserved 1048576K
}
Event: 10.228 GC heap before
{Heap before GC invocations=12 (full 0):
 garbage-first heap   total 49152K, used 41202K [0x0000000705c00000, 0x0000000800000000)
  region size 2048K, 10 young (20480K), 1 survivors (2048K)
 Metaspace       used 58804K, committed 59392K, reserved 1114112K
  class space    used 8113K, committed 8384K, reserved 1048576K
}
Event: 10.231 GC heap after
{Heap after GC invocations=13 (full 0):
 garbage-first heap   total 49152K, used 23490K [0x0000000705c00000, 0x0000000800000000)
  region size 2048K, 2 young (4096K), 2 survivors (4096K)
 Metaspace       used 58804K, committed 59392K, reserved 1114112K
  class space    used 8113K, committed 8384K, reserved 1048576K
}
Event: 14.638 GC heap before
{Heap before GC invocations=14 (full 0):
 garbage-first heap   total 49152K, used 35778K [0x0000000705c00000, 0x0000000800000000)
  region size 2048K, 9 young (18432K), 2 survivors (4096K)
 Metaspace       used 59612K, committed 60160K, reserved 1114112K
  class space    used 8217K, committed 8448K, reserved 1048576K
}
Event: 14.640 GC heap after
{Heap after GC invocations=15 (full 0):
 garbage-first heap   total 153600K, used 26233K [0x0000000705c00000, 0x0000000800000000)
  region size 2048K, 2 young (4096K), 2 survivors (4096K)
 Metaspace       used 59612K, committed 60160K, reserved 1114112K
  class space    used 8217K, committed 8448K, reserved 1048576K
}

Dll operation events (20 events):
Event: 0.454 Loaded shared library C:\Users\oc_vh\.openjfx\cache\21.0.2+5\amd64\api-ms-win-crt-runtime-l1-1-0.dll
Event: 0.457 Loaded shared library C:\Users\oc_vh\.openjfx\cache\21.0.2+5\amd64\api-ms-win-crt-stdio-l1-1-0.dll
Event: 0.463 Loaded shared library C:\Users\oc_vh\.openjfx\cache\21.0.2+5\amd64\api-ms-win-crt-string-l1-1-0.dll
Event: 0.466 Loaded shared library C:\Users\oc_vh\.openjfx\cache\21.0.2+5\amd64\api-ms-win-crt-time-l1-1-0.dll
Event: 0.470 Loaded shared library C:\Users\oc_vh\.openjfx\cache\21.0.2+5\amd64\api-ms-win-crt-utility-l1-1-0.dll
Event: 0.481 Loaded shared library C:\Users\oc_vh\.openjfx\cache\21.0.2+5\amd64\ucrtbase.dll
Event: 0.484 Loaded shared library C:\Users\oc_vh\.openjfx\cache\21.0.2+5\amd64\vcruntime140.dll
Event: 0.487 Loaded shared library C:\Users\oc_vh\.openjfx\cache\21.0.2+5\amd64\vcruntime140_1.dll
Event: 0.494 Loaded shared library C:\Users\oc_vh\.openjfx\cache\21.0.2+5\amd64\msvcp140.dll
Event: 0.497 Loaded shared library C:\Users\oc_vh\.openjfx\cache\21.0.2+5\amd64\msvcp140_1.dll
Event: 0.508 Loaded shared library C:\Users\oc_vh\.openjfx\cache\21.0.2+5\amd64\msvcp140_2.dll
Event: 0.534 Loaded shared library C:\Users\oc_vh\.openjfx\cache\21.0.2+5\amd64\prism_d3d.dll
Event: 0.624 Loaded shared library C:\Users\oc_vh\.openjfx\cache\21.0.2+5\amd64\glass.dll
Event: 0.932 Loaded shared library C:\Users\oc_vh\.openjfx\cache\21.0.2+5\amd64\javafx_font.dll
Event: 1.570 Loaded shared library C:\Program Files\Java\jdk-21.0.11\bin\sunmscapi.dll
Event: 2.007 Loaded shared library C:\Program Files\Java\jdk-21.0.11\bin\verify.dll
Event: 23.183 Loaded shared library C:\Program Files\Java\jdk-21.0.11\bin\awt.dll
Event: 23.206 Loaded shared library C:\Users\oc_vh\.openjfx\cache\21.0.2+5\amd64\prism_common.dll
Event: 23.255 Loaded shared library C:\Program Files\Java\jdk-21.0.11\bin\freetype.dll
Event: 23.256 Loaded shared library C:\Program Files\Java\jdk-21.0.11\bin\fontmanager.dll

Deoptimization events (20 events):
Event: 21.762 Thread 0x00000163a2843f20 DEOPT PACKING pc=0x00000163462c0105 sp=0x0000001b632fd790
Event: 21.762 Thread 0x00000163a2843f20 DEOPT UNPACKING pc=0x000001634ca14e42 sp=0x0000001b632fcbe8 mode 0
Event: 21.763 Thread 0x00000163a2843f20 DEOPT PACKING pc=0x00000163462c0105 sp=0x0000001b632fd790
Event: 21.763 Thread 0x00000163a2843f20 DEOPT UNPACKING pc=0x000001634ca14e42 sp=0x0000001b632fcbe8 mode 0
Event: 21.784 Thread 0x00000163a2843f20 DEOPT PACKING pc=0x00000163462c0126 sp=0x0000001b632fdb00
Event: 21.784 Thread 0x00000163a2843f20 DEOPT UNPACKING pc=0x000001634ca14e42 sp=0x0000001b632fcf68 mode 0
Event: 21.784 Thread 0x00000163a2843f20 DEOPT PACKING pc=0x00000163462c0126 sp=0x0000001b632fdb00
Event: 21.784 Thread 0x00000163a2843f20 DEOPT UNPACKING pc=0x000001634ca14e42 sp=0x0000001b632fcf68 mode 0
Event: 21.784 Thread 0x00000163a2843f20 DEOPT PACKING pc=0x00000163462c0126 sp=0x0000001b632fdb00
Event: 21.784 Thread 0x00000163a2843f20 DEOPT UNPACKING pc=0x000001634ca14e42 sp=0x0000001b632fcf68 mode 0
Event: 21.784 Thread 0x00000163a2843f20 DEOPT PACKING pc=0x00000163462c0105 sp=0x0000001b632fdb00
Event: 21.784 Thread 0x00000163a2843f20 DEOPT UNPACKING pc=0x000001634ca14e42 sp=0x0000001b632fcf58 mode 0
Event: 23.561 Thread 0x00000163a2f44b90 Uncommon trap: trap_request=0xffffff45 fr.pc=0x000001634d20c6e4 relative=0x0000000000000a44
Event: 23.561 Thread 0x00000163a2f44b90 Uncommon trap: reason=unstable_if action=reinterpret pc=0x000001634d20c6e4 method=java.util.HashMap.putVal(ILjava/lang/Object;Ljava/lang/Object;ZZ)Ljava/lang/Object; @ 206 c2
Event: 23.561 Thread 0x00000163a2f44b90 DEOPT PACKING pc=0x000001634d20c6e4 sp=0x0000001b635f7fe0
Event: 23.561 Thread 0x00000163a2f44b90 DEOPT UNPACKING pc=0x000001634ca146a2 sp=0x0000001b635f7f20 mode 2
Event: 23.561 Thread 0x00000163a2f44b90 Uncommon trap: trap_request=0xffffff45 fr.pc=0x000001634d1fe340 relative=0x00000000000009a0
Event: 23.561 Thread 0x00000163a2f44b90 Uncommon trap: reason=unstable_if action=reinterpret pc=0x000001634d1fe340 method=java.util.HashMap.putVal(ILjava/lang/Object;Ljava/lang/Object;ZZ)Ljava/lang/Object; @ 206 c2
Event: 23.561 Thread 0x00000163a2f44b90 DEOPT PACKING pc=0x000001634d1fe340 sp=0x0000001b635f7f40
Event: 23.561 Thread 0x00000163a2f44b90 DEOPT UNPACKING pc=0x000001634ca146a2 sp=0x0000001b635f7f18 mode 2

Classes loaded (20 events):
Event: 25.928 Loading class sun/awt/im/ExecutableInputMethodManager$3
Event: 25.928 Loading class sun/awt/im/ExecutableInputMethodManager$3 done
Event: 25.929 Loading class sun/awt/windows/WInputMethod
Event: 25.929 Loading class sun/awt/im/InputMethodAdapter
Event: 25.929 Loading class java/awt/im/spi/InputMethod
Event: 25.929 Loading class java/awt/im/spi/InputMethod done
Event: 25.929 Loading class sun/awt/im/InputMethodAdapter done
Event: 25.930 Loading class sun/awt/windows/WInputMethod done
Event: 25.930 Loading class java/awt/Color
Event: 25.930 Loading class java/awt/Paint
Event: 25.930 Loading class java/awt/Paint done
Event: 25.930 Loading class java/awt/Color done
Event: 27.228 Loading class java/util/IdentityHashMap$ValueIterator
Event: 27.228 Loading class java/util/IdentityHashMap$ValueIterator done
Event: 27.228 Loading class sun/awt/AppContext$PostShutdownEventRunnable
Event: 27.229 Loading class sun/awt/AppContext$PostShutdownEventRunnable done
Event: 27.229 Loading class sun/awt/AWTAutoShutdown$1
Event: 27.229 Loading class sun/awt/AWTAutoShutdown$1 done
Event: 108.857 Loading class jdk/internal/misc/Signal$1
Event: 108.857 Loading class jdk/internal/misc/Signal$1 done

Classes unloaded (0 events):
No events

Classes redefined (0 events):
No events

Internal exceptions (20 events):
Event: 3.089 Thread 0x00000163a2f44b90 Exception <a 'java/lang/NoSuchMethodError'{0x0000000714e994d0}: 'java.lang.Object java.lang.invoke.DirectMethodHandle$Holder.newInvokeSpecial(java.lang.Object, java.lang.Object, long)'> (0x0000000714e994d0) 
thrown [s\open\src\hotspot\share\interpreter\linkResolver.cpp, line 773]
Event: 9.377 Thread 0x00000163a2f44b90 Exception <a 'java/lang/NoSuchMethodError'{0x0000000714aa8940}: 'java.lang.Object java.lang.invoke.DirectMethodHandle$Holder.newInvokeSpecial(java.lang.Object, java.lang.Object, int, int, int, int, int, java.lang.Object)'> (0x0000000714aa8940) 
thrown [s\open\src\hotspot\share\interpreter\linkResolver.cpp, line 773]
Event: 9.377 Thread 0x00000163a2f44b90 Exception <a 'java/lang/NoSuchMethodError'{0x0000000714aba560}: 'java.lang.Object java.lang.invoke.DirectMethodHandle$Holder.newInvokeSpecial(java.lang.Object, java.lang.Object, java.lang.Object, int, int, int, int, int)'> (0x0000000714aba560) 
thrown [s\open\src\hotspot\share\interpreter\linkResolver.cpp, line 773]
Event: 9.378 Thread 0x00000163a2f44b90 Exception <a 'java/lang/NoSuchMethodError'{0x0000000714ac1880}: 'java.lang.Object java.lang.invoke.Invokers$Holder.linkToTargetMethod(java.lang.Object, java.lang.Object, int, int, int, int, int, java.lang.Object)'> (0x0000000714ac1880) 
thrown [s\open\src\hotspot\share\interpreter\linkResolver.cpp, line 773]
Event: 9.597 Thread 0x00000163a2f44b90 Exception <a 'java/lang/NoSuchMethodError'{0x00000007079a7b50}: 'int java.lang.invoke.DirectMethodHandle$Holder.invokeStatic(java.lang.Object)'> (0x00000007079a7b50) 
thrown [s\open\src\hotspot\share\interpreter\linkResolver.cpp, line 773]
Event: 9.746 Thread 0x00000163a2f44b90 Exception <a 'java/lang/NoSuchMethodError'{0x0000000714c32568}: 'void java.lang.invoke.Invokers$Holder.invokeExact_MT(java.lang.Object, java.lang.Object, int, java.lang.Object)'> (0x0000000714c32568) 
thrown [s\open\src\hotspot\share\interpreter\linkResolver.cpp, line 773]
Event: 9.852 Thread 0x00000163a2f44b90 Implicit null exception at 0x000001634d0e44e5 to 0x000001634d0e52ac
Event: 10.137 Thread 0x00000163a2f44b90 Exception <a 'java/lang/NoSuchMethodError'{0x0000000707c30088}: 'java.lang.Object java.lang.invoke.DirectMethodHandle$Holder.invokeInterface(java.lang.Object, java.lang.Object, int)'> (0x0000000707c30088) 
thrown [s\open\src\hotspot\share\interpreter\linkResolver.cpp, line 773]
Event: 10.297 Thread 0x00000163a2f44b90 Exception <a 'java/io/FileNotFoundException'{0x00000007157cda18}> (0x00000007157cda18) 
thrown [s\open\src\hotspot\share\prims\jni.cpp, line 520]
Event: 10.297 Thread 0x00000163a2f44b90 Exception <a 'java/io/FileNotFoundException'{0x00000007157fdd30}> (0x00000007157fdd30) 
thrown [s\open\src\hotspot\share\prims\jni.cpp, line 520]
Event: 10.298 Thread 0x00000163a2f44b90 Exception <a 'java/io/FileNotFoundException'{0x0000000714e8c450}> (0x0000000714e8c450) 
thrown [s\open\src\hotspot\share\prims\jni.cpp, line 520]
Event: 10.298 Thread 0x00000163a2f44b90 Exception <a 'java/io/FileNotFoundException'{0x0000000714e8e050}> (0x0000000714e8e050) 
thrown [s\open\src\hotspot\share\prims\jni.cpp, line 520]
Event: 10.306 Thread 0x00000163a2f44b90 Exception <a 'java/io/FileNotFoundException'{0x0000000714fbdcb0}> (0x0000000714fbdcb0) 
thrown [s\open\src\hotspot\share\prims\jni.cpp, line 520]
Event: 10.306 Thread 0x00000163a2f44b90 Exception <a 'java/io/FileNotFoundException'{0x0000000714fbfe10}> (0x0000000714fbfe10) 
thrown [s\open\src\hotspot\share\prims\jni.cpp, line 520]
Event: 10.306 Thread 0x00000163a2f44b90 Exception <a 'java/io/FileNotFoundException'{0x0000000714fc1f88}> (0x0000000714fc1f88) 
thrown [s\open\src\hotspot\share\prims\jni.cpp, line 520]
Event: 10.306 Thread 0x00000163a2f44b90 Exception <a 'java/io/FileNotFoundException'{0x0000000714fc40e8}> (0x0000000714fc40e8) 
thrown [s\open\src\hotspot\share\prims\jni.cpp, line 520]
Event: 21.582 Thread 0x00000163a2f44b90 Exception <a 'java/lang/NoSuchMethodError'{0x000000070e5808d0}: 'void java.lang.invoke.DirectMethodHandle$Holder.invokeInterface(java.lang.Object, java.lang.Object, java.lang.Object, java.lang.Object)'> (0x000000070e5808d0) 
thrown [s\open\src\hotspot\share\interpreter\linkResolver.cpp, line 773]
Event: 23.178 Thread 0x00000163a2f44b90 Exception <a 'java/lang/ClassNotFoundException'{0x000000070e1e5808}: sun/awt/resources/spi/awtProvider> (0x000000070e1e5808) 
thrown [s\open\src\hotspot\share\classfile\systemDictionary.cpp, line 313]
Event: 23.184 Thread 0x00000163a2f44b90 Exception <a 'java/io/FileNotFoundException'{0x000000070e1e9470}> (0x000000070e1e9470) 
thrown [s\open\src\hotspot\share\prims\jni.cpp, line 520]
Event: 23.184 Thread 0x00000163a2f44b90 Exception <a 'java/io/FileNotFoundException'{0x000000070e1eb770}> (0x000000070e1eb770) 
thrown [s\open\src\hotspot\share\prims\jni.cpp, line 520]

ZGC Phase Switch (0 events):
No events

VM Operations (20 events):
Event: 60.077 Executing VM operation: HandshakeAllThreads (HandshakeForDeflation) done
Event: 60.077 Executing VM operation: RendezvousGCThreads
Event: 60.077 Executing VM operation: RendezvousGCThreads done
Event: 61.090 Executing VM operation: Cleanup
Event: 61.090 Executing VM operation: Cleanup done
Event: 68.155 Executing VM operation: Cleanup
Event: 68.156 Executing VM operation: Cleanup done
Event: 69.171 Executing VM operation: Cleanup
Event: 69.171 Executing VM operation: Cleanup done
Event: 85.279 Executing VM operation: Cleanup
Event: 85.279 Executing VM operation: Cleanup done
Event: 86.294 Executing VM operation: Cleanup
Event: 86.294 Executing VM operation: Cleanup done
Event: 94.359 Executing VM operation: Cleanup
Event: 94.359 Executing VM operation: Cleanup done
Event: 95.363 Executing VM operation: Cleanup
Event: 95.363 Executing VM operation: Cleanup done
Event: 108.464 Executing VM operation: Cleanup
Event: 108.464 Executing VM operation: Cleanup done
Event: 108.978 Executing VM operation: Exit

Events (20 events):
Event: 25.925 Thread 0x00000163ab3c2ca0 Thread exited: 0x00000163ab3c2ca0
Event: 25.932 Thread 0x00000163ab3c3330 Thread exited: 0x00000163ab3c3330
Event: 27.229 Thread 0x00000163ad82f0e0 Thread exited: 0x00000163ad82f0e0
Event: 27.229 Thread 0x00000163ab3c2610 Thread exited: 0x00000163ab3c2610
Event: 69.391 Thread 0x00000163ad82f0e0 Thread added: 0x00000163ad82f0e0
Event: 70.419 Thread 0x00000163ad82f0e0 Thread exited: 0x00000163ad82f0e0
Event: 89.840 Thread 0x00000163ad82f0e0 Thread added: 0x00000163ad82f0e0
Event: 90.448 Thread 0x00000163a2f46c60 Thread exited: 0x00000163a2f46c60
Event: 90.868 Thread 0x00000163ad82f0e0 Thread exited: 0x00000163ad82f0e0
Event: 108.857 Thread 0x00000163ad82f0e0 Thread added: 0x00000163ad82f0e0
Event: 108.859 Thread 0x00000163a2f46c60 Thread added: 0x00000163a2f46c60
Event: 108.859 Thread 0x00000163ab3c39c0 Thread added: 0x00000163ab3c39c0
Event: 108.859 Thread 0x00000163ab3c1260 Thread added: 0x00000163ab3c1260
Event: 108.862 Thread 0x00000163a2f46c60 Thread exited: 0x00000163a2f46c60
Event: 108.862 Thread 0x00000163ab3c0bd0 Thread added: 0x00000163ab3c0bd0
Event: 108.863 Thread 0x00000163ab3c39c0 Thread exited: 0x00000163ab3c39c0
Event: 108.875 Thread 0x00000163ad830490 Thread exited: 0x00000163ad830490
Event: 108.915 Thread 0x00000163a2843f20 Thread exited: 0x00000163a2843f20
Event: 108.978 Thread 0x00000163ab3c1260 Thread exited: 0x00000163ab3c1260
Event: 108.978 Thread 0x000001635c49c830 Thread exited: 0x000001635c49c830


Dynamic libraries:
0x00007ff7c9110000 - 0x00007ff7c9120000 	C:\Program Files\Java\jdk-21.0.11\bin\java.exe
0x00007fff23b60000 - 0x00007fff23dc7000 	C:\windows\SYSTEM32\ntdll.dll
0x00007fff226f0000 - 0x00007fff227b9000 	C:\windows\System32\KERNEL32.DLL
0x00007fff210a0000 - 0x00007fff21497000 	C:\windows\System32\KERNELBASE.dll
0x00007fff214a0000 - 0x00007fff215eb000 	C:\windows\System32\ucrtbase.dll
0x00007fff02280000 - 0x00007fff0229e000 	C:\Program Files\Java\jdk-21.0.11\bin\VCRUNTIME140.dll
0x00007fff0a650000 - 0x00007fff0a669000 	C:\Program Files\Java\jdk-21.0.11\bin\jli.dll
0x00007fff21cb0000 - 0x00007fff21d66000 	C:\windows\System32\ADVAPI32.dll
0x00007fff22b10000 - 0x00007fff22bb9000 	C:\windows\System32\msvcrt.dll
0x00007fff21960000 - 0x00007fff21a07000 	C:\windows\System32\sechost.dll
0x00007fff21b80000 - 0x00007fff21c98000 	C:\windows\System32\RPCRT4.dll
0x00007fff22bc0000 - 0x00007fff22d86000 	C:\windows\System32\USER32.dll
0x00007fff20f40000 - 0x00007fff20f67000 	C:\windows\System32\win32u.dll
0x00007fff227c0000 - 0x00007fff227eb000 	C:\windows\System32\GDI32.dll
0x00007fff20f70000 - 0x00007fff2109c000 	C:\windows\System32\gdi32full.dll
0x00007fff215f0000 - 0x00007fff21693000 	C:\windows\System32\msvcp_win.dll
0x00007fff1f720000 - 0x00007fff1f9b2000 	C:\windows\WinSxS\amd64_microsoft.windows.common-controls_6595b64144ccf1df_6.0.26100.8457_none_3e0b2faee331e92d\COMCTL32.dll
0x00007fff17e30000 - 0x00007fff17e3b000 	C:\windows\SYSTEM32\VERSION.dll
0x00007fff23750000 - 0x00007fff23782000 	C:\windows\System32\IMM32.DLL
0x00007fff18500000 - 0x00007fff1850c000 	C:\Program Files\Java\jdk-21.0.11\bin\vcruntime140_1.dll
0x00007ffee9240000 - 0x00007ffee92cd000 	C:\Program Files\Java\jdk-21.0.11\bin\msvcp140.dll
0x00007ffe82e10000 - 0x00007ffe83b38000 	C:\Program Files\Java\jdk-21.0.11\bin\server\jvm.dll
0x00007fff21a10000 - 0x00007fff21a90000 	C:\windows\System32\WS2_32.dll
0x00007fff1fdf0000 - 0x00007fff1fe4e000 	C:\windows\SYSTEM32\POWRPROF.dll
0x00007fff0cd60000 - 0x00007fff0cd96000 	C:\windows\SYSTEM32\WINMM.dll
0x00007fff1fac0000 - 0x00007fff1fad4000 	C:\windows\SYSTEM32\UMPDC.dll
0x00007fff1e9f0000 - 0x00007fff1ea0b000 	C:\windows\SYSTEM32\kernel.appcore.dll
0x00007fff0a640000 - 0x00007fff0a64a000 	C:\Program Files\Java\jdk-21.0.11\bin\jimage.dll
0x00007fff1fe60000 - 0x00007fff200a2000 	C:\windows\SYSTEM32\DBGHELP.DLL
0x00007fff23790000 - 0x00007fff23b13000 	C:\windows\System32\combase.dll
0x00007fff21d70000 - 0x00007fff21e49000 	C:\windows\System32\OLEAUT32.dll
0x00007fff1fce0000 - 0x00007fff1fd1b000 	C:\windows\SYSTEM32\dbgcore.DLL
0x00007fff20e90000 - 0x00007fff20f38000 	C:\windows\System32\bcryptPrimitives.dll
0x00007fff0a020000 - 0x00007fff0a030000 	C:\Program Files\Java\jdk-21.0.11\bin\instrument.dll
0x00007ffef6f10000 - 0x00007ffef6f31000 	C:\Program Files\Java\jdk-21.0.11\bin\java.dll
0x00007fff21f50000 - 0x00007fff226be000 	C:\windows\System32\SHELL32.dll
0x00007fff20590000 - 0x00007fff20dfc000 	C:\windows\System32\windows.storage.dll
0x00007fff21e50000 - 0x00007fff21f46000 	C:\windows\System32\SHCORE.dll
0x00007fff22fb0000 - 0x00007fff23016000 	C:\windows\System32\shlwapi.dll
0x00007fff204b0000 - 0x00007fff204d9000 	C:\windows\SYSTEM32\profapi.dll
0x00007ffecc330000 - 0x00007ffecc407000 	C:\Program Files\Java\jdk-21.0.11\bin\jsvml.dll
0x00007ffef3430000 - 0x00007ffef3448000 	C:\Program Files\Java\jdk-21.0.11\bin\zip.dll
0x00007fff02260000 - 0x00007fff02271000 	C:\Program Files\Java\jdk-21.0.11\bin\net.dll
0x00007fff16db0000 - 0x00007fff16ed9000 	C:\windows\SYSTEM32\WINHTTP.dll
0x00007fff1ef20000 - 0x00007fff1ef8c000 	C:\windows\system32\mswsock.dll
0x00007fff02170000 - 0x00007fff02186000 	C:\Program Files\Java\jdk-21.0.11\bin\nio.dll
0x00007fff1e470000 - 0x00007fff1e5a2000 	C:\windows\SYSTEM32\DNSAPI.dll
0x00007fff1e3e0000 - 0x00007fff1e412000 	C:\windows\SYSTEM32\IPHLPAPI.DLL
0x00007fff21ca0000 - 0x00007fff21caa000 	C:\windows\System32\NSI.dll
0x00007fff16070000 - 0x00007fff1607b000 	C:\Windows\System32\rasadhlp.dll
0x00007fff17760000 - 0x00007fff177e6000 	C:\windows\System32\fwpuclnt.dll
0x00007fff076c0000 - 0x00007fff076c9000 	C:\Program Files\Java\jdk-21.0.11\bin\extnet.dll
0x00007fff02350000 - 0x00007fff0235a000 	C:\Program Files\Java\jdk-21.0.11\bin\management.dll
0x00007ffee9ac0000 - 0x00007ffee9acc000 	C:\Program Files\Java\jdk-21.0.11\bin\management_ext.dll
0x00007fff21b60000 - 0x00007fff21b68000 	C:\windows\System32\PSAPI.DLL
0x000001633af70000 - 0x000001633af73000 	C:\Users\oc_vh\.openjfx\cache\21.0.2+5\amd64\api-ms-win-core-console-l1-1-0.dll
0x000001633af80000 - 0x000001633af83000 	C:\Users\oc_vh\.openjfx\cache\21.0.2+5\amd64\api-ms-win-core-console-l1-2-0.dll
0x000001633b330000 - 0x000001633b333000 	C:\Users\oc_vh\.openjfx\cache\21.0.2+5\amd64\api-ms-win-core-datetime-l1-1-0.dll
0x000001633b340000 - 0x000001633b343000 	C:\Users\oc_vh\.openjfx\cache\21.0.2+5\amd64\api-ms-win-core-debug-l1-1-0.dll
0x000001633b350000 - 0x000001633b353000 	C:\Users\oc_vh\.openjfx\cache\21.0.2+5\amd64\api-ms-win-core-errorhandling-l1-1-0.dll
0x000001633b360000 - 0x000001633b364000 	C:\Users\oc_vh\.openjfx\cache\21.0.2+5\amd64\api-ms-win-core-file-l1-1-0.dll
0x000001633b370000 - 0x000001633b373000 	C:\Users\oc_vh\.openjfx\cache\21.0.2+5\amd64\api-ms-win-core-file-l1-2-0.dll
0x000001633cee0000 - 0x000001633cee3000 	C:\Users\oc_vh\.openjfx\cache\21.0.2+5\amd64\api-ms-win-core-file-l2-1-0.dll
0x00007fff201d0000 - 0x00007fff201eb000 	C:\windows\SYSTEM32\CRYPTSP.dll
0x00007fff1f240000 - 0x00007fff1f279000 	C:\windows\system32\rsaenh.dll
0x00007fff1ef90000 - 0x00007fff1efc3000 	C:\windows\SYSTEM32\USERENV.dll
0x00007fff20480000 - 0x00007fff204aa000 	C:\windows\SYSTEM32\bcrypt.dll
0x000001633cef0000 - 0x000001633cef3000 	C:\Users\oc_vh\.openjfx\cache\21.0.2+5\amd64\api-ms-win-core-handle-l1-1-0.dll
0x00007fff1f620000 - 0x00007fff1f62c000 	C:\windows\SYSTEM32\CRYPTBASE.dll
0x000001633cf00000 - 0x000001633cf03000 	C:\Users\oc_vh\.openjfx\cache\21.0.2+5\amd64\api-ms-win-core-heap-l1-1-0.dll
0x000001633cf10000 - 0x000001633cf13000 	C:\Users\oc_vh\.openjfx\cache\21.0.2+5\amd64\api-ms-win-core-interlocked-l1-1-0.dll
0x000001633cf20000 - 0x000001633cf23000 	C:\Users\oc_vh\.openjfx\cache\21.0.2+5\amd64\api-ms-win-core-libraryloader-l1-1-0.dll
0x000001633cf30000 - 0x000001633cf33000 	C:\Users\oc_vh\.openjfx\cache\21.0.2+5\amd64\api-ms-win-core-localization-l1-2-0.dll
0x000001633cf40000 - 0x000001633cf43000 	C:\Users\oc_vh\.openjfx\cache\21.0.2+5\amd64\api-ms-win-core-memory-l1-1-0.dll
0x00007ffeea140000 - 0x00007ffeea158000 	C:\windows\system32\napinsp.dll
0x00007fff04a70000 - 0x00007fff04a83000 	C:\windows\System32\winrnr.dll
0x00007ffee2910000 - 0x00007ffee2932000 	C:\windows\system32\nlansp_c.dll
0x000001633cf50000 - 0x000001633cf53000 	C:\Users\oc_vh\.openjfx\cache\21.0.2+5\amd64\api-ms-win-core-namedpipe-l1-1-0.dll
0x00007ffee28f0000 - 0x00007ffee2906000 	C:\windows\system32\wshbth.dll
0x000001633cf60000 - 0x000001633cf63000 	C:\Users\oc_vh\.openjfx\cache\21.0.2+5\amd64\api-ms-win-core-processenvironment-l1-1-0.dll
0x000001633cf70000 - 0x000001633cf73000 	C:\Users\oc_vh\.openjfx\cache\21.0.2+5\amd64\api-ms-win-core-processthreads-l1-1-0.dll
0x000001633cf80000 - 0x000001633cf83000 	C:\Users\oc_vh\.openjfx\cache\21.0.2+5\amd64\api-ms-win-core-processthreads-l1-1-1.dll
0x000001633cf90000 - 0x000001633cf93000 	C:\Users\oc_vh\.openjfx\cache\21.0.2+5\amd64\api-ms-win-core-profile-l1-1-0.dll
0x000001635cd40000 - 0x000001635cd43000 	C:\Users\oc_vh\.openjfx\cache\21.0.2+5\amd64\api-ms-win-core-rtlsupport-l1-1-0.dll
0x000001635cd50000 - 0x000001635cd53000 	C:\Users\oc_vh\.openjfx\cache\21.0.2+5\amd64\api-ms-win-core-string-l1-1-0.dll
0x000001635cd60000 - 0x000001635cd63000 	C:\Users\oc_vh\.openjfx\cache\21.0.2+5\amd64\api-ms-win-core-synch-l1-1-0.dll
0x000001635cd70000 - 0x000001635cd73000 	C:\Users\oc_vh\.openjfx\cache\21.0.2+5\amd64\api-ms-win-core-synch-l1-2-0.dll
0x000001635cd80000 - 0x000001635cd83000 	C:\Users\oc_vh\.openjfx\cache\21.0.2+5\amd64\api-ms-win-core-sysinfo-l1-1-0.dll
0x000001635cd90000 - 0x000001635cd93000 	C:\Users\oc_vh\.openjfx\cache\21.0.2+5\amd64\api-ms-win-core-timezone-l1-1-0.dll
0x000001635cda0000 - 0x000001635cda3000 	C:\Users\oc_vh\.openjfx\cache\21.0.2+5\amd64\api-ms-win-core-util-l1-1-0.dll
0x000001635cdb0000 - 0x000001635cdb3000 	C:\Users\oc_vh\.openjfx\cache\21.0.2+5\amd64\api-ms-win-crt-conio-l1-1-0.dll
0x000001635cdc0000 - 0x000001635cdc4000 	C:\Users\oc_vh\.openjfx\cache\21.0.2+5\amd64\api-ms-win-crt-convert-l1-1-0.dll
0x000001635cdd0000 - 0x000001635cdd3000 	C:\Users\oc_vh\.openjfx\cache\21.0.2+5\amd64\api-ms-win-crt-environment-l1-1-0.dll
0x000001635cde0000 - 0x000001635cde3000 	C:\Users\oc_vh\.openjfx\cache\21.0.2+5\amd64\api-ms-win-crt-filesystem-l1-1-0.dll
0x000001635cdf0000 - 0x000001635cdf3000 	C:\Users\oc_vh\.openjfx\cache\21.0.2+5\amd64\api-ms-win-crt-heap-l1-1-0.dll
0x000001635ce00000 - 0x000001635ce03000 	C:\Users\oc_vh\.openjfx\cache\21.0.2+5\amd64\api-ms-win-crt-locale-l1-1-0.dll
0x000001635ce10000 - 0x000001635ce15000 	C:\Users\oc_vh\.openjfx\cache\21.0.2+5\amd64\api-ms-win-crt-math-l1-1-0.dll
0x000001635ce20000 - 0x000001635ce25000 	C:\Users\oc_vh\.openjfx\cache\21.0.2+5\amd64\api-ms-win-crt-multibyte-l1-1-0.dll
0x000001635ce30000 - 0x000001635ce40000 	C:\Users\oc_vh\.openjfx\cache\21.0.2+5\amd64\api-ms-win-crt-private-l1-1-0.dll
0x000001635ce40000 - 0x000001635ce43000 	C:\Users\oc_vh\.openjfx\cache\21.0.2+5\amd64\api-ms-win-crt-process-l1-1-0.dll
0x000001635ce50000 - 0x000001635ce54000 	C:\Users\oc_vh\.openjfx\cache\21.0.2+5\amd64\api-ms-win-crt-runtime-l1-1-0.dll
0x000001635ce60000 - 0x000001635ce64000 	C:\Users\oc_vh\.openjfx\cache\21.0.2+5\amd64\api-ms-win-crt-stdio-l1-1-0.dll
0x000001635ce70000 - 0x000001635ce74000 	C:\Users\oc_vh\.openjfx\cache\21.0.2+5\amd64\api-ms-win-crt-string-l1-1-0.dll
0x000001635ce80000 - 0x000001635ce83000 	C:\Users\oc_vh\.openjfx\cache\21.0.2+5\amd64\api-ms-win-crt-time-l1-1-0.dll
0x000001635ce90000 - 0x000001635ce93000 	C:\Users\oc_vh\.openjfx\cache\21.0.2+5\amd64\api-ms-win-crt-utility-l1-1-0.dll
0x00007fff0bba0000 - 0x00007fff0bbf6000 	C:\windows\SYSTEM32\pdh.dll
0x00007ffeb2360000 - 0x00007ffeb245c000 	C:\Users\oc_vh\.openjfx\cache\21.0.2+5\amd64\ucrtbase.dll
0x00007ffef33e0000 - 0x00007ffef33fb000 	C:\Users\oc_vh\.openjfx\cache\21.0.2+5\amd64\vcruntime140.dll
0x00007ffee9af0000 - 0x00007ffee9afc000 	C:\Users\oc_vh\.openjfx\cache\21.0.2+5\amd64\vcruntime140_1.dll
0x00007ffecbde0000 - 0x00007ffecbe6e000 	C:\Users\oc_vh\.openjfx\cache\21.0.2+5\amd64\msvcp140.dll
0x00007ffee9b00000 - 0x00007ffee9b09000 	C:\Users\oc_vh\.openjfx\cache\21.0.2+5\amd64\msvcp140_1.dll
0x00007ffee66b0000 - 0x00007ffee66f1000 	C:\Users\oc_vh\.openjfx\cache\21.0.2+5\amd64\msvcp140_2.dll
0x00007ffee9570000 - 0x00007ffee95a0000 	C:\Users\oc_vh\.openjfx\cache\21.0.2+5\amd64\prism_d3d.dll
0x00007ffefb690000 - 0x00007ffefb843000 	C:\windows\system32\d3d9.dll
0x00007fff1d140000 - 0x00007fff1d16f000 	C:\windows\SYSTEM32\dwmapi.dll
0x00007fff1cf60000 - 0x00007fff1cfa5000 	C:\windows\SYSTEM32\dxcore.dll
0x00007fff1ce50000 - 0x00007fff1cefa000 	C:\windows\system32\uxtheme.dll
0x00007fff22970000 - 0x00007fff22b07000 	C:\windows\System32\ole32.dll
0x00007fff20220000 - 0x00007fff20271000 	C:\windows\SYSTEM32\CFGMGR32.dll
0x00007fff16fa0000 - 0x00007fff17001000 	C:\windows\SYSTEM32\directxdatabasehelper.dll
0x00007ffedfc50000 - 0x00007ffedfc92000 	C:\Users\oc_vh\.openjfx\cache\21.0.2+5\amd64\glass.dll
0x00007fff22870000 - 0x00007fff22960000 	C:\windows\System32\COMDLG32.dll
0x00007fff22dc0000 - 0x00007fff22f1c000 	C:\windows\System32\MSCTF.dll
0x00007ffee9ad0000 - 0x00007ffee9ae4000 	C:\Users\oc_vh\.openjfx\cache\21.0.2+5\amd64\javafx_font.dll
0x00007fff1b310000 - 0x00007fff1b577000 	C:\windows\SYSTEM32\dwrite.dll
0x00007ffee2370000 - 0x00007ffee2382000 	C:\windows\System32\perfproc.dll
0x00007ffee1bf0000 - 0x00007ffee1c01000 	C:\windows\System32\perfos.dll
0x00007fff1df60000 - 0x00007fff1df72000 	C:\windows\SYSTEM32\pfclient.dll

dbghelp: loaded successfully - version: 4.0.5 - missing functions: none
symbol engine: initialized successfully - sym options: 0x614 - pdb path: .;C:\Program Files\Java\jdk-21.0.11\bin;C:\windows\SYSTEM32;C:\windows\WinSxS\amd64_microsoft.windows.common-controls_6595b64144ccf1df_6.0.26100.8457_none_3e0b2faee331e92d;C:\Program Files\Java\jdk-21.0.11\bin\server;C:\Users\oc_vh\.openjfx\cache\21.0.2+5\amd64;C:\windows\System32\DriverStore\FileRepository\iigd_dch.inf_amd64_a0e4070823166b80;C:\Program Files\Common Files\Microsoft Shared\Ink;C:\windows\System32\DriverStore\FileRepository\ntprint.inf_amd64_78082862576f78bc\Amd64;C:\windows\System32\DriverStore\FileRepository\prnms003.inf_amd64_fe120272380ff332\Amd64;C:\Program Files\Microsoft Office\root\VFS\ProgramFilesCommonX64\Microsoft Shared\Office16

VM Arguments:
jvm_args: -javaagent:C:\Program Files\JetBrains\IntelliJ IDEA 2026.1.2\lib\idea_rt.jar=53685 -Dfile.encoding=UTF-8 -Dsun.stdout.encoding=UTF-8 -Dsun.stderr.encoding=UTF-8 
java_command: com.asm.App
java_class_path (initial): C:\Users\oc_vh\IdeaProjects\pdv-almacenes-san-miguel\target\classes;C:\Users\oc_vh\.m2\repository\org\openjfx\javafx-controls\21.0.2\javafx-controls-21.0.2.jar;C:\Users\oc_vh\.m2\repository\org\openjfx\javafx-controls\21.0.2\javafx-controls-21.0.2-win.jar;C:\Users\oc_vh\.m2\repository\org\openjfx\javafx-graphics\21.0.2\javafx-graphics-21.0.2.jar;C:\Users\oc_vh\.m2\repository\org\openjfx\javafx-graphics\21.0.2\javafx-graphics-21.0.2-win.jar;C:\Users\oc_vh\.m2\repository\org\openjfx\javafx-base\21.0.2\javafx-base-21.0.2.jar;C:\Users\oc_vh\.m2\repository\org\openjfx\javafx-base\21.0.2\javafx-base-21.0.2-win.jar;C:\Users\oc_vh\.m2\repository\org\openjfx\javafx-fxml\21.0.2\javafx-fxml-21.0.2.jar;C:\Users\oc_vh\.m2\repository\org\openjfx\javafx-fxml\21.0.2\javafx-fxml-21.0.2-win.jar;C:\Users\oc_vh\.m2\repository\org\hibernate\orm\hibernate-core\6.2.7.Final\hibernate-core-6.2.7.Final.jar;C:\Users\oc_vh\.m2\repository\jakarta\persistence\jakarta.persistence-api\3.1.0\jakarta.persistence-api-3.1.0.jar;C:\Users\oc_vh\.m2\repository\jakarta\transaction\jakarta.transaction-api\2.0.1\jakarta.transaction-api-2.0.1.jar;C:\Users\oc_vh\.m2\repository\org\jboss\logging\jboss-logging\3.5.0.Final\jboss-logging-3.5.0.Final.jar;C:\Users\oc_vh\.m2\repository\org\hibernate\common\hibernate-commons-annotations\6.0.6.Final\hibernate-commons-annotations-6.0.6.Final.jar;C:\Users\oc_vh\.m2\repository\io\smallrye\jandex\3.0.5\jandex-3.0.5.jar;C:\Users\oc_vh\.m2\repository\com\fasterxml\classmate\1.5.1\classmate-1.5.1.jar;C:\Users\oc_vh\.m2\repository\net\bytebuddy\byte-buddy\1.12.18\byte-buddy-1.12.18.jar;C:\Users\oc_vh\.m2\repository\jakarta\xml\bind\jakarta.xml.bind-api\4.0.0\jakarta.xml.bind-api-4.0.0.jar;C:\Users\oc_vh\.m2\repository\jakarta\activation\jakarta.activation-api\2.1.0\jakarta.activation-api-2.1.0.jar;C:\Users\oc_vh\.m2\repository\org\glassfish\jaxb\jaxb-runtime\4.0.2\jaxb-runtime-4.0.2.jar;C:\Users\oc_vh\.m2\repository\org\glassfish\jaxb\jaxb-core\4.0.2\jaxb-core-4.0.2.jar;C:\Users\oc_vh\.m2\repository\org\eclipse\angus\angus-activation\2.0.0\angus-activation-2.0.0.jar;C:\Users\oc_vh\.m2\repository\org\glassfish\jaxb\txw2\4.0.2\txw2-4.0.2.jar;C:\Users\oc_vh\.m2\repository\com\sun\istack\istack-commons-runtime\4.1.1\istack-commons-runtime-4.1.1.jar;C:\Users\oc_vh\.m2\repository\jakarta\inject\jakarta.inject-api\2.0.1\jakarta.inject-api-2.0.1.jar;C:\Users\oc_vh\.m2\repository\org\antlr\antlr4-runtime\4.10.1\antlr4-runtime-4.10.1.jar;C:\Users\oc_vh\.m2\repository\com\mysql\mysql-connector-j\8.0.33\mysql-connector-j-8.0.33.jar;C:\Users\oc_vh\.m2\repository\com\google\protobuf\protobuf-java\3.21.9\protobuf-java-3.21.9.jar;C:\Users\oc_vh\.m2\repository\org\junit\jupiter\junit-jupiter-api\5.9.2\junit-jupiter-api-5.9.2.jar;C:\Users\oc_vh\.m2\repository\org\opentest4j\opentest4j\1.2.0\opentest4j-1.2.0.jar;C:\Users\oc_vh\.m2\repository\org\junit\platform\junit-platform-commons\1.9.2\junit-platform-commons-1.9.2.jar;C:\Users\oc_vh\.m2\repository\org\apiguardian\apiguardian-api\1.1.2\apiguardian-api-1.1.2.jar;C:\Users\oc_vh\.m2\repository\org\junit\jupiter\junit-jupiter-engine\5.9.2\junit-jupiter-engine-5.9.2.jar;C:\Users\oc_vh\.m2\repository\org\junit\platform\junit-platform-engine\1.9.2\junit-platform-engine-1.9.2.jar
Launcher Type: SUN_STANDARD

[Global flags]
     intx CICompilerCount                          = 4                                         {product} {ergonomic}
     uint ConcGCThreads                            = 3                                         {product} {ergonomic}
     uint G1ConcRefinementThreads                  = 10                                        {product} {ergonomic}
   size_t G1HeapRegionSize                         = 2097152                                   {product} {ergonomic}
    uintx GCDrainStackTargetSize                   = 64                                        {product} {ergonomic}
   size_t InitialHeapSize                          = 264241152                                 {product} {ergonomic}
   size_t MarkStackSize                            = 4194304                                   {product} {ergonomic}
   size_t MaxHeapSize                              = 4198498304                                {product} {ergonomic}
   size_t MaxNewSize                               = 2518679552                                {product} {ergonomic}
   size_t MinHeapDeltaBytes                        = 2097152                                   {product} {ergonomic}
   size_t MinHeapSize                              = 8388608                                   {product} {ergonomic}
    uintx NonNMethodCodeHeapSize                   = 5839372                                {pd product} {ergonomic}
    uintx NonProfiledCodeHeapSize                  = 122909434                              {pd product} {ergonomic}
    uintx ProfiledCodeHeapSize                     = 122909434                              {pd product} {ergonomic}
    uintx ReservedCodeCacheSize                    = 251658240                              {pd product} {ergonomic}
     bool SegmentedCodeCache                       = true                                      {product} {ergonomic}
   size_t SoftMaxHeapSize                          = 4198498304                             {manageable} {ergonomic}
     bool UseCompressedOops                        = true                           {product lp64_product} {ergonomic}
     bool UseG1GC                                  = true                                      {product} {ergonomic}
     bool UseLargePagesIndividualAllocation        = false                                  {pd product} {ergonomic}

Logging:
Log output configuration:
 #0: stdout all=off uptime,level,tags foldmultilines=false
 #1: stderr all=off uptime,level,tags foldmultilines=false

Environment Variables:
JAVA_HOME=C:\Program Files\Java\jdk-21.0.11
PATH=C:\Program Files\Common Files\Oracle\Java\javapath;C:\Program Files\Microsoft MPI\Bin\;C:\windows\system32;C:\windows;C:\windows\System32\Wbem;C:\windows\System32\WindowsPowerShell\v1.0\;C:\windows\System32\OpenSSH\;C:\Program Files (x86)\NVIDIA Corporation\PhysX\Common;C:\Program Files\NVIDIA Corporation\NVIDIA App\NvDLISR;C:\Users\Administrator\AppData\Local\Microsoft\WindowsApps;C:\Program Files\HP\OMEN-Broadcast\Common;C:\Program Files (x86)\Microsoft SQL Server\170\Tools\Binn\;C:\Program Files\Microsoft SQL Server\170\Tools\Binn\;C:\Program Files\Microsoft SQL Server\Client SDK\ODBC\180\Tools\Binn\;C:\Program Files\Microsoft SQL Server\170\DTS\Binn\;C:\Program Files\PuTTY\;C:\Program Files\Microchip\xc8\v2.36\bin;C:\Program Files\Java\jdk-21.0.11\bin;C:\Program Files\Git\cmd;C:\Program Files\Microsoft SQL Server\Client SDK\ODBC\130\Tools\Binn\;C:\Program Files (x86)\Microsoft SQL Server\130\Tools\Binn\;C:\Program Files\Microsoft SQL Server\130\Tools\Binn\;C:\Program Files\Microsoft SQL Server\130\DTS\Binn\;C:\Users\oc_vh\AppData\Local\Microsoft\WindowsApps;C:\Users\oc_vh\AppData\Local\Programs\Microsoft VS Code\bin;C:\Program Files\JetBrains\IntelliJ IDEA 2026.1.2\bin
USERNAME=oc_vh
OS=Windows_NT
PROCESSOR_IDENTIFIER=Intel64 Family 6 Model 186 Stepping 2, GenuineIntel
TMP=C:\Users\oc_vh\AppData\Local\Temp
TEMP=C:\Users\oc_vh\AppData\Local\Temp




Periodic native trim disabled

---------------  S Y S T E M  ---------------

OS:
 Windows 11 , 64 bit Build 26100 (10.0.26100.8328)
OS uptime: 5 days 17:28 hours
Hyper-V role detected

CPU: total 12 (initial active 12) (6 cores per cpu, 2 threads per core) family 6 model 186 stepping 2 microcode 0x6134, cx8, cmov, fxsr, ht, mmx, 3dnowpref, sse, sse2, sse3, ssse3, sse4.1, sse4.2, popcnt, lzcnt, tsc, tscinvbit, avx, avx2, aes, erms, clmul, bmi1, bmi2, adx, sha, fma, vzeroupper, clflush, clflushopt, clwb, hv, serialize, rdtscp, rdpid, fsrm, f16c, cet_ibt, cet_ss
Processor Information for processor 0
  Max Mhz: 2100, Current Mhz: 2100, Mhz Limit: 2100
Processor Information for processor 1
  Max Mhz: 2100, Current Mhz: 2100, Mhz Limit: 2100
Processor Information for processor 2
  Max Mhz: 2100, Current Mhz: 2100, Mhz Limit: 2100
Processor Information for processor 3
  Max Mhz: 2100, Current Mhz: 2100, Mhz Limit: 2100
Processor Information for processor 4
  Max Mhz: 2100, Current Mhz: 2100, Mhz Limit: 2100
Processor Information for processor 5
  Max Mhz: 2100, Current Mhz: 2100, Mhz Limit: 2100
Processor Information for processor 6
  Max Mhz: 2100, Current Mhz: 2100, Mhz Limit: 2100
Processor Information for processor 7
  Max Mhz: 2100, Current Mhz: 2100, Mhz Limit: 2100
Processor Information for processor 8
  Max Mhz: 2100, Current Mhz: 2100, Mhz Limit: 2100
Processor Information for processor 9
  Max Mhz: 2100, Current Mhz: 2100, Mhz Limit: 2100
Processor Information for processor 10
  Max Mhz: 2100, Current Mhz: 1540, Mhz Limit: 2100
Processor Information for processor 11
  Max Mhz: 2100, Current Mhz: 1540, Mhz Limit: 2100

Memory: 4k page, system-wide physical 16013M (1272M free)
TotalPageFile size 31500M (AvailPageFile size 2377M)
current process WorkingSet (physical memory assigned to process): 412M, peak: 495M
current process commit charge ("private bytes"): 512M, peak: 608M

vm_info: Java HotSpot(TM) 64-Bit Server VM (21.0.11+9-LTS-211) for windows-amd64 JRE (21.0.11+9-LTS-211), built on 2026-03-11T00:23:15Z by "mach5run" with MS VC++ 17.13 (VS2022)

END.
