#
# A fatal error has been detected by the Java Runtime Environment:
#
#  EXCEPTION_ACCESS_VIOLATION (0xc0000005) at pc=0x00007ffc3ae364f7, pid=2272, tid=22724
#
# JRE version: Java(TM) SE Runtime Environment (21.0.11+9) (build 21.0.11+9-LTS-211)
# Java VM: Java HotSpot(TM) 64-Bit Server VM (21.0.11+9-LTS-211, mixed mode, sharing, tiered, compressed oops, compressed class ptrs, g1 gc, windows-amd64)
# Problematic frame:
# C  [glass.dll+0x264f7]
#
# No core dump will be written. Minidumps are not enabled by default on client versions of Windows
#
# If you would like to submit a bug report, please visit:
#   https://bugreport.java.com/bugreport/crash.jsp
#

---------------  S U M M A R Y ------------

Command Line: -javaagent:C:\Program Files\JetBrains\IntelliJ IDEA 2026.1.2\lib\idea_rt.jar=54416 -Dfile.encoding=UTF-8 -Dsun.stdout.encoding=UTF-8 -Dsun.stderr.encoding=UTF-8 com.asm.App

Host: 13th Gen Intel(R) Core(TM) i5-13420H, 12 cores, 15G,  Windows 11 , 64 bit Build 26100 (10.0.26100.8328)
Time: Thu May 28 00:33:53 2026 Hora estándar central (México) elapsed time: 51.848079 seconds (0d 0h 0m 51s)

---------------  T H R E A D  ---------------

Current thread (0x0000022ac75dd910):  VMThread "VM Thread"          [id=22724, stack(0x0000007dffc00000,0x0000007dffd00000) (1024K)]

Stack: [0x0000007dffc00000,0x0000007dffd00000],  sp=0x0000007dffcff0f0,  free space=1020k
Native frames: (J=compiled Java code, j=interpreted, Vv=VM code, C=native code)
C  [glass.dll+0x264f7]


siginfo: EXCEPTION_ACCESS_VIOLATION (0xc0000005), reading address 0x0000000000000000


Registers:
RAX=0x0000000000000000, RBX=0x0000022ac75e05f2, RCX=0x0000022ac75dd910, RDX=0x0000007dffcff0f0
RSP=0x0000007dffcff0f0, RBP=0x00007ad18a659e7a, RSI=0x0000022b0e56bb98, RDI=0x0000022b0e56bb70
R8 =0x0000000000010002, R9 =0x00007ad18a659e7a, R10=0x0000022aa6700000, R11=0x0000000000000050
R12=0x000000007ffe0385, R13=0x0000000000000001, R14=0x0000007dffcff1f8, R15=0x0000022b0e56bb70
RIP=0x00007ffc3ae364f7, EFLAGS=0x0000000000010206


Register to memory mapping:

RAX=0x0 is null
RBX=0x0000022ac75e05f2 is a global jni handle
RCX=0x0000022ac75dd910 points into unknown readable memory: 0x00007ffbd20331f8 | f8 31 03 d2 fb 7f 00 00
RDX=0x0000007dffcff0f0 points into unknown readable memory: 0x0000000000000000 | 00 00 00 00 00 00 00 00
RSP=0x0000007dffcff0f0 points into unknown readable memory: 0x0000000000000000 | 00 00 00 00 00 00 00 00
RBP=0x00007ad18a659e7a is an unknown value
RSI=0x0000022b0e56bb98 points into unknown readable memory: 0x00007ad18a659e7a | 7a 9e 65 8a d1 7a 00 00
RDI=0x0000022b0e56bb70 points into unknown readable memory: 0x60007b2e7a8e129f | 9f 12 8e 7a 2e 7b 00 60
R8 =0x0000000000010002 is an unknown value
R9 =0x00007ad18a659e7a is an unknown value
R10=0x0000022aa6700000 points into unknown readable memory: 0x0000000000000000 | 00 00 00 00 00 00 00 00
R11=0x0000000000000050 is an unknown value
R12=0x000000007ffe0385 points into unknown readable memory: 00 00 00
R13=0x0000000000000001 is an unknown value
R14=0x0000007dffcff1f8 points into unknown readable memory: 0x0000007dffcff1e0 | e0 f1 cf ff 7d 00 00 00
R15=0x0000022b0e56bb70 points into unknown readable memory: 0x60007b2e7a8e129f | 9f 12 8e 7a 2e 7b 00 60

Top of Stack: (sp=0x0000007dffcff0f0)
0x0000007dffcff0f0:   0000000000000000 0000022b00000000
0x0000007dffcff100:   0000022b0d54b970 000000007ffe0385
0x0000007dffcff110:   0000022b0e56bb78 00007ffc81f0bc75
0x0000007dffcff120:   0000022b0e56bb70 0000022b00000000
0x0000007dffcff130:   0000022b0e56bb90 00007ad18a659e7a
0x0000007dffcff140:   fffffffffffffffe 00007ffc56640000
0x0000007dffcff150:   00007ffc3ae10000 00007ffc3ae10000
0x0000007dffcff160:   0000007dffcff1e8 00007ffc81f0b897
0x0000007dffcff170:   0000007dffcff100 0000007dffcff1f8
0x0000007dffcff180:   0000007dffcff740 00007ffc81ff88c0
0x0000007dffcff190:   0000000000000001 00007ffc81f0b84d
0x0000007dffcff1a0:   0000000000000000 0000000000000001
0x0000007dffcff1b0:   00007ffc7cf9ed80 0000007dffcff1e8
0x0000007dffcff1c0:   fffffffffffffffe 0000007dffcff1b0
0x0000007dffcff1d0:   0000000000000000 00007ffc3ae33ccd
0x0000007dffcff1e0:   00007ffc3ae4a008 0000000000000002
0x0000007dffcff1f0:   00007ffc00000002 0000007dffcff1e0
0x0000007dffcff200:   0000000000000000 00007ffc82010000
0x0000007dffcff210:   0000000000000000 00007ffc3ae33df2
0x0000007dffcff220:   0000000000000001 0000007dffcff740
0x0000007dffcff230:   0000000000000001 0000000000000000
0x0000007dffcff240:   0000000000000001 00007ffc80990000
0x0000007dffcff250:   00007ffc00000001 0000007dffcff740
0x0000007dffcff260:   0000000000000000 00007ffc3ae33e40
0x0000007dffcff270:   0000000000000001 00007ffc8479f98a
0x0000007dffcff280:   00007ffc3ae10000 0000000000000000
0x0000007dffcff290:   0000000000000001 000000007ffe0384
0x0000007dffcff2a0:   0000000000000000 00007ffc84652d23
0x0000007dffcff2b0:   0000000000000000 0000022aa69904a8
0x0000007dffcff2c0:   000000000000008d 0000000000000000
0x0000007dffcff2d0:   0000000000000000 0000000000000000
0x0000007dffcff2e0:   0000000000000000 fffff62900000000 

Instructions: (pc=0x00007ffc3ae364f7)
0x00007ffc3ae363f7:   8b 4d 58 e8 8d cf ff ff 48 8b 4d 60 e8 84 cf ff
0x00007ffc3ae36407:   ff 48 8b 95 80 00 00 00 48 8b 8d 18 01 00 00 e8
0x00007ffc3ae36417:   76 c4 ff ff 33 d2 33 c9 e8 cc e1 ff ff 90 48 89
0x00007ffc3ae36427:   54 24 10 55 48 83 ec 20 48 8b ea 48 b8 00 00 00
0x00007ffc3ae36437:   00 00 00 00 00 48 83 c4 20 5d c3 cc 40 55 48 8b
0x00007ffc3ae36447:   ea 48 8b 01 33 c9 81 38 05 00 00 c0 0f 94 c1 8b
0x00007ffc3ae36457:   c1 5d c3 cc 40 55 48 83 ec 20 48 8b ea 8a 4d 40
0x00007ffc3ae36467:   48 83 c4 20 5d e9 73 d3 ff ff cc 40 55 48 83 ec
0x00007ffc3ae36477:   20 48 8b ea 8a 4d 20 e8 61 d3 ff ff 90 48 83 c4
0x00007ffc3ae36487:   20 5d c3 cc 40 55 48 83 ec 20 48 8b ea 48 83 c4
0x00007ffc3ae36497:   20 5d e9 c2 d1 ff ff cc 40 55 48 83 ec 30 48 8b
0x00007ffc3ae364a7:   ea 48 8b 01 8b 10 48 89 4c 24 28 89 54 24 20 4c
0x00007ffc3ae364b7:   8d 0d 63 d6 ff ff 4c 8b 45 70 8b 55 68 48 8b 4d
0x00007ffc3ae364c7:   60 e8 03 d1 ff ff 90 48 83 c4 30 5d c3 cc cc cc
0x00007ffc3ae364d7:   cc cc cc cc cc cc cc cc cc 40 53 48 83 ec 20 48
0x00007ffc3ae364e7:   8b 1d 1b 35 01 00 48 85 db 74 16 e8 89 8f ff ff
0x00007ffc3ae364f7:   4c 8b 00 48 8b d3 48 8b c8 41 ff 90 b0 00 00 00
0x00007ffc3ae36507:   90 48 83 c4 20 5b c3 cc cc 40 53 48 83 ec 20 48
0x00007ffc3ae36517:   8b 1d 8b 36 01 00 48 85 db 74 57 b8 ff ff ff ff
0x00007ffc3ae36527:   f0 0f c1 43 10 83 f8 01 75 3d 48 85 db 74 38 48
0x00007ffc3ae36537:   8b 0b 48 85 c9 74 0d ff 15 64 0d 00 00 48 c7 03
0x00007ffc3ae36547:   00 00 00 00 48 8b 4b 08 48 85 c9 74 0d e8 33 ce
0x00007ffc3ae36557:   ff ff 48 c7 43 08 00 00 00 00 ba 18 00 00 00 48
0x00007ffc3ae36567:   8b cb e8 1e ce ff ff 48 c7 05 2f 36 01 00 00 00
0x00007ffc3ae36577:   00 00 48 83 c4 20 5b c3 cc 40 53 48 83 ec 20 48
0x00007ffc3ae36587:   8b 1d fb 35 01 00 48 85 db 74 57 b8 ff ff ff ff
0x00007ffc3ae36597:   f0 0f c1 43 10 83 f8 01 75 3d 48 85 db 74 38 48
0x00007ffc3ae365a7:   8b 0b 48 85 c9 74 0d ff 15 f4 0c 00 00 48 c7 03
0x00007ffc3ae365b7:   00 00 00 00 48 8b 4b 08 48 85 c9 74 0d e8 c3 cd
0x00007ffc3ae365c7:   ff ff 48 c7 43 08 00 00 00 00 ba 18 00 00 00 48
0x00007ffc3ae365d7:   8b cb e8 ae cd ff ff 48 c7 05 9f 35 01 00 00 00
0x00007ffc3ae365e7:   00 00 48 83 c4 20 5b c3 cc 40 53 48 83 ec 20 48 


Stack slot to memory mapping:

stack at sp + 0 slots: 0x0 is null
stack at sp + 1 slots: 0x0000022b00000000 is an unknown value
stack at sp + 2 slots: 0x0000022b0d54b970 points into unknown readable memory: 0x0000022b0d54c1b0 | b0 c1 54 0d 2b 02 00 00
stack at sp + 3 slots: 0x000000007ffe0385 points into unknown readable memory: 00 00 00
stack at sp + 4 slots: 0x0000022b0e56bb78 points into unknown readable memory: 0x00007ad18a659e7a | 7a 9e 65 8a d1 7a 00 00
stack at sp + 5 slots: 0x00007ffc81f0bc75 ucrtbase.dll
stack at sp + 6 slots: 0x0000022b0e56bb70 points into unknown readable memory: 0x60007b2e7a8e129f | 9f 12 8e 7a 2e 7b 00 60
stack at sp + 7 slots: 0x0000022b00000000 is an unknown value

VM_Operation (0x0000007d836feec0): Exit, mode: safepoint, requested by thread 0x0000022b14ec9450


---------------  P R O C E S S  ---------------

Threads class SMR info:
_java_thread_list=0x0000022b16b59a50, length=30, elements={
0x0000022aa663a160, 0x0000022ac75ff770, 0x0000022ac7600d40, 0x0000022ac76056c0,
0x0000022ac76089f0, 0x0000022ac76096d0, 0x0000022ac76130b0, 0x0000022b0d0093d0,
0x0000022b0d00ac60, 0x0000022b0d17e450, 0x0000022b0d3eb320, 0x0000022b0d3ebda0,
0x0000022b0d455090, 0x0000022b0e1749f0, 0x0000022b0d999710, 0x0000022b0d742a10,
0x0000022b0d92c7c0, 0x0000022b0e1f3950, 0x0000022b0e1f5390, 0x0000022b0e1f2c30,
0x0000022b0e1f4670, 0x0000022b0e1f3fe0, 0x0000022b14ec52b0, 0x0000022b14ec4c20,
0x0000022b14ec5940, 0x0000022b14ec5fd0, 0x0000022b14ec6660, 0x0000022b14ec9ae0,
0x0000022b14ec9450, 0x0000022b14ec80a0
}

Java Threads: ( => current thread )
  0x0000022aa663a160 JavaThread "main"                              [_thread_blocked, id=12436, stack(0x0000007dff500000,0x0000007dff600000) (1024K)]
  0x0000022ac75ff770 JavaThread "Reference Handler"          daemon [_thread_blocked, id=24952, stack(0x0000007dffd00000,0x0000007dffe00000) (1024K)]
  0x0000022ac7600d40 JavaThread "Finalizer"                  daemon [_thread_blocked, id=38720, stack(0x0000007dffe00000,0x0000007dfff00000) (1024K)]
  0x0000022ac76056c0 JavaThread "Signal Dispatcher"          daemon [_thread_blocked, id=24332, stack(0x0000007dfff00000,0x0000007e00000000) (1024K)]
  0x0000022ac76089f0 JavaThread "Attach Listener"            daemon [_thread_blocked, id=33504, stack(0x0000007d80000000,0x0000007d80100000) (1024K)]
  0x0000022ac76096d0 JavaThread "Service Thread"             daemon [_thread_blocked, id=28936, stack(0x0000007d80100000,0x0000007d80200000) (1024K)]
  0x0000022ac76130b0 JavaThread "Monitor Deflation Thread"   daemon [_thread_blocked, id=18500, stack(0x0000007d80200000,0x0000007d80300000) (1024K)]
  0x0000022b0d0093d0 JavaThread "C2 CompilerThread0"         daemon [_thread_blocked, id=19076, stack(0x0000007d80300000,0x0000007d80400000) (1024K)]
  0x0000022b0d00ac60 JavaThread "C1 CompilerThread0"         daemon [_thread_blocked, id=35804, stack(0x0000007d80400000,0x0000007d80500000) (1024K)]
  0x0000022b0d17e450 JavaThread "Common-Cleaner"             daemon [_thread_blocked, id=11452, stack(0x0000007d80500000,0x0000007d80600000) (1024K)]
  0x0000022b0d3eb320 JavaThread "Monitor Ctrl-Break"         daemon [_thread_in_native, id=9384, stack(0x0000007d80700000,0x0000007d80800000) (1024K)]
  0x0000022b0d3ebda0 JavaThread "Notification Thread"        daemon [_thread_blocked, id=23540, stack(0x0000007d80800000,0x0000007d80900000) (1024K)]
  0x0000022b0d455090 JavaThread "JavaFX-Launcher"                   [_thread_blocked, id=22516, stack(0x0000007d80900000,0x0000007d80a00000) (1024K)]
  0x0000022b0e1749f0 JavaThread "RMI TCP Accept-0"           daemon [_thread_in_native, id=32460, stack(0x0000007d80b00000,0x0000007d80c00000) (1024K)]
  0x0000022b0d999710 JavaThread "RMI TCP Connection(1)-192.168.100.46" daemon [_thread_in_native, id=12360, stack(0x0000007d80c00000,0x0000007d80d00000) (1024K)]
  0x0000022b0d742a10 JavaThread "RMI Scheduler(0)"           daemon [_thread_blocked, id=25124, stack(0x0000007d80d00000,0x0000007d80e00000) (1024K)]
  0x0000022b0d92c7c0 JavaThread "JMX server connection timeout 27" daemon [_thread_blocked, id=32992, stack(0x0000007d80e00000,0x0000007d80f00000) (1024K)]
  0x0000022b0e1f3950 JavaThread "InvokeLaterDispatcher"      daemon [_thread_blocked, id=43684, stack(0x0000007d80600000,0x0000007d80700000) (1024K)]
  0x0000022b0e1f5390 JavaThread "JavaFX Application Thread"         [_thread_in_native, id=35148, stack(0x0000007d80a00000,0x0000007d80b00000) (1024K)]
  0x0000022b0e1f2c30 JavaThread "Thread-2"                   daemon [_thread_in_native, id=34872, stack(0x0000007d82800000,0x0000007d82900000) (1024K)]
  0x0000022b0e1f4670 JavaThread "mysql-cj-abandoned-connection-cleanup" daemon [_thread_blocked, id=5500, stack(0x0000007d82c00000,0x0000007d82d00000) (1024K)]
  0x0000022b0e1f3fe0 JavaThread "Hibernate Connection Pool Validation Thread" daemon [_thread_blocked, id=15372, stack(0x0000007d82e00000,0x0000007d82f00000) (1024K)]
  0x0000022b14ec52b0 JavaThread "Prism Font Disposer"        daemon [_thread_blocked, id=9984, stack(0x0000007d83200000,0x0000007d83300000) (1024K)]
  0x0000022b14ec4c20 JavaThread "Cleaner-0"                  daemon [_thread_blocked, id=32712, stack(0x0000007d82900000,0x0000007d82a00000) (1024K)]
  0x0000022b14ec5940 JavaThread "PrinterListener"            daemon [_thread_in_native, id=28760, stack(0x0000007d82d00000,0x0000007d82e00000) (1024K)]
  0x0000022b14ec5fd0 JavaThread "RemotePrinterListener"      daemon [_thread_in_native, id=42256, stack(0x0000007d83400000,0x0000007d83500000) (1024K)]
  0x0000022b14ec6660 JavaThread "Java2D Disposer"            daemon [_thread_blocked, id=43124, stack(0x0000007d83500000,0x0000007d83600000) (1024K)]
  0x0000022b14ec9ae0 JavaThread "RMI TCP Connection(idle)"   daemon [_thread_blocked, id=39068, stack(0x0000007d83900000,0x0000007d83a00000) (1024K)]
  0x0000022b14ec9450 JavaThread "SIGINT handler"             daemon [_thread_blocked, id=36236, stack(0x0000007d83600000,0x0000007d83700000) (1024K)]
  0x0000022b14ec80a0 JavaThread "AWT-Shutdown"                      [_thread_blocked, id=19616, stack(0x0000007d84100000,0x0000007d84200000) (1024K)]
Total: 30

Other Threads:
=>0x0000022ac75dd910 VMThread "VM Thread"                           [id=22724, stack(0x0000007dffc00000,0x0000007dffd00000) (1024K)]
  0x0000022aa89e1690 WorkerThread "GC Thread#0"                     [id=12556, stack(0x0000007dff600000,0x0000007dff700000) (1024K)]
  0x0000022b0e329ba0 WorkerThread "GC Thread#1"                     [id=42024, stack(0x0000007d80f00000,0x0000007d81000000) (1024K)]
  0x0000022b0e329f50 WorkerThread "GC Thread#2"                     [id=27772, stack(0x0000007d81000000,0x0000007d81100000) (1024K)]
  0x0000022b0e32a300 WorkerThread "GC Thread#3"                     [id=4500, stack(0x0000007d81100000,0x0000007d81200000) (1024K)]
  0x0000022b0e32aac0 WorkerThread "GC Thread#4"                     [id=33092, stack(0x0000007d81200000,0x0000007d81300000) (1024K)]
  0x0000022b0e32d280 WorkerThread "GC Thread#5"                     [id=20716, stack(0x0000007d81300000,0x0000007d81400000) (1024K)]
  0x0000022b0e345330 WorkerThread "GC Thread#6"                     [id=42796, stack(0x0000007d81400000,0x0000007d81500000) (1024K)]
  0x0000022b0e3456e0 WorkerThread "GC Thread#7"                     [id=1144, stack(0x0000007d81500000,0x0000007d81600000) (1024K)]
  0x0000022b0e3462a0 WorkerThread "GC Thread#8"                     [id=20876, stack(0x0000007d81600000,0x0000007d81700000) (1024K)]
  0x0000022b0e354910 WorkerThread "GC Thread#9"                     [id=12280, stack(0x0000007d81700000,0x0000007d81800000) (1024K)]
  0x0000022aa89f28d0 ConcurrentGCThread "G1 Main Marker"            terminated
  0x0000022aa89f4260 WorkerThread "G1 Conc#0"                       [id=6984, stack(0x0000007dff800000,0x0000007dff900000) (1024K)]
  0x0000022b0e352f40 WorkerThread "G1 Conc#1"                       [id=19028, stack(0x0000007d82a00000,0x0000007d82b00000) (1024K)]
  0x0000022b0e3532f0 WorkerThread "G1 Conc#2"                       [id=19460, stack(0x0000007d82b00000,0x0000007d82c00000) (1024K)]
  0x0000022ac749b010 ConcurrentGCThread "G1 Refine#0"               terminated
  0x0000022ac749c650 ConcurrentGCThread "G1 Service"                terminated
Total: 17

Threads with active compile tasks:
Total: 0

VM state: at safepoint (shutting down)

VM Mutex/Monitor currently owned by a thread:  ([mutex/lock_event])
[0x00007ffbd21faf50] Threads_lock - owner thread: 0x0000022ac75dd910
[0x00007ffbd21fb050] Heap_lock - owner thread: 0x0000022b14ec9450

Heap address: 0x0000000705c00000, size: 4004 MB, Compressed Oops mode: Zero based, Oop shift amount: 3

CDS archive(s) mapped at: [0x0000022ac8000000-0x0000022ac8c90000-0x0000022ac8c90000), size 13172736, SharedBaseAddress: 0x0000022ac8000000, ArchiveRelocationMode: 1.
Compressed class space mapped at: 0x0000022ac9000000-0x0000022b09000000, reserved size: 1073741824
Narrow klass base: 0x0000022ac8000000, Narrow klass shift: 0, Narrow klass range: 0x100000000

GC Precious Log:
 CardTable entry size: 512
 Card Set container configuration: InlinePtr #cards 4 size 8 Array Of Cards #cards 16 size 48 Howl #buckets 8 coarsen threshold 3686 Howl Bitmap #cards 512 size 80 coarsen threshold 460 Card regions per heap region 1 cards per card region 4096
 CPUs: 12 total, 12 available
 Memory: 16013M
 Large Page Support: Disabled
 NUMA Support: Disabled
 Compressed Oops: Enabled (Zero based)
 Heap Region Size: 2M
 Heap Min Capacity: 8M
 Heap Initial Capacity: 252M
 Heap Max Capacity: 4004M
 Pre-touch: Disabled
 Parallel Workers: 10
 Concurrent Workers: 3
 Concurrent Refinement Workers: 10
 Periodic GC: Disabled

Heap:
 garbage-first heap   total 57344K, used 27228K [0x0000000705c00000, 0x0000000800000000)
  region size 2048K, 3 young (6144K), 1 survivors (2048K)
 Metaspace       used 62246K, committed 62848K, reserved 1114112K
  class space    used 8553K, committed 8832K, reserved 1048576K

Heap Regions: E=young(eden), S=young(survivor), O=old, HS=humongous(starts), HC=humongous(continues), CS=collection set, F=free, TAMS=top-at-mark-start, PB=parsable bottom
|   0|0x0000000705c00000, 0x0000000705e00000, 0x0000000705e00000|100%| O|  |TAMS 0x0000000705c00000| PB 0x0000000705c00000| Untracked 
|   1|0x0000000705e00000, 0x0000000706000000, 0x0000000706000000|100%|HS|  |TAMS 0x0000000705e00000| PB 0x0000000705e00000| Complete 
|   2|0x0000000706000000, 0x0000000706200000, 0x0000000706200000|100%| O|  |TAMS 0x0000000706000000| PB 0x0000000706000000| Untracked 
|   3|0x0000000706200000, 0x0000000706400000, 0x0000000706400000|100%| O|  |TAMS 0x0000000706200000| PB 0x0000000706200000| Untracked 
|   4|0x0000000706400000, 0x0000000706600000, 0x0000000706600000|100%| O|  |TAMS 0x0000000706400000| PB 0x0000000706400000| Untracked 
|   5|0x0000000706600000, 0x0000000706800000, 0x0000000706800000|100%| O|  |TAMS 0x0000000706600000| PB 0x0000000706600000| Untracked 
|   6|0x0000000706800000, 0x0000000706a00000, 0x0000000706a00000|100%| O|  |TAMS 0x0000000706800000| PB 0x0000000706800000| Untracked 
|   7|0x0000000706a00000, 0x0000000706c00000, 0x0000000706c00000|100%| O|Cm|TAMS 0x0000000706a00000| PB 0x0000000706a00000| Complete 
|   8|0x0000000706c00000, 0x0000000706e00000, 0x0000000706e00000|100%| O|  |TAMS 0x0000000706c00000| PB 0x0000000706c00000| Untracked 
|   9|0x0000000706e00000, 0x0000000706e00000, 0x0000000707000000|  0%| F|  |TAMS 0x0000000706e00000| PB 0x0000000706e00000| Untracked 
|  10|0x0000000707000000, 0x0000000707200000, 0x0000000707200000|100%| O|  |TAMS 0x0000000707000000| PB 0x0000000707000000| Untracked 
|  11|0x0000000707200000, 0x0000000707200000, 0x0000000707400000|  0%| F|  |TAMS 0x0000000707200000| PB 0x0000000707200000| Untracked 
|  12|0x0000000707400000, 0x0000000707593f90, 0x0000000707600000| 78%| O|  |TAMS 0x0000000707400000| PB 0x0000000707400000| Untracked 
|  13|0x0000000707600000, 0x0000000707600000, 0x0000000707800000|  0%| F|  |TAMS 0x0000000707600000| PB 0x0000000707600000| Untracked 
|  14|0x0000000707800000, 0x0000000707800000, 0x0000000707a00000|  0%| F|  |TAMS 0x0000000707800000| PB 0x0000000707800000| Untracked 
|  15|0x0000000707a00000, 0x0000000707a00000, 0x0000000707c00000|  0%| F|  |TAMS 0x0000000707a00000| PB 0x0000000707a00000| Untracked 
|  16|0x0000000707c00000, 0x0000000707c00000, 0x0000000707e00000|  0%| F|  |TAMS 0x0000000707c00000| PB 0x0000000707c00000| Untracked 
|  17|0x0000000707e00000, 0x0000000707e00000, 0x0000000708000000|  0%| F|  |TAMS 0x0000000707e00000| PB 0x0000000707e00000| Untracked 
|  18|0x0000000708000000, 0x0000000708000000, 0x0000000708200000|  0%| F|  |TAMS 0x0000000708000000| PB 0x0000000708000000| Untracked 
|  19|0x0000000708200000, 0x0000000708200000, 0x0000000708400000|  0%| F|  |TAMS 0x0000000708200000| PB 0x0000000708200000| Untracked 
|  20|0x0000000708400000, 0x0000000708400000, 0x0000000708600000|  0%| F|  |TAMS 0x0000000708400000| PB 0x0000000708400000| Untracked 
|  21|0x0000000708600000, 0x0000000708600000, 0x0000000708800000|  0%| F|  |TAMS 0x0000000708600000| PB 0x0000000708600000| Untracked 
|  22|0x0000000708800000, 0x0000000708800000, 0x0000000708a00000|  0%| F|  |TAMS 0x0000000708800000| PB 0x0000000708800000| Untracked 
| 119|0x0000000714a00000, 0x0000000714a00000, 0x0000000714c00000|  0%| F|  |TAMS 0x0000000714a00000| PB 0x0000000714a00000| Untracked 
| 120|0x0000000714c00000, 0x0000000714d030a0, 0x0000000714e00000| 50%| S|CS|TAMS 0x0000000714c00000| PB 0x0000000714c00000| Complete 
| 121|0x0000000714e00000, 0x0000000715000000, 0x0000000715000000|100%| E|  |TAMS 0x0000000714e00000| PB 0x0000000714e00000| Complete 
| 125|0x0000000715600000, 0x0000000715800000, 0x0000000715800000|100%| E|CS|TAMS 0x0000000715600000| PB 0x0000000715600000| Complete 
|2001|0x00000007ffe00000, 0x0000000800000000, 0x0000000800000000|100%| O|  |TAMS 0x00000007ffe00000| PB 0x00000007ffe00000| Untracked 

Card table byte_map: [0x0000022ac0b80000,0x0000022ac1360000] _byte_map_base: 0x0000022abd352000

Marking Bits: (CMBitMap*) 0x0000022aa89e25b0
 Bits: [0x0000022ac1360000, 0x0000022ac51f0000)

Polling page: 0x0000022aa6920000

Metaspace:

Usage:
  Non-class:     52.43 MB used.
      Class:      8.35 MB used.
       Both:     60.79 MB used.

Virtual space:
  Non-class space:       64.00 MB reserved,      52.75 MB ( 82%) committed,  1 nodes.
      Class space:        1.00 GB reserved,       8.62 MB ( <1%) committed,  1 nodes.
             Both:        1.06 GB reserved,      61.38 MB (  6%) committed. 

Chunk freelists:
   Non-Class:  10.99 MB
       Class:  7.23 MB
        Both:  18.22 MB

MaxMetaspaceSize: unlimited
CompressedClassSpaceSize: 1.00 GB
Initial GC threshold: 21.00 MB
Current GC threshold: 99.19 MB
CDS: on
 - commit_granule_bytes: 65536.
 - commit_granule_words: 8192.
 - virtual_space_node_default_size: 8388608.
 - enlarge_chunks_in_place: 1.
 - use_allocation_guard: 0.


Internal statistics:

num_allocs_failed_limit: 12.
num_arena_births: 736.
num_arena_deaths: 0.
num_vsnodes_births: 2.
num_vsnodes_deaths: 0.
num_space_committed: 982.
num_space_uncommitted: 0.
num_chunks_returned_to_freelist: 12.
num_chunks_taken_from_freelist: 2511.
num_chunk_merges: 9.
num_chunk_splits: 1822.
num_chunks_enlarged: 1426.
num_inconsistent_stats: 0.

CodeHeap 'non-profiled nmethods': size=120000Kb used=2798Kb max_used=2806Kb free=117202Kb
 bounds [0x0000022ab8900000, 0x0000022ab8bc0000, 0x0000022abfe30000]
CodeHeap 'profiled nmethods': size=120000Kb used=10362Kb max_used=10362Kb free=109637Kb
 bounds [0x0000022ab0e30000, 0x0000022ab1860000, 0x0000022ab8360000]
CodeHeap 'non-nmethods': size=5760Kb used=2159Kb max_used=2175Kb free=3600Kb
 bounds [0x0000022ab8360000, 0x0000022ab85d0000, 0x0000022ab8900000]
 total_blobs=6588 nmethods=5497 adapters=993
 compilation: enabled
              stopped_count=0, restarted_count=0
 full_count=0

Compilation events (20 events):
Event: 48.085 Thread 0x0000022b0d00ac60 5981       3       sun.rmi.transport.tcp.TCPConnection::releaseOutputStream (15 bytes)
Event: 48.085 Thread 0x0000022b0d00ac60 nmethod 5981 0x0000022ab184d290 code [0x0000022ab184d440, 0x0000022ab184d650]
Event: 50.147 Thread 0x0000022b0d0093d0 5982   !   4       java.io.BufferedInputStream::read (54 bytes)
Event: 50.158 Thread 0x0000022b0d0093d0 nmethod 5982 0x0000022ab89eac10 code [0x0000022ab89eae40, 0x0000022ab89eb668]
Event: 51.203 Thread 0x0000022b0d00ac60 5983       3       javax.management.ObjectName::isPropertyListPattern (17 bytes)
Event: 51.203 Thread 0x0000022b0d00ac60 nmethod 5983 0x0000022ab116e110 code [0x0000022ab116e2a0, 0x0000022ab116e410]
Event: 51.323 Thread 0x0000022b0d00ac60 5984       3       java.util.logging.LogManager$4::<init> (26 bytes)
Event: 51.323 Thread 0x0000022b0d00ac60 nmethod 5984 0x0000022ab184d710 code [0x0000022ab184d8c0, 0x0000022ab184dbb8]
Event: 51.323 Thread 0x0000022b0d00ac60 5985       3       java.util.logging.LogManager$4::run (5 bytes)
Event: 51.323 Thread 0x0000022b0d00ac60 nmethod 5985 0x0000022ab184dc90 code [0x0000022ab184de40, 0x0000022ab184df98]
Event: 51.323 Thread 0x0000022b0d00ac60 5986       3       java.util.logging.LogManager$4::run (36 bytes)
Event: 51.323 Thread 0x0000022b0d00ac60 nmethod 5986 0x0000022ab184e090 code [0x0000022ab184e240, 0x0000022ab184e420]
Event: 51.324 Thread 0x0000022b0d00ac60 5987       3       java.util.concurrent.ConcurrentHashMap$KeyIterator::next (34 bytes)
Event: 51.324 Thread 0x0000022b0d00ac60 nmethod 5987 0x0000022ab184e510 code [0x0000022ab184e6e0, 0x0000022ab184e9b8]
Event: 51.324 Thread 0x0000022b0d00ac60 5988       3       java.util.logging.Logger::updateEffectiveLevel (126 bytes)
Event: 51.325 Thread 0x0000022b0d00ac60 nmethod 5988 0x0000022ab184eb10 code [0x0000022ab184ed60, 0x0000022ab184f890]
Event: 51.325 Thread 0x0000022b0d00ac60 5989       3       java.util.logging.Logger::getHandlers (5 bytes)
Event: 51.325 Thread 0x0000022b0d00ac60 nmethod 5989 0x0000022ab184fc10 code [0x0000022ab184fdc0, 0x0000022ab184ff88]
Event: 51.325 Thread 0x0000022b0d00ac60 5990       3       java.util.logging.Logger::checkPermission (29 bytes)
Event: 51.326 Thread 0x0000022b0d00ac60 nmethod 5990 0x0000022ab1850010 code [0x0000022ab1850200, 0x0000022ab1850600]

GC Heap History (20 events):
Event: 0.739 GC heap before
{Heap before GC invocations=0 (full 0):
 garbage-first heap   total 258048K, used 22528K [0x0000000705c00000, 0x0000000800000000)
  region size 2048K, 11 young (22528K), 0 survivors (0K)
 Metaspace       used 7855K, committed 8064K, reserved 1114112K
  class space    used 855K, committed 960K, reserved 1048576K
}
Event: 0.745 GC heap after
{Heap after GC invocations=1 (full 0):
 garbage-first heap   total 258048K, used 5681K [0x0000000705c00000, 0x0000000800000000)
  region size 2048K, 2 young (4096K), 2 survivors (4096K)
 Metaspace       used 7855K, committed 8064K, reserved 1114112K
  class space    used 855K, committed 960K, reserved 1048576K
}
Event: 1.833 GC heap before
{Heap before GC invocations=1 (full 0):
 garbage-first heap   total 258048K, used 32305K [0x0000000705c00000, 0x0000000800000000)
  region size 2048K, 16 young (32768K), 2 survivors (4096K)
 Metaspace       used 17623K, committed 18048K, reserved 1114112K
  class space    used 2207K, committed 2432K, reserved 1048576K
}
Event: 1.842 GC heap after
{Heap after GC invocations=2 (full 0):
 garbage-first heap   total 258048K, used 10603K [0x0000000705c00000, 0x0000000800000000)
  region size 2048K, 2 young (4096K), 2 survivors (4096K)
 Metaspace       used 17623K, committed 18048K, reserved 1114112K
  class space    used 2207K, committed 2432K, reserved 1048576K
}
Event: 2.158 GC heap before
{Heap before GC invocations=2 (full 0):
 garbage-first heap   total 258048K, used 16747K [0x0000000705c00000, 0x0000000800000000)
  region size 2048K, 6 young (12288K), 2 survivors (4096K)
 Metaspace       used 21151K, committed 21504K, reserved 1114112K
  class space    used 2639K, committed 2816K, reserved 1048576K
}
Event: 2.163 GC heap after
{Heap after GC invocations=3 (full 0):
 garbage-first heap   total 258048K, used 11371K [0x0000000705c00000, 0x0000000800000000)
  region size 2048K, 3 young (6144K), 3 survivors (6144K)
 Metaspace       used 21151K, committed 21504K, reserved 1114112K
  class space    used 2639K, committed 2816K, reserved 1048576K
}
Event: 3.009 GC heap before
{Heap before GC invocations=4 (full 0):
 garbage-first heap   total 55296K, used 37995K [0x0000000705c00000, 0x0000000800000000)
  region size 2048K, 16 young (32768K), 3 survivors (6144K)
 Metaspace       used 31821K, committed 32256K, reserved 1114112K
  class space    used 3958K, committed 4160K, reserved 1048576K
}
Event: 3.017 GC heap after
{Heap after GC invocations=5 (full 0):
 garbage-first heap   total 55296K, used 14685K [0x0000000705c00000, 0x0000000800000000)
  region size 2048K, 2 young (4096K), 2 survivors (4096K)
 Metaspace       used 31821K, committed 32256K, reserved 1114112K
  class space    used 3958K, committed 4160K, reserved 1048576K
}
Event: 3.339 GC heap before
{Heap before GC invocations=5 (full 0):
 garbage-first heap   total 55296K, used 26973K [0x0000000705c00000, 0x0000000800000000)
  region size 2048K, 9 young (18432K), 2 survivors (4096K)
 Metaspace       used 35474K, committed 35968K, reserved 1114112K
  class space    used 4484K, committed 4736K, reserved 1048576K
}
Event: 3.344 GC heap after
{Heap after GC invocations=6 (full 0):
 garbage-first heap   total 55296K, used 15662K [0x0000000705c00000, 0x0000000800000000)
  region size 2048K, 1 young (2048K), 1 survivors (2048K)
 Metaspace       used 35474K, committed 35968K, reserved 1114112K
  class space    used 4484K, committed 4736K, reserved 1048576K
}
Event: 3.370 GC heap before
{Heap before GC invocations=6 (full 0):
 garbage-first heap   total 55296K, used 15662K [0x0000000705c00000, 0x0000000800000000)
  region size 2048K, 2 young (4096K), 1 survivors (2048K)
 Metaspace       used 35866K, committed 36288K, reserved 1114112K
  class space    used 4533K, committed 4736K, reserved 1048576K
}
Event: 3.372 GC heap after
{Heap after GC invocations=7 (full 0):
 garbage-first heap   total 55296K, used 15379K [0x0000000705c00000, 0x0000000800000000)
  region size 2048K, 1 young (2048K), 1 survivors (2048K)
 Metaspace       used 35866K, committed 36288K, reserved 1114112K
  class space    used 4533K, committed 4736K, reserved 1048576K
}
Event: 3.973 GC heap before
{Heap before GC invocations=8 (full 0):
 garbage-first heap   total 55296K, used 39955K [0x0000000705c00000, 0x0000000800000000)
  region size 2048K, 14 young (28672K), 1 survivors (2048K)
 Metaspace       used 43261K, committed 43712K, reserved 1114112K
  class space    used 5732K, committed 5952K, reserved 1048576K
}
Event: 3.976 GC heap after
{Heap after GC invocations=9 (full 0):
 garbage-first heap   total 55296K, used 16508K [0x0000000705c00000, 0x0000000800000000)
  region size 2048K, 2 young (4096K), 2 survivors (4096K)
 Metaspace       used 43261K, committed 43712K, reserved 1114112K
  class space    used 5732K, committed 5952K, reserved 1048576K
}
Event: 4.808 GC heap before
{Heap before GC invocations=9 (full 0):
 garbage-first heap   total 55296K, used 41084K [0x0000000705c00000, 0x0000000800000000)
  region size 2048K, 15 young (30720K), 2 survivors (4096K)
 Metaspace       used 52044K, committed 52544K, reserved 1114112K
  class space    used 7034K, committed 7232K, reserved 1048576K
}
Event: 4.812 GC heap after
{Heap after GC invocations=10 (full 0):
 garbage-first heap   total 55296K, used 17675K [0x0000000705c00000, 0x0000000800000000)
  region size 2048K, 2 young (4096K), 2 survivors (4096K)
 Metaspace       used 52044K, committed 52544K, reserved 1114112K
  class space    used 7034K, committed 7232K, reserved 1048576K
}
Event: 9.577 GC heap before
{Heap before GC invocations=10 (full 0):
 garbage-first heap   total 55296K, used 48395K [0x0000000705c00000, 0x0000000800000000)
  region size 2048K, 16 young (32768K), 2 survivors (4096K)
 Metaspace       used 58592K, committed 59136K, reserved 1114112K
  class space    used 8169K, committed 8448K, reserved 1048576K
}
Event: 9.583 GC heap after
{Heap after GC invocations=11 (full 0):
 garbage-first heap   total 57344K, used 23902K [0x0000000705c00000, 0x0000000800000000)
  region size 2048K, 2 young (4096K), 2 survivors (4096K)
 Metaspace       used 58592K, committed 59136K, reserved 1114112K
  class space    used 8169K, committed 8448K, reserved 1048576K
}
Event: 10.540 GC heap before
{Heap before GC invocations=11 (full 0):
 garbage-first heap   total 57344K, used 25950K [0x0000000705c00000, 0x0000000800000000)
  region size 2048K, 4 young (8192K), 2 survivors (4096K)
 Metaspace       used 60036K, committed 60608K, reserved 1114112K
  class space    used 8317K, committed 8576K, reserved 1048576K
}
Event: 10.543 GC heap after
{Heap after GC invocations=12 (full 0):
 garbage-first heap   total 57344K, used 25180K [0x0000000705c00000, 0x0000000800000000)
  region size 2048K, 1 young (2048K), 1 survivors (2048K)
 Metaspace       used 60036K, committed 60608K, reserved 1114112K
  class space    used 8317K, committed 8576K, reserved 1048576K
}

Dll operation events (20 events):
Event: 0.642 Loaded shared library C:\Users\oc_vh\.openjfx\cache\21.0.2+5\amd64\api-ms-win-crt-runtime-l1-1-0.dll
Event: 0.646 Loaded shared library C:\Users\oc_vh\.openjfx\cache\21.0.2+5\amd64\api-ms-win-crt-stdio-l1-1-0.dll
Event: 0.651 Loaded shared library C:\Users\oc_vh\.openjfx\cache\21.0.2+5\amd64\api-ms-win-crt-string-l1-1-0.dll
Event: 0.656 Loaded shared library C:\Users\oc_vh\.openjfx\cache\21.0.2+5\amd64\api-ms-win-crt-time-l1-1-0.dll
Event: 0.660 Loaded shared library C:\Users\oc_vh\.openjfx\cache\21.0.2+5\amd64\api-ms-win-crt-utility-l1-1-0.dll
Event: 0.677 Loaded shared library C:\Users\oc_vh\.openjfx\cache\21.0.2+5\amd64\ucrtbase.dll
Event: 0.684 Loaded shared library C:\Users\oc_vh\.openjfx\cache\21.0.2+5\amd64\vcruntime140.dll
Event: 0.688 Loaded shared library C:\Users\oc_vh\.openjfx\cache\21.0.2+5\amd64\vcruntime140_1.dll
Event: 0.702 Loaded shared library C:\Users\oc_vh\.openjfx\cache\21.0.2+5\amd64\msvcp140.dll
Event: 0.707 Loaded shared library C:\Users\oc_vh\.openjfx\cache\21.0.2+5\amd64\msvcp140_1.dll
Event: 0.713 Loaded shared library C:\Users\oc_vh\.openjfx\cache\21.0.2+5\amd64\msvcp140_2.dll
Event: 0.768 Loaded shared library C:\Users\oc_vh\.openjfx\cache\21.0.2+5\amd64\prism_d3d.dll
Event: 0.886 Loaded shared library C:\Users\oc_vh\.openjfx\cache\21.0.2+5\amd64\glass.dll
Event: 1.197 Loaded shared library C:\Users\oc_vh\.openjfx\cache\21.0.2+5\amd64\javafx_font.dll
Event: 2.438 Loaded shared library C:\Program Files\Java\jdk-21.0.11\bin\sunmscapi.dll
Event: 3.179 Loaded shared library C:\Program Files\Java\jdk-21.0.11\bin\verify.dll
Event: 10.500 Loaded shared library C:\Program Files\Java\jdk-21.0.11\bin\awt.dll
Event: 10.525 Loaded shared library C:\Users\oc_vh\.openjfx\cache\21.0.2+5\amd64\prism_common.dll
Event: 10.579 Loaded shared library C:\Program Files\Java\jdk-21.0.11\bin\freetype.dll
Event: 10.580 Loaded shared library C:\Program Files\Java\jdk-21.0.11\bin\fontmanager.dll

Deoptimization events (20 events):
Event: 9.673 Thread 0x0000022b0e34ff40 DEOPT PACKING pc=0x0000022ab10c2cd1 sp=0x0000007d818fd3c0
Event: 9.673 Thread 0x0000022b0e34ff40 DEOPT UNPACKING pc=0x0000022ab83b4e42 sp=0x0000007d818fc870 mode 0
Event: 9.673 Thread 0x0000022b0e34ff40 DEOPT PACKING pc=0x0000022ab10c2cd1 sp=0x0000007d818fd3c0
Event: 9.673 Thread 0x0000022b0e34ff40 DEOPT UNPACKING pc=0x0000022ab83b4e42 sp=0x0000007d818fc870 mode 0
Event: 9.674 Thread 0x0000022b0e34ff40 DEOPT PACKING pc=0x0000022ab10c2cd1 sp=0x0000007d818fd340
Event: 9.674 Thread 0x0000022b0e34ff40 DEOPT UNPACKING pc=0x0000022ab83b4e42 sp=0x0000007d818fc7d0 mode 0
Event: 9.674 Thread 0x0000022b0e34ff40 DEOPT PACKING pc=0x0000022ab10c2cd1 sp=0x0000007d818fd2b0
Event: 9.674 Thread 0x0000022b0e34ff40 DEOPT UNPACKING pc=0x0000022ab83b4e42 sp=0x0000007d818fc760 mode 0
Event: 10.604 Thread 0x0000022b14ec9ae0 Uncommon trap: trap_request=0xffffffc6 fr.pc=0x0000022ab8ba227c relative=0x000000000000013c
Event: 10.604 Thread 0x0000022b14ec9ae0 Uncommon trap: reason=bimorphic_or_optimized_type_check action=maybe_recompile pc=0x0000022ab8ba227c method=java.util.Collections$UnmodifiableCollection.contains(Ljava/lang/Object;)Z @ 5 c2
Event: 10.604 Thread 0x0000022b14ec9ae0 DEOPT PACKING pc=0x0000022ab8ba227c sp=0x0000007d839fee00
Event: 10.604 Thread 0x0000022b14ec9ae0 DEOPT UNPACKING pc=0x0000022ab83b46a2 sp=0x0000007d839feda8 mode 2
Event: 30.668 Thread 0x0000022b14ec9ae0 Uncommon trap: trap_request=0xffffffc6 fr.pc=0x0000022ab8ba227c relative=0x000000000000013c
Event: 30.668 Thread 0x0000022b14ec9ae0 Uncommon trap: reason=bimorphic_or_optimized_type_check action=maybe_recompile pc=0x0000022ab8ba227c method=java.util.Collections$UnmodifiableCollection.contains(Ljava/lang/Object;)Z @ 5 c2
Event: 30.668 Thread 0x0000022b14ec9ae0 DEOPT PACKING pc=0x0000022ab8ba227c sp=0x0000007d839fecd0
Event: 30.668 Thread 0x0000022b14ec9ae0 DEOPT UNPACKING pc=0x0000022ab83b46a2 sp=0x0000007d839fec78 mode 2
Event: 38.499 Thread 0x0000022b0e1f5390 Uncommon trap: trap_request=0xffffff45 fr.pc=0x0000022ab8a8acc4 relative=0x0000000000000304
Event: 38.499 Thread 0x0000022b0e1f5390 Uncommon trap: reason=unstable_if action=reinterpret pc=0x0000022ab8a8acc4 method=java.util.WeakHashMap.remove(Ljava/lang/Object;)Ljava/lang/Object; @ 92 c2
Event: 38.499 Thread 0x0000022b0e1f5390 DEOPT PACKING pc=0x0000022ab8a8acc4 sp=0x0000007d80af5ad0
Event: 38.500 Thread 0x0000022b0e1f5390 DEOPT UNPACKING pc=0x0000022ab83b46a2 sp=0x0000007d80af5a80 mode 2

Classes loaded (20 events):
Event: 12.703 Loading class sun/awt/im/ExecutableInputMethodManager$3
Event: 12.703 Loading class sun/awt/im/ExecutableInputMethodManager$3 done
Event: 12.704 Loading class sun/awt/windows/WInputMethod
Event: 12.704 Loading class sun/awt/im/InputMethodAdapter
Event: 12.704 Loading class java/awt/im/spi/InputMethod
Event: 12.704 Loading class java/awt/im/spi/InputMethod done
Event: 12.704 Loading class sun/awt/im/InputMethodAdapter done
Event: 12.704 Loading class sun/awt/windows/WInputMethod done
Event: 12.705 Loading class java/awt/Color
Event: 12.705 Loading class java/awt/Paint
Event: 12.705 Loading class java/awt/Paint done
Event: 12.705 Loading class java/awt/Color done
Event: 13.973 Loading class java/util/IdentityHashMap$ValueIterator
Event: 13.973 Loading class java/util/IdentityHashMap$ValueIterator done
Event: 13.973 Loading class sun/awt/AppContext$PostShutdownEventRunnable
Event: 13.974 Loading class sun/awt/AppContext$PostShutdownEventRunnable done
Event: 13.974 Loading class sun/awt/AWTAutoShutdown$1
Event: 13.974 Loading class sun/awt/AWTAutoShutdown$1 done
Event: 51.322 Loading class jdk/internal/misc/Signal$1
Event: 51.322 Loading class jdk/internal/misc/Signal$1 done

Classes unloaded (0 events):
No events

Classes redefined (0 events):
No events

Internal exceptions (20 events):
Event: 4.818 Thread 0x0000022b0e1f5390 Implicit null exception at 0x0000022ab894ee3d to 0x0000022ab894eec1
Event: 4.966 Thread 0x0000022b0e1f5390 Exception <a 'java/lang/IncompatibleClassChangeError'{0x0000000714fb2308}: Found class java.lang.Object, but interface was expected> (0x0000000714fb2308) 
thrown [s\open\src\hotspot\share\interpreter\linkResolver.cpp, line 840]
Event: 5.214 Thread 0x0000022b0e1f5390 Exception <a 'java/io/FileNotFoundException'{0x000000070851d9f0}> (0x000000070851d9f0) 
thrown [s\open\src\hotspot\share\prims\jni.cpp, line 520]
Event: 5.214 Thread 0x0000022b0e1f5390 Exception <a 'java/io/FileNotFoundException'{0x000000070851f330}> (0x000000070851f330) 
thrown [s\open\src\hotspot\share\prims\jni.cpp, line 520]
Event: 5.215 Thread 0x0000022b0e1f5390 Exception <a 'java/io/FileNotFoundException'{0x00000007085252c8}> (0x00000007085252c8) 
thrown [s\open\src\hotspot\share\prims\jni.cpp, line 520]
Event: 5.215 Thread 0x0000022b0e1f5390 Exception <a 'java/io/FileNotFoundException'{0x00000007085266b8}> (0x00000007085266b8) 
thrown [s\open\src\hotspot\share\prims\jni.cpp, line 520]
Event: 5.238 Thread 0x0000022b0e1f5390 Exception <a 'java/io/FileNotFoundException'{0x0000000708261308}> (0x0000000708261308) 
thrown [s\open\src\hotspot\share\prims\jni.cpp, line 520]
Event: 5.238 Thread 0x0000022b0e1f5390 Exception <a 'java/io/FileNotFoundException'{0x00000007082626f8}> (0x00000007082626f8) 
thrown [s\open\src\hotspot\share\prims\jni.cpp, line 520]
Event: 5.238 Thread 0x0000022b0e1f5390 Exception <a 'java/io/FileNotFoundException'{0x0000000708263b00}> (0x0000000708263b00) 
thrown [s\open\src\hotspot\share\prims\jni.cpp, line 520]
Event: 5.238 Thread 0x0000022b0e1f5390 Exception <a 'java/io/FileNotFoundException'{0x0000000708264ef0}> (0x0000000708264ef0) 
thrown [s\open\src\hotspot\share\prims\jni.cpp, line 520]
Event: 5.256 Thread 0x0000022b0e1f5390 Exception <a 'java/lang/NoSuchMethodError'{0x000000070829e9b8}: 'java.lang.Object java.lang.invoke.DirectMethodHandle$Holder.newInvokeSpecial(java.lang.Object, java.lang.Object, int)'> (0x000000070829e9b8) 
thrown [s\open\src\hotspot\share\interpreter\linkResolver.cpp, line 773]
Event: 5.423 Thread 0x0000022b0e34ff40 Exception <a 'java/lang/NoSuchMethodError'{0x00000007083c4278}: 'int java.lang.invoke.DirectMethodHandle$Holder.invokeStaticInit(java.lang.Object, java.lang.Object)'> (0x00000007083c4278) 
thrown [s\open\src\hotspot\share\interpreter\linkResolver.cpp, line 773]
Event: 5.585 Thread 0x0000022b0e34ff40 Exception <a 'java/lang/NoSuchMethodError'{0x0000000707e4d518}: 'java.lang.Object java.lang.invoke.DirectMethodHandle$Holder.invokeStaticInit(java.lang.Object, int)'> (0x0000000707e4d518) 
thrown [s\open\src\hotspot\share\interpreter\linkResolver.cpp, line 773]
Event: 7.000 Thread 0x0000022b0e1f5390 Exception <a 'java/lang/NoSuchMethodError'{0x0000000707ed4780}: 'long java.lang.invoke.DirectMethodHandle$Holder.invokeStatic(java.lang.Object, java.lang.Object, java.lang.Object)'> (0x0000000707ed4780) 
thrown [s\open\src\hotspot\share\interpreter\linkResolver.cpp, line 773]
Event: 7.001 Thread 0x0000022b0e1f5390 Exception <a 'java/lang/NoSuchMethodError'{0x0000000707ed7b60}: 'long java.lang.invoke.DirectMethodHandle$Holder.invokeStaticInit(java.lang.Object, java.lang.Object, java.lang.Object)'> (0x0000000707ed7b60) 
thrown [s\open\src\hotspot\share\interpreter\linkResolver.cpp, line 773]
Event: 7.002 Thread 0x0000022b0e1f5390 Exception <a 'java/lang/NoSuchMethodError'{0x0000000707eebf00}: 'java.lang.Object java.lang.invoke.DirectMethodHandle$Holder.newInvokeSpecial(java.lang.Object, java.lang.Object, long)'> (0x0000000707eebf00) 
thrown [s\open\src\hotspot\share\interpreter\linkResolver.cpp, line 773]
Event: 9.396 Thread 0x0000022b0e1f5390 Exception <a 'java/lang/NoSuchMethodError'{0x0000000707d7cd10}: 'void java.lang.invoke.DirectMethodHandle$Holder.invokeInterface(java.lang.Object, java.lang.Object, java.lang.Object, java.lang.Object)'> (0x0000000707d7cd10) 
thrown [s\open\src\hotspot\share\interpreter\linkResolver.cpp, line 773]
Event: 10.493 Thread 0x0000022b0e1f5390 Exception <a 'java/lang/ClassNotFoundException'{0x00000007156e0e08}: sun/awt/resources/spi/awtProvider> (0x00000007156e0e08) 
thrown [s\open\src\hotspot\share\classfile\systemDictionary.cpp, line 313]
Event: 10.501 Thread 0x0000022b0e1f5390 Exception <a 'java/io/FileNotFoundException'{0x00000007156e4c78}> (0x00000007156e4c78) 
thrown [s\open\src\hotspot\share\prims\jni.cpp, line 520]
Event: 10.502 Thread 0x0000022b0e1f5390 Exception <a 'java/io/FileNotFoundException'{0x00000007156e6f78}> (0x00000007156e6f78) 
thrown [s\open\src\hotspot\share\prims\jni.cpp, line 520]

ZGC Phase Switch (0 events):
No events

VM Operations (20 events):
Event: 29.573 Executing VM operation: Cleanup done
Event: 30.577 Executing VM operation: Cleanup
Event: 30.577 Executing VM operation: Cleanup done
Event: 31.588 Executing VM operation: Cleanup
Event: 31.588 Executing VM operation: Cleanup done
Event: 33.612 Executing VM operation: Cleanup
Event: 33.612 Executing VM operation: Cleanup done
Event: 38.646 Executing VM operation: Cleanup
Event: 38.646 Executing VM operation: Cleanup done
Event: 39.647 Executing VM operation: Cleanup
Event: 39.647 Executing VM operation: Cleanup done
Event: 41.648 Executing VM operation: Cleanup
Event: 41.648 Executing VM operation: Cleanup done
Event: 45.650 Executing VM operation: Cleanup
Event: 45.650 Executing VM operation: Cleanup done
Event: 46.651 Executing VM operation: Cleanup
Event: 46.651 Executing VM operation: Cleanup done
Event: 50.653 Executing VM operation: Cleanup
Event: 50.653 Executing VM operation: Cleanup done
Event: 51.427 Executing VM operation: Exit

Events (20 events):
Event: 10.565 Thread 0x0000022b14ec7a10 Thread added: 0x0000022b14ec7a10
Event: 10.566 Thread 0x0000022b14ec4590 Thread added: 0x0000022b14ec4590
Event: 10.603 Thread 0x0000022b14ec9ae0 Thread added: 0x0000022b14ec9ae0
Event: 11.191 Thread 0x0000022b14ecb520 Thread added: 0x0000022b14ecb520
Event: 11.223 Thread 0x0000022b14eca170 Thread added: 0x0000022b14eca170
Event: 11.224 Thread 0x0000022b14eca800 Thread added: 0x0000022b14eca800
Event: 12.696 Thread 0x0000022b14eca170 Thread exited: 0x0000022b14eca170
Event: 12.707 Thread 0x0000022b14ecb520 Thread exited: 0x0000022b14ecb520
Event: 13.974 Thread 0x0000022b14ec7a10 Thread exited: 0x0000022b14ec7a10
Event: 13.974 Thread 0x0000022b14eca800 Thread exited: 0x0000022b14eca800
Event: 51.322 Thread 0x0000022b14ec9450 Thread added: 0x0000022b14ec9450
Event: 51.323 Thread 0x0000022b14eca170 Thread added: 0x0000022b14eca170
Event: 51.323 Thread 0x0000022b14ec7a10 Thread added: 0x0000022b14ec7a10
Event: 51.323 Thread 0x0000022b14ecae90 Thread added: 0x0000022b14ecae90
Event: 51.324 Thread 0x0000022b14eca170 Thread exited: 0x0000022b14eca170
Event: 51.324 Thread 0x0000022b14ec80a0 Thread added: 0x0000022b14ec80a0
Event: 51.325 Thread 0x0000022b14ec7a10 Thread exited: 0x0000022b14ec7a10
Event: 51.331 Thread 0x0000022b14ec4590 Thread exited: 0x0000022b14ec4590
Event: 51.358 Thread 0x0000022b0e34ff40 Thread exited: 0x0000022b0e34ff40
Event: 51.426 Thread 0x0000022b14ecae90 Thread exited: 0x0000022b14ecae90


Dynamic libraries:
0x00007ff75cb90000 - 0x00007ff75cba0000 	C:\Program Files\Java\jdk-21.0.11\bin\java.exe
0x00007ffc84640000 - 0x00007ffc848a7000 	C:\windows\SYSTEM32\ntdll.dll
0x00007ffc83530000 - 0x00007ffc835f9000 	C:\windows\System32\KERNEL32.DLL
0x00007ffc81070000 - 0x00007ffc81467000 	C:\windows\System32\KERNELBASE.dll
0x00007ffc81ec0000 - 0x00007ffc8200b000 	C:\windows\System32\ucrtbase.dll
0x00007ffc7e1c0000 - 0x00007ffc7e1d9000 	C:\Program Files\Java\jdk-21.0.11\bin\jli.dll
0x00007ffc77060000 - 0x00007ffc7707e000 	C:\Program Files\Java\jdk-21.0.11\bin\VCRUNTIME140.dll
0x00007ffc84060000 - 0x00007ffc84116000 	C:\windows\System32\ADVAPI32.dll
0x00007ffc837a0000 - 0x00007ffc83849000 	C:\windows\System32\msvcrt.dll
0x00007ffc83480000 - 0x00007ffc83527000 	C:\windows\System32\sechost.dll
0x00007ffc83bb0000 - 0x00007ffc83cc8000 	C:\windows\System32\RPCRT4.dll
0x00007ffc83e90000 - 0x00007ffc84056000 	C:\windows\System32\USER32.dll
0x00007ffc82390000 - 0x00007ffc823b7000 	C:\windows\System32\win32u.dll
0x00007ffc83110000 - 0x00007ffc8313b000 	C:\windows\System32\GDI32.dll
0x00007ffc647b0000 - 0x00007ffc64a42000 	C:\windows\WinSxS\amd64_microsoft.windows.common-controls_6595b64144ccf1df_6.0.26100.8457_none_3e0b2faee331e92d\COMCTL32.dll
0x00007ffc81520000 - 0x00007ffc8164c000 	C:\windows\System32\gdi32full.dll
0x00007ffc82190000 - 0x00007ffc82233000 	C:\windows\System32\msvcp_win.dll
0x00007ffc77380000 - 0x00007ffc7738b000 	C:\windows\SYSTEM32\VERSION.dll
0x00007ffc83260000 - 0x00007ffc83292000 	C:\windows\System32\IMM32.DLL
0x00007ffc7e0d0000 - 0x00007ffc7e0dc000 	C:\Program Files\Java\jdk-21.0.11\bin\vcruntime140_1.dll
0x00007ffc56710000 - 0x00007ffc5679d000 	C:\Program Files\Java\jdk-21.0.11\bin\msvcp140.dll
0x00007ffbd15b0000 - 0x00007ffbd22d8000 	C:\Program Files\Java\jdk-21.0.11\bin\server\jvm.dll
0x00007ffc82f80000 - 0x00007ffc83000000 	C:\windows\System32\WS2_32.dll
0x00007ffc80850000 - 0x00007ffc808ae000 	C:\windows\SYSTEM32\POWRPROF.dll
0x00007ffc6c000000 - 0x00007ffc6c036000 	C:\windows\SYSTEM32\WINMM.dll
0x00007ffc80830000 - 0x00007ffc80844000 	C:\windows\SYSTEM32\UMPDC.dll
0x00007ffc7fe00000 - 0x00007ffc7fe1b000 	C:\windows\SYSTEM32\kernel.appcore.dll
0x00007ffc77360000 - 0x00007ffc7736a000 	C:\Program Files\Java\jdk-21.0.11\bin\jimage.dll
0x00007ffc7ee80000 - 0x00007ffc7f0c2000 	C:\windows\SYSTEM32\DBGHELP.DLL
0x00007ffc823e0000 - 0x00007ffc82763000 	C:\windows\System32\combase.dll
0x00007ffc839b0000 - 0x00007ffc83a89000 	C:\windows\System32\OLEAUT32.dll
0x00007ffc3fa10000 - 0x00007ffc3fa4b000 	C:\windows\SYSTEM32\dbgcore.DLL
0x00007ffc81470000 - 0x00007ffc81518000 	C:\windows\System32\bcryptPrimitives.dll
0x00007ffc76ed0000 - 0x00007ffc76ee0000 	C:\Program Files\Java\jdk-21.0.11\bin\instrument.dll
0x00007ffc6b560000 - 0x00007ffc6b581000 	C:\Program Files\Java\jdk-21.0.11\bin\java.dll
0x00007ffc82770000 - 0x00007ffc82ede000 	C:\windows\System32\SHELL32.dll
0x00007ffc81650000 - 0x00007ffc81ebc000 	C:\windows\System32\windows.storage.dll
0x00007ffc83ab0000 - 0x00007ffc83ba6000 	C:\windows\System32\SHCORE.dll
0x00007ffc830a0000 - 0x00007ffc83106000 	C:\windows\System32\shlwapi.dll
0x00007ffc80f90000 - 0x00007ffc80fb9000 	C:\windows\SYSTEM32\profapi.dll
0x00007ffc3bf80000 - 0x00007ffc3c057000 	C:\Program Files\Java\jdk-21.0.11\bin\jsvml.dll
0x00007ffc57760000 - 0x00007ffc57778000 	C:\Program Files\Java\jdk-21.0.11\bin\zip.dll
0x00007ffc6b4c0000 - 0x00007ffc6b4d1000 	C:\Program Files\Java\jdk-21.0.11\bin\net.dll
0x00007ffc78b90000 - 0x00007ffc78cb9000 	C:\windows\SYSTEM32\WINHTTP.dll
0x00007ffc80370000 - 0x00007ffc803dc000 	C:\windows\system32\mswsock.dll
0x00007ffc57780000 - 0x00007ffc57796000 	C:\Program Files\Java\jdk-21.0.11\bin\nio.dll
0x00007ffc7f880000 - 0x00007ffc7f9b2000 	C:\windows\SYSTEM32\DNSAPI.dll
0x00007ffc7f7f0000 - 0x00007ffc7f822000 	C:\windows\SYSTEM32\IPHLPAPI.DLL
0x00007ffc831d0000 - 0x00007ffc831da000 	C:\windows\System32\NSI.dll
0x00007ffc77610000 - 0x00007ffc7761b000 	C:\Windows\System32\rasadhlp.dll
0x00007ffc78e30000 - 0x00007ffc78eb6000 	C:\windows\System32\fwpuclnt.dll
0x00007ffc6f910000 - 0x00007ffc6f919000 	C:\Program Files\Java\jdk-21.0.11\bin\extnet.dll
0x00007ffc6b550000 - 0x00007ffc6b55a000 	C:\Program Files\Java\jdk-21.0.11\bin\management.dll
0x00007ffc6b530000 - 0x00007ffc6b53c000 	C:\Program Files\Java\jdk-21.0.11\bin\management_ext.dll
0x00007ffc83090000 - 0x00007ffc83098000 	C:\windows\System32\PSAPI.DLL
0x0000022aa6970000 - 0x0000022aa6973000 	C:\Users\oc_vh\.openjfx\cache\21.0.2+5\amd64\api-ms-win-core-console-l1-1-0.dll
0x0000022aa6980000 - 0x0000022aa6983000 	C:\Users\oc_vh\.openjfx\cache\21.0.2+5\amd64\api-ms-win-core-console-l1-2-0.dll
0x0000022aa8910000 - 0x0000022aa8913000 	C:\Users\oc_vh\.openjfx\cache\21.0.2+5\amd64\api-ms-win-core-datetime-l1-1-0.dll
0x0000022aa8920000 - 0x0000022aa8923000 	C:\Users\oc_vh\.openjfx\cache\21.0.2+5\amd64\api-ms-win-core-debug-l1-1-0.dll
0x0000022aa8930000 - 0x0000022aa8933000 	C:\Users\oc_vh\.openjfx\cache\21.0.2+5\amd64\api-ms-win-core-errorhandling-l1-1-0.dll
0x0000022ac7ff0000 - 0x0000022ac7ff4000 	C:\Users\oc_vh\.openjfx\cache\21.0.2+5\amd64\api-ms-win-core-file-l1-1-0.dll
0x0000022b0ef10000 - 0x0000022b0ef13000 	C:\Users\oc_vh\.openjfx\cache\21.0.2+5\amd64\api-ms-win-core-file-l1-2-0.dll
0x0000022b0ef20000 - 0x0000022b0ef23000 	C:\Users\oc_vh\.openjfx\cache\21.0.2+5\amd64\api-ms-win-core-file-l2-1-0.dll
0x0000022b0ef30000 - 0x0000022b0ef33000 	C:\Users\oc_vh\.openjfx\cache\21.0.2+5\amd64\api-ms-win-core-handle-l1-1-0.dll
0x0000022b0ef40000 - 0x0000022b0ef43000 	C:\Users\oc_vh\.openjfx\cache\21.0.2+5\amd64\api-ms-win-core-heap-l1-1-0.dll
0x0000022b0ef50000 - 0x0000022b0ef53000 	C:\Users\oc_vh\.openjfx\cache\21.0.2+5\amd64\api-ms-win-core-interlocked-l1-1-0.dll
0x0000022b0ef60000 - 0x0000022b0ef63000 	C:\Users\oc_vh\.openjfx\cache\21.0.2+5\amd64\api-ms-win-core-libraryloader-l1-1-0.dll
0x00007ffc806d0000 - 0x00007ffc806eb000 	C:\windows\SYSTEM32\CRYPTSP.dll
0x0000022b0ef70000 - 0x0000022b0ef73000 	C:\Users\oc_vh\.openjfx\cache\21.0.2+5\amd64\api-ms-win-core-localization-l1-2-0.dll
0x00007ffc7fd60000 - 0x00007ffc7fd99000 	C:\windows\system32\rsaenh.dll
0x00007ffc80420000 - 0x00007ffc80453000 	C:\windows\SYSTEM32\USERENV.dll
0x00007ffc80f60000 - 0x00007ffc80f8a000 	C:\windows\SYSTEM32\bcrypt.dll
0x0000022b0ef80000 - 0x0000022b0ef83000 	C:\Users\oc_vh\.openjfx\cache\21.0.2+5\amd64\api-ms-win-core-memory-l1-1-0.dll
0x00007ffc806c0000 - 0x00007ffc806cc000 	C:\windows\SYSTEM32\CRYPTBASE.dll
0x0000022b0ef90000 - 0x0000022b0ef93000 	C:\Users\oc_vh\.openjfx\cache\21.0.2+5\amd64\api-ms-win-core-namedpipe-l1-1-0.dll
0x0000022b0efa0000 - 0x0000022b0efa3000 	C:\Users\oc_vh\.openjfx\cache\21.0.2+5\amd64\api-ms-win-core-processenvironment-l1-1-0.dll
0x0000022b0efb0000 - 0x0000022b0efb3000 	C:\Users\oc_vh\.openjfx\cache\21.0.2+5\amd64\api-ms-win-core-processthreads-l1-1-0.dll
0x0000022b0efc0000 - 0x0000022b0efc3000 	C:\Users\oc_vh\.openjfx\cache\21.0.2+5\amd64\api-ms-win-core-processthreads-l1-1-1.dll
0x0000022b0efd0000 - 0x0000022b0efd3000 	C:\Users\oc_vh\.openjfx\cache\21.0.2+5\amd64\api-ms-win-core-profile-l1-1-0.dll
0x0000022b0efe0000 - 0x0000022b0efe3000 	C:\Users\oc_vh\.openjfx\cache\21.0.2+5\amd64\api-ms-win-core-rtlsupport-l1-1-0.dll
0x00007ffc51b80000 - 0x00007ffc51b98000 	C:\windows\system32\napinsp.dll
0x0000022b0eff0000 - 0x0000022b0eff3000 	C:\Users\oc_vh\.openjfx\cache\21.0.2+5\amd64\api-ms-win-core-string-l1-1-0.dll
0x0000022b0f000000 - 0x0000022b0f003000 	C:\Users\oc_vh\.openjfx\cache\21.0.2+5\amd64\api-ms-win-core-synch-l1-1-0.dll
0x00007ffc51b60000 - 0x00007ffc51b73000 	C:\windows\System32\winrnr.dll
0x00007ffc51b30000 - 0x00007ffc51b52000 	C:\windows\system32\nlansp_c.dll
0x0000022b0f010000 - 0x0000022b0f013000 	C:\Users\oc_vh\.openjfx\cache\21.0.2+5\amd64\api-ms-win-core-synch-l1-2-0.dll
0x00007ffc51ad0000 - 0x00007ffc51ae6000 	C:\windows\system32\wshbth.dll
0x0000022b0f020000 - 0x0000022b0f023000 	C:\Users\oc_vh\.openjfx\cache\21.0.2+5\amd64\api-ms-win-core-sysinfo-l1-1-0.dll
0x0000022b0f030000 - 0x0000022b0f033000 	C:\Users\oc_vh\.openjfx\cache\21.0.2+5\amd64\api-ms-win-core-timezone-l1-1-0.dll
0x0000022b0f040000 - 0x0000022b0f043000 	C:\Users\oc_vh\.openjfx\cache\21.0.2+5\amd64\api-ms-win-core-util-l1-1-0.dll
0x0000022b0f050000 - 0x0000022b0f053000 	C:\Users\oc_vh\.openjfx\cache\21.0.2+5\amd64\api-ms-win-crt-conio-l1-1-0.dll
0x0000022b0f060000 - 0x0000022b0f064000 	C:\Users\oc_vh\.openjfx\cache\21.0.2+5\amd64\api-ms-win-crt-convert-l1-1-0.dll
0x0000022b0f070000 - 0x0000022b0f073000 	C:\Users\oc_vh\.openjfx\cache\21.0.2+5\amd64\api-ms-win-crt-environment-l1-1-0.dll
0x0000022b0f080000 - 0x0000022b0f083000 	C:\Users\oc_vh\.openjfx\cache\21.0.2+5\amd64\api-ms-win-crt-filesystem-l1-1-0.dll
0x0000022b0f090000 - 0x0000022b0f093000 	C:\Users\oc_vh\.openjfx\cache\21.0.2+5\amd64\api-ms-win-crt-heap-l1-1-0.dll
0x0000022b0f0a0000 - 0x0000022b0f0a3000 	C:\Users\oc_vh\.openjfx\cache\21.0.2+5\amd64\api-ms-win-crt-locale-l1-1-0.dll
0x0000022b0f0b0000 - 0x0000022b0f0b5000 	C:\Users\oc_vh\.openjfx\cache\21.0.2+5\amd64\api-ms-win-crt-math-l1-1-0.dll
0x0000022b0f0c0000 - 0x0000022b0f0c5000 	C:\Users\oc_vh\.openjfx\cache\21.0.2+5\amd64\api-ms-win-crt-multibyte-l1-1-0.dll
0x0000022b0f0d0000 - 0x0000022b0f0e0000 	C:\Users\oc_vh\.openjfx\cache\21.0.2+5\amd64\api-ms-win-crt-private-l1-1-0.dll
0x0000022b0f0e0000 - 0x0000022b0f0e3000 	C:\Users\oc_vh\.openjfx\cache\21.0.2+5\amd64\api-ms-win-crt-process-l1-1-0.dll
0x0000022b0f0f0000 - 0x0000022b0f0f4000 	C:\Users\oc_vh\.openjfx\cache\21.0.2+5\amd64\api-ms-win-crt-runtime-l1-1-0.dll
0x0000022b0f100000 - 0x0000022b0f104000 	C:\Users\oc_vh\.openjfx\cache\21.0.2+5\amd64\api-ms-win-crt-stdio-l1-1-0.dll
0x0000022b0f110000 - 0x0000022b0f114000 	C:\Users\oc_vh\.openjfx\cache\21.0.2+5\amd64\api-ms-win-crt-string-l1-1-0.dll
0x0000022b0f120000 - 0x0000022b0f123000 	C:\Users\oc_vh\.openjfx\cache\21.0.2+5\amd64\api-ms-win-crt-time-l1-1-0.dll
0x0000022b0f130000 - 0x0000022b0f133000 	C:\Users\oc_vh\.openjfx\cache\21.0.2+5\amd64\api-ms-win-crt-utility-l1-1-0.dll
0x00007ffc3aeb0000 - 0x00007ffc3afac000 	C:\Users\oc_vh\.openjfx\cache\21.0.2+5\amd64\ucrtbase.dll
0x00007ffc57730000 - 0x00007ffc5774b000 	C:\Users\oc_vh\.openjfx\cache\21.0.2+5\amd64\vcruntime140.dll
0x00007ffc58eb0000 - 0x00007ffc58ebc000 	C:\Users\oc_vh\.openjfx\cache\21.0.2+5\amd64\vcruntime140_1.dll
0x00007ffc56680000 - 0x00007ffc5670e000 	C:\Users\oc_vh\.openjfx\cache\21.0.2+5\amd64\msvcp140.dll
0x00007ffc57720000 - 0x00007ffc57729000 	C:\Users\oc_vh\.openjfx\cache\21.0.2+5\amd64\msvcp140_1.dll
0x00007ffc3ae60000 - 0x00007ffc3aea1000 	C:\Users\oc_vh\.openjfx\cache\21.0.2+5\amd64\msvcp140_2.dll
0x00007ffc74420000 - 0x00007ffc74476000 	C:\windows\SYSTEM32\pdh.dll
0x00007ffc40010000 - 0x00007ffc40040000 	C:\Users\oc_vh\.openjfx\cache\21.0.2+5\amd64\prism_d3d.dll
0x00007ffc62030000 - 0x00007ffc621e3000 	C:\windows\system32\d3d9.dll
0x00007ffc7e8d0000 - 0x00007ffc7e8ff000 	C:\windows\SYSTEM32\dwmapi.dll
0x00007ffc7e6f0000 - 0x00007ffc7e735000 	C:\windows\SYSTEM32\dxcore.dll
0x00007ffc7e610000 - 0x00007ffc7e6ba000 	C:\windows\system32\uxtheme.dll
0x00007ffc83600000 - 0x00007ffc83797000 	C:\windows\System32\ole32.dll
0x00007ffc80d20000 - 0x00007ffc80d71000 	C:\windows\SYSTEM32\CFGMGR32.dll
0x00007ffc792d0000 - 0x00007ffc79331000 	C:\windows\SYSTEM32\directxdatabasehelper.dll
0x00007ffc3ae10000 - 0x00007ffc3ae52000 	C:\Users\oc_vh\.openjfx\cache\21.0.2+5\amd64\glass.dll
0x00007ffc83cd0000 - 0x00007ffc83dc0000 	C:\windows\System32\COMDLG32.dll
0x00007ffc83850000 - 0x00007ffc839ac000 	C:\windows\System32\MSCTF.dll
0x00007ffc56640000 - 0x00007ffc56654000 	C:\Users\oc_vh\.openjfx\cache\21.0.2+5\amd64\javafx_font.dll
0x00007ffc7cd70000 - 0x00007ffc7cfd7000 	C:\windows\SYSTEM32\dwrite.dll
0x00007ffc786a0000 - 0x00007ffc786b2000 	C:\windows\System32\perfproc.dll
0x00007ffc42d60000 - 0x00007ffc42d71000 	C:\windows\System32\perfos.dll
0x00007ffc7f4c0000 - 0x00007ffc7f4d2000 	C:\windows\SYSTEM32\pfclient.dll

dbghelp: loaded successfully - version: 4.0.5 - missing functions: none
symbol engine: initialized successfully - sym options: 0x614 - pdb path: .;C:\Program Files\Java\jdk-21.0.11\bin;C:\windows\SYSTEM32;C:\windows\WinSxS\amd64_microsoft.windows.common-controls_6595b64144ccf1df_6.0.26100.8457_none_3e0b2faee331e92d;C:\Program Files\Java\jdk-21.0.11\bin\server;C:\Users\oc_vh\.openjfx\cache\21.0.2+5\amd64;C:\windows\System32\DriverStore\FileRepository\iigd_dch.inf_amd64_a0e4070823166b80;C:\Program Files\Common Files\Microsoft Shared\Ink;C:\windows\System32\DriverStore\FileRepository\ntprint.inf_amd64_78082862576f78bc\Amd64;C:\windows\System32\DriverStore\FileRepository\prnms003.inf_amd64_fe120272380ff332\Amd64;C:\Program Files\Microsoft Office\root\VFS\ProgramFilesCommonX64\Microsoft Shared\Office16

VM Arguments:
jvm_args: -javaagent:C:\Program Files\JetBrains\IntelliJ IDEA 2026.1.2\lib\idea_rt.jar=54416 -Dfile.encoding=UTF-8 -Dsun.stdout.encoding=UTF-8 -Dsun.stderr.encoding=UTF-8 
java_command: com.asm.App
java_class_path (initial): C:\Users\oc_vh\IdeaProjects\pdv-almacenes-san-miguel\target\classes;C:\Users\oc_vh\.m2\repository\org\openjfx\javafx-controls\21.0.2\javafx-controls-21.0.2.jar;C:\Users\oc_vh\.m2\repository\org\openjfx\javafx-controls\21.0.2\javafx-controls-21.0.2-win.jar;C:\Users\oc_vh\.m2\repository\org\openjfx\javafx-graphics\21.0.2\javafx-graphics-21.0.2.jar;C:\Users\oc_vh\.m2\repository\org\openjfx\javafx-graphics\21.0.2\javafx-graphics-21.0.2-win.jar;C:\Users\oc_vh\.m2\repository\org\openjfx\javafx-base\21.0.2\javafx-base-21.0.2.jar;C:\Users\oc_vh\.m2\repository\org\openjfx\javafx-base\21.0.2\javafx-base-21.0.2-win.jar;C:\Users\oc_vh\.m2\repository\org\openjfx\javafx-fxml\21.0.2\javafx-fxml-21.0.2.jar;C:\Users\oc_vh\.m2\repository\org\openjfx\javafx-fxml\21.0.2\javafx-fxml-21.0.2-win.jar;C:\Users\oc_vh\.m2\repository\org\hibernate\orm\hibernate-core\6.2.7.Final\hibernate-core-6.2.7.Final.jar;C:\Users\oc_vh\.m2\repository\jakarta\persistence\jakarta.persistence-api\3.1.0\jakarta.persistence-api-3.1.0.jar;C:\Users\oc_vh\.m2\repository\jakarta\transaction\jakarta.transaction-api\2.0.1\jakarta.transaction-api-2.0.1.jar;C:\Users\oc_vh\.m2\repository\org\jboss\logging\jboss-logging\3.5.0.Final\jboss-logging-3.5.0.Final.jar;C:\Users\oc_vh\.m2\repository\org\hibernate\common\hibernate-commons-annotations\6.0.6.Final\hibernate-commons-annotations-6.0.6.Final.jar;C:\Users\oc_vh\.m2\repository\io\smallrye\jandex\3.0.5\jandex-3.0.5.jar;C:\Users\oc_vh\.m2\repository\com\fasterxml\classmate\1.5.1\classmate-1.5.1.jar;C:\Users\oc_vh\.m2\repository\net\bytebuddy\byte-buddy\1.12.18\byte-buddy-1.12.18.jar;C:\Users\oc_vh\.m2\repository\jakarta\xml\bind\jakarta.xml.bind-api\4.0.0\jakarta.xml.bind-api-4.0.0.jar;C:\Users\oc_vh\.m2\repository\jakarta\activation\jakarta.activation-api\2.1.0\jakarta.activation-api-2.1.0.jar;C:\Users\oc_vh\.m2\repository\org\glassfish\jaxb\jaxb-runtime\4.0.2\jaxb-runtime-4.0.2.jar;C:\Users\oc_vh\.m2\repository\org\glassfish\jaxb\jaxb-core\4.0.2\jaxb-core-4.0.2.jar;C:\Users\oc_vh\.m2\repository\org\eclipse\angus\angus-activation\2.0.0\angus-activation-2.0.0.jar;C:\Users\oc_vh\.m2\repository\org\glassfish\jaxb\txw2\4.0.2\txw2-4.0.2.jar;C:\Users\oc_vh\.m2\repository\com\sun\istack\istack-commons-runtime\4.1.1\istack-commons-runtime-4.1.1.jar;C:\Users\oc_vh\.m2\repository\jakarta\inject\jakarta.inject-api\2.0.1\jakarta.inject-api-2.0.1.jar;C:\Users\oc_vh\.m2\repository\org\antlr\antlr4-runtime\4.10.1\antlr4-runtime-4.10.1.jar;C:\Users\oc_vh\.m2\repository\com\mysql\mysql-connector-j\8.0.33\mysql-connector-j-8.0.33.jar;C:\Users\oc_vh\.m2\repository\com\google\protobuf\protobuf-java\3.21.9\protobuf-java-3.21.9.jar
Launcher Type: SUN_STANDARD

[Global flags]
     intx CICompilerCount                          = 4                                         {product} {ergonomic}
     uint ConcGCThreads                            = 3                                         {product} {ergonomic}
     uint G1ConcRefinementThreads                  = 10                                        {product} {ergonomic}
   size_t G1HeapRegionSize                         = 2097152                                   {product} {ergonomic}
    uintx GCDrainStackTargetSize                   = 64                                        {product} {ergonomic}
   size_t InitialHeapSize                          = 264241152                                 {product} {ergonomic}
   size_t MarkStackSize                            = 4194304                                   {product} {ergonomic}
   size_t MaxHeapSize                              = 4198498304                                {product} {ergonomic}
   size_t MaxNewSize                               = 2518679552                                {product} {ergonomic}
   size_t MinHeapDeltaBytes                        = 2097152                                   {product} {ergonomic}
   size_t MinHeapSize                              = 8388608                                   {product} {ergonomic}
    uintx NonNMethodCodeHeapSize                   = 5839372                                {pd product} {ergonomic}
    uintx NonProfiledCodeHeapSize                  = 122909434                              {pd product} {ergonomic}
    uintx ProfiledCodeHeapSize                     = 122909434                              {pd product} {ergonomic}
    uintx ReservedCodeCacheSize                    = 251658240                              {pd product} {ergonomic}
     bool SegmentedCodeCache                       = true                                      {product} {ergonomic}
   size_t SoftMaxHeapSize                          = 4198498304                             {manageable} {ergonomic}
     bool UseCompressedOops                        = true                           {product lp64_product} {ergonomic}
     bool UseG1GC                                  = true                                      {product} {ergonomic}
     bool UseLargePagesIndividualAllocation        = false                                  {pd product} {ergonomic}

Logging:
Log output configuration:
 #0: stdout all=off uptime,level,tags foldmultilines=false
 #1: stderr all=off uptime,level,tags foldmultilines=false

Environment Variables:
JAVA_HOME=C:\Program Files\Java\jdk-21.0.11
PATH=C:\Program Files\Common Files\Oracle\Java\javapath;C:\Program Files\Microsoft MPI\Bin\;C:\windows\system32;C:\windows;C:\windows\System32\Wbem;C:\windows\System32\WindowsPowerShell\v1.0\;C:\windows\System32\OpenSSH\;C:\Program Files (x86)\NVIDIA Corporation\PhysX\Common;C:\Program Files\NVIDIA Corporation\NVIDIA App\NvDLISR;C:\Users\Administrator\AppData\Local\Microsoft\WindowsApps;C:\Program Files\HP\OMEN-Broadcast\Common;C:\Program Files (x86)\Microsoft SQL Server\170\Tools\Binn\;C:\Program Files\Microsoft SQL Server\170\Tools\Binn\;C:\Program Files\Microsoft SQL Server\Client SDK\ODBC\180\Tools\Binn\;C:\Program Files\Microsoft SQL Server\170\DTS\Binn\;C:\Program Files\PuTTY\;C:\Program Files\Microchip\xc8\v2.36\bin;%JAVA_HOME%\bin;C:\Program Files\Git\cmd;C:\Program Files\Microsoft SQL Server\Client SDK\ODBC\130\Tools\Binn\;C:\Program Files (x86)\Microsoft SQL Server\130\Tools\Binn\;C:\Program Files\Microsoft SQL Server\130\Tools\Binn\;C:\Program Files\Microsoft SQL Server\130\DTS\Binn\;C:\Users\oc_vh\AppData\Local\Microsoft\WindowsApps;C:\Users\oc_vh\AppData\Local\Programs\Microsoft VS Code\bin;C:\Program Files\JetBrains\IntelliJ IDEA 2026.1.2\bin
USERNAME=oc_vh
OS=Windows_NT
PROCESSOR_IDENTIFIER=Intel64 Family 6 Model 186 Stepping 2, GenuineIntel
TMP=C:\Users\oc_vh\AppData\Local\Temp
TEMP=C:\Users\oc_vh\AppData\Local\Temp




Periodic native trim disabled

---------------  S Y S T E M  ---------------

OS:
 Windows 11 , 64 bit Build 26100 (10.0.26100.8328)
OS uptime: 11 days 12:04 hours
Hyper-V role detected

CPU: total 12 (initial active 12) (6 cores per cpu, 2 threads per core) family 6 model 186 stepping 2 microcode 0x6134, cx8, cmov, fxsr, ht, mmx, 3dnowpref, sse, sse2, sse3, ssse3, sse4.1, sse4.2, popcnt, lzcnt, tsc, tscinvbit, avx, avx2, aes, erms, clmul, bmi1, bmi2, adx, sha, fma, vzeroupper, clflush, clflushopt, clwb, hv, serialize, rdtscp, rdpid, fsrm, f16c, cet_ibt, cet_ss
Processor Information for processor 0
  Max Mhz: 2100, Current Mhz: 2100, Mhz Limit: 2100
Processor Information for processor 1
  Max Mhz: 2100, Current Mhz: 2100, Mhz Limit: 2100
Processor Information for processor 2
  Max Mhz: 2100, Current Mhz: 2100, Mhz Limit: 2100
Processor Information for processor 3
  Max Mhz: 2100, Current Mhz: 2100, Mhz Limit: 2100
Processor Information for processor 4
  Max Mhz: 2100, Current Mhz: 2100, Mhz Limit: 2100
Processor Information for processor 5
  Max Mhz: 2100, Current Mhz: 2100, Mhz Limit: 2100
Processor Information for processor 6
  Max Mhz: 2100, Current Mhz: 1453, Mhz Limit: 2100
Processor Information for processor 7
  Max Mhz: 2100, Current Mhz: 2100, Mhz Limit: 2100
Processor Information for processor 8
  Max Mhz: 2100, Current Mhz: 1540, Mhz Limit: 2100
Processor Information for processor 9
  Max Mhz: 2100, Current Mhz: 1540, Mhz Limit: 2100
Processor Information for processor 10
  Max Mhz: 2100, Current Mhz: 2100, Mhz Limit: 2100
Processor Information for processor 11
  Max Mhz: 2100, Current Mhz: 1540, Mhz Limit: 2100

Memory: 4k page, system-wide physical 16013M (2868M free)
TotalPageFile size 28734M (AvailPageFile size 5039M)
current process WorkingSet (physical memory assigned to process): 359M, peak: 430M
current process commit charge ("private bytes"): 363M, peak: 459M

vm_info: Java HotSpot(TM) 64-Bit Server VM (21.0.11+9-LTS-211) for windows-amd64 JRE (21.0.11+9-LTS-211), built on 2026-03-11T00:23:15Z by "mach5run" with MS VC++ 17.13 (VS2022)

END.
