#
# A fatal error has been detected by the Java Runtime Environment:
#
#  EXCEPTION_ACCESS_VIOLATION (0xc0000005) at pc=0x00007ffc69f864f7, pid=40608, tid=7112
#
# JRE version: Java(TM) SE Runtime Environment (21.0.11+9) (build 21.0.11+9-LTS-211)
# Java VM: Java HotSpot(TM) 64-Bit Server VM (21.0.11+9-LTS-211, mixed mode, sharing, tiered, compressed oops, compressed class ptrs, g1 gc, windows-amd64)
# Problematic frame:
# C  [glass.dll+0x264f7]
#
# No core dump will be written. Minidumps are not enabled by default on client versions of Windows
#
# If you would like to submit a bug report, please visit:
#   https://bugreport.java.com/bugreport/crash.jsp
#

---------------  S U M M A R Y ------------

Command Line: -javaagent:C:\Program Files\JetBrains\IntelliJ IDEA 2026.1.2\lib\idea_rt.jar=54966 -Dfile.encoding=UTF-8 -Dsun.stdout.encoding=UTF-8 -Dsun.stderr.encoding=UTF-8 com.asm.App

Host: 13th Gen Intel(R) Core(TM) i5-13420H, 12 cores, 15G,  Windows 11 , 64 bit Build 26100 (10.0.26100.8328)
Time: Wed May 27 01:12:43 2026 Hora estándar central (México) elapsed time: 88.519159 seconds (0d 0h 1m 28s)

---------------  T H R E A D  ---------------

Current thread (0x0000020c376248e0):  VMThread "VM Thread"          [id=7112, stack(0x0000002388200000,0x0000002388300000) (1024K)]

Stack: [0x0000002388200000,0x0000002388300000],  sp=0x00000023882ff180,  free space=1020k
Native frames: (J=compiled Java code, j=interpreted, Vv=VM code, C=native code)
C  [glass.dll+0x264f7]


siginfo: EXCEPTION_ACCESS_VIOLATION (0xc0000005), reading address 0x0000000000000000


Registers:
RAX=0x0000000000000000, RBX=0x0000020c3762680a, RCX=0x0000020c376248e0, RDX=0x00000023882ff180
RSP=0x00000023882ff180, RBP=0x0000cf1060869975, RSI=0x0000020c7ddc0eb8, RDI=0x0000020c7ddc0e90
R8 =0x0000000000010002, R9 =0x0000cf1060869975, R10=0x0000020c15e10000, R11=0x00000023882fedf0
R12=0x000000007ffe0385, R13=0x0000000000000001, R14=0x00000023882ff288, R15=0x0000020c7ddc0e90
RIP=0x00007ffc69f864f7, EFLAGS=0x0000000000010206


Register to memory mapping:

RAX=0x0 is null
RBX=0x0000020c3762680a is a global jni handle
RCX=0x0000020c376248e0 points into unknown readable memory: 0x00007ffbe99a31f8 | f8 31 9a e9 fb 7f 00 00
RDX=0x00000023882ff180 points into unknown readable memory: 0x0000000000000000 | 00 00 00 00 00 00 00 00
RSP=0x00000023882ff180 points into unknown readable memory: 0x0000000000000000 | 00 00 00 00 00 00 00 00
RBP=0x0000cf1060869975 is an unknown value
RSI=0x0000020c7ddc0eb8 points into unknown readable memory: 0x0000cf1060869975 | 75 99 86 60 10 cf 00 00
RDI=0x0000020c7ddc0e90 points into unknown readable memory: 0x2b00cf1f9f0ba672 | 72 a6 0b 9f 1f cf 00 2b
R8 =0x0000000000010002 is an unknown value
R9 =0x0000cf1060869975 is an unknown value
R10=0x0000020c15e10000 points into unknown readable memory: 0x0000000000000000 | 00 00 00 00 00 00 00 00
R11=0x00000023882fedf0 points into unknown readable memory: 0x0000000000800000 | 00 00 80 00 00 00 00 00
R12=0x000000007ffe0385 points into unknown readable memory: 00 00 00
R13=0x0000000000000001 is an unknown value
R14=0x00000023882ff288 points into unknown readable memory: 0x00000023882ff270 | 70 f2 2f 88 23 00 00 00
R15=0x0000020c7ddc0e90 points into unknown readable memory: 0x2b00cf1f9f0ba672 | 72 a6 0b 9f 1f cf 00 2b

Top of Stack: (sp=0x00000023882ff180)
0x00000023882ff180:   0000000000000000 0000020c00000000
0x00000023882ff190:   0000020c7df42280 000000007ffe0385
0x00000023882ff1a0:   0000020c7ddc0e98 00007ffc81f0bc75
0x00000023882ff1b0:   0000020c7ddc0e90 0000020c00000000
0x00000023882ff1c0:   0000020c7ddc0eb0 0000cf1060869975
0x00000023882ff1d0:   fffffffffffffffe 00007ffc6b4c0000
0x00000023882ff1e0:   00007ffc69f60000 00007ffc69f60000
0x00000023882ff1f0:   00000023882ff278 00007ffc81f0b897
0x00000023882ff200:   00000023882ff200 00000023882ff288
0x00000023882ff210:   00000023882ff7d0 00007ffc81ff88c0
0x00000023882ff220:   0000000000000001 00007ffc81f0b84d
0x00000023882ff230:   0000000000000000 0000000000000001
0x00000023882ff240:   00007ffc7cf9ed80 00000023882ff278
0x00000023882ff250:   fffffffffffffffe 00000023882ff240
0x00000023882ff260:   0000000000000000 00007ffc69f83ccd
0x00000023882ff270:   00007ffc69f9a008 0000000000000002
0x00000023882ff280:   00007ffc00000002 00000023882ff270
0x00000023882ff290:   0000000000000000 00007ffc82010000
0x00000023882ff2a0:   0000000000000000 00007ffc69f83df2
0x00000023882ff2b0:   0000000000000001 00000023882ff7d0
0x00000023882ff2c0:   0000000000000001 0000000000000000
0x00000023882ff2d0:   0000000000000001 00007ffc80990000
0x00000023882ff2e0:   00007ffc00000001 00000023882ff7d0
0x00000023882ff2f0:   0000000000000000 00007ffc69f83e40
0x00000023882ff300:   0000000000000001 00007ffc8479f98a
0x00000023882ff310:   00007ffc69f60000 0000000000000000
0x00000023882ff320:   0000000000000001 000000007ffe0384
0x00000023882ff330:   0000000000000000 00007ffc84652d23
0x00000023882ff340:   0000000000000000 0000020c162a04a8
0x00000023882ff350:   000000000000008d 0000000000000000
0x00000023882ff360:   0000000000000000 0000000000000000
0x00000023882ff370:   0000000000000000 fffff0bc00000000 

Instructions: (pc=0x00007ffc69f864f7)
0x00007ffc69f863f7:   8b 4d 58 e8 8d cf ff ff 48 8b 4d 60 e8 84 cf ff
0x00007ffc69f86407:   ff 48 8b 95 80 00 00 00 48 8b 8d 18 01 00 00 e8
0x00007ffc69f86417:   76 c4 ff ff 33 d2 33 c9 e8 cc e1 ff ff 90 48 89
0x00007ffc69f86427:   54 24 10 55 48 83 ec 20 48 8b ea 48 b8 00 00 00
0x00007ffc69f86437:   00 00 00 00 00 48 83 c4 20 5d c3 cc 40 55 48 8b
0x00007ffc69f86447:   ea 48 8b 01 33 c9 81 38 05 00 00 c0 0f 94 c1 8b
0x00007ffc69f86457:   c1 5d c3 cc 40 55 48 83 ec 20 48 8b ea 8a 4d 40
0x00007ffc69f86467:   48 83 c4 20 5d e9 73 d3 ff ff cc 40 55 48 83 ec
0x00007ffc69f86477:   20 48 8b ea 8a 4d 20 e8 61 d3 ff ff 90 48 83 c4
0x00007ffc69f86487:   20 5d c3 cc 40 55 48 83 ec 20 48 8b ea 48 83 c4
0x00007ffc69f86497:   20 5d e9 c2 d1 ff ff cc 40 55 48 83 ec 30 48 8b
0x00007ffc69f864a7:   ea 48 8b 01 8b 10 48 89 4c 24 28 89 54 24 20 4c
0x00007ffc69f864b7:   8d 0d 63 d6 ff ff 4c 8b 45 70 8b 55 68 48 8b 4d
0x00007ffc69f864c7:   60 e8 03 d1 ff ff 90 48 83 c4 30 5d c3 cc cc cc
0x00007ffc69f864d7:   cc cc cc cc cc cc cc cc cc 40 53 48 83 ec 20 48
0x00007ffc69f864e7:   8b 1d 1b 35 01 00 48 85 db 74 16 e8 89 8f ff ff
0x00007ffc69f864f7:   4c 8b 00 48 8b d3 48 8b c8 41 ff 90 b0 00 00 00
0x00007ffc69f86507:   90 48 83 c4 20 5b c3 cc cc 40 53 48 83 ec 20 48
0x00007ffc69f86517:   8b 1d 8b 36 01 00 48 85 db 74 57 b8 ff ff ff ff
0x00007ffc69f86527:   f0 0f c1 43 10 83 f8 01 75 3d 48 85 db 74 38 48
0x00007ffc69f86537:   8b 0b 48 85 c9 74 0d ff 15 64 0d 00 00 48 c7 03
0x00007ffc69f86547:   00 00 00 00 48 8b 4b 08 48 85 c9 74 0d e8 33 ce
0x00007ffc69f86557:   ff ff 48 c7 43 08 00 00 00 00 ba 18 00 00 00 48
0x00007ffc69f86567:   8b cb e8 1e ce ff ff 48 c7 05 2f 36 01 00 00 00
0x00007ffc69f86577:   00 00 48 83 c4 20 5b c3 cc 40 53 48 83 ec 20 48
0x00007ffc69f86587:   8b 1d fb 35 01 00 48 85 db 74 57 b8 ff ff ff ff
0x00007ffc69f86597:   f0 0f c1 43 10 83 f8 01 75 3d 48 85 db 74 38 48
0x00007ffc69f865a7:   8b 0b 48 85 c9 74 0d ff 15 f4 0c 00 00 48 c7 03
0x00007ffc69f865b7:   00 00 00 00 48 8b 4b 08 48 85 c9 74 0d e8 c3 cd
0x00007ffc69f865c7:   ff ff 48 c7 43 08 00 00 00 00 ba 18 00 00 00 48
0x00007ffc69f865d7:   8b cb e8 ae cd ff ff 48 c7 05 9f 35 01 00 00 00
0x00007ffc69f865e7:   00 00 48 83 c4 20 5b c3 cc 40 53 48 83 ec 20 48 


Stack slot to memory mapping:

stack at sp + 0 slots: 0x0 is null
stack at sp + 1 slots: 0x0000020c00000000 is an unknown value
stack at sp + 2 slots: 0x0000020c7df42280 points into unknown readable memory: 0x0000020c7df40930 | 30 09 f4 7d 0c 02 00 00
stack at sp + 3 slots: 0x000000007ffe0385 points into unknown readable memory: 00 00 00
stack at sp + 4 slots: 0x0000020c7ddc0e98 points into unknown readable memory: 0x0000cf1060869975 | 75 99 86 60 10 cf 00 00
stack at sp + 5 slots: 0x00007ffc81f0bc75 ucrtbase.dll
stack at sp + 6 slots: 0x0000020c7ddc0e90 points into unknown readable memory: 0x2b00cf1f9f0ba672 | 72 a6 0b 9f 1f cf 00 2b
stack at sp + 7 slots: 0x0000020c00000000 is an unknown value

VM_Operation (0x00000023879fee20): Exit, mode: safepoint, requested by thread 0x0000020c0799f110


---------------  P R O C E S S  ---------------

Threads class SMR info:
_java_thread_list=0x0000020c07b500d0, length=30, elements={
0x0000020c161a77e0, 0x0000020c377745d0, 0x0000020c3763d070, 0x0000020c3763dad0,
0x0000020c3763e530, 0x0000020c3777a7a0, 0x0000020c3777b330, 0x0000020c37783cd0,
0x0000020c377afff0, 0x0000020c37a7f490, 0x0000020c379af530, 0x0000020c379afba0,
0x0000020c37b5cbf0, 0x0000020c7d6959d0, 0x0000020c7d7848a0, 0x0000020c7dad7050,
0x0000020c7d896c40, 0x0000020c7def2260, 0x0000020c7def3ca0, 0x0000020c7def2f80,
0x0000020c7def1bd0, 0x0000020c7def0eb0, 0x0000020c0799a8e0, 0x0000020c0799af70,
0x0000020c0799e3f0, 0x0000020c0799c9b0, 0x0000020c0799ea80, 0x0000020c0799b600,
0x0000020c0799f110, 0x0000020c0799fe30
}

Java Threads: ( => current thread )
  0x0000020c161a77e0 JavaThread "main"                              [_thread_blocked, id=7808, stack(0x0000002387b00000,0x0000002387c00000) (1024K)]
  0x0000020c377745d0 JavaThread "Reference Handler"          daemon [_thread_blocked, id=17076, stack(0x0000002388300000,0x0000002388400000) (1024K)]
  0x0000020c3763d070 JavaThread "Finalizer"                  daemon [_thread_blocked, id=400, stack(0x0000002388400000,0x0000002388500000) (1024K)]
  0x0000020c3763dad0 JavaThread "Signal Dispatcher"          daemon [_thread_blocked, id=40836, stack(0x0000002388500000,0x0000002388600000) (1024K)]
  0x0000020c3763e530 JavaThread "Attach Listener"            daemon [_thread_blocked, id=25736, stack(0x0000002388600000,0x0000002388700000) (1024K)]
  0x0000020c3777a7a0 JavaThread "Service Thread"             daemon [_thread_blocked, id=30804, stack(0x0000002388700000,0x0000002388800000) (1024K)]
  0x0000020c3777b330 JavaThread "Monitor Deflation Thread"   daemon [_thread_blocked, id=40708, stack(0x0000002388800000,0x0000002388900000) (1024K)]
  0x0000020c37783cd0 JavaThread "C2 CompilerThread0"         daemon [_thread_blocked, id=20168, stack(0x0000002388900000,0x0000002388a00000) (1024K)]
  0x0000020c377afff0 JavaThread "C1 CompilerThread0"         daemon [_thread_blocked, id=36092, stack(0x0000002388a00000,0x0000002388b00000) (1024K)]
  0x0000020c37a7f490 JavaThread "Common-Cleaner"             daemon [_thread_blocked, id=39812, stack(0x0000002388b00000,0x0000002388c00000) (1024K)]
  0x0000020c379af530 JavaThread "Monitor Ctrl-Break"         daemon [_thread_in_native, id=28164, stack(0x0000002388d00000,0x0000002388e00000) (1024K)]
  0x0000020c379afba0 JavaThread "Notification Thread"        daemon [_thread_blocked, id=16312, stack(0x0000002388e00000,0x0000002388f00000) (1024K)]
  0x0000020c37b5cbf0 JavaThread "JavaFX-Launcher"                   [_thread_blocked, id=32980, stack(0x0000002388f00000,0x0000002389000000) (1024K)]
  0x0000020c7d6959d0 JavaThread "RMI TCP Accept-0"           daemon [_thread_in_native, id=36560, stack(0x0000002389100000,0x0000002389200000) (1024K)]
  0x0000020c7d7848a0 JavaThread "RMI TCP Connection(1)-192.168.100.46" daemon [_thread_blocked, id=43900, stack(0x0000002389200000,0x0000002389300000) (1024K)]
  0x0000020c7dad7050 JavaThread "RMI Scheduler(0)"           daemon [_thread_blocked, id=44020, stack(0x0000002389300000,0x0000002389400000) (1024K)]
  0x0000020c7d896c40 JavaThread "JMX server connection timeout 27" daemon [_thread_blocked, id=9612, stack(0x0000002389400000,0x0000002389500000) (1024K)]
  0x0000020c7def2260 JavaThread "InvokeLaterDispatcher"      daemon [_thread_blocked, id=7676, stack(0x0000002389f00000,0x000000238a000000) (1024K)]
  0x0000020c7def3ca0 JavaThread "JavaFX Application Thread"         [_thread_in_native, id=5312, stack(0x000000238a000000,0x000000238a100000) (1024K)]
  0x0000020c7def2f80 JavaThread "Thread-2"                   daemon [_thread_in_native, id=15760, stack(0x000000238b000000,0x000000238b100000) (1024K)]
  0x0000020c7def1bd0 JavaThread "mysql-cj-abandoned-connection-cleanup" daemon [_thread_blocked, id=24476, stack(0x000000238b300000,0x000000238b400000) (1024K)]
  0x0000020c7def0eb0 JavaThread "Hibernate Connection Pool Validation Thread" daemon [_thread_blocked, id=9048, stack(0x000000238b400000,0x000000238b500000) (1024K)]
  0x0000020c0799a8e0 JavaThread "Prism Font Disposer"        daemon [_thread_blocked, id=12424, stack(0x000000238b800000,0x000000238b900000) (1024K)]
  0x0000020c0799af70 JavaThread "Cleaner-0"                  daemon [_thread_blocked, id=32860, stack(0x000000238b900000,0x000000238ba00000) (1024K)]
  0x0000020c0799e3f0 JavaThread "PrinterListener"            daemon [_thread_in_native, id=41436, stack(0x0000002388c00000,0x0000002388d00000) (1024K)]
  0x0000020c0799c9b0 JavaThread "RemotePrinterListener"      daemon [_thread_in_native, id=27828, stack(0x0000002389000000,0x0000002389100000) (1024K)]
  0x0000020c0799ea80 JavaThread "Java2D Disposer"            daemon [_thread_blocked, id=40116, stack(0x000000238ba00000,0x000000238bb00000) (1024K)]
  0x0000020c0799b600 JavaThread "RMI TCP Connection(idle)"   daemon [_thread_blocked, id=21620, stack(0x0000002387800000,0x0000002387900000) (1024K)]
  0x0000020c0799f110 JavaThread "SIGINT handler"             daemon [_thread_blocked, id=16220, stack(0x0000002387900000,0x0000002387a00000) (1024K)]
  0x0000020c0799fe30 JavaThread "AWT-Shutdown"                      [_thread_blocked, id=23088, stack(0x000000238c050000,0x000000238c150000) (1024K)]
Total: 30

Other Threads:
=>0x0000020c376248e0 VMThread "VM Thread"                           [id=7112, stack(0x0000002388200000,0x0000002388300000) (1024K)]
  0x0000020c1620ee40 WorkerThread "GC Thread#0"                     [id=6080, stack(0x0000002387c00000,0x0000002387d00000) (1024K)]
  0x0000020c7d917ca0 WorkerThread "GC Thread#1"                     [id=42964, stack(0x0000002389500000,0x0000002389600000) (1024K)]
  0x0000020c7d8cd8d0 WorkerThread "GC Thread#2"                     [id=31768, stack(0x0000002389600000,0x0000002389700000) (1024K)]
  0x0000020c7d8e70d0 WorkerThread "GC Thread#3"                     [id=11560, stack(0x0000002389700000,0x0000002389800000) (1024K)]
  0x0000020c7d8e7480 WorkerThread "GC Thread#4"                     [id=21852, stack(0x0000002389800000,0x0000002389900000) (1024K)]
  0x0000020c7d8eb0a0 WorkerThread "GC Thread#5"                     [id=18908, stack(0x0000002389900000,0x0000002389a00000) (1024K)]
  0x0000020c7d8ea8a0 WorkerThread "GC Thread#6"                     [id=33156, stack(0x0000002389a00000,0x0000002389b00000) (1024K)]
  0x0000020c7d996ae0 WorkerThread "GC Thread#7"                     [id=8912, stack(0x0000002389b00000,0x0000002389c00000) (1024K)]
  0x0000020c7d90ea90 WorkerThread "GC Thread#8"                     [id=43348, stack(0x0000002389c00000,0x0000002389d00000) (1024K)]
  0x0000020c7d9b90d0 WorkerThread "GC Thread#9"                     [id=24464, stack(0x0000002389d00000,0x0000002389e00000) (1024K)]
  0x0000020c16220f00 ConcurrentGCThread "G1 Main Marker"            terminated
  0x0000020c16221a10 WorkerThread "G1 Conc#0"                       [id=11016, stack(0x0000002387e00000,0x0000002387f00000) (1024K)]
  0x0000020c7e6a2de0 WorkerThread "G1 Conc#1"                       [id=24688, stack(0x000000238b100000,0x000000238b200000) (1024K)]
  0x0000020c7e6a3190 WorkerThread "G1 Conc#2"                       [id=15456, stack(0x000000238b200000,0x000000238b300000) (1024K)]
  0x0000020c374df110 ConcurrentGCThread "G1 Refine#0"               terminated
  0x0000020c374e2960 ConcurrentGCThread "G1 Service"                terminated
Total: 17

Threads with active compile tasks:
Total: 0

VM state: at safepoint (shutting down)

VM Mutex/Monitor currently owned by a thread:  ([mutex/lock_event])
[0x00007ffbe9b6af50] Threads_lock - owner thread: 0x0000020c376248e0
[0x00007ffbe9b6b050] Heap_lock - owner thread: 0x0000020c0799f110

Heap address: 0x0000000705c00000, size: 4004 MB, Compressed Oops mode: Zero based, Oop shift amount: 3

CDS archive(s) mapped at: [0x0000020c38000000-0x0000020c38c90000-0x0000020c38c90000), size 13172736, SharedBaseAddress: 0x0000020c38000000, ArchiveRelocationMode: 1.
Compressed class space mapped at: 0x0000020c39000000-0x0000020c79000000, reserved size: 1073741824
Narrow klass base: 0x0000020c38000000, Narrow klass shift: 0, Narrow klass range: 0x100000000

GC Precious Log:
 CardTable entry size: 512
 Card Set container configuration: InlinePtr #cards 4 size 8 Array Of Cards #cards 16 size 48 Howl #buckets 8 coarsen threshold 3686 Howl Bitmap #cards 512 size 80 coarsen threshold 460 Card regions per heap region 1 cards per card region 4096
 CPUs: 12 total, 12 available
 Memory: 16013M
 Large Page Support: Disabled
 NUMA Support: Disabled
 Compressed Oops: Enabled (Zero based)
 Heap Region Size: 2M
 Heap Min Capacity: 8M
 Heap Initial Capacity: 252M
 Heap Max Capacity: 4004M
 Pre-touch: Disabled
 Parallel Workers: 10
 Concurrent Workers: 3
 Concurrent Refinement Workers: 10
 Periodic GC: Disabled

Heap:
 garbage-first heap   total 61440K, used 29216K [0x0000000705c00000, 0x0000000800000000)
  region size 2048K, 5 young (10240K), 2 survivors (4096K)
 Metaspace       used 62321K, committed 62912K, reserved 1114112K
  class space    used 8556K, committed 8832K, reserved 1048576K

Heap Regions: E=young(eden), S=young(survivor), O=old, HS=humongous(starts), HC=humongous(continues), CS=collection set, F=free, TAMS=top-at-mark-start, PB=parsable bottom
|   0|0x0000000705c00000, 0x0000000705e00000, 0x0000000705e00000|100%| O|  |TAMS 0x0000000705c00000| PB 0x0000000705c00000| Untracked 
|   1|0x0000000705e00000, 0x0000000706000000, 0x0000000706000000|100%|HS|  |TAMS 0x0000000705e00000| PB 0x0000000705e00000| Complete 
|   2|0x0000000706000000, 0x0000000706200000, 0x0000000706200000|100%| O|  |TAMS 0x0000000706000000| PB 0x0000000706000000| Untracked 
|   3|0x0000000706200000, 0x0000000706400000, 0x0000000706400000|100%| O|  |TAMS 0x0000000706200000| PB 0x0000000706200000| Untracked 
|   4|0x0000000706400000, 0x0000000706600000, 0x0000000706600000|100%| O|  |TAMS 0x0000000706400000| PB 0x0000000706400000| Untracked 
|   5|0x0000000706600000, 0x0000000706800000, 0x0000000706800000|100%| O|Cm|TAMS 0x0000000706600000| PB 0x0000000706600000| Complete 
|   6|0x0000000706800000, 0x0000000706a00000, 0x0000000706a00000|100%| O|  |TAMS 0x0000000706800000| PB 0x0000000706800000| Untracked 
|   7|0x0000000706a00000, 0x0000000706bf7c28, 0x0000000706c00000| 98%| O|  |TAMS 0x0000000706a00000| PB 0x0000000706a00000| Untracked 
|   8|0x0000000706c00000, 0x0000000706e00000, 0x0000000706e00000|100%| O|  |TAMS 0x0000000706c00000| PB 0x0000000706c00000| Untracked 
|   9|0x0000000706e00000, 0x0000000706e00000, 0x0000000707000000|  0%| F|  |TAMS 0x0000000706e00000| PB 0x0000000706e00000| Untracked 
|  10|0x0000000707000000, 0x0000000707200000, 0x0000000707200000|100%| O|  |TAMS 0x0000000707000000| PB 0x0000000707000000| Untracked 
|  11|0x0000000707200000, 0x000000070730c640, 0x0000000707400000| 52%| O|  |TAMS 0x0000000707200000| PB 0x0000000707200000| Untracked 
|  12|0x0000000707400000, 0x0000000707400000, 0x0000000707600000|  0%| F|  |TAMS 0x0000000707400000| PB 0x0000000707400000| Untracked 
|  13|0x0000000707600000, 0x0000000707600000, 0x0000000707800000|  0%| F|  |TAMS 0x0000000707600000| PB 0x0000000707600000| Untracked 
|  14|0x0000000707800000, 0x0000000707800000, 0x0000000707a00000|  0%| F|  |TAMS 0x0000000707800000| PB 0x0000000707800000| Untracked 
|  15|0x0000000707a00000, 0x0000000707a00000, 0x0000000707c00000|  0%| F|  |TAMS 0x0000000707a00000| PB 0x0000000707a00000| Untracked 
|  16|0x0000000707c00000, 0x0000000707c00000, 0x0000000707e00000|  0%| F|  |TAMS 0x0000000707c00000| PB 0x0000000707c00000| Untracked 
|  17|0x0000000707e00000, 0x0000000707e00000, 0x0000000708000000|  0%| F|  |TAMS 0x0000000707e00000| PB 0x0000000707e00000| Untracked 
|  18|0x0000000708000000, 0x0000000708000000, 0x0000000708200000|  0%| F|  |TAMS 0x0000000708000000| PB 0x0000000708000000| Untracked 
|  19|0x0000000708200000, 0x0000000708384070, 0x0000000708400000| 75%| S|CS|TAMS 0x0000000708200000| PB 0x0000000708200000| Complete 
|  20|0x0000000708400000, 0x0000000708600000, 0x0000000708600000|100%| S|CS|TAMS 0x0000000708400000| PB 0x0000000708400000| Complete 
|  21|0x0000000708600000, 0x0000000708600000, 0x0000000708800000|  0%| F|  |TAMS 0x0000000708600000| PB 0x0000000708600000| Untracked 
|  22|0x0000000708800000, 0x0000000708800000, 0x0000000708a00000|  0%| F|  |TAMS 0x0000000708800000| PB 0x0000000708800000| Untracked 
|  23|0x0000000708a00000, 0x0000000708a00000, 0x0000000708c00000|  0%| F|  |TAMS 0x0000000708a00000| PB 0x0000000708a00000| Untracked 
|  24|0x0000000708c00000, 0x0000000708c00000, 0x0000000708e00000|  0%| F|  |TAMS 0x0000000708c00000| PB 0x0000000708c00000| Untracked 
|  25|0x0000000708e00000, 0x0000000708e00000, 0x0000000709000000|  0%| F|  |TAMS 0x0000000708e00000| PB 0x0000000708e00000| Untracked 
|  26|0x0000000709000000, 0x0000000709000000, 0x0000000709200000|  0%| F|  |TAMS 0x0000000709000000| PB 0x0000000709000000| Untracked 
|  27|0x0000000709200000, 0x000000070925f380, 0x0000000709400000| 18%| E|  |TAMS 0x0000000709200000| PB 0x0000000709200000| Complete 
| 121|0x0000000714e00000, 0x0000000715000000, 0x0000000715000000|100%| E|CS|TAMS 0x0000000714e00000| PB 0x0000000714e00000| Complete 
| 125|0x0000000715600000, 0x0000000715800000, 0x0000000715800000|100%| E|CS|TAMS 0x0000000715600000| PB 0x0000000715600000| Complete 

Card table byte_map: [0x0000020c302a0000,0x0000020c30a80000] _byte_map_base: 0x0000020c2ca72000

Marking Bits: (CMBitMap*) 0x0000020c1620fd60
 Bits: [0x0000020c30a80000, 0x0000020c34910000)

Polling page: 0x0000020c16150000

Metaspace:

Usage:
  Non-class:     52.51 MB used.
      Class:      8.36 MB used.
       Both:     60.86 MB used.

Virtual space:
  Non-class space:       64.00 MB reserved,      52.81 MB ( 83%) committed,  1 nodes.
      Class space:        1.00 GB reserved,       8.62 MB ( <1%) committed,  1 nodes.
             Both:        1.06 GB reserved,      61.44 MB (  6%) committed. 

Chunk freelists:
   Non-Class:  10.97 MB
       Class:  7.24 MB
        Both:  18.21 MB

MaxMetaspaceSize: unlimited
CompressedClassSpaceSize: 1.00 GB
Initial GC threshold: 21.00 MB
Current GC threshold: 99.31 MB
CDS: on
 - commit_granule_bytes: 65536.
 - commit_granule_words: 8192.
 - virtual_space_node_default_size: 8388608.
 - enlarge_chunks_in_place: 1.
 - use_allocation_guard: 0.


Internal statistics:

num_allocs_failed_limit: 12.
num_arena_births: 754.
num_arena_deaths: 0.
num_vsnodes_births: 2.
num_vsnodes_deaths: 0.
num_space_committed: 983.
num_space_uncommitted: 0.
num_chunks_returned_to_freelist: 12.
num_chunks_taken_from_freelist: 2552.
num_chunk_merges: 9.
num_chunk_splits: 1843.
num_chunks_enlarged: 1404.
num_inconsistent_stats: 0.

CodeHeap 'non-profiled nmethods': size=120000Kb used=2974Kb max_used=2974Kb free=117025Kb
 bounds [0x0000020c27910000, 0x0000020c27c00000, 0x0000020c2ee40000]
CodeHeap 'profiled nmethods': size=120000Kb used=10549Kb max_used=10549Kb free=109450Kb
 bounds [0x0000020c1fe40000, 0x0000020c20890000, 0x0000020c27370000]
CodeHeap 'non-nmethods': size=5760Kb used=2160Kb max_used=2189Kb free=3599Kb
 bounds [0x0000020c27370000, 0x0000020c275e0000, 0x0000020c27910000]
 total_blobs=6659 nmethods=5568 adapters=994
 compilation: enabled
              stopped_count=0, restarted_count=0
 full_count=0

Compilation events (20 events):
Event: 87.351 Thread 0x0000020c377afff0 nmethod 6056 0x0000020c20889890 code [0x0000020c20889a40, 0x0000020c20889b98]
Event: 87.351 Thread 0x0000020c377afff0 6057   !   3       java.rmi.server.UID::<init> (164 bytes)
Event: 87.352 Thread 0x0000020c37783cd0 nmethod 6054 0x0000020c279c4210 code [0x0000020c279c43c0, 0x0000020c279c4508]
Event: 87.352 Thread 0x0000020c377afff0 nmethod 6057 0x0000020c20889c90 code [0x0000020c20889f20, 0x0000020c2088ab28]
Event: 87.848 Thread 0x0000020c377afff0 6058       3       java.util.logging.LogManager$4::<init> (26 bytes)
Event: 87.849 Thread 0x0000020c377afff0 nmethod 6058 0x0000020c2088af90 code [0x0000020c2088b140, 0x0000020c2088b438]
Event: 87.849 Thread 0x0000020c377afff0 6059       3       java.util.logging.LogManager$4::run (5 bytes)
Event: 87.849 Thread 0x0000020c377afff0 nmethod 6059 0x0000020c2088b510 code [0x0000020c2088b6c0, 0x0000020c2088b818]
Event: 87.849 Thread 0x0000020c377afff0 6060       3       java.util.logging.LogManager$4::run (36 bytes)
Event: 87.849 Thread 0x0000020c377afff0 nmethod 6060 0x0000020c2088b910 code [0x0000020c2088bac0, 0x0000020c2088bca0]
Event: 87.850 Thread 0x0000020c377afff0 6061       3       java.util.concurrent.ConcurrentHashMap$KeyIterator::next (34 bytes)
Event: 87.851 Thread 0x0000020c377afff0 nmethod 6061 0x0000020c2088bd90 code [0x0000020c2088bf60, 0x0000020c2088c238]
Event: 87.851 Thread 0x0000020c377afff0 6062       3       java.util.logging.Logger::updateEffectiveLevel (126 bytes)
Event: 87.852 Thread 0x0000020c377afff0 nmethod 6062 0x0000020c2088c390 code [0x0000020c2088c5e0, 0x0000020c2088d110]
Event: 87.852 Thread 0x0000020c377afff0 6063       3       java.util.logging.Logger::getHandlers (5 bytes)
Event: 87.852 Thread 0x0000020c377afff0 nmethod 6063 0x0000020c2088d490 code [0x0000020c2088d640, 0x0000020c2088d808]
Event: 87.852 Thread 0x0000020c377afff0 6064       3       java.util.logging.Logger::accessCheckedHandlers (17 bytes)
Event: 87.852 Thread 0x0000020c377afff0 nmethod 6064 0x0000020c2088d890 code [0x0000020c2088da40, 0x0000020c2088dd18]
Event: 87.852 Thread 0x0000020c377afff0 6065       3       com.sun.prism.impl.BaseResourcePool$WeakLinkedList::getResource (11 bytes)
Event: 87.853 Thread 0x0000020c377afff0 nmethod 6065 0x0000020c2088de10 code [0x0000020c2088dfc0, 0x0000020c2088e290]

GC Heap History (18 events):
Event: 0.418 GC heap before
{Heap before GC invocations=0 (full 0):
 garbage-first heap   total 258048K, used 22528K [0x0000000705c00000, 0x0000000800000000)
  region size 2048K, 11 young (22528K), 0 survivors (0K)
 Metaspace       used 7566K, committed 7872K, reserved 1114112K
  class space    used 822K, committed 960K, reserved 1048576K
}
Event: 0.422 GC heap after
{Heap after GC invocations=1 (full 0):
 garbage-first heap   total 258048K, used 5615K [0x0000000705c00000, 0x0000000800000000)
  region size 2048K, 2 young (4096K), 2 survivors (4096K)
 Metaspace       used 7566K, committed 7872K, reserved 1114112K
  class space    used 822K, committed 960K, reserved 1048576K
}
Event: 1.076 GC heap before
{Heap before GC invocations=1 (full 0):
 garbage-first heap   total 258048K, used 32239K [0x0000000705c00000, 0x0000000800000000)
  region size 2048K, 16 young (32768K), 2 survivors (4096K)
 Metaspace       used 17464K, committed 17856K, reserved 1114112K
  class space    used 2185K, committed 2368K, reserved 1048576K
}
Event: 1.082 GC heap after
{Heap after GC invocations=2 (full 0):
 garbage-first heap   total 258048K, used 10437K [0x0000000705c00000, 0x0000000800000000)
  region size 2048K, 2 young (4096K), 2 survivors (4096K)
 Metaspace       used 17464K, committed 17856K, reserved 1114112K
  class space    used 2185K, committed 2368K, reserved 1048576K
}
Event: 1.210 GC heap before
{Heap before GC invocations=2 (full 0):
 garbage-first heap   total 258048K, used 16581K [0x0000000705c00000, 0x0000000800000000)
  region size 2048K, 6 young (12288K), 2 survivors (4096K)
 Metaspace       used 21157K, committed 21504K, reserved 1114112K
  class space    used 2638K, committed 2816K, reserved 1048576K
}
Event: 1.212 GC heap after
{Heap after GC invocations=3 (full 0):
 garbage-first heap   total 258048K, used 11250K [0x0000000705c00000, 0x0000000800000000)
  region size 2048K, 3 young (6144K), 3 survivors (6144K)
 Metaspace       used 21157K, committed 21504K, reserved 1114112K
  class space    used 2638K, committed 2816K, reserved 1048576K
}
Event: 1.735 GC heap before
{Heap before GC invocations=4 (full 0):
 garbage-first heap   total 55296K, used 37874K [0x0000000705c00000, 0x0000000800000000)
  region size 2048K, 16 young (32768K), 3 survivors (6144K)
 Metaspace       used 32280K, committed 32704K, reserved 1114112K
  class space    used 4029K, committed 4224K, reserved 1048576K
}
Event: 1.741 GC heap after
{Heap after GC invocations=5 (full 0):
 garbage-first heap   total 55296K, used 14483K [0x0000000705c00000, 0x0000000800000000)
  region size 2048K, 2 young (4096K), 2 survivors (4096K)
 Metaspace       used 32280K, committed 32704K, reserved 1114112K
  class space    used 4029K, committed 4224K, reserved 1048576K
}
Event: 1.902 GC heap before
{Heap before GC invocations=5 (full 0):
 garbage-first heap   total 55296K, used 24723K [0x0000000705c00000, 0x0000000800000000)
  region size 2048K, 8 young (16384K), 2 survivors (4096K)
 Metaspace       used 35516K, committed 35968K, reserved 1114112K
  class space    used 4486K, committed 4672K, reserved 1048576K
}
Event: 1.904 GC heap after
{Heap after GC invocations=6 (full 0):
 garbage-first heap   total 55296K, used 15309K [0x0000000705c00000, 0x0000000800000000)
  region size 2048K, 1 young (2048K), 1 survivors (2048K)
 Metaspace       used 35516K, committed 35968K, reserved 1114112K
  class space    used 4486K, committed 4672K, reserved 1048576K
}
Event: 1.919 GC heap before
{Heap before GC invocations=6 (full 0):
 garbage-first heap   total 55296K, used 15309K [0x0000000705c00000, 0x0000000800000000)
  region size 2048K, 2 young (4096K), 1 survivors (2048K)
 Metaspace       used 35840K, committed 36288K, reserved 1114112K
  class space    used 4532K, committed 4736K, reserved 1048576K
}
Event: 1.920 GC heap after
{Heap after GC invocations=7 (full 0):
 garbage-first heap   total 157696K, used 15171K [0x0000000705c00000, 0x0000000800000000)
  region size 2048K, 1 young (2048K), 1 survivors (2048K)
 Metaspace       used 35840K, committed 36288K, reserved 1114112K
  class space    used 4532K, committed 4736K, reserved 1048576K
}
Event: 2.453 GC heap before
{Heap before GC invocations=8 (full 0):
 garbage-first heap   total 61440K, used 47939K [0x0000000705c00000, 0x0000000800000000)
  region size 2048K, 18 young (36864K), 1 survivors (2048K)
 Metaspace       used 45571K, committed 46080K, reserved 1114112K
  class space    used 6064K, committed 6272K, reserved 1048576K
}
Event: 2.455 GC heap after
{Heap after GC invocations=9 (full 0):
 garbage-first heap   total 61440K, used 16754K [0x0000000705c00000, 0x0000000800000000)
  region size 2048K, 2 young (4096K), 2 survivors (4096K)
 Metaspace       used 45571K, committed 46080K, reserved 1114112K
  class space    used 6064K, committed 6272K, reserved 1048576K
}
Event: 3.055 GC heap before
{Heap before GC invocations=9 (full 0):
 garbage-first heap   total 61440K, used 47474K [0x0000000705c00000, 0x0000000800000000)
  region size 2048K, 18 young (36864K), 2 survivors (4096K)
 Metaspace       used 55702K, committed 56320K, reserved 1114112K
  class space    used 7847K, committed 8128K, reserved 1048576K
}
Event: 3.059 GC heap after
{Heap after GC invocations=10 (full 0):
 garbage-first heap   total 61440K, used 19739K [0x0000000705c00000, 0x0000000800000000)
  region size 2048K, 3 young (6144K), 3 survivors (6144K)
 Metaspace       used 55702K, committed 56320K, reserved 1114112K
  class space    used 7847K, committed 8128K, reserved 1048576K
}
Event: 9.576 GC heap before
{Heap before GC invocations=10 (full 0):
 garbage-first heap   total 61440K, used 36123K [0x0000000705c00000, 0x0000000800000000)
  region size 2048K, 12 young (24576K), 3 survivors (6144K)
 Metaspace       used 60232K, committed 60736K, reserved 1114112K
  class space    used 8333K, committed 8576K, reserved 1048576K
}
Event: 9.581 GC heap after
{Heap after GC invocations=11 (full 0):
 garbage-first heap   total 61440K, used 25120K [0x0000000705c00000, 0x0000000800000000)
  region size 2048K, 2 young (4096K), 2 survivors (4096K)
 Metaspace       used 60232K, committed 60736K, reserved 1114112K
  class space    used 8333K, committed 8576K, reserved 1048576K
}

Dll operation events (20 events):
Event: 0.368 Loaded shared library C:\Users\oc_vh\.openjfx\cache\21.0.2+5\amd64\api-ms-win-crt-runtime-l1-1-0.dll
Event: 0.371 Loaded shared library C:\Users\oc_vh\.openjfx\cache\21.0.2+5\amd64\api-ms-win-crt-stdio-l1-1-0.dll
Event: 0.375 Loaded shared library C:\Users\oc_vh\.openjfx\cache\21.0.2+5\amd64\api-ms-win-crt-string-l1-1-0.dll
Event: 0.379 Loaded shared library C:\Users\oc_vh\.openjfx\cache\21.0.2+5\amd64\api-ms-win-crt-time-l1-1-0.dll
Event: 0.382 Loaded shared library C:\Users\oc_vh\.openjfx\cache\21.0.2+5\amd64\api-ms-win-crt-utility-l1-1-0.dll
Event: 0.394 Loaded shared library C:\Users\oc_vh\.openjfx\cache\21.0.2+5\amd64\ucrtbase.dll
Event: 0.399 Loaded shared library C:\Users\oc_vh\.openjfx\cache\21.0.2+5\amd64\vcruntime140.dll
Event: 0.402 Loaded shared library C:\Users\oc_vh\.openjfx\cache\21.0.2+5\amd64\vcruntime140_1.dll
Event: 0.409 Loaded shared library C:\Users\oc_vh\.openjfx\cache\21.0.2+5\amd64\msvcp140.dll
Event: 0.412 Loaded shared library C:\Users\oc_vh\.openjfx\cache\21.0.2+5\amd64\msvcp140_1.dll
Event: 0.417 Loaded shared library C:\Users\oc_vh\.openjfx\cache\21.0.2+5\amd64\msvcp140_2.dll
Event: 0.452 Loaded shared library C:\Users\oc_vh\.openjfx\cache\21.0.2+5\amd64\prism_d3d.dll
Event: 0.521 Loaded shared library C:\Users\oc_vh\.openjfx\cache\21.0.2+5\amd64\glass.dll
Event: 0.717 Loaded shared library C:\Users\oc_vh\.openjfx\cache\21.0.2+5\amd64\javafx_font.dll
Event: 1.436 Loaded shared library C:\Program Files\Java\jdk-21.0.11\bin\sunmscapi.dll
Event: 1.807 Loaded shared library C:\Program Files\Java\jdk-21.0.11\bin\verify.dll
Event: 9.544 Loaded shared library C:\Program Files\Java\jdk-21.0.11\bin\awt.dll
Event: 9.562 Loaded shared library C:\Users\oc_vh\.openjfx\cache\21.0.2+5\amd64\prism_common.dll
Event: 9.605 Loaded shared library C:\Program Files\Java\jdk-21.0.11\bin\freetype.dll
Event: 9.606 Loaded shared library C:\Program Files\Java\jdk-21.0.11\bin\fontmanager.dll

Deoptimization events (20 events):
Event: 9.538 Thread 0x0000020c7def3ca0 Uncommon trap: trap_request=0xffffff45 fr.pc=0x0000020c27beebcc relative=0x000000000000028c
Event: 9.538 Thread 0x0000020c7def3ca0 Uncommon trap: reason=unstable_if action=reinterpret pc=0x0000020c27beebcc method=java.lang.ThreadLocal$ThreadLocalMap.nextIndex(II)I @ 4 c2
Event: 9.538 Thread 0x0000020c7def3ca0 DEOPT PACKING pc=0x0000020c27beebcc sp=0x000000238a0f8050
Event: 9.538 Thread 0x0000020c7def3ca0 DEOPT UNPACKING pc=0x0000020c273c46a2 sp=0x000000238a0f7e78 mode 2
Event: 60.389 Thread 0x0000020c0799b600 Uncommon trap: trap_request=0xffffffc6 fr.pc=0x0000020c27bc25fc relative=0x000000000000013c
Event: 60.389 Thread 0x0000020c0799b600 Uncommon trap: reason=bimorphic_or_optimized_type_check action=maybe_recompile pc=0x0000020c27bc25fc method=java.util.Collections$UnmodifiableCollection.contains(Ljava/lang/Object;)Z @ 5 c2
Event: 60.389 Thread 0x0000020c0799b600 DEOPT PACKING pc=0x0000020c27bc25fc sp=0x00000023878fec40
Event: 60.389 Thread 0x0000020c0799b600 DEOPT UNPACKING pc=0x0000020c273c46a2 sp=0x00000023878febe8 mode 2
Event: 75.393 Thread 0x0000020c0799b600 Uncommon trap: trap_request=0xffffff45 fr.pc=0x0000020c27a239f4 relative=0x0000000000000654
Event: 75.393 Thread 0x0000020c0799b600 Uncommon trap: reason=unstable_if action=reinterpret pc=0x0000020c27a239f4 method=java.io.BufferedInputStream.implRead()I @ 23 c2
Event: 75.393 Thread 0x0000020c0799b600 DEOPT PACKING pc=0x0000020c27a239f4 sp=0x00000023878fedc0
Event: 75.393 Thread 0x0000020c0799b600 DEOPT UNPACKING pc=0x0000020c273c46a2 sp=0x00000023878fed08 mode 2
Event: 75.393 Thread 0x0000020c0799b600 Uncommon trap: trap_request=0xffffffc6 fr.pc=0x0000020c27bc25fc relative=0x000000000000013c
Event: 75.393 Thread 0x0000020c0799b600 Uncommon trap: reason=bimorphic_or_optimized_type_check action=maybe_recompile pc=0x0000020c27bc25fc method=java.util.Collections$UnmodifiableCollection.contains(Ljava/lang/Object;)Z @ 5 c2
Event: 75.393 Thread 0x0000020c0799b600 DEOPT PACKING pc=0x0000020c27bc25fc sp=0x00000023878feb10
Event: 75.393 Thread 0x0000020c0799b600 DEOPT UNPACKING pc=0x0000020c273c46a2 sp=0x00000023878feab8 mode 2
Event: 87.850 Thread 0x0000020c7def2f80 Uncommon trap: trap_request=0xffffff45 fr.pc=0x0000020c279c49dc relative=0x00000000000001dc
Event: 87.850 Thread 0x0000020c7def2f80 Uncommon trap: reason=unstable_if action=reinterpret pc=0x0000020c279c49dc method=com.sun.javafx.tk.quantum.QuantumToolkit.postPulse()V @ 7 c2
Event: 87.850 Thread 0x0000020c7def2f80 DEOPT PACKING pc=0x0000020c279c49dc sp=0x000000238b0ff390
Event: 87.850 Thread 0x0000020c7def2f80 DEOPT UNPACKING pc=0x0000020c273c46a2 sp=0x000000238b0ff260 mode 2

Classes loaded (20 events):
Event: 15.317 Loading class sun/awt/im/ExecutableInputMethodManager$3
Event: 15.317 Loading class sun/awt/im/ExecutableInputMethodManager$3 done
Event: 15.317 Loading class sun/awt/windows/WInputMethod
Event: 15.317 Loading class sun/awt/im/InputMethodAdapter
Event: 15.317 Loading class java/awt/im/spi/InputMethod
Event: 15.318 Loading class java/awt/im/spi/InputMethod done
Event: 15.318 Loading class sun/awt/im/InputMethodAdapter done
Event: 15.318 Loading class sun/awt/windows/WInputMethod done
Event: 15.318 Loading class java/awt/Color
Event: 15.318 Loading class java/awt/Paint
Event: 15.318 Loading class java/awt/Paint done
Event: 15.318 Loading class java/awt/Color done
Event: 16.618 Loading class java/util/IdentityHashMap$ValueIterator
Event: 16.619 Loading class java/util/IdentityHashMap$ValueIterator done
Event: 16.619 Loading class sun/awt/AppContext$PostShutdownEventRunnable
Event: 16.619 Loading class sun/awt/AppContext$PostShutdownEventRunnable done
Event: 16.619 Loading class sun/awt/AWTAutoShutdown$1
Event: 16.619 Loading class sun/awt/AWTAutoShutdown$1 done
Event: 87.847 Loading class jdk/internal/misc/Signal$1
Event: 87.847 Loading class jdk/internal/misc/Signal$1 done

Classes unloaded (0 events):
No events

Classes redefined (0 events):
No events

Internal exceptions (20 events):
Event: 3.054 Thread 0x0000020c7def3ca0 Exception <a 'java/io/FileNotFoundException'{0x00000007079599f8}> (0x00000007079599f8) 
thrown [s\open\src\hotspot\share\prims\jni.cpp, line 520]
Event: 3.074 Thread 0x0000020c7def3ca0 Exception <a 'java/io/FileNotFoundException'{0x00000007156a0700}> (0x00000007156a0700) 
thrown [s\open\src\hotspot\share\prims\jni.cpp, line 520]
Event: 3.074 Thread 0x0000020c7def3ca0 Exception <a 'java/io/FileNotFoundException'{0x00000007156a1af0}> (0x00000007156a1af0) 
thrown [s\open\src\hotspot\share\prims\jni.cpp, line 520]
Event: 3.074 Thread 0x0000020c7def3ca0 Exception <a 'java/io/FileNotFoundException'{0x00000007156a2ef8}> (0x00000007156a2ef8) 
thrown [s\open\src\hotspot\share\prims\jni.cpp, line 520]
Event: 3.074 Thread 0x0000020c7def3ca0 Exception <a 'java/io/FileNotFoundException'{0x00000007156a42e8}> (0x00000007156a42e8) 
thrown [s\open\src\hotspot\share\prims\jni.cpp, line 520]
Event: 3.085 Thread 0x0000020c7def3ca0 Exception <a 'java/lang/NoSuchMethodError'{0x00000007156ddb68}: 'java.lang.Object java.lang.invoke.DirectMethodHandle$Holder.newInvokeSpecial(java.lang.Object, java.lang.Object, int)'> (0x00000007156ddb68) 
thrown [s\open\src\hotspot\share\interpreter\linkResolver.cpp, line 773]
Event: 3.180 Thread 0x0000020c7d9cc3c0 Exception <a 'java/lang/NoSuchMethodError'{0x0000000714e0a758}: 'int java.lang.invoke.DirectMethodHandle$Holder.invokeStaticInit(java.lang.Object, java.lang.Object)'> (0x0000000714e0a758) 
thrown [s\open\src\hotspot\share\interpreter\linkResolver.cpp, line 773]
Event: 3.303 Thread 0x0000020c7d9cc3c0 Exception <a 'java/lang/NoSuchMethodError'{0x00000007092fa7a8}: 'java.lang.Object java.lang.invoke.DirectMethodHandle$Holder.invokeStaticInit(java.lang.Object, int)'> (0x00000007092fa7a8) 
thrown [s\open\src\hotspot\share\interpreter\linkResolver.cpp, line 773]
Event: 4.829 Thread 0x0000020c7def3ca0 Exception <a 'java/lang/NoSuchMethodError'{0x00000007093866d0}: 'long java.lang.invoke.DirectMethodHandle$Holder.invokeStatic(java.lang.Object, java.lang.Object, java.lang.Object)'> (0x00000007093866d0) 
thrown [s\open\src\hotspot\share\interpreter\linkResolver.cpp, line 773]
Event: 4.830 Thread 0x0000020c7def3ca0 Exception <a 'java/lang/NoSuchMethodError'{0x0000000709389ab0}: 'long java.lang.invoke.DirectMethodHandle$Holder.invokeStaticInit(java.lang.Object, java.lang.Object, java.lang.Object)'> (0x0000000709389ab0) 
thrown [s\open\src\hotspot\share\interpreter\linkResolver.cpp, line 773]
Event: 4.832 Thread 0x0000020c7def3ca0 Exception <a 'java/lang/NoSuchMethodError'{0x000000070939de50}: 'java.lang.Object java.lang.invoke.DirectMethodHandle$Holder.newInvokeSpecial(java.lang.Object, java.lang.Object, long)'> (0x000000070939de50) 
thrown [s\open\src\hotspot\share\interpreter\linkResolver.cpp, line 773]
Event: 7.441 Thread 0x0000020c7def3ca0 Exception <a 'java/lang/NoSuchMethodError'{0x0000000708e1fee0}: 'java.lang.Object java.lang.invoke.DirectMethodHandle$Holder.newInvokeSpecial(java.lang.Object, java.lang.Object, int, int, int, int, int, java.lang.Object)'> (0x0000000708e1fee0) 
thrown [s\open\src\hotspot\share\interpreter\linkResolver.cpp, line 773]
Event: 7.441 Thread 0x0000020c7def3ca0 Exception <a 'java/lang/NoSuchMethodError'{0x0000000708e32098}: 'java.lang.Object java.lang.invoke.DirectMethodHandle$Holder.newInvokeSpecial(java.lang.Object, java.lang.Object, java.lang.Object, int, int, int, int, int)'> (0x0000000708e32098) 
thrown [s\open\src\hotspot\share\interpreter\linkResolver.cpp, line 773]
Event: 7.442 Thread 0x0000020c7def3ca0 Exception <a 'java/lang/NoSuchMethodError'{0x0000000708e39918}: 'java.lang.Object java.lang.invoke.Invokers$Holder.linkToTargetMethod(java.lang.Object, java.lang.Object, int, int, int, int, int, java.lang.Object)'> (0x0000000708e39918) 
thrown [s\open\src\hotspot\share\interpreter\linkResolver.cpp, line 773]
Event: 7.513 Thread 0x0000020c7def3ca0 Exception <a 'java/lang/NoSuchMethodError'{0x0000000708e53ea0}: 'void java.lang.invoke.DirectMethodHandle$Holder.invokeInterface(java.lang.Object, java.lang.Object, java.lang.Object, java.lang.Object)'> (0x0000000708e53ea0) 
thrown [s\open\src\hotspot\share\interpreter\linkResolver.cpp, line 773]
Event: 9.541 Thread 0x0000020c7def3ca0 Exception <a 'java/lang/ClassNotFoundException'{0x000000070862f528}: sun/awt/resources/spi/awtProvider> (0x000000070862f528) 
thrown [s\open\src\hotspot\share\classfile\systemDictionary.cpp, line 313]
Event: 9.545 Thread 0x0000020c7def3ca0 Exception <a 'java/io/FileNotFoundException'{0x0000000708633190}> (0x0000000708633190) 
thrown [s\open\src\hotspot\share\prims\jni.cpp, line 520]
Event: 9.545 Thread 0x0000020c7def3ca0 Exception <a 'java/io/FileNotFoundException'{0x0000000708635490}> (0x0000000708635490) 
thrown [s\open\src\hotspot\share\prims\jni.cpp, line 520]
Event: 9.748 Thread 0x0000020c7def3ca0 Exception <a 'java/lang/NoSuchMethodError'{0x000000071565fef8}: 'java.lang.Object java.lang.invoke.DirectMethodHandle$Holder.newInvokeSpecial(java.lang.Object, long)'> (0x000000071565fef8) 
thrown [s\open\src\hotspot\share\interpreter\linkResolver.cpp, line 773]
Event: 9.912 Thread 0x0000020c7def3ca0 Exception <a 'java/lang/NoSuchMethodError'{0x00000007156928d8}: 'void java.lang.invoke.DirectMethodHandle$Holder.invokeStatic(java.lang.Object, java.lang.Object, int)'> (0x00000007156928d8) 
thrown [s\open\src\hotspot\share\interpreter\linkResolver.cpp, line 773]

ZGC Phase Switch (0 events):
No events

VM Operations (20 events):
Event: 60.168 Executing VM operation: RendezvousGCThreads done
Event: 61.180 Executing VM operation: Cleanup
Event: 61.180 Executing VM operation: Cleanup done
Event: 67.229 Executing VM operation: Cleanup
Event: 67.229 Executing VM operation: Cleanup done
Event: 69.230 Executing VM operation: Cleanup
Event: 69.230 Executing VM operation: Cleanup done
Event: 72.232 Executing VM operation: Cleanup
Event: 72.232 Executing VM operation: Cleanup done
Event: 76.233 Executing VM operation: Cleanup
Event: 76.233 Executing VM operation: Cleanup done
Event: 78.234 Executing VM operation: Cleanup
Event: 78.234 Executing VM operation: Cleanup done
Event: 79.234 Executing VM operation: Cleanup
Event: 79.235 Executing VM operation: Cleanup done
Event: 84.236 Executing VM operation: Cleanup
Event: 84.236 Executing VM operation: Cleanup done
Event: 85.237 Executing VM operation: Cleanup
Event: 85.237 Executing VM operation: Cleanup done
Event: 87.952 Executing VM operation: Exit

Events (20 events):
Event: 9.596 Thread 0x0000020c0799b600 Thread added: 0x0000020c0799b600
Event: 9.597 Thread 0x0000020c0799d6d0 Thread added: 0x0000020c0799d6d0
Event: 9.913 Thread 0x0000020c0799dd60 Thread added: 0x0000020c0799dd60
Event: 9.934 Thread 0x0000020c0799c320 Thread added: 0x0000020c0799c320
Event: 9.935 Thread 0x0000020c0799f110 Thread added: 0x0000020c0799f110
Event: 15.309 Thread 0x0000020c0799c320 Thread exited: 0x0000020c0799c320
Event: 15.319 Thread 0x0000020c0799dd60 Thread exited: 0x0000020c0799dd60
Event: 16.619 Thread 0x0000020c0799b600 Thread exited: 0x0000020c0799b600
Event: 16.619 Thread 0x0000020c0799f110 Thread exited: 0x0000020c0799f110
Event: 60.388 Thread 0x0000020c0799b600 Thread added: 0x0000020c0799b600
Event: 87.847 Thread 0x0000020c0799f110 Thread added: 0x0000020c0799f110
Event: 87.849 Thread 0x0000020c0799bc90 Thread added: 0x0000020c0799bc90
Event: 87.849 Thread 0x0000020c0799f7a0 Thread added: 0x0000020c0799f7a0
Event: 87.849 Thread 0x0000020c0799c320 Thread added: 0x0000020c0799c320
Event: 87.850 Thread 0x0000020c0799fe30 Thread added: 0x0000020c0799fe30
Event: 87.851 Thread 0x0000020c0799f7a0 Thread exited: 0x0000020c0799f7a0
Event: 87.851 Thread 0x0000020c0799c320 Thread exited: 0x0000020c0799c320
Event: 87.856 Thread 0x0000020c0799d6d0 Thread exited: 0x0000020c0799d6d0
Event: 87.873 Thread 0x0000020c7d9cc3c0 Thread exited: 0x0000020c7d9cc3c0
Event: 87.952 Thread 0x0000020c0799bc90 Thread exited: 0x0000020c0799bc90


Dynamic libraries:
0x00007ff606d10000 - 0x00007ff606d20000 	C:\Program Files\Java\jdk-21.0.11\bin\java.exe
0x00007ffc84640000 - 0x00007ffc848a7000 	C:\windows\SYSTEM32\ntdll.dll
0x00007ffc83530000 - 0x00007ffc835f9000 	C:\windows\System32\KERNEL32.DLL
0x00007ffc81070000 - 0x00007ffc81467000 	C:\windows\System32\KERNELBASE.dll
0x00007ffc81ec0000 - 0x00007ffc8200b000 	C:\windows\System32\ucrtbase.dll
0x00007ffc7e160000 - 0x00007ffc7e179000 	C:\Program Files\Java\jdk-21.0.11\bin\jli.dll
0x00007ffc784b0000 - 0x00007ffc784ce000 	C:\Program Files\Java\jdk-21.0.11\bin\VCRUNTIME140.dll
0x00007ffc84060000 - 0x00007ffc84116000 	C:\windows\System32\ADVAPI32.dll
0x00007ffc837a0000 - 0x00007ffc83849000 	C:\windows\System32\msvcrt.dll
0x00007ffc83480000 - 0x00007ffc83527000 	C:\windows\System32\sechost.dll
0x00007ffc83bb0000 - 0x00007ffc83cc8000 	C:\windows\System32\RPCRT4.dll
0x00007ffc83e90000 - 0x00007ffc84056000 	C:\windows\System32\USER32.dll
0x00007ffc82390000 - 0x00007ffc823b7000 	C:\windows\System32\win32u.dll
0x00007ffc83110000 - 0x00007ffc8313b000 	C:\windows\System32\GDI32.dll
0x00007ffc647b0000 - 0x00007ffc64a42000 	C:\windows\WinSxS\amd64_microsoft.windows.common-controls_6595b64144ccf1df_6.0.26100.8457_none_3e0b2faee331e92d\COMCTL32.dll
0x00007ffc81520000 - 0x00007ffc8164c000 	C:\windows\System32\gdi32full.dll
0x00007ffc82190000 - 0x00007ffc82233000 	C:\windows\System32\msvcp_win.dll
0x00007ffc77380000 - 0x00007ffc7738b000 	C:\windows\SYSTEM32\VERSION.dll
0x00007ffc83260000 - 0x00007ffc83292000 	C:\windows\System32\IMM32.DLL
0x00007ffc7e240000 - 0x00007ffc7e24c000 	C:\Program Files\Java\jdk-21.0.11\bin\vcruntime140_1.dll
0x00007ffc6f7a0000 - 0x00007ffc6f82d000 	C:\Program Files\Java\jdk-21.0.11\bin\msvcp140.dll
0x00007ffbe8f20000 - 0x00007ffbe9c48000 	C:\Program Files\Java\jdk-21.0.11\bin\server\jvm.dll
0x00007ffc82f80000 - 0x00007ffc83000000 	C:\windows\System32\WS2_32.dll
0x00007ffc80850000 - 0x00007ffc808ae000 	C:\windows\SYSTEM32\POWRPROF.dll
0x00007ffc6c000000 - 0x00007ffc6c036000 	C:\windows\SYSTEM32\WINMM.dll
0x00007ffc80830000 - 0x00007ffc80844000 	C:\windows\SYSTEM32\UMPDC.dll
0x00007ffc7fe00000 - 0x00007ffc7fe1b000 	C:\windows\SYSTEM32\kernel.appcore.dll
0x00007ffc78490000 - 0x00007ffc7849a000 	C:\Program Files\Java\jdk-21.0.11\bin\jimage.dll
0x00007ffc7ee80000 - 0x00007ffc7f0c2000 	C:\windows\SYSTEM32\DBGHELP.DLL
0x00007ffc823e0000 - 0x00007ffc82763000 	C:\windows\System32\combase.dll
0x00007ffc839b0000 - 0x00007ffc83a89000 	C:\windows\System32\OLEAUT32.dll
0x00007ffc3fa10000 - 0x00007ffc3fa4b000 	C:\windows\SYSTEM32\dbgcore.DLL
0x00007ffc81470000 - 0x00007ffc81518000 	C:\windows\System32\bcryptPrimitives.dll
0x00007ffc78480000 - 0x00007ffc78490000 	C:\Program Files\Java\jdk-21.0.11\bin\instrument.dll
0x00007ffc77350000 - 0x00007ffc77371000 	C:\Program Files\Java\jdk-21.0.11\bin\java.dll
0x00007ffc82770000 - 0x00007ffc82ede000 	C:\windows\System32\SHELL32.dll
0x00007ffc81650000 - 0x00007ffc81ebc000 	C:\windows\System32\windows.storage.dll
0x00007ffc83ab0000 - 0x00007ffc83ba6000 	C:\windows\System32\SHCORE.dll
0x00007ffc830a0000 - 0x00007ffc83106000 	C:\windows\System32\shlwapi.dll
0x00007ffc80f90000 - 0x00007ffc80fb9000 	C:\windows\SYSTEM32\profapi.dll
0x00007ffc66100000 - 0x00007ffc661d7000 	C:\Program Files\Java\jdk-21.0.11\bin\jsvml.dll
0x00007ffc76db0000 - 0x00007ffc76dc8000 	C:\Program Files\Java\jdk-21.0.11\bin\zip.dll
0x00007ffc772d0000 - 0x00007ffc772e1000 	C:\Program Files\Java\jdk-21.0.11\bin\net.dll
0x00007ffc78b90000 - 0x00007ffc78cb9000 	C:\windows\SYSTEM32\WINHTTP.dll
0x00007ffc80370000 - 0x00007ffc803dc000 	C:\windows\system32\mswsock.dll
0x00007ffc72c70000 - 0x00007ffc72c86000 	C:\Program Files\Java\jdk-21.0.11\bin\nio.dll
0x00007ffc7f880000 - 0x00007ffc7f9b2000 	C:\windows\SYSTEM32\DNSAPI.dll
0x00007ffc7f7f0000 - 0x00007ffc7f822000 	C:\windows\SYSTEM32\IPHLPAPI.DLL
0x00007ffc831d0000 - 0x00007ffc831da000 	C:\windows\System32\NSI.dll
0x00007ffc77610000 - 0x00007ffc7761b000 	C:\Windows\System32\rasadhlp.dll
0x00007ffc78e30000 - 0x00007ffc78eb6000 	C:\windows\System32\fwpuclnt.dll
0x00007ffc77340000 - 0x00007ffc77349000 	C:\Program Files\Java\jdk-21.0.11\bin\extnet.dll
0x00007ffc772c0000 - 0x00007ffc772ca000 	C:\Program Files\Java\jdk-21.0.11\bin\management.dll
0x00007ffc77050000 - 0x00007ffc7705c000 	C:\Program Files\Java\jdk-21.0.11\bin\management_ext.dll
0x00007ffc83090000 - 0x00007ffc83098000 	C:\windows\System32\PSAPI.DLL
0x0000020c37eb0000 - 0x0000020c37eb3000 	C:\Users\oc_vh\.openjfx\cache\21.0.2+5\amd64\api-ms-win-core-console-l1-1-0.dll
0x0000020c37ec0000 - 0x0000020c37ec3000 	C:\Users\oc_vh\.openjfx\cache\21.0.2+5\amd64\api-ms-win-core-console-l1-2-0.dll
0x0000020c37ed0000 - 0x0000020c37ed3000 	C:\Users\oc_vh\.openjfx\cache\21.0.2+5\amd64\api-ms-win-core-datetime-l1-1-0.dll
0x0000020c37ee0000 - 0x0000020c37ee3000 	C:\Users\oc_vh\.openjfx\cache\21.0.2+5\amd64\api-ms-win-core-debug-l1-1-0.dll
0x0000020c37ef0000 - 0x0000020c37ef3000 	C:\Users\oc_vh\.openjfx\cache\21.0.2+5\amd64\api-ms-win-core-errorhandling-l1-1-0.dll
0x0000020c37f00000 - 0x0000020c37f04000 	C:\Users\oc_vh\.openjfx\cache\21.0.2+5\amd64\api-ms-win-core-file-l1-1-0.dll
0x0000020c37f10000 - 0x0000020c37f13000 	C:\Users\oc_vh\.openjfx\cache\21.0.2+5\amd64\api-ms-win-core-file-l1-2-0.dll
0x0000020c37f20000 - 0x0000020c37f23000 	C:\Users\oc_vh\.openjfx\cache\21.0.2+5\amd64\api-ms-win-core-file-l2-1-0.dll
0x0000020c37f30000 - 0x0000020c37f33000 	C:\Users\oc_vh\.openjfx\cache\21.0.2+5\amd64\api-ms-win-core-handle-l1-1-0.dll
0x00007ffc806d0000 - 0x00007ffc806eb000 	C:\windows\SYSTEM32\CRYPTSP.dll
0x00007ffc7fd60000 - 0x00007ffc7fd99000 	C:\windows\system32\rsaenh.dll
0x00007ffc80420000 - 0x00007ffc80453000 	C:\windows\SYSTEM32\USERENV.dll
0x00007ffc80f60000 - 0x00007ffc80f8a000 	C:\windows\SYSTEM32\bcrypt.dll
0x0000020c37f40000 - 0x0000020c37f43000 	C:\Users\oc_vh\.openjfx\cache\21.0.2+5\amd64\api-ms-win-core-heap-l1-1-0.dll
0x00007ffc806c0000 - 0x00007ffc806cc000 	C:\windows\SYSTEM32\CRYPTBASE.dll
0x0000020c37f50000 - 0x0000020c37f53000 	C:\Users\oc_vh\.openjfx\cache\21.0.2+5\amd64\api-ms-win-core-interlocked-l1-1-0.dll
0x0000020c37f60000 - 0x0000020c37f63000 	C:\Users\oc_vh\.openjfx\cache\21.0.2+5\amd64\api-ms-win-core-libraryloader-l1-1-0.dll
0x0000020c37f70000 - 0x0000020c37f73000 	C:\Users\oc_vh\.openjfx\cache\21.0.2+5\amd64\api-ms-win-core-localization-l1-2-0.dll
0x0000020c37f80000 - 0x0000020c37f83000 	C:\Users\oc_vh\.openjfx\cache\21.0.2+5\amd64\api-ms-win-core-memory-l1-1-0.dll
0x0000020c37f90000 - 0x0000020c37f93000 	C:\Users\oc_vh\.openjfx\cache\21.0.2+5\amd64\api-ms-win-core-namedpipe-l1-1-0.dll
0x0000020c37fa0000 - 0x0000020c37fa3000 	C:\Users\oc_vh\.openjfx\cache\21.0.2+5\amd64\api-ms-win-core-processenvironment-l1-1-0.dll
0x0000020c37fb0000 - 0x0000020c37fb3000 	C:\Users\oc_vh\.openjfx\cache\21.0.2+5\amd64\api-ms-win-core-processthreads-l1-1-0.dll
0x00007ffc51b80000 - 0x00007ffc51b98000 	C:\windows\system32\napinsp.dll
0x00007ffc51b60000 - 0x00007ffc51b73000 	C:\windows\System32\winrnr.dll
0x00007ffc51b30000 - 0x00007ffc51b52000 	C:\windows\system32\nlansp_c.dll
0x00007ffc51ad0000 - 0x00007ffc51ae6000 	C:\windows\system32\wshbth.dll
0x0000020c37fc0000 - 0x0000020c37fc3000 	C:\Users\oc_vh\.openjfx\cache\21.0.2+5\amd64\api-ms-win-core-processthreads-l1-1-1.dll
0x0000020c37fd0000 - 0x0000020c37fd3000 	C:\Users\oc_vh\.openjfx\cache\21.0.2+5\amd64\api-ms-win-core-profile-l1-1-0.dll
0x0000020c37fe0000 - 0x0000020c37fe3000 	C:\Users\oc_vh\.openjfx\cache\21.0.2+5\amd64\api-ms-win-core-rtlsupport-l1-1-0.dll
0x0000020c37ff0000 - 0x0000020c37ff3000 	C:\Users\oc_vh\.openjfx\cache\21.0.2+5\amd64\api-ms-win-core-string-l1-1-0.dll
0x0000020c7e7d0000 - 0x0000020c7e7d3000 	C:\Users\oc_vh\.openjfx\cache\21.0.2+5\amd64\api-ms-win-core-synch-l1-1-0.dll
0x0000020c7e7e0000 - 0x0000020c7e7e3000 	C:\Users\oc_vh\.openjfx\cache\21.0.2+5\amd64\api-ms-win-core-synch-l1-2-0.dll
0x0000020c7e7f0000 - 0x0000020c7e7f3000 	C:\Users\oc_vh\.openjfx\cache\21.0.2+5\amd64\api-ms-win-core-sysinfo-l1-1-0.dll
0x0000020c7e800000 - 0x0000020c7e803000 	C:\Users\oc_vh\.openjfx\cache\21.0.2+5\amd64\api-ms-win-core-timezone-l1-1-0.dll
0x0000020c7e810000 - 0x0000020c7e813000 	C:\Users\oc_vh\.openjfx\cache\21.0.2+5\amd64\api-ms-win-core-util-l1-1-0.dll
0x0000020c7e820000 - 0x0000020c7e823000 	C:\Users\oc_vh\.openjfx\cache\21.0.2+5\amd64\api-ms-win-crt-conio-l1-1-0.dll
0x0000020c7e830000 - 0x0000020c7e834000 	C:\Users\oc_vh\.openjfx\cache\21.0.2+5\amd64\api-ms-win-crt-convert-l1-1-0.dll
0x0000020c7e840000 - 0x0000020c7e843000 	C:\Users\oc_vh\.openjfx\cache\21.0.2+5\amd64\api-ms-win-crt-environment-l1-1-0.dll
0x0000020c7e850000 - 0x0000020c7e853000 	C:\Users\oc_vh\.openjfx\cache\21.0.2+5\amd64\api-ms-win-crt-filesystem-l1-1-0.dll
0x0000020c7e860000 - 0x0000020c7e863000 	C:\Users\oc_vh\.openjfx\cache\21.0.2+5\amd64\api-ms-win-crt-heap-l1-1-0.dll
0x0000020c7e870000 - 0x0000020c7e873000 	C:\Users\oc_vh\.openjfx\cache\21.0.2+5\amd64\api-ms-win-crt-locale-l1-1-0.dll
0x0000020c7e880000 - 0x0000020c7e885000 	C:\Users\oc_vh\.openjfx\cache\21.0.2+5\amd64\api-ms-win-crt-math-l1-1-0.dll
0x0000020c7e890000 - 0x0000020c7e895000 	C:\Users\oc_vh\.openjfx\cache\21.0.2+5\amd64\api-ms-win-crt-multibyte-l1-1-0.dll
0x0000020c7e8a0000 - 0x0000020c7e8b0000 	C:\Users\oc_vh\.openjfx\cache\21.0.2+5\amd64\api-ms-win-crt-private-l1-1-0.dll
0x0000020c7e8b0000 - 0x0000020c7e8b3000 	C:\Users\oc_vh\.openjfx\cache\21.0.2+5\amd64\api-ms-win-crt-process-l1-1-0.dll
0x0000020c7e8c0000 - 0x0000020c7e8c4000 	C:\Users\oc_vh\.openjfx\cache\21.0.2+5\amd64\api-ms-win-crt-runtime-l1-1-0.dll
0x0000020c7e8d0000 - 0x0000020c7e8d4000 	C:\Users\oc_vh\.openjfx\cache\21.0.2+5\amd64\api-ms-win-crt-stdio-l1-1-0.dll
0x0000020c7e8e0000 - 0x0000020c7e8e4000 	C:\Users\oc_vh\.openjfx\cache\21.0.2+5\amd64\api-ms-win-crt-string-l1-1-0.dll
0x0000020c7e8f0000 - 0x0000020c7e8f3000 	C:\Users\oc_vh\.openjfx\cache\21.0.2+5\amd64\api-ms-win-crt-time-l1-1-0.dll
0x0000020c7e900000 - 0x0000020c7e903000 	C:\Users\oc_vh\.openjfx\cache\21.0.2+5\amd64\api-ms-win-crt-utility-l1-1-0.dll
0x00007ffc74420000 - 0x00007ffc74476000 	C:\windows\SYSTEM32\pdh.dll
0x00007ffc3fef0000 - 0x00007ffc3ffec000 	C:\Users\oc_vh\.openjfx\cache\21.0.2+5\amd64\ucrtbase.dll
0x00007ffc6f900000 - 0x00007ffc6f91b000 	C:\Users\oc_vh\.openjfx\cache\21.0.2+5\amd64\vcruntime140.dll
0x00007ffc76d70000 - 0x00007ffc76d7c000 	C:\Users\oc_vh\.openjfx\cache\21.0.2+5\amd64\vcruntime140_1.dll
0x00007ffc6a4c0000 - 0x00007ffc6a54e000 	C:\Users\oc_vh\.openjfx\cache\21.0.2+5\amd64\msvcp140.dll
0x00007ffc75fc0000 - 0x00007ffc75fc9000 	C:\Users\oc_vh\.openjfx\cache\21.0.2+5\amd64\msvcp140_1.dll
0x00007ffc6f750000 - 0x00007ffc6f791000 	C:\Users\oc_vh\.openjfx\cache\21.0.2+5\amd64\msvcp140_2.dll
0x00007ffc6a880000 - 0x00007ffc6a8b0000 	C:\Users\oc_vh\.openjfx\cache\21.0.2+5\amd64\prism_d3d.dll
0x00007ffc62030000 - 0x00007ffc621e3000 	C:\windows\system32\d3d9.dll
0x00007ffc7e8d0000 - 0x00007ffc7e8ff000 	C:\windows\SYSTEM32\dwmapi.dll
0x00007ffc7e6f0000 - 0x00007ffc7e735000 	C:\windows\SYSTEM32\dxcore.dll
0x00007ffc7e610000 - 0x00007ffc7e6ba000 	C:\windows\system32\uxtheme.dll
0x00007ffc83600000 - 0x00007ffc83797000 	C:\windows\System32\ole32.dll
0x00007ffc80d20000 - 0x00007ffc80d71000 	C:\windows\SYSTEM32\CFGMGR32.dll
0x00007ffc792d0000 - 0x00007ffc79331000 	C:\windows\SYSTEM32\directxdatabasehelper.dll
0x00007ffc69f60000 - 0x00007ffc69fa2000 	C:\Users\oc_vh\.openjfx\cache\21.0.2+5\amd64\glass.dll
0x00007ffc83cd0000 - 0x00007ffc83dc0000 	C:\windows\System32\COMDLG32.dll
0x00007ffc83850000 - 0x00007ffc839ac000 	C:\windows\System32\MSCTF.dll
0x00007ffc6b4c0000 - 0x00007ffc6b4d4000 	C:\Users\oc_vh\.openjfx\cache\21.0.2+5\amd64\javafx_font.dll
0x00007ffc7cd70000 - 0x00007ffc7cfd7000 	C:\windows\SYSTEM32\dwrite.dll
0x00007ffc786a0000 - 0x00007ffc786b2000 	C:\windows\System32\perfproc.dll
0x00007ffc42d60000 - 0x00007ffc42d71000 	C:\windows\System32\perfos.dll
0x00007ffc7f4c0000 - 0x00007ffc7f4d2000 	C:\windows\SYSTEM32\pfclient.dll

dbghelp: loaded successfully - version: 4.0.5 - missing functions: none
symbol engine: initialized successfully - sym options: 0x614 - pdb path: .;C:\Program Files\Java\jdk-21.0.11\bin;C:\windows\SYSTEM32;C:\windows\WinSxS\amd64_microsoft.windows.common-controls_6595b64144ccf1df_6.0.26100.8457_none_3e0b2faee331e92d;C:\Program Files\Java\jdk-21.0.11\bin\server;C:\Users\oc_vh\.openjfx\cache\21.0.2+5\amd64;C:\windows\System32\DriverStore\FileRepository\iigd_dch.inf_amd64_a0e4070823166b80;C:\Program Files\Common Files\Microsoft Shared\Ink;C:\windows\System32\DriverStore\FileRepository\ntprint.inf_amd64_78082862576f78bc\Amd64;C:\windows\System32\DriverStore\FileRepository\prnms003.inf_amd64_fe120272380ff332\Amd64;C:\Program Files\Microsoft Office\root\VFS\ProgramFilesCommonX64\Microsoft Shared\Office16

VM Arguments:
jvm_args: -javaagent:C:\Program Files\JetBrains\IntelliJ IDEA 2026.1.2\lib\idea_rt.jar=54966 -Dfile.encoding=UTF-8 -Dsun.stdout.encoding=UTF-8 -Dsun.stderr.encoding=UTF-8 
java_command: com.asm.App
java_class_path (initial): C:\Users\oc_vh\IdeaProjects\pdv-almacenes-san-miguel\target\classes;C:\Users\oc_vh\.m2\repository\org\openjfx\javafx-controls\21.0.2\javafx-controls-21.0.2.jar;C:\Users\oc_vh\.m2\repository\org\openjfx\javafx-controls\21.0.2\javafx-controls-21.0.2-win.jar;C:\Users\oc_vh\.m2\repository\org\openjfx\javafx-graphics\21.0.2\javafx-graphics-21.0.2.jar;C:\Users\oc_vh\.m2\repository\org\openjfx\javafx-graphics\21.0.2\javafx-graphics-21.0.2-win.jar;C:\Users\oc_vh\.m2\repository\org\openjfx\javafx-base\21.0.2\javafx-base-21.0.2.jar;C:\Users\oc_vh\.m2\repository\org\openjfx\javafx-base\21.0.2\javafx-base-21.0.2-win.jar;C:\Users\oc_vh\.m2\repository\org\openjfx\javafx-fxml\21.0.2\javafx-fxml-21.0.2.jar;C:\Users\oc_vh\.m2\repository\org\openjfx\javafx-fxml\21.0.2\javafx-fxml-21.0.2-win.jar;C:\Users\oc_vh\.m2\repository\org\hibernate\orm\hibernate-core\6.2.7.Final\hibernate-core-6.2.7.Final.jar;C:\Users\oc_vh\.m2\repository\jakarta\persistence\jakarta.persistence-api\3.1.0\jakarta.persistence-api-3.1.0.jar;C:\Users\oc_vh\.m2\repository\jakarta\transaction\jakarta.transaction-api\2.0.1\jakarta.transaction-api-2.0.1.jar;C:\Users\oc_vh\.m2\repository\org\jboss\logging\jboss-logging\3.5.0.Final\jboss-logging-3.5.0.Final.jar;C:\Users\oc_vh\.m2\repository\org\hibernate\common\hibernate-commons-annotations\6.0.6.Final\hibernate-commons-annotations-6.0.6.Final.jar;C:\Users\oc_vh\.m2\repository\io\smallrye\jandex\3.0.5\jandex-3.0.5.jar;C:\Users\oc_vh\.m2\repository\com\fasterxml\classmate\1.5.1\classmate-1.5.1.jar;C:\Users\oc_vh\.m2\repository\net\bytebuddy\byte-buddy\1.12.18\byte-buddy-1.12.18.jar;C:\Users\oc_vh\.m2\repository\jakarta\xml\bind\jakarta.xml.bind-api\4.0.0\jakarta.xml.bind-api-4.0.0.jar;C:\Users\oc_vh\.m2\repository\jakarta\activation\jakarta.activation-api\2.1.0\jakarta.activation-api-2.1.0.jar;C:\Users\oc_vh\.m2\repository\org\glassfish\jaxb\jaxb-runtime\4.0.2\jaxb-runtime-4.0.2.jar;C:\Users\oc_vh\.m2\repository\org\glassfish\jaxb\jaxb-core\4.0.2\jaxb-core-4.0.2.jar;C:\Users\oc_vh\.m2\repository\org\eclipse\angus\angus-activation\2.0.0\angus-activation-2.0.0.jar;C:\Users\oc_vh\.m2\repository\org\glassfish\jaxb\txw2\4.0.2\txw2-4.0.2.jar;C:\Users\oc_vh\.m2\repository\com\sun\istack\istack-commons-runtime\4.1.1\istack-commons-runtime-4.1.1.jar;C:\Users\oc_vh\.m2\repository\jakarta\inject\jakarta.inject-api\2.0.1\jakarta.inject-api-2.0.1.jar;C:\Users\oc_vh\.m2\repository\org\antlr\antlr4-runtime\4.10.1\antlr4-runtime-4.10.1.jar;C:\Users\oc_vh\.m2\repository\com\mysql\mysql-connector-j\8.0.33\mysql-connector-j-8.0.33.jar;C:\Users\oc_vh\.m2\repository\com\google\protobuf\protobuf-java\3.21.9\protobuf-java-3.21.9.jar
Launcher Type: SUN_STANDARD

[Global flags]
     intx CICompilerCount                          = 4                                         {product} {ergonomic}
     uint ConcGCThreads                            = 3                                         {product} {ergonomic}
     uint G1ConcRefinementThreads                  = 10                                        {product} {ergonomic}
   size_t G1HeapRegionSize                         = 2097152                                   {product} {ergonomic}
    uintx GCDrainStackTargetSize                   = 64                                        {product} {ergonomic}
   size_t InitialHeapSize                          = 264241152                                 {product} {ergonomic}
   size_t MarkStackSize                            = 4194304                                   {product} {ergonomic}
   size_t MaxHeapSize                              = 4198498304                                {product} {ergonomic}
   size_t MaxNewSize                               = 2518679552                                {product} {ergonomic}
   size_t MinHeapDeltaBytes                        = 2097152                                   {product} {ergonomic}
   size_t MinHeapSize                              = 8388608                                   {product} {ergonomic}
    uintx NonNMethodCodeHeapSize                   = 5839372                                {pd product} {ergonomic}
    uintx NonProfiledCodeHeapSize                  = 122909434                              {pd product} {ergonomic}
    uintx ProfiledCodeHeapSize                     = 122909434                              {pd product} {ergonomic}
    uintx ReservedCodeCacheSize                    = 251658240                              {pd product} {ergonomic}
     bool SegmentedCodeCache                       = true                                      {product} {ergonomic}
   size_t SoftMaxHeapSize                          = 4198498304                             {manageable} {ergonomic}
     bool UseCompressedOops                        = true                           {product lp64_product} {ergonomic}
     bool UseG1GC                                  = true                                      {product} {ergonomic}
     bool UseLargePagesIndividualAllocation        = false                                  {pd product} {ergonomic}

Logging:
Log output configuration:
 #0: stdout all=off uptime,level,tags foldmultilines=false
 #1: stderr all=off uptime,level,tags foldmultilines=false

Environment Variables:
JAVA_HOME=C:\Program Files\Java\jdk-21.0.11
PATH=C:\Program Files\Common Files\Oracle\Java\javapath;C:\Program Files\Microsoft MPI\Bin\;C:\windows\system32;C:\windows;C:\windows\System32\Wbem;C:\windows\System32\WindowsPowerShell\v1.0\;C:\windows\System32\OpenSSH\;C:\Program Files (x86)\NVIDIA Corporation\PhysX\Common;C:\Program Files\NVIDIA Corporation\NVIDIA App\NvDLISR;C:\Users\Administrator\AppData\Local\Microsoft\WindowsApps;C:\Program Files\HP\OMEN-Broadcast\Common;C:\Program Files (x86)\Microsoft SQL Server\170\Tools\Binn\;C:\Program Files\Microsoft SQL Server\170\Tools\Binn\;C:\Program Files\Microsoft SQL Server\Client SDK\ODBC\180\Tools\Binn\;C:\Program Files\Microsoft SQL Server\170\DTS\Binn\;C:\Program Files\PuTTY\;C:\Program Files\Microchip\xc8\v2.36\bin;C:\Program Files\Java\jdk-21.0.11\bin;C:\Program Files\Git\cmd;C:\Program Files\Microsoft SQL Server\Client SDK\ODBC\130\Tools\Binn\;C:\Program Files (x86)\Microsoft SQL Server\130\Tools\Binn\;C:\Program Files\Microsoft SQL Server\130\Tools\Binn\;C:\Program Files\Microsoft SQL Server\130\DTS\Binn\;C:\Users\oc_vh\AppData\Local\Microsoft\WindowsApps;C:\Users\oc_vh\AppData\Local\Programs\Microsoft VS Code\bin;C:\Program Files\JetBrains\IntelliJ IDEA 2026.1.2\bin
USERNAME=oc_vh
OS=Windows_NT
PROCESSOR_IDENTIFIER=Intel64 Family 6 Model 186 Stepping 2, GenuineIntel
TMP=C:\Users\oc_vh\AppData\Local\Temp
TEMP=C:\Users\oc_vh\AppData\Local\Temp




Periodic native trim disabled

---------------  S Y S T E M  ---------------

OS:
 Windows 11 , 64 bit Build 26100 (10.0.26100.8328)
OS uptime: 10 days 12:43 hours
Hyper-V role detected

CPU: total 12 (initial active 12) (6 cores per cpu, 2 threads per core) family 6 model 186 stepping 2 microcode 0x6134, cx8, cmov, fxsr, ht, mmx, 3dnowpref, sse, sse2, sse3, ssse3, sse4.1, sse4.2, popcnt, lzcnt, tsc, tscinvbit, avx, avx2, aes, erms, clmul, bmi1, bmi2, adx, sha, fma, vzeroupper, clflush, clflushopt, clwb, hv, serialize, rdtscp, rdpid, fsrm, f16c, cet_ibt, cet_ss
Processor Information for all 12 processors :
  Max Mhz: 2100, Current Mhz: 2100, Mhz Limit: 2100

Memory: 4k page, system-wide physical 16013M (3112M free)
TotalPageFile size 29083M (AvailPageFile size 4595M)
current process WorkingSet (physical memory assigned to process): 355M, peak: 443M
current process commit charge ("private bytes"): 365M, peak: 482M

vm_info: Java HotSpot(TM) 64-Bit Server VM (21.0.11+9-LTS-211) for windows-amd64 JRE (21.0.11+9-LTS-211), built on 2026-03-11T00:23:15Z by "mach5run" with MS VC++ 17.13 (VS2022)

END.
