#
# A fatal error has been detected by the Java Runtime Environment:
#
#  EXCEPTION_ACCESS_VIOLATION (0xc0000005) at pc=0x00007ffc0de064f7, pid=27892, tid=26872
#
# JRE version: Java(TM) SE Runtime Environment (21.0.11+9) (build 21.0.11+9-LTS-211)
# Java VM: Java HotSpot(TM) 64-Bit Server VM (21.0.11+9-LTS-211, mixed mode, sharing, tiered, compressed oops, compressed class ptrs, g1 gc, windows-amd64)
# Problematic frame:
# C  [glass.dll+0x264f7]
#
# No core dump will be written. Minidumps are not enabled by default on client versions of Windows
#
# If you would like to submit a bug report, please visit:
#   https://bugreport.java.com/bugreport/crash.jsp
#

---------------  S U M M A R Y ------------

Command Line: -javaagent:C:\Program Files\JetBrains\IntelliJ IDEA 2026.1.2\lib\idea_rt.jar=61659 -Dfile.encoding=UTF-8 -Dsun.stdout.encoding=UTF-8 -Dsun.stderr.encoding=UTF-8 com.asm.App

Host: 13th Gen Intel(R) Core(TM) i5-13420H, 12 cores, 15G,  Windows 11 , 64 bit Build 26100 (10.0.26100.8328)
Time: Wed May 27 08:38:55 2026 Hora estándar central (México) elapsed time: 329.173068 seconds (0d 0h 5m 29s)

---------------  T H R E A D  ---------------

Current thread (0x0000018355c20900):  VMThread "VM Thread"          [id=26872, stack(0x0000004112500000,0x0000004112600000) (1024K)]

Stack: [0x0000004112500000,0x0000004112600000],  sp=0x00000041125feb80,  free space=1018k
Native frames: (J=compiled Java code, j=interpreted, Vv=VM code, C=native code)
C  [glass.dll+0x264f7]


siginfo: EXCEPTION_ACCESS_VIOLATION (0xc0000005), reading address 0x0000000000000000


Registers:
RAX=0x0000000000000000, RBX=0x0000018355c27d02, RCX=0x0000018355c20900, RDX=0x00000041125feb80
RSP=0x00000041125feb80, RBP=0x0000365a43ebd13f, RSI=0x000001839c1bc7b8, RDI=0x000001839c1bc790
R8 =0x0000000000010002, R9 =0x0000365a43ebd13f, R10=0x00000183344d0000, R11=0x00000041125fec68
R12=0x000000007ffe0385, R13=0x0000000000000001, R14=0x00000041125fec88, R15=0x000001839c1bc790
RIP=0x00007ffc0de064f7, EFLAGS=0x0000000000010206


Register to memory mapping:

RAX=0x0 is null
RBX=0x0000018355c27d02 is a global jni handle
RCX=0x0000018355c20900 points into unknown readable memory: 0x00007ffbd20331f8 | f8 31 03 d2 fb 7f 00 00
RDX=0x00000041125feb80 points into unknown readable memory: 0x0000000000000000 | 00 00 00 00 00 00 00 00
RSP=0x00000041125feb80 points into unknown readable memory: 0x0000000000000000 | 00 00 00 00 00 00 00 00
RBP=0x0000365a43ebd13f is an unknown value
RSI=0x000001839c1bc7b8 points into unknown readable memory: 0x0000365a43ebd13f | 3f d1 eb 43 5a 36 00 00
RDI=0x000001839c1bc790 points into unknown readable memory: 0x000009a4451bcd93 | 93 cd 1b 45 a4 09 00 00
R8 =0x0000000000010002 is an unknown value
R9 =0x0000365a43ebd13f is an unknown value
R10=0x00000183344d0000 points into unknown readable memory: 0x0000000000000000 | 00 00 00 00 00 00 00 00
R11=0x00000041125fec68 points into unknown readable memory: 0x00007ffc0de03ccd | cd 3c e0 0d fc 7f 00 00
R12=0x000000007ffe0385 points into unknown readable memory: 00 00 00
R13=0x0000000000000001 is an unknown value
R14=0x00000041125fec88 points into unknown readable memory: 0x00000041125fec70 | 70 ec 5f 12 41 00 00 00
R15=0x000001839c1bc790 points into unknown readable memory: 0x000009a4451bcd93 | 93 cd 1b 45 a4 09 00 00

Top of Stack: (sp=0x00000041125feb80)
0x00000041125feb80:   0000000000000000 0000018300000000
0x00000041125feb90:   000001839c1d69c0 000000007ffe0385
0x00000041125feba0:   000001839c1bc798 00007ffc81f0bc75
0x00000041125febb0:   000001839c1bc790 0000018300000000
0x00000041125febc0:   000001839c1bc7b0 0000365a43ebd13f
0x00000041125febd0:   fffffffffffffffe 00007ffc3ba90000
0x00000041125febe0:   00007ffc0dde0000 00007ffc0dde0000
0x00000041125febf0:   00000041125fec78 00007ffc81f0b897
0x00000041125fec00:   00000041125fec00 00000041125fec88
0x00000041125fec10:   00000041125ff1d0 00007ffc81ff88c0
0x00000041125fec20:   0000000000000001 00007ffc81f0b84d
0x00000041125fec30:   0000000000000000 0000000000000001
0x00000041125fec40:   00007ffc7cf9ed80 00000041125fec78
0x00000041125fec50:   fffffffffffffffe 00000041125fec40
0x00000041125fec60:   0000000000000000 00007ffc0de03ccd
0x00000041125fec70:   00007ffc0de1a008 0000000000000002
0x00000041125fec80:   00007ffc00000002 00000041125fec70
0x00000041125fec90:   0000000000000000 00007ffc82010000
0x00000041125feca0:   0000000000000000 00007ffc0de03df2
0x00000041125fecb0:   0000000000000001 00000041125ff1d0
0x00000041125fecc0:   0000000000000001 0000000000000000
0x00000041125fecd0:   0000000000000001 00007ffc80990000
0x00000041125fece0:   00007ffc00000001 00000041125ff1d0
0x00000041125fecf0:   0000000000000000 00007ffc0de03e40
0x00000041125fed00:   0000000000000001 00007ffc8479f98a
0x00000041125fed10:   00007ffc0dde0000 0000000000000000
0x00000041125fed20:   0000000000000001 000000007ffe0384
0x00000041125fed30:   0000000000000000 00007ffc84652d23
0x00000041125fed40:   0000000000000000 00000183346c04a8
0x00000041125fed50:   000000000000008d 0000000000000000
0x00000041125fed60:   0000000000000000 0000000000000000
0x00000041125fed70:   0000000000000000 ffffe16700000000 

Instructions: (pc=0x00007ffc0de064f7)
0x00007ffc0de063f7:   8b 4d 58 e8 8d cf ff ff 48 8b 4d 60 e8 84 cf ff
0x00007ffc0de06407:   ff 48 8b 95 80 00 00 00 48 8b 8d 18 01 00 00 e8
0x00007ffc0de06417:   76 c4 ff ff 33 d2 33 c9 e8 cc e1 ff ff 90 48 89
0x00007ffc0de06427:   54 24 10 55 48 83 ec 20 48 8b ea 48 b8 00 00 00
0x00007ffc0de06437:   00 00 00 00 00 48 83 c4 20 5d c3 cc 40 55 48 8b
0x00007ffc0de06447:   ea 48 8b 01 33 c9 81 38 05 00 00 c0 0f 94 c1 8b
0x00007ffc0de06457:   c1 5d c3 cc 40 55 48 83 ec 20 48 8b ea 8a 4d 40
0x00007ffc0de06467:   48 83 c4 20 5d e9 73 d3 ff ff cc 40 55 48 83 ec
0x00007ffc0de06477:   20 48 8b ea 8a 4d 20 e8 61 d3 ff ff 90 48 83 c4
0x00007ffc0de06487:   20 5d c3 cc 40 55 48 83 ec 20 48 8b ea 48 83 c4
0x00007ffc0de06497:   20 5d e9 c2 d1 ff ff cc 40 55 48 83 ec 30 48 8b
0x00007ffc0de064a7:   ea 48 8b 01 8b 10 48 89 4c 24 28 89 54 24 20 4c
0x00007ffc0de064b7:   8d 0d 63 d6 ff ff 4c 8b 45 70 8b 55 68 48 8b 4d
0x00007ffc0de064c7:   60 e8 03 d1 ff ff 90 48 83 c4 30 5d c3 cc cc cc
0x00007ffc0de064d7:   cc cc cc cc cc cc cc cc cc 40 53 48 83 ec 20 48
0x00007ffc0de064e7:   8b 1d 1b 35 01 00 48 85 db 74 16 e8 89 8f ff ff
0x00007ffc0de064f7:   4c 8b 00 48 8b d3 48 8b c8 41 ff 90 b0 00 00 00
0x00007ffc0de06507:   90 48 83 c4 20 5b c3 cc cc 40 53 48 83 ec 20 48
0x00007ffc0de06517:   8b 1d 8b 36 01 00 48 85 db 74 57 b8 ff ff ff ff
0x00007ffc0de06527:   f0 0f c1 43 10 83 f8 01 75 3d 48 85 db 74 38 48
0x00007ffc0de06537:   8b 0b 48 85 c9 74 0d ff 15 64 0d 00 00 48 c7 03
0x00007ffc0de06547:   00 00 00 00 48 8b 4b 08 48 85 c9 74 0d e8 33 ce
0x00007ffc0de06557:   ff ff 48 c7 43 08 00 00 00 00 ba 18 00 00 00 48
0x00007ffc0de06567:   8b cb e8 1e ce ff ff 48 c7 05 2f 36 01 00 00 00
0x00007ffc0de06577:   00 00 48 83 c4 20 5b c3 cc 40 53 48 83 ec 20 48
0x00007ffc0de06587:   8b 1d fb 35 01 00 48 85 db 74 57 b8 ff ff ff ff
0x00007ffc0de06597:   f0 0f c1 43 10 83 f8 01 75 3d 48 85 db 74 38 48
0x00007ffc0de065a7:   8b 0b 48 85 c9 74 0d ff 15 f4 0c 00 00 48 c7 03
0x00007ffc0de065b7:   00 00 00 00 48 8b 4b 08 48 85 c9 74 0d e8 c3 cd
0x00007ffc0de065c7:   ff ff 48 c7 43 08 00 00 00 00 ba 18 00 00 00 48
0x00007ffc0de065d7:   8b cb e8 ae cd ff ff 48 c7 05 9f 35 01 00 00 00
0x00007ffc0de065e7:   00 00 48 83 c4 20 5b c3 cc 40 53 48 83 ec 20 48 


Stack slot to memory mapping:

stack at sp + 0 slots: 0x0 is null
stack at sp + 1 slots: 0x0000018300000000 is an unknown value
stack at sp + 2 slots: 0x000001839c1d69c0 points into unknown readable memory: 0x000001839c1d6870 | 70 68 1d 9c 83 01 00 00
stack at sp + 3 slots: 0x000000007ffe0385 points into unknown readable memory: 00 00 00
stack at sp + 4 slots: 0x000001839c1bc798 points into unknown readable memory: 0x0000365a43ebd13f | 3f d1 eb 43 5a 36 00 00
stack at sp + 5 slots: 0x00007ffc81f0bc75 ucrtbase.dll
stack at sp + 6 slots: 0x000001839c1bc790 points into unknown readable memory: 0x000009a4451bcd93 | 93 cd 1b 45 a4 09 00 00
stack at sp + 7 slots: 0x0000018300000000 is an unknown value

VM_Operation (0x0000004111dff2b0): Exit, mode: safepoint, requested by thread 0x00000183a47061f0


---------------  P R O C E S S  ---------------

Threads class SMR info:
_java_thread_list=0x00000183a1f18db0, length=30, elements={
0x000001833678a570, 0x0000018355c43770, 0x0000018355c441d0, 0x0000018355c488e0,
0x0000018355c4f630, 0x0000018355c4e670, 0x0000018355c53540, 0x0000018355c65f10,
0x000001839b020090, 0x000001839b1b6e10, 0x000001839b32e3a0, 0x000001839b2d0160,
0x000001839b4028d0, 0x000001839b968ea0, 0x000001839b533e70, 0x000001839c2848b0,
0x000001839bb5b9a0, 0x000001839c6a4ad0, 0x000001839c6a2a00, 0x000001839c6a1650,
0x000001839c6a3db0, 0x000001839c6a2370, 0x00000183a4706f10, 0x00000183a4708950,
0x00000183a4707c30, 0x00000183a47082c0, 0x00000183a4705b60, 0x00000183a47075a0,
0x00000183a47061f0, 0x00000183a470a390
}

Java Threads: ( => current thread )
  0x000001833678a570 JavaThread "main"                              [_thread_blocked, id=24008, stack(0x0000004111e00000,0x0000004111f00000) (1024K)]
  0x0000018355c43770 JavaThread "Reference Handler"          daemon [_thread_blocked, id=24632, stack(0x0000004112600000,0x0000004112700000) (1024K)]
  0x0000018355c441d0 JavaThread "Finalizer"                  daemon [_thread_blocked, id=33636, stack(0x0000004112700000,0x0000004112800000) (1024K)]
  0x0000018355c488e0 JavaThread "Signal Dispatcher"          daemon [_thread_blocked, id=24224, stack(0x0000004112800000,0x0000004112900000) (1024K)]
  0x0000018355c4f630 JavaThread "Attach Listener"            daemon [_thread_blocked, id=40192, stack(0x0000004112900000,0x0000004112a00000) (1024K)]
  0x0000018355c4e670 JavaThread "Service Thread"             daemon [_thread_blocked, id=29296, stack(0x0000004112a00000,0x0000004112b00000) (1024K)]
  0x0000018355c53540 JavaThread "Monitor Deflation Thread"   daemon [_thread_blocked, id=2452, stack(0x0000004112b00000,0x0000004112c00000) (1024K)]
  0x0000018355c65f10 JavaThread "C2 CompilerThread0"         daemon [_thread_blocked, id=40644, stack(0x0000004112c00000,0x0000004112d00000) (1024K)]
  0x000001839b020090 JavaThread "C1 CompilerThread0"         daemon [_thread_blocked, id=7560, stack(0x0000004112d00000,0x0000004112e00000) (1024K)]
  0x000001839b1b6e10 JavaThread "Common-Cleaner"             daemon [_thread_blocked, id=7940, stack(0x0000004112e00000,0x0000004112f00000) (1024K)]
  0x000001839b32e3a0 JavaThread "Monitor Ctrl-Break"         daemon [_thread_in_native, id=34696, stack(0x0000004113000000,0x0000004113100000) (1024K)]
  0x000001839b2d0160 JavaThread "Notification Thread"        daemon [_thread_blocked, id=27024, stack(0x0000004113100000,0x0000004113200000) (1024K)]
  0x000001839b4028d0 JavaThread "JavaFX-Launcher"                   [_thread_blocked, id=21304, stack(0x0000004113200000,0x0000004113300000) (1024K)]
  0x000001839b968ea0 JavaThread "RMI TCP Accept-0"           daemon [_thread_in_native, id=42788, stack(0x0000004113400000,0x0000004113500000) (1024K)]
  0x000001839b533e70 JavaThread "RMI TCP Connection(idle)"   daemon [_thread_blocked, id=33812, stack(0x0000004113500000,0x0000004113600000) (1024K)]
  0x000001839c2848b0 JavaThread "RMI Scheduler(0)"           daemon [_thread_blocked, id=37424, stack(0x0000004113600000,0x0000004113700000) (1024K)]
  0x000001839bb5b9a0 JavaThread "JMX server connection timeout 27" daemon [_thread_blocked, id=18356, stack(0x0000004113700000,0x0000004113800000) (1024K)]
  0x000001839c6a4ad0 JavaThread "InvokeLaterDispatcher"      daemon [_thread_blocked, id=7648, stack(0x0000004113300000,0x0000004113400000) (1024K)]
  0x000001839c6a2a00 JavaThread "JavaFX Application Thread"         [_thread_in_native, id=26472, stack(0x0000004114200000,0x0000004114300000) (1024K)]
  0x000001839c6a1650 JavaThread "Thread-2"                   daemon [_thread_in_native, id=32540, stack(0x0000004115200000,0x0000004115300000) (1024K)]
  0x000001839c6a3db0 JavaThread "mysql-cj-abandoned-connection-cleanup" daemon [_thread_blocked, id=7900, stack(0x0000004115600000,0x0000004115700000) (1024K)]
  0x000001839c6a2370 JavaThread "Hibernate Connection Pool Validation Thread" daemon [_thread_blocked, id=21288, stack(0x0000004115700000,0x0000004115800000) (1024K)]
  0x00000183a4706f10 JavaThread "Prism Font Disposer"        daemon [_thread_blocked, id=34624, stack(0x0000004115a00000,0x0000004115b00000) (1024K)]
  0x00000183a4708950 JavaThread "Cleaner-0"                  daemon [_thread_blocked, id=43208, stack(0x0000004112f00000,0x0000004113000000) (1024K)]
  0x00000183a4707c30 JavaThread "PrinterListener"            daemon [_thread_in_native, id=7216, stack(0x0000004115c00000,0x0000004115d00000) (1024K)]
  0x00000183a47082c0 JavaThread "RemotePrinterListener"      daemon [_thread_in_native, id=30340, stack(0x0000004115d00000,0x0000004115e00000) (1024K)]
  0x00000183a4705b60 JavaThread "Java2D Disposer"            daemon [_thread_blocked, id=12176, stack(0x0000004115e00000,0x0000004115f00000) (1024K)]
  0x00000183a47075a0 JavaThread "RMI TCP Connection(3)-192.168.212.93" daemon [_thread_blocked, id=36788, stack(0x0000004111b00000,0x0000004111c00000) (1024K)]
  0x00000183a47061f0 JavaThread "SIGINT handler"             daemon [_thread_blocked, id=38648, stack(0x0000004111d00000,0x0000004111e00000) (1024K)]
  0x00000183a470a390 JavaThread "AWT-Shutdown"                      [_thread_blocked, id=40284, stack(0x0000004116250000,0x0000004116350000) (1024K)]
Total: 30

Other Threads:
=>0x0000018355c20900 VMThread "VM Thread"                           [id=26872, stack(0x0000004112500000,0x0000004112600000) (1024K)]
  0x00000183367f1ca0 WorkerThread "GC Thread#0"                     [id=5748, stack(0x0000004111f00000,0x0000004112000000) (1024K)]
  0x000001839bb83500 WorkerThread "GC Thread#1"                     [id=32960, stack(0x0000004113800000,0x0000004113900000) (1024K)]
  0x000001839bb84140 WorkerThread "GC Thread#2"                     [id=35860, stack(0x0000004113900000,0x0000004113a00000) (1024K)]
  0x000001839c165ac0 WorkerThread "GC Thread#3"                     [id=41564, stack(0x0000004113a00000,0x0000004113b00000) (1024K)]
  0x000001839c16e4c0 WorkerThread "GC Thread#4"                     [id=26748, stack(0x0000004113b00000,0x0000004113c00000) (1024K)]
  0x000001839c1706a0 WorkerThread "GC Thread#5"                     [id=17952, stack(0x0000004113c00000,0x0000004113d00000) (1024K)]
  0x000001839c16fb90 WorkerThread "GC Thread#6"                     [id=21384, stack(0x0000004113d00000,0x0000004113e00000) (1024K)]
  0x000001839c16f430 WorkerThread "GC Thread#7"                     [id=24520, stack(0x0000004113e00000,0x0000004113f00000) (1024K)]
  0x000001839c16f7e0 WorkerThread "GC Thread#8"                     [id=32884, stack(0x0000004113f00000,0x0000004114000000) (1024K)]
  0x000001839c16ff40 WorkerThread "GC Thread#9"                     [id=43024, stack(0x0000004114000000,0x0000004114100000) (1024K)]
  0x0000018336803c70 ConcurrentGCThread "G1 Main Marker"            terminated
  0x0000018336804690 WorkerThread "G1 Conc#0"                       [id=39208, stack(0x0000004112100000,0x0000004112200000) (1024K)]
  0x00000183a20083b0 WorkerThread "G1 Conc#1"                       [id=34952, stack(0x0000004115400000,0x0000004115500000) (1024K)]
  0x00000183a2008b10 WorkerThread "G1 Conc#2"                       [id=24020, stack(0x0000004115500000,0x0000004115600000) (1024K)]
  0x0000018355add9c0 ConcurrentGCThread "G1 Refine#0"               terminated
  0x0000018355adf300 ConcurrentGCThread "G1 Service"                terminated
Total: 17

Threads with active compile tasks:
Total: 0

VM state: at safepoint (shutting down)

VM Mutex/Monitor currently owned by a thread:  ([mutex/lock_event])
[0x00007ffbd21faf50] Threads_lock - owner thread: 0x0000018355c20900
[0x00007ffbd21fb050] Heap_lock - owner thread: 0x00000183a47061f0

Heap address: 0x0000000705c00000, size: 4004 MB, Compressed Oops mode: Zero based, Oop shift amount: 3

CDS archive(s) mapped at: [0x0000018356000000-0x0000018356c90000-0x0000018356c90000), size 13172736, SharedBaseAddress: 0x0000018356000000, ArchiveRelocationMode: 1.
Compressed class space mapped at: 0x0000018357000000-0x0000018397000000, reserved size: 1073741824
Narrow klass base: 0x0000018356000000, Narrow klass shift: 0, Narrow klass range: 0x100000000

GC Precious Log:
 CardTable entry size: 512
 Card Set container configuration: InlinePtr #cards 4 size 8 Array Of Cards #cards 16 size 48 Howl #buckets 8 coarsen threshold 3686 Howl Bitmap #cards 512 size 80 coarsen threshold 460 Card regions per heap region 1 cards per card region 4096
 CPUs: 12 total, 12 available
 Memory: 16013M
 Large Page Support: Disabled
 NUMA Support: Disabled
 Compressed Oops: Enabled (Zero based)
 Heap Region Size: 2M
 Heap Min Capacity: 8M
 Heap Initial Capacity: 252M
 Heap Max Capacity: 4004M
 Pre-touch: Disabled
 Parallel Workers: 10
 Concurrent Workers: 3
 Concurrent Refinement Workers: 10
 Periodic GC: Disabled

Heap:
 garbage-first heap   total 159744K, used 49557K [0x0000000705c00000, 0x0000000800000000)
  region size 2048K, 14 young (28672K), 1 survivors (2048K)
 Metaspace       used 64117K, committed 64768K, reserved 1114112K
  class space    used 8663K, committed 8960K, reserved 1048576K

Heap Regions: E=young(eden), S=young(survivor), O=old, HS=humongous(starts), HC=humongous(continues), CS=collection set, F=free, TAMS=top-at-mark-start, PB=parsable bottom
|   0|0x0000000705c00000, 0x0000000705e00000, 0x0000000705e00000|100%| O|  |TAMS 0x0000000705c00000| PB 0x0000000705c00000| Untracked 
|   1|0x0000000705e00000, 0x0000000706000000, 0x0000000706000000|100%|HS|  |TAMS 0x0000000705e00000| PB 0x0000000705e00000| Complete 
|   2|0x0000000706000000, 0x0000000706200000, 0x0000000706200000|100%| O|  |TAMS 0x0000000706000000| PB 0x0000000706000000| Untracked 
|   3|0x0000000706200000, 0x0000000706400000, 0x0000000706400000|100%| O|  |TAMS 0x0000000706200000| PB 0x0000000706200000| Untracked 
|   4|0x0000000706400000, 0x0000000706600000, 0x0000000706600000|100%| O|  |TAMS 0x0000000706400000| PB 0x0000000706400000| Untracked 
|   5|0x0000000706600000, 0x0000000706800000, 0x0000000706800000|100%| O|  |TAMS 0x0000000706600000| PB 0x0000000706600000| Untracked 
|   6|0x0000000706800000, 0x0000000706a00000, 0x0000000706a00000|100%| O|  |TAMS 0x0000000706800000| PB 0x0000000706800000| Untracked 
|   7|0x0000000706a00000, 0x0000000706c00000, 0x0000000706c00000|100%| O|  |TAMS 0x0000000706a00000| PB 0x0000000706a00000| Untracked 
|   8|0x0000000706c00000, 0x0000000706e00000, 0x0000000706e00000|100%| O|  |TAMS 0x0000000706c00000| PB 0x0000000706c00000| Untracked 
|   9|0x0000000706e00000, 0x0000000706e00000, 0x0000000707000000|  0%| F|  |TAMS 0x0000000706e00000| PB 0x0000000706e00000| Untracked 
|  10|0x0000000707000000, 0x0000000707200000, 0x0000000707200000|100%| O|  |TAMS 0x0000000707000000| PB 0x0000000707000000| Untracked 
|  11|0x0000000707200000, 0x000000070734a588, 0x0000000707400000| 64%| O|  |TAMS 0x0000000707200000| PB 0x0000000707200000| Untracked 
|  12|0x0000000707400000, 0x0000000707400000, 0x0000000707600000|  0%| F|  |TAMS 0x0000000707400000| PB 0x0000000707400000| Untracked 
|  13|0x0000000707600000, 0x0000000707600000, 0x0000000707800000|  0%| F|  |TAMS 0x0000000707600000| PB 0x0000000707600000| Untracked 
|  14|0x0000000707800000, 0x000000070791ae80, 0x0000000707a00000| 55%| S|CS|TAMS 0x0000000707800000| PB 0x0000000707800000| Complete 
|  15|0x0000000707a00000, 0x0000000707a00000, 0x0000000707c00000|  0%| F|  |TAMS 0x0000000707a00000| PB 0x0000000707a00000| Untracked 
|  16|0x0000000707c00000, 0x0000000707c00000, 0x0000000707e00000|  0%| F|  |TAMS 0x0000000707c00000| PB 0x0000000707c00000| Untracked 
|  17|0x0000000707e00000, 0x0000000707e00000, 0x0000000708000000|  0%| F|  |TAMS 0x0000000707e00000| PB 0x0000000707e00000| Untracked 
|  18|0x0000000708000000, 0x0000000708000000, 0x0000000708200000|  0%| F|  |TAMS 0x0000000708000000| PB 0x0000000708000000| Untracked 
|  19|0x0000000708200000, 0x0000000708200000, 0x0000000708400000|  0%| F|  |TAMS 0x0000000708200000| PB 0x0000000708200000| Untracked 
|  20|0x0000000708400000, 0x0000000708400000, 0x0000000708600000|  0%| F|  |TAMS 0x0000000708400000| PB 0x0000000708400000| Untracked 
|  21|0x0000000708600000, 0x0000000708600000, 0x0000000708800000|  0%| F|  |TAMS 0x0000000708600000| PB 0x0000000708600000| Untracked 
|  22|0x0000000708800000, 0x0000000708800000, 0x0000000708a00000|  0%| F|  |TAMS 0x0000000708800000| PB 0x0000000708800000| Untracked 
|  23|0x0000000708a00000, 0x0000000708a00000, 0x0000000708c00000|  0%| F|  |TAMS 0x0000000708a00000| PB 0x0000000708a00000| Untracked 
|  24|0x0000000708c00000, 0x0000000708c00000, 0x0000000708e00000|  0%| F|  |TAMS 0x0000000708c00000| PB 0x0000000708c00000| Untracked 
|  25|0x0000000708e00000, 0x0000000708e00000, 0x0000000709000000|  0%| F|  |TAMS 0x0000000708e00000| PB 0x0000000708e00000| Untracked 
|  26|0x0000000709000000, 0x0000000709000000, 0x0000000709200000|  0%| F|  |TAMS 0x0000000709000000| PB 0x0000000709000000| Untracked 
|  27|0x0000000709200000, 0x0000000709200000, 0x0000000709400000|  0%| F|  |TAMS 0x0000000709200000| PB 0x0000000709200000| Untracked 
|  28|0x0000000709400000, 0x0000000709400000, 0x0000000709600000|  0%| F|  |TAMS 0x0000000709400000| PB 0x0000000709400000| Untracked 
|  29|0x0000000709600000, 0x0000000709600000, 0x0000000709800000|  0%| F|  |TAMS 0x0000000709600000| PB 0x0000000709600000| Untracked 
|  30|0x0000000709800000, 0x0000000709800000, 0x0000000709a00000|  0%| F|  |TAMS 0x0000000709800000| PB 0x0000000709800000| Untracked 
|  31|0x0000000709a00000, 0x0000000709a00000, 0x0000000709c00000|  0%| F|  |TAMS 0x0000000709a00000| PB 0x0000000709a00000| Untracked 
|  32|0x0000000709c00000, 0x0000000709c00000, 0x0000000709e00000|  0%| F|  |TAMS 0x0000000709c00000| PB 0x0000000709c00000| Untracked 
|  33|0x0000000709e00000, 0x0000000709e00000, 0x000000070a000000|  0%| F|  |TAMS 0x0000000709e00000| PB 0x0000000709e00000| Untracked 
|  34|0x000000070a000000, 0x000000070a000000, 0x000000070a200000|  0%| F|  |TAMS 0x000000070a000000| PB 0x000000070a000000| Untracked 
|  35|0x000000070a200000, 0x000000070a200000, 0x000000070a400000|  0%| F|  |TAMS 0x000000070a200000| PB 0x000000070a200000| Untracked 
|  36|0x000000070a400000, 0x000000070a400000, 0x000000070a600000|  0%| F|  |TAMS 0x000000070a400000| PB 0x000000070a400000| Untracked 
|  37|0x000000070a600000, 0x000000070a600000, 0x000000070a800000|  0%| F|  |TAMS 0x000000070a600000| PB 0x000000070a600000| Untracked 
|  38|0x000000070a800000, 0x000000070a800000, 0x000000070aa00000|  0%| F|  |TAMS 0x000000070a800000| PB 0x000000070a800000| Untracked 
|  39|0x000000070aa00000, 0x000000070aa00000, 0x000000070ac00000|  0%| F|  |TAMS 0x000000070aa00000| PB 0x000000070aa00000| Untracked 
|  40|0x000000070ac00000, 0x000000070ac00000, 0x000000070ae00000|  0%| F|  |TAMS 0x000000070ac00000| PB 0x000000070ac00000| Untracked 
|  41|0x000000070ae00000, 0x000000070ae00000, 0x000000070b000000|  0%| F|  |TAMS 0x000000070ae00000| PB 0x000000070ae00000| Untracked 
|  42|0x000000070b000000, 0x000000070b000000, 0x000000070b200000|  0%| F|  |TAMS 0x000000070b000000| PB 0x000000070b000000| Untracked 
|  43|0x000000070b200000, 0x000000070b200000, 0x000000070b400000|  0%| F|  |TAMS 0x000000070b200000| PB 0x000000070b200000| Untracked 
|  44|0x000000070b400000, 0x000000070b400000, 0x000000070b600000|  0%| F|  |TAMS 0x000000070b400000| PB 0x000000070b400000| Untracked 
|  45|0x000000070b600000, 0x000000070b600000, 0x000000070b800000|  0%| F|  |TAMS 0x000000070b600000| PB 0x000000070b600000| Untracked 
|  46|0x000000070b800000, 0x000000070b800000, 0x000000070ba00000|  0%| F|  |TAMS 0x000000070b800000| PB 0x000000070b800000| Untracked 
|  47|0x000000070ba00000, 0x000000070ba00000, 0x000000070bc00000|  0%| F|  |TAMS 0x000000070ba00000| PB 0x000000070ba00000| Untracked 
|  48|0x000000070bc00000, 0x000000070bc00000, 0x000000070be00000|  0%| F|  |TAMS 0x000000070bc00000| PB 0x000000070bc00000| Untracked 
|  49|0x000000070be00000, 0x000000070be00000, 0x000000070c000000|  0%| F|  |TAMS 0x000000070be00000| PB 0x000000070be00000| Untracked 
|  50|0x000000070c000000, 0x000000070c000000, 0x000000070c200000|  0%| F|  |TAMS 0x000000070c000000| PB 0x000000070c000000| Untracked 
|  51|0x000000070c200000, 0x000000070c200000, 0x000000070c400000|  0%| F|  |TAMS 0x000000070c200000| PB 0x000000070c200000| Untracked 
|  52|0x000000070c400000, 0x000000070c400000, 0x000000070c600000|  0%| F|  |TAMS 0x000000070c400000| PB 0x000000070c400000| Untracked 
|  53|0x000000070c600000, 0x000000070c600000, 0x000000070c800000|  0%| F|  |TAMS 0x000000070c600000| PB 0x000000070c600000| Untracked 
|  54|0x000000070c800000, 0x000000070c800000, 0x000000070ca00000|  0%| F|  |TAMS 0x000000070c800000| PB 0x000000070c800000| Untracked 
|  55|0x000000070ca00000, 0x000000070ca00000, 0x000000070cc00000|  0%| F|  |TAMS 0x000000070ca00000| PB 0x000000070ca00000| Untracked 
|  56|0x000000070cc00000, 0x000000070cc00000, 0x000000070ce00000|  0%| F|  |TAMS 0x000000070cc00000| PB 0x000000070cc00000| Untracked 
|  57|0x000000070ce00000, 0x000000070ce00000, 0x000000070d000000|  0%| F|  |TAMS 0x000000070ce00000| PB 0x000000070ce00000| Untracked 
|  58|0x000000070d000000, 0x000000070d000000, 0x000000070d200000|  0%| F|  |TAMS 0x000000070d000000| PB 0x000000070d000000| Untracked 
|  59|0x000000070d200000, 0x000000070d200000, 0x000000070d400000|  0%| F|  |TAMS 0x000000070d200000| PB 0x000000070d200000| Untracked 
|  60|0x000000070d400000, 0x000000070d400000, 0x000000070d600000|  0%| F|  |TAMS 0x000000070d400000| PB 0x000000070d400000| Untracked 
|  61|0x000000070d600000, 0x000000070d600000, 0x000000070d800000|  0%| F|  |TAMS 0x000000070d600000| PB 0x000000070d600000| Untracked 
|  62|0x000000070d800000, 0x000000070d800000, 0x000000070da00000|  0%| F|  |TAMS 0x000000070d800000| PB 0x000000070d800000| Untracked 
|  63|0x000000070da00000, 0x000000070da33368, 0x000000070dc00000| 10%| E|  |TAMS 0x000000070da00000| PB 0x000000070da00000| Complete 
|  64|0x000000070dc00000, 0x000000070de00000, 0x000000070de00000|100%| E|CS|TAMS 0x000000070dc00000| PB 0x000000070dc00000| Complete 
|  65|0x000000070de00000, 0x000000070e000000, 0x000000070e000000|100%| E|CS|TAMS 0x000000070de00000| PB 0x000000070de00000| Complete 
|  66|0x000000070e000000, 0x000000070e200000, 0x000000070e200000|100%| E|  |TAMS 0x000000070e000000| PB 0x000000070e000000| Complete 
|  67|0x000000070e200000, 0x000000070e400000, 0x000000070e400000|100%| E|CS|TAMS 0x000000070e200000| PB 0x000000070e200000| Complete 
|  68|0x000000070e400000, 0x000000070e600000, 0x000000070e600000|100%| E|CS|TAMS 0x000000070e400000| PB 0x000000070e400000| Complete 
|  69|0x000000070e600000, 0x000000070e800000, 0x000000070e800000|100%| E|CS|TAMS 0x000000070e600000| PB 0x000000070e600000| Complete 
|  70|0x000000070e800000, 0x000000070ea00000, 0x000000070ea00000|100%| E|CS|TAMS 0x000000070e800000| PB 0x000000070e800000| Complete 
|  71|0x000000070ea00000, 0x000000070ec00000, 0x000000070ec00000|100%| E|CS|TAMS 0x000000070ea00000| PB 0x000000070ea00000| Complete 
| 119|0x0000000714a00000, 0x0000000714c00000, 0x0000000714c00000|100%| E|CS|TAMS 0x0000000714a00000| PB 0x0000000714a00000| Complete 
| 120|0x0000000714c00000, 0x0000000714e00000, 0x0000000714e00000|100%| E|CS|TAMS 0x0000000714c00000| PB 0x0000000714c00000| Complete 
| 121|0x0000000714e00000, 0x0000000715000000, 0x0000000715000000|100%| E|CS|TAMS 0x0000000714e00000| PB 0x0000000714e00000| Complete 
| 125|0x0000000715600000, 0x0000000715800000, 0x0000000715800000|100%| E|CS|TAMS 0x0000000715600000| PB 0x0000000715600000| Complete 
|2000|0x00000007ffc00000, 0x00000007ffe00000, 0x00000007ffe00000|100%| O|  |TAMS 0x00000007ffc00000| PB 0x00000007ffc00000| Untracked 
|2001|0x00000007ffe00000, 0x0000000800000000, 0x0000000800000000|100%| O|  |TAMS 0x00000007ffe00000| PB 0x00000007ffe00000| Untracked 

Card table byte_map: [0x000001834e970000,0x000001834f150000] _byte_map_base: 0x000001834b142000

Marking Bits: (CMBitMap*) 0x00000183367f2ad0
 Bits: [0x000001834f150000, 0x0000018352fe0000)

Polling page: 0x00000183346a0000

Metaspace:

Usage:
  Non-class:     54.15 MB used.
      Class:      8.46 MB used.
       Both:     62.61 MB used.

Virtual space:
  Non-class space:       64.00 MB reserved,      54.50 MB ( 85%) committed,  1 nodes.
      Class space:        1.00 GB reserved,       8.75 MB ( <1%) committed,  1 nodes.
             Both:        1.06 GB reserved,      63.25 MB (  6%) committed. 

Chunk freelists:
   Non-Class:  9.53 MB
       Class:  7.12 MB
        Both:  16.65 MB

MaxMetaspaceSize: unlimited
CompressedClassSpaceSize: 1.00 GB
Initial GC threshold: 21.00 MB
Current GC threshold: 99.62 MB
CDS: on
 - commit_granule_bytes: 65536.
 - commit_granule_words: 8192.
 - virtual_space_node_default_size: 8388608.
 - enlarge_chunks_in_place: 1.
 - use_allocation_guard: 0.


Internal statistics:

num_allocs_failed_limit: 12.
num_arena_births: 818.
num_arena_deaths: 0.
num_vsnodes_births: 2.
num_vsnodes_deaths: 0.
num_space_committed: 1012.
num_space_uncommitted: 0.
num_chunks_returned_to_freelist: 12.
num_chunks_taken_from_freelist: 2710.
num_chunk_merges: 12.
num_chunk_splits: 1942.
num_chunks_enlarged: 1446.
num_inconsistent_stats: 0.

CodeHeap 'non-profiled nmethods': size=120000Kb used=4745Kb max_used=4745Kb free=115254Kb
 bounds [0x0000018346710000, 0x0000018346bc0000, 0x000001834dc40000]
CodeHeap 'profiled nmethods': size=120000Kb used=16280Kb max_used=16280Kb free=103719Kb
 bounds [0x000001833ec40000, 0x000001833fc30000, 0x0000018346170000]
CodeHeap 'non-nmethods': size=5760Kb used=2172Kb max_used=2230Kb free=3587Kb
 bounds [0x0000018346170000, 0x00000183463e0000, 0x0000018346710000]
 total_blobs=8751 nmethods=7655 adapters=999
 compilation: enabled
              stopped_count=0, restarted_count=0
 full_count=0

Compilation events (20 events):
Event: 304.021 Thread 0x000001839b020090 8156   !   3       java.io.ObjectOutputStream::defaultWriteFields (288 bytes)
Event: 304.023 Thread 0x000001839b020090 nmethod 8156 0x000001833fc22b90 code [0x000001833fc22e40, 0x000001833fc23bc8]
Event: 308.315 Thread 0x0000018355c65f10 8157       4       java.lang.Long::valueOf (40 bytes)
Event: 308.317 Thread 0x0000018355c65f10 nmethod 8157 0x0000018346baf890 code [0x0000018346bafa20, 0x0000018346bafb38]
Event: 310.926 Thread 0x0000018355c65f10 8158       4       com.sun.javafx.tk.quantum.QuantumToolkit::postPulse (133 bytes)
Event: 310.961 Thread 0x0000018355c65f10 nmethod 8158 0x0000018346bafc10 code [0x0000018346bafee0, 0x0000018346bb1660]
Event: 315.620 Thread 0x000001839b020090 8159       3       java.lang.Thread::onSpinWait (1 bytes)
Event: 315.620 Thread 0x000001839b020090 nmethod 8159 0x000001833fc24290 code [0x000001833fc24420, 0x000001833fc24508]
Event: 317.059 Thread 0x000001839b020090 8160       3       jdk.internal.loader.URLClassPath::findResource (38 bytes)
Event: 317.059 Thread 0x000001839b020090 nmethod 8160 0x000001833fc24590 code [0x000001833fc24760, 0x000001833fc24aa8]
Event: 318.036 Thread 0x0000018355c65f10 8161       4       java.io.ObjectStreamClass::getSerialVersionUID (42 bytes)
Event: 318.037 Thread 0x0000018355c65f10 nmethod 8161 0x0000018346bb2090 code [0x0000018346bb2220, 0x0000018346bb22e8]
Event: 320.192 Thread 0x0000018355c65f10 8162       4       java.nio.MappedByteBuffer::rewind (5 bytes)
Event: 320.193 Thread 0x0000018355c65f10 nmethod 8162 0x0000018346bb2390 code [0x0000018346bb2520, 0x0000018346bb25b8]
Event: 328.433 Thread 0x000001839b020090 8163       3       java.util.logging.Logger::getHandlers (5 bytes)
Event: 328.433 Thread 0x000001839b020090 nmethod 8163 0x000001833fc24c10 code [0x000001833fc24dc0, 0x000001833fc24f88]
Event: 328.433 Thread 0x000001839b020090 8164       3       java.util.logging.Logger::accessCheckedHandlers (17 bytes)
Event: 328.434 Thread 0x000001839b020090 nmethod 8164 0x000001833fc25010 code [0x000001833fc251c0, 0x000001833fc25498]
Event: 328.434 Thread 0x000001839b020090 8165   !   3       java.util.logging.Logger::setLevel (33 bytes)
Event: 328.435 Thread 0x000001839b020090 nmethod 8165 0x000001833fc25590 code [0x000001833fc257a0, 0x000001833fc25dd0]

GC Heap History (20 events):
Event: 1.658 GC heap before
{Heap before GC invocations=1 (full 0):
 garbage-first heap   total 258048K, used 32190K [0x0000000705c00000, 0x0000000800000000)
  region size 2048K, 16 young (32768K), 2 survivors (4096K)
 Metaspace       used 17682K, committed 18048K, reserved 1114112K
  class space    used 2211K, committed 2368K, reserved 1048576K
}
Event: 1.664 GC heap after
{Heap after GC invocations=2 (full 0):
 garbage-first heap   total 258048K, used 10498K [0x0000000705c00000, 0x0000000800000000)
  region size 2048K, 2 young (4096K), 2 survivors (4096K)
 Metaspace       used 17682K, committed 18048K, reserved 1114112K
  class space    used 2211K, committed 2368K, reserved 1048576K
}
Event: 1.879 GC heap before
{Heap before GC invocations=2 (full 0):
 garbage-first heap   total 258048K, used 16642K [0x0000000705c00000, 0x0000000800000000)
  region size 2048K, 6 young (12288K), 2 survivors (4096K)
 Metaspace       used 21114K, committed 21504K, reserved 1114112K
  class space    used 2632K, committed 2816K, reserved 1048576K
}
Event: 1.883 GC heap after
{Heap after GC invocations=3 (full 0):
 garbage-first heap   total 258048K, used 11292K [0x0000000705c00000, 0x0000000800000000)
  region size 2048K, 3 young (6144K), 3 survivors (6144K)
 Metaspace       used 21114K, committed 21504K, reserved 1114112K
  class space    used 2632K, committed 2816K, reserved 1048576K
}
Event: 2.710 GC heap before
{Heap before GC invocations=4 (full 0):
 garbage-first heap   total 55296K, used 37916K [0x0000000705c00000, 0x0000000800000000)
  region size 2048K, 16 young (32768K), 3 survivors (6144K)
 Metaspace       used 32290K, committed 32704K, reserved 1114112K
  class space    used 4032K, committed 4224K, reserved 1048576K
}
Event: 2.718 GC heap after
{Heap after GC invocations=5 (full 0):
 garbage-first heap   total 55296K, used 14605K [0x0000000705c00000, 0x0000000800000000)
  region size 2048K, 2 young (4096K), 2 survivors (4096K)
 Metaspace       used 32290K, committed 32704K, reserved 1114112K
  class space    used 4032K, committed 4224K, reserved 1048576K
}
Event: 2.990 GC heap before
{Heap before GC invocations=5 (full 0):
 garbage-first heap   total 55296K, used 24845K [0x0000000705c00000, 0x0000000800000000)
  region size 2048K, 8 young (16384K), 2 survivors (4096K)
 Metaspace       used 35634K, committed 36096K, reserved 1114112K
  class space    used 4503K, committed 4736K, reserved 1048576K
}
Event: 2.994 GC heap after
{Heap after GC invocations=6 (full 0):
 garbage-first heap   total 55296K, used 15500K [0x0000000705c00000, 0x0000000800000000)
  region size 2048K, 1 young (2048K), 1 survivors (2048K)
 Metaspace       used 35634K, committed 36096K, reserved 1114112K
  class space    used 4503K, committed 4736K, reserved 1048576K
}
Event: 3.019 GC heap before
{Heap before GC invocations=6 (full 0):
 garbage-first heap   total 55296K, used 15500K [0x0000000705c00000, 0x0000000800000000)
  region size 2048K, 2 young (4096K), 1 survivors (2048K)
 Metaspace       used 35981K, committed 36416K, reserved 1114112K
  class space    used 4552K, committed 4736K, reserved 1048576K
}
Event: 3.020 GC heap after
{Heap after GC invocations=7 (full 0):
 garbage-first heap   total 55296K, used 15244K [0x0000000705c00000, 0x0000000800000000)
  region size 2048K, 1 young (2048K), 1 survivors (2048K)
 Metaspace       used 35981K, committed 36416K, reserved 1114112K
  class space    used 4552K, committed 4736K, reserved 1048576K
}
Event: 3.649 GC heap before
{Heap before GC invocations=8 (full 0):
 garbage-first heap   total 55296K, used 41868K [0x0000000705c00000, 0x0000000800000000)
  region size 2048K, 14 young (28672K), 1 survivors (2048K)
 Metaspace       used 43590K, committed 44160K, reserved 1114112K
  class space    used 5766K, committed 6016K, reserved 1048576K
}
Event: 3.651 GC heap after
{Heap after GC invocations=9 (full 0):
 garbage-first heap   total 55296K, used 16242K [0x0000000705c00000, 0x0000000800000000)
  region size 2048K, 1 young (2048K), 1 survivors (2048K)
 Metaspace       used 43590K, committed 44160K, reserved 1114112K
  class space    used 5766K, committed 6016K, reserved 1048576K
}
Event: 4.476 GC heap before
{Heap before GC invocations=9 (full 0):
 garbage-first heap   total 55296K, used 44914K [0x0000000705c00000, 0x0000000800000000)
  region size 2048K, 15 young (30720K), 1 survivors (2048K)
 Metaspace       used 52798K, committed 53312K, reserved 1114112K
  class space    used 7165K, committed 7360K, reserved 1048576K
}
Event: 4.481 GC heap after
{Heap after GC invocations=10 (full 0):
 garbage-first heap   total 55296K, used 17825K [0x0000000705c00000, 0x0000000800000000)
  region size 2048K, 2 young (4096K), 2 survivors (4096K)
 Metaspace       used 52798K, committed 53312K, reserved 1114112K
  class space    used 7165K, committed 7360K, reserved 1048576K
}
Event: 15.445 GC heap before
{Heap before GC invocations=10 (full 0):
 garbage-first heap   total 55296K, used 48545K [0x0000000705c00000, 0x0000000800000000)
  region size 2048K, 16 young (32768K), 2 survivors (4096K)
 Metaspace       used 59492K, committed 60096K, reserved 1114112K
  class space    used 8232K, committed 8512K, reserved 1048576K
}
Event: 15.451 GC heap after
{Heap after GC invocations=11 (full 0):
 garbage-first heap   total 59392K, used 25217K [0x0000000705c00000, 0x0000000800000000)
  region size 2048K, 2 young (4096K), 2 survivors (4096K)
 Metaspace       used 59492K, committed 60096K, reserved 1114112K
  class space    used 8232K, committed 8512K, reserved 1048576K
}
Event: 15.506 GC heap before
{Heap before GC invocations=11 (full 0):
 garbage-first heap   total 59392K, used 25217K [0x0000000705c00000, 0x0000000800000000)
  region size 2048K, 3 young (6144K), 2 survivors (4096K)
 Metaspace       used 60357K, committed 60928K, reserved 1114112K
  class space    used 8329K, committed 8576K, reserved 1048576K
}
Event: 15.509 GC heap after
{Heap after GC invocations=12 (full 0):
 garbage-first heap   total 59392K, used 26462K [0x0000000705c00000, 0x0000000800000000)
  region size 2048K, 1 young (2048K), 1 survivors (2048K)
 Metaspace       used 60357K, committed 60928K, reserved 1114112K
  class space    used 8329K, committed 8576K, reserved 1048576K
}
Event: 194.796 GC heap before
{Heap before GC invocations=13 (full 0):
 garbage-first heap   total 59392K, used 48990K [0x0000000705c00000, 0x0000000800000000)
  region size 2048K, 12 young (24576K), 1 survivors (2048K)
 Metaspace       used 63400K, committed 64000K, reserved 1114112K
  class space    used 8590K, committed 8832K, reserved 1048576K
}
Event: 194.800 GC heap after
{Heap after GC invocations=14 (full 0):
 garbage-first heap   total 159744K, used 27029K [0x0000000705c00000, 0x0000000800000000)
  region size 2048K, 1 young (2048K), 1 survivors (2048K)
 Metaspace       used 63400K, committed 64000K, reserved 1114112K
  class space    used 8590K, committed 8832K, reserved 1048576K
}

Dll operation events (20 events):
Event: 0.581 Loaded shared library C:\Users\oc_vh\.openjfx\cache\21.0.2+5\amd64\api-ms-win-crt-runtime-l1-1-0.dll
Event: 0.587 Loaded shared library C:\Users\oc_vh\.openjfx\cache\21.0.2+5\amd64\api-ms-win-crt-stdio-l1-1-0.dll
Event: 0.593 Loaded shared library C:\Users\oc_vh\.openjfx\cache\21.0.2+5\amd64\api-ms-win-crt-string-l1-1-0.dll
Event: 0.598 Loaded shared library C:\Users\oc_vh\.openjfx\cache\21.0.2+5\amd64\api-ms-win-crt-time-l1-1-0.dll
Event: 0.602 Loaded shared library C:\Users\oc_vh\.openjfx\cache\21.0.2+5\amd64\api-ms-win-crt-utility-l1-1-0.dll
Event: 0.617 Loaded shared library C:\Users\oc_vh\.openjfx\cache\21.0.2+5\amd64\ucrtbase.dll
Event: 0.622 Loaded shared library C:\Users\oc_vh\.openjfx\cache\21.0.2+5\amd64\vcruntime140.dll
Event: 0.626 Loaded shared library C:\Users\oc_vh\.openjfx\cache\21.0.2+5\amd64\vcruntime140_1.dll
Event: 0.635 Loaded shared library C:\Users\oc_vh\.openjfx\cache\21.0.2+5\amd64\msvcp140.dll
Event: 0.640 Loaded shared library C:\Users\oc_vh\.openjfx\cache\21.0.2+5\amd64\msvcp140_1.dll
Event: 0.647 Loaded shared library C:\Users\oc_vh\.openjfx\cache\21.0.2+5\amd64\msvcp140_2.dll
Event: 0.701 Loaded shared library C:\Users\oc_vh\.openjfx\cache\21.0.2+5\amd64\prism_d3d.dll
Event: 0.822 Loaded shared library C:\Users\oc_vh\.openjfx\cache\21.0.2+5\amd64\glass.dll
Event: 1.128 Loaded shared library C:\Users\oc_vh\.openjfx\cache\21.0.2+5\amd64\javafx_font.dll
Event: 2.147 Loaded shared library C:\Program Files\Java\jdk-21.0.11\bin\sunmscapi.dll
Event: 2.828 Loaded shared library C:\Program Files\Java\jdk-21.0.11\bin\verify.dll
Event: 15.430 Loaded shared library C:\Program Files\Java\jdk-21.0.11\bin\awt.dll
Event: 15.476 Loaded shared library C:\Users\oc_vh\.openjfx\cache\21.0.2+5\amd64\prism_common.dll
Event: 15.577 Loaded shared library C:\Program Files\Java\jdk-21.0.11\bin\freetype.dll
Event: 15.582 Loaded shared library C:\Program Files\Java\jdk-21.0.11\bin\fontmanager.dll

Deoptimization events (20 events):
Event: 277.656 Thread 0x000001839c6a2a00 Uncommon trap: trap_request=0xffffffde fr.pc=0x0000018346a6bd44 relative=0x00000000000000e4
Event: 277.656 Thread 0x000001839c6a2a00 Uncommon trap: reason=class_check action=maybe_recompile pc=0x0000018346a6bd44 method=com.sun.marlin.Stroker.emitLineTo(DD)V @ 6 c2
Event: 277.656 Thread 0x000001839c6a2a00 DEOPT PACKING pc=0x0000018346a6bd44 sp=0x00000041142f8c30
Event: 277.656 Thread 0x000001839c6a2a00 DEOPT UNPACKING pc=0x00000183461c46a2 sp=0x00000041142f8b88 mode 2
Event: 277.656 Thread 0x000001839c6a2a00 Uncommon trap: trap_request=0xffffffde fr.pc=0x0000018346a6bd44 relative=0x00000000000000e4
Event: 277.656 Thread 0x000001839c6a2a00 Uncommon trap: reason=class_check action=maybe_recompile pc=0x0000018346a6bd44 method=com.sun.marlin.Stroker.emitLineTo(DD)V @ 6 c2
Event: 277.656 Thread 0x000001839c6a2a00 DEOPT PACKING pc=0x0000018346a6bd44 sp=0x00000041142f8c30
Event: 277.656 Thread 0x000001839c6a2a00 DEOPT UNPACKING pc=0x00000183461c46a2 sp=0x00000041142f8b88 mode 2
Event: 300.597 Thread 0x00000183a47075a0 Uncommon trap: trap_request=0xffffff45 fr.pc=0x0000018346ab0d54 relative=0x0000000000002e74
Event: 300.597 Thread 0x00000183a47075a0 Uncommon trap: reason=unstable_if action=reinterpret pc=0x0000018346ab0d54 method=java.io.ObjectStreamField.isPrimitive()Z @ 14 c2
Event: 300.597 Thread 0x00000183a47075a0 DEOPT PACKING pc=0x0000018346ab0d54 sp=0x0000004111bfe250
Event: 300.597 Thread 0x00000183a47075a0 DEOPT UNPACKING pc=0x00000183461c46a2 sp=0x0000004111bfe0f8 mode 2
Event: 300.597 Thread 0x00000183a47075a0 Uncommon trap: trap_request=0xffffff45 fr.pc=0x0000018346a9b9c8 relative=0x0000000000001568
Event: 300.597 Thread 0x00000183a47075a0 Uncommon trap: reason=unstable_if action=reinterpret pc=0x0000018346a9b9c8 method=java.io.ObjectStreamClass$FieldReflector.getObjFieldValues(Ljava/lang/Object;[Ljava/lang/Object;)V @ 39 c2
Event: 300.597 Thread 0x00000183a47075a0 DEOPT PACKING pc=0x0000018346a9b9c8 sp=0x0000004111bfe260
Event: 300.597 Thread 0x00000183a47075a0 DEOPT UNPACKING pc=0x00000183461c46a2 sp=0x0000004111bfe130 mode 2
Event: 300.597 Thread 0x00000183a47075a0 Uncommon trap: trap_request=0xffffff45 fr.pc=0x0000018346a7b148 relative=0x0000000000002868
Event: 300.597 Thread 0x00000183a47075a0 Uncommon trap: reason=unstable_if action=reinterpret pc=0x0000018346a7b148 method=java.io.ObjectOutputStream.writeObject0(Ljava/lang/Object;Z)V @ 459 c2
Event: 300.597 Thread 0x00000183a47075a0 DEOPT PACKING pc=0x0000018346a7b148 sp=0x0000004111bfe190
Event: 300.597 Thread 0x00000183a47075a0 DEOPT UNPACKING pc=0x00000183461c46a2 sp=0x0000004111bfe178 mode 2

Classes loaded (20 events):
Event: 20.455 Loading class sun/awt/im/InputMethodAdapter done
Event: 20.455 Loading class sun/awt/windows/WInputMethod done
Event: 20.455 Loading class java/awt/Color
Event: 20.456 Loading class java/awt/Paint
Event: 20.456 Loading class java/awt/Paint done
Event: 20.456 Loading class java/awt/Color done
Event: 20.485 Loading class javax/print/attribute/standard/PrinterStateReasons
Event: 20.485 Loading class javax/print/attribute/standard/PrinterStateReasons done
Event: 21.727 Loading class java/util/IdentityHashMap$ValueIterator
Event: 21.729 Loading class java/util/IdentityHashMap$ValueIterator done
Event: 21.729 Loading class sun/awt/AppContext$PostShutdownEventRunnable
Event: 21.729 Loading class sun/awt/AppContext$PostShutdownEventRunnable done
Event: 21.729 Loading class sun/awt/AWTAutoShutdown$1
Event: 21.729 Loading class sun/awt/AWTAutoShutdown$1 done
Event: 38.855 Loading class java/awt/print/PrinterAbortException
Event: 38.855 Loading class java/awt/print/PrinterAbortException done
Event: 269.674 Loading class java/util/IdentityHashMap$EntryIterator$Entry
Event: 269.676 Loading class java/util/IdentityHashMap$EntryIterator$Entry done
Event: 328.428 Loading class jdk/internal/misc/Signal$1
Event: 328.428 Loading class jdk/internal/misc/Signal$1 done

Classes unloaded (0 events):
No events

Classes redefined (0 events):
No events

Internal exceptions (20 events):
Event: 4.961 Thread 0x000001839c6a2a00 Exception <a 'java/io/FileNotFoundException'{0x000000070843b700}> (0x000000070843b700) 
thrown [s\open\src\hotspot\share\prims\jni.cpp, line 520]
Event: 4.981 Thread 0x000001839c6a2a00 Exception <a 'java/lang/NoSuchMethodError'{0x0000000708474f80}: 'java.lang.Object java.lang.invoke.DirectMethodHandle$Holder.newInvokeSpecial(java.lang.Object, java.lang.Object, int)'> (0x0000000708474f80) 
thrown [s\open\src\hotspot\share\interpreter\linkResolver.cpp, line 773]
Event: 5.165 Thread 0x000001839c162a30 Exception <a 'java/lang/NoSuchMethodError'{0x00000007085bb948}: 'int java.lang.invoke.DirectMethodHandle$Holder.invokeStaticInit(java.lang.Object, java.lang.Object)'> (0x00000007085bb948) 
thrown [s\open\src\hotspot\share\interpreter\linkResolver.cpp, line 773]
Event: 5.366 Thread 0x000001839c162a30 Exception <a 'java/lang/NoSuchMethodError'{0x0000000708044038}: 'java.lang.Object java.lang.invoke.DirectMethodHandle$Holder.invokeStaticInit(java.lang.Object, int)'> (0x0000000708044038) 
thrown [s\open\src\hotspot\share\interpreter\linkResolver.cpp, line 773]
Event: 6.594 Thread 0x000001839c6a2a00 Exception <a 'java/lang/NoSuchMethodError'{0x0000000708589048}: 'long java.lang.invoke.DirectMethodHandle$Holder.invokeStatic(java.lang.Object, java.lang.Object, java.lang.Object)'> (0x0000000708589048) 
thrown [s\open\src\hotspot\share\interpreter\linkResolver.cpp, line 773]
Event: 6.595 Thread 0x000001839c6a2a00 Exception <a 'java/lang/NoSuchMethodError'{0x000000070858c428}: 'long java.lang.invoke.DirectMethodHandle$Holder.invokeStaticInit(java.lang.Object, java.lang.Object, java.lang.Object)'> (0x000000070858c428) 
thrown [s\open\src\hotspot\share\interpreter\linkResolver.cpp, line 773]
Event: 6.596 Thread 0x000001839c6a2a00 Exception <a 'java/lang/NoSuchMethodError'{0x00000007085a07c8}: 'java.lang.Object java.lang.invoke.DirectMethodHandle$Holder.newInvokeSpecial(java.lang.Object, java.lang.Object, long)'> (0x00000007085a07c8) 
thrown [s\open\src\hotspot\share\interpreter\linkResolver.cpp, line 773]
Event: 13.722 Thread 0x000001839c6a2a00 Exception <a 'java/lang/NoSuchMethodError'{0x0000000707a66fc8}: 'void java.lang.invoke.DirectMethodHandle$Holder.invokeSpecial(java.lang.Object, java.lang.Object, java.lang.Object, java.lang.Object, java.lang.Object, java.lang.Object, java.lang.Object, java.lang.Object, java.lang.Object)'> (0x0000000707a66fc8) 
thrown [s\open\src\hotspot\share\interpreter\linkResolver.cpp, line 773]
Event: 13.726 Thread 0x000001839c6a2a00 Exception <a 'java/lang/NoSuchMethodError'{0x0000000707a89188}: 'int java.lang.invoke.DirectMethodHandle$Holder.invokeStatic(java.lang.Object, java.lang.Object, int, int)'> (0x0000000707a89188) 
thrown [s\open\src\hotspot\share\interpreter\linkResolver.cpp, line 773]
Event: 13.757 Thread 0x000001839c6a2a00 Exception <a 'java/lang/NoSuchMethodError'{0x0000000707b4e3b8}: 'void java.lang.invoke.DirectMethodHandle$Holder.invokeInterface(java.lang.Object, java.lang.Object, java.lang.Object, java.lang.Object)'> (0x0000000707b4e3b8) 
thrown [s\open\src\hotspot\share\interpreter\linkResolver.cpp, line 773]
Event: 13.760 Thread 0x000001839c6a2a00 Exception <a 'java/lang/NoSuchMethodError'{0x0000000707b6c1d8}: 'void java.lang.invoke.DirectMethodHandle$Holder.invokeSpecialIFC(java.lang.Object, java.lang.Object, int, java.lang.Object, java.lang.Object, java.lang.Object, java.lang.Object)'> (0x0000000707b6c1d8) 
thrown [s\open\src\hotspot\share\interpreter\linkResolver.cpp, line 773]
Event: 13.769 Thread 0x000001839c6a2a00 Exception <a 'java/lang/NoSuchMethodError'{0x0000000707b91680}: 'double java.lang.invoke.Invokers$Holder.invokeExact_MT(java.lang.Object, java.lang.Object, java.lang.Object)'> (0x0000000707b91680) 
thrown [s\open\src\hotspot\share\interpreter\linkResolver.cpp, line 773]
Event: 13.782 Thread 0x000001839c6a2a00 Exception <a 'java/lang/NoSuchMethodError'{0x0000000707be9450}: 'java.lang.Object java.lang.invoke.DirectMethodHandle$Holder.invokeStatic(java.lang.Object, int, java.lang.Object)'> (0x0000000707be9450) 
thrown [s\open\src\hotspot\share\interpreter\linkResolver.cpp, line 773]
Event: 15.413 Thread 0x000001839c6a2a00 Exception <a 'java/lang/ClassNotFoundException'{0x00000007077d7bc0}: sun/awt/resources/spi/awtProvider> (0x00000007077d7bc0) 
thrown [s\open\src\hotspot\share\classfile\systemDictionary.cpp, line 313]
Event: 15.433 Thread 0x000001839c6a2a00 Exception <a 'java/io/FileNotFoundException'{0x00000007077db2c8}> (0x00000007077db2c8) 
thrown [s\open\src\hotspot\share\prims\jni.cpp, line 520]
Event: 15.433 Thread 0x000001839c6a2a00 Exception <a 'java/io/FileNotFoundException'{0x00000007077dd068}> (0x00000007077dd068) 
thrown [s\open\src\hotspot\share\prims\jni.cpp, line 520]
Event: 16.040 Thread 0x000001839c6a2a00 Exception <a 'java/lang/NoSuchMethodError'{0x000000071564f6e0}: 'java.lang.Object java.lang.invoke.DirectMethodHandle$Holder.newInvokeSpecial(java.lang.Object, long)'> (0x000000071564f6e0) 
thrown [s\open\src\hotspot\share\interpreter\linkResolver.cpp, line 773]
Event: 16.445 Thread 0x000001839c6a2a00 Exception <a 'java/lang/NoSuchMethodError'{0x00000007156e8cc8}: 'void java.lang.invoke.DirectMethodHandle$Holder.invokeStatic(java.lang.Object, java.lang.Object, int)'> (0x00000007156e8cc8) 
thrown [s\open\src\hotspot\share\interpreter\linkResolver.cpp, line 773]
Event: 172.095 Thread 0x000001839c6a2a00 Implicit null exception at 0x00000183467fcef7 to 0x00000183467fd160
Event: 188.760 Thread 0x000001839c6a2a00 Implicit null exception at 0x0000018346aa6182 to 0x0000018346aa91b0

ZGC Phase Switch (0 events):
No events

VM Operations (20 events):
Event: 269.638 Executing VM operation: HandshakeAllThreads (Deoptimize) done
Event: 269.668 Executing VM operation: HandshakeAllThreads (Deoptimize)
Event: 269.668 Executing VM operation: HandshakeAllThreads (Deoptimize) done
Event: 270.668 Executing VM operation: Cleanup
Event: 270.668 Executing VM operation: Cleanup done
Event: 277.671 Executing VM operation: Cleanup
Event: 277.671 Executing VM operation: Cleanup done
Event: 300.681 Executing VM operation: Cleanup
Event: 300.681 Executing VM operation: Cleanup done
Event: 300.734 Executing VM operation: HandshakeAllThreads (HandshakeForDeflation)
Event: 300.734 Executing VM operation: HandshakeAllThreads (HandshakeForDeflation) done
Event: 300.735 Executing VM operation: RendezvousGCThreads
Event: 300.735 Executing VM operation: RendezvousGCThreads done
Event: 301.735 Executing VM operation: Cleanup
Event: 301.735 Executing VM operation: Cleanup done
Event: 315.742 Executing VM operation: Cleanup
Event: 315.742 Executing VM operation: Cleanup done
Event: 321.745 Executing VM operation: Cleanup
Event: 321.745 Executing VM operation: Cleanup done
Event: 328.535 Executing VM operation: Exit

Events (20 events):
Event: 273.351 Thread 0x000001839ba1c440 Thread exited: 0x000001839ba1c440
Event: 279.059 Thread 0x00000183a4706880 Thread added: 0x00000183a4706880
Event: 279.060 Thread 0x00000183a47061f0 Thread added: 0x00000183a47061f0
Event: 279.061 Thread 0x00000183a470a390 Thread added: 0x00000183a470a390
Event: 279.062 Thread 0x00000183a470aa20 Thread added: 0x00000183a470aa20
Event: 281.824 Thread 0x00000183a470a390 Thread exited: 0x00000183a470a390
Event: 281.826 Thread 0x00000183a4706880 Thread exited: 0x00000183a4706880
Event: 283.084 Thread 0x00000183a47061f0 Thread exited: 0x00000183a47061f0
Event: 283.084 Thread 0x00000183a470aa20 Thread exited: 0x00000183a470aa20
Event: 300.594 Thread 0x00000183a47075a0 Thread added: 0x00000183a47075a0
Event: 328.429 Thread 0x00000183a47061f0 Thread added: 0x00000183a47061f0
Event: 328.430 Thread 0x00000183a4706880 Thread added: 0x00000183a4706880
Event: 328.431 Thread 0x00000183a470d180 Thread added: 0x00000183a470d180
Event: 328.431 Thread 0x00000183a470c460 Thread added: 0x00000183a470c460
Event: 328.432 Thread 0x00000183a470a390 Thread added: 0x00000183a470a390
Event: 328.433 Thread 0x00000183a470c460 Thread exited: 0x00000183a470c460
Event: 328.434 Thread 0x00000183a4706880 Thread exited: 0x00000183a4706880
Event: 328.455 Thread 0x00000183a4709670 Thread exited: 0x00000183a4709670
Event: 328.509 Thread 0x000001839c162a30 Thread exited: 0x000001839c162a30
Event: 328.534 Thread 0x00000183a470d180 Thread exited: 0x00000183a470d180


Dynamic libraries:
0x00007ff75cb90000 - 0x00007ff75cba0000 	C:\Program Files\Java\jdk-21.0.11\bin\java.exe
0x00007ffc84640000 - 0x00007ffc848a7000 	C:\windows\SYSTEM32\ntdll.dll
0x00007ffc83530000 - 0x00007ffc835f9000 	C:\windows\System32\KERNEL32.DLL
0x00007ffc81070000 - 0x00007ffc81467000 	C:\windows\System32\KERNELBASE.dll
0x00007ffc81ec0000 - 0x00007ffc8200b000 	C:\windows\System32\ucrtbase.dll
0x00007ffc6b570000 - 0x00007ffc6b589000 	C:\Program Files\Java\jdk-21.0.11\bin\jli.dll
0x00007ffc6b550000 - 0x00007ffc6b56e000 	C:\Program Files\Java\jdk-21.0.11\bin\VCRUNTIME140.dll
0x00007ffc84060000 - 0x00007ffc84116000 	C:\windows\System32\ADVAPI32.dll
0x00007ffc837a0000 - 0x00007ffc83849000 	C:\windows\System32\msvcrt.dll
0x00007ffc83480000 - 0x00007ffc83527000 	C:\windows\System32\sechost.dll
0x00007ffc83bb0000 - 0x00007ffc83cc8000 	C:\windows\System32\RPCRT4.dll
0x00007ffc83e90000 - 0x00007ffc84056000 	C:\windows\System32\USER32.dll
0x00007ffc82390000 - 0x00007ffc823b7000 	C:\windows\System32\win32u.dll
0x00007ffc83110000 - 0x00007ffc8313b000 	C:\windows\System32\GDI32.dll
0x00007ffc81520000 - 0x00007ffc8164c000 	C:\windows\System32\gdi32full.dll
0x00007ffc82190000 - 0x00007ffc82233000 	C:\windows\System32\msvcp_win.dll
0x00007ffc647b0000 - 0x00007ffc64a42000 	C:\windows\WinSxS\amd64_microsoft.windows.common-controls_6595b64144ccf1df_6.0.26100.8457_none_3e0b2faee331e92d\COMCTL32.dll
0x00007ffc77380000 - 0x00007ffc7738b000 	C:\windows\SYSTEM32\VERSION.dll
0x00007ffc83260000 - 0x00007ffc83292000 	C:\windows\System32\IMM32.DLL
0x00007ffc7e0d0000 - 0x00007ffc7e0dc000 	C:\Program Files\Java\jdk-21.0.11\bin\vcruntime140_1.dll
0x00007ffc56710000 - 0x00007ffc5679d000 	C:\Program Files\Java\jdk-21.0.11\bin\msvcp140.dll
0x00007ffbd15b0000 - 0x00007ffbd22d8000 	C:\Program Files\Java\jdk-21.0.11\bin\server\jvm.dll
0x00007ffc82f80000 - 0x00007ffc83000000 	C:\windows\System32\WS2_32.dll
0x00007ffc80850000 - 0x00007ffc808ae000 	C:\windows\SYSTEM32\POWRPROF.dll
0x00007ffc6c000000 - 0x00007ffc6c036000 	C:\windows\SYSTEM32\WINMM.dll
0x00007ffc80830000 - 0x00007ffc80844000 	C:\windows\SYSTEM32\UMPDC.dll
0x00007ffc7fe00000 - 0x00007ffc7fe1b000 	C:\windows\SYSTEM32\kernel.appcore.dll
0x00007ffc76ed0000 - 0x00007ffc76eda000 	C:\Program Files\Java\jdk-21.0.11\bin\jimage.dll
0x00007ffc7ee80000 - 0x00007ffc7f0c2000 	C:\windows\SYSTEM32\DBGHELP.DLL
0x00007ffc823e0000 - 0x00007ffc82763000 	C:\windows\System32\combase.dll
0x00007ffc839b0000 - 0x00007ffc83a89000 	C:\windows\System32\OLEAUT32.dll
0x00007ffc3fa10000 - 0x00007ffc3fa4b000 	C:\windows\SYSTEM32\dbgcore.DLL
0x00007ffc81470000 - 0x00007ffc81518000 	C:\windows\System32\bcryptPrimitives.dll
0x00007ffc5aea0000 - 0x00007ffc5aeb0000 	C:\Program Files\Java\jdk-21.0.11\bin\instrument.dll
0x00007ffc566e0000 - 0x00007ffc56701000 	C:\Program Files\Java\jdk-21.0.11\bin\java.dll
0x00007ffc82770000 - 0x00007ffc82ede000 	C:\windows\System32\SHELL32.dll
0x00007ffc81650000 - 0x00007ffc81ebc000 	C:\windows\System32\windows.storage.dll
0x00007ffc83ab0000 - 0x00007ffc83ba6000 	C:\windows\System32\SHCORE.dll
0x00007ffc830a0000 - 0x00007ffc83106000 	C:\windows\System32\shlwapi.dll
0x00007ffc80f90000 - 0x00007ffc80fb9000 	C:\windows\SYSTEM32\profapi.dll
0x00007ffc0de30000 - 0x00007ffc0df07000 	C:\Program Files\Java\jdk-21.0.11\bin\jsvml.dll
0x00007ffc56680000 - 0x00007ffc56698000 	C:\Program Files\Java\jdk-21.0.11\bin\zip.dll
0x00007ffc566c0000 - 0x00007ffc566d1000 	C:\Program Files\Java\jdk-21.0.11\bin\net.dll
0x00007ffc78b90000 - 0x00007ffc78cb9000 	C:\windows\SYSTEM32\WINHTTP.dll
0x00007ffc80370000 - 0x00007ffc803dc000 	C:\windows\system32\mswsock.dll
0x00007ffc566a0000 - 0x00007ffc566b6000 	C:\Program Files\Java\jdk-21.0.11\bin\nio.dll
0x00007ffc7f880000 - 0x00007ffc7f9b2000 	C:\windows\SYSTEM32\DNSAPI.dll
0x00007ffc7f7f0000 - 0x00007ffc7f822000 	C:\windows\SYSTEM32\IPHLPAPI.DLL
0x00007ffc831d0000 - 0x00007ffc831da000 	C:\windows\System32\NSI.dll
0x00007ffc77610000 - 0x00007ffc7761b000 	C:\Windows\System32\rasadhlp.dll
0x00007ffc78e30000 - 0x00007ffc78eb6000 	C:\windows\System32\fwpuclnt.dll
0x00007ffc58eb0000 - 0x00007ffc58eb9000 	C:\Program Files\Java\jdk-21.0.11\bin\extnet.dll
0x00007ffc571f0000 - 0x00007ffc571fa000 	C:\Program Files\Java\jdk-21.0.11\bin\management.dll
0x00007ffc56ae0000 - 0x00007ffc56aec000 	C:\Program Files\Java\jdk-21.0.11\bin\management_ext.dll
0x00007ffc83090000 - 0x00007ffc83098000 	C:\windows\System32\PSAPI.DLL
0x0000018334af0000 - 0x0000018334af3000 	C:\Users\oc_vh\.openjfx\cache\21.0.2+5\amd64\api-ms-win-core-console-l1-1-0.dll
0x0000018334b00000 - 0x0000018334b03000 	C:\Users\oc_vh\.openjfx\cache\21.0.2+5\amd64\api-ms-win-core-console-l1-2-0.dll
0x0000018334b10000 - 0x0000018334b13000 	C:\Users\oc_vh\.openjfx\cache\21.0.2+5\amd64\api-ms-win-core-datetime-l1-1-0.dll
0x0000018334b20000 - 0x0000018334b23000 	C:\Users\oc_vh\.openjfx\cache\21.0.2+5\amd64\api-ms-win-core-debug-l1-1-0.dll
0x0000018336720000 - 0x0000018336723000 	C:\Users\oc_vh\.openjfx\cache\21.0.2+5\amd64\api-ms-win-core-errorhandling-l1-1-0.dll
0x00007ffc806d0000 - 0x00007ffc806eb000 	C:\windows\SYSTEM32\CRYPTSP.dll
0x00007ffc7fd60000 - 0x00007ffc7fd99000 	C:\windows\system32\rsaenh.dll
0x00007ffc80420000 - 0x00007ffc80453000 	C:\windows\SYSTEM32\USERENV.dll
0x0000018336730000 - 0x0000018336734000 	C:\Users\oc_vh\.openjfx\cache\21.0.2+5\amd64\api-ms-win-core-file-l1-1-0.dll
0x00007ffc80f60000 - 0x00007ffc80f8a000 	C:\windows\SYSTEM32\bcrypt.dll
0x00007ffc806c0000 - 0x00007ffc806cc000 	C:\windows\SYSTEM32\CRYPTBASE.dll
0x0000018336740000 - 0x0000018336743000 	C:\Users\oc_vh\.openjfx\cache\21.0.2+5\amd64\api-ms-win-core-file-l1-2-0.dll
0x0000018355db0000 - 0x0000018355db3000 	C:\Users\oc_vh\.openjfx\cache\21.0.2+5\amd64\api-ms-win-core-file-l2-1-0.dll
0x0000018355dc0000 - 0x0000018355dc3000 	C:\Users\oc_vh\.openjfx\cache\21.0.2+5\amd64\api-ms-win-core-handle-l1-1-0.dll
0x0000018355dd0000 - 0x0000018355dd3000 	C:\Users\oc_vh\.openjfx\cache\21.0.2+5\amd64\api-ms-win-core-heap-l1-1-0.dll
0x0000018355de0000 - 0x0000018355de3000 	C:\Users\oc_vh\.openjfx\cache\21.0.2+5\amd64\api-ms-win-core-interlocked-l1-1-0.dll
0x00007ffc51b80000 - 0x00007ffc51b98000 	C:\windows\system32\napinsp.dll
0x00007ffc51b60000 - 0x00007ffc51b73000 	C:\windows\System32\winrnr.dll
0x0000018355df0000 - 0x0000018355df3000 	C:\Users\oc_vh\.openjfx\cache\21.0.2+5\amd64\api-ms-win-core-libraryloader-l1-1-0.dll
0x00007ffc51b30000 - 0x00007ffc51b52000 	C:\windows\system32\nlansp_c.dll
0x00007ffc51ad0000 - 0x00007ffc51ae6000 	C:\windows\system32\wshbth.dll
0x0000018355e00000 - 0x0000018355e03000 	C:\Users\oc_vh\.openjfx\cache\21.0.2+5\amd64\api-ms-win-core-localization-l1-2-0.dll
0x0000018355e10000 - 0x0000018355e13000 	C:\Users\oc_vh\.openjfx\cache\21.0.2+5\amd64\api-ms-win-core-memory-l1-1-0.dll
0x0000018355e20000 - 0x0000018355e23000 	C:\Users\oc_vh\.openjfx\cache\21.0.2+5\amd64\api-ms-win-core-namedpipe-l1-1-0.dll
0x0000018355e30000 - 0x0000018355e33000 	C:\Users\oc_vh\.openjfx\cache\21.0.2+5\amd64\api-ms-win-core-processenvironment-l1-1-0.dll
0x0000018355e40000 - 0x0000018355e43000 	C:\Users\oc_vh\.openjfx\cache\21.0.2+5\amd64\api-ms-win-core-processthreads-l1-1-0.dll
0x0000018355e50000 - 0x0000018355e53000 	C:\Users\oc_vh\.openjfx\cache\21.0.2+5\amd64\api-ms-win-core-processthreads-l1-1-1.dll
0x0000018355e60000 - 0x0000018355e63000 	C:\Users\oc_vh\.openjfx\cache\21.0.2+5\amd64\api-ms-win-core-profile-l1-1-0.dll
0x0000018355e70000 - 0x0000018355e73000 	C:\Users\oc_vh\.openjfx\cache\21.0.2+5\amd64\api-ms-win-core-rtlsupport-l1-1-0.dll
0x0000018355e80000 - 0x0000018355e83000 	C:\Users\oc_vh\.openjfx\cache\21.0.2+5\amd64\api-ms-win-core-string-l1-1-0.dll
0x0000018355e90000 - 0x0000018355e93000 	C:\Users\oc_vh\.openjfx\cache\21.0.2+5\amd64\api-ms-win-core-synch-l1-1-0.dll
0x0000018355ea0000 - 0x0000018355ea3000 	C:\Users\oc_vh\.openjfx\cache\21.0.2+5\amd64\api-ms-win-core-synch-l1-2-0.dll
0x0000018355eb0000 - 0x0000018355eb3000 	C:\Users\oc_vh\.openjfx\cache\21.0.2+5\amd64\api-ms-win-core-sysinfo-l1-1-0.dll
0x0000018355ec0000 - 0x0000018355ec3000 	C:\Users\oc_vh\.openjfx\cache\21.0.2+5\amd64\api-ms-win-core-timezone-l1-1-0.dll
0x0000018355ed0000 - 0x0000018355ed3000 	C:\Users\oc_vh\.openjfx\cache\21.0.2+5\amd64\api-ms-win-core-util-l1-1-0.dll
0x0000018355ee0000 - 0x0000018355ee3000 	C:\Users\oc_vh\.openjfx\cache\21.0.2+5\amd64\api-ms-win-crt-conio-l1-1-0.dll
0x0000018355ef0000 - 0x0000018355ef4000 	C:\Users\oc_vh\.openjfx\cache\21.0.2+5\amd64\api-ms-win-crt-convert-l1-1-0.dll
0x0000018355f00000 - 0x0000018355f03000 	C:\Users\oc_vh\.openjfx\cache\21.0.2+5\amd64\api-ms-win-crt-environment-l1-1-0.dll
0x0000018355f10000 - 0x0000018355f13000 	C:\Users\oc_vh\.openjfx\cache\21.0.2+5\amd64\api-ms-win-crt-filesystem-l1-1-0.dll
0x0000018355f20000 - 0x0000018355f23000 	C:\Users\oc_vh\.openjfx\cache\21.0.2+5\amd64\api-ms-win-crt-heap-l1-1-0.dll
0x0000018355f30000 - 0x0000018355f33000 	C:\Users\oc_vh\.openjfx\cache\21.0.2+5\amd64\api-ms-win-crt-locale-l1-1-0.dll
0x0000018355f40000 - 0x0000018355f45000 	C:\Users\oc_vh\.openjfx\cache\21.0.2+5\amd64\api-ms-win-crt-math-l1-1-0.dll
0x0000018355f50000 - 0x0000018355f55000 	C:\Users\oc_vh\.openjfx\cache\21.0.2+5\amd64\api-ms-win-crt-multibyte-l1-1-0.dll
0x0000018355f60000 - 0x0000018355f70000 	C:\Users\oc_vh\.openjfx\cache\21.0.2+5\amd64\api-ms-win-crt-private-l1-1-0.dll
0x0000018355f70000 - 0x0000018355f73000 	C:\Users\oc_vh\.openjfx\cache\21.0.2+5\amd64\api-ms-win-crt-process-l1-1-0.dll
0x0000018355f80000 - 0x0000018355f84000 	C:\Users\oc_vh\.openjfx\cache\21.0.2+5\amd64\api-ms-win-crt-runtime-l1-1-0.dll
0x0000018355f90000 - 0x0000018355f94000 	C:\Users\oc_vh\.openjfx\cache\21.0.2+5\amd64\api-ms-win-crt-stdio-l1-1-0.dll
0x0000018355fa0000 - 0x0000018355fa4000 	C:\Users\oc_vh\.openjfx\cache\21.0.2+5\amd64\api-ms-win-crt-string-l1-1-0.dll
0x00007ffc74420000 - 0x00007ffc74476000 	C:\windows\SYSTEM32\pdh.dll
0x0000018355fb0000 - 0x0000018355fb3000 	C:\Users\oc_vh\.openjfx\cache\21.0.2+5\amd64\api-ms-win-crt-time-l1-1-0.dll
0x0000018355fc0000 - 0x0000018355fc3000 	C:\Users\oc_vh\.openjfx\cache\21.0.2+5\amd64\api-ms-win-crt-utility-l1-1-0.dll
0x00007ffb9c990000 - 0x00007ffb9ca8c000 	C:\Users\oc_vh\.openjfx\cache\21.0.2+5\amd64\ucrtbase.dll
0x00007ffc46a40000 - 0x00007ffc46a5b000 	C:\Users\oc_vh\.openjfx\cache\21.0.2+5\amd64\vcruntime140.dll
0x00007ffc508f0000 - 0x00007ffc508fc000 	C:\Users\oc_vh\.openjfx\cache\21.0.2+5\amd64\vcruntime140_1.dll
0x00007ffbf8ad0000 - 0x00007ffbf8b5e000 	C:\Users\oc_vh\.openjfx\cache\21.0.2+5\amd64\msvcp140.dll
0x00007ffc4f6d0000 - 0x00007ffc4f6d9000 	C:\Users\oc_vh\.openjfx\cache\21.0.2+5\amd64\msvcp140_1.dll
0x00007ffc3bfc0000 - 0x00007ffc3c001000 	C:\Users\oc_vh\.openjfx\cache\21.0.2+5\amd64\msvcp140_2.dll
0x00007ffc3bf40000 - 0x00007ffc3bf70000 	C:\Users\oc_vh\.openjfx\cache\21.0.2+5\amd64\prism_d3d.dll
0x00007ffc62030000 - 0x00007ffc621e3000 	C:\windows\system32\d3d9.dll
0x00007ffc7e8d0000 - 0x00007ffc7e8ff000 	C:\windows\SYSTEM32\dwmapi.dll
0x00007ffc7e6f0000 - 0x00007ffc7e735000 	C:\windows\SYSTEM32\dxcore.dll
0x00007ffc7e610000 - 0x00007ffc7e6ba000 	C:\windows\system32\uxtheme.dll
0x00007ffc83600000 - 0x00007ffc83797000 	C:\windows\System32\ole32.dll
0x00007ffc80d20000 - 0x00007ffc80d71000 	C:\windows\SYSTEM32\CFGMGR32.dll
0x00007ffc792d0000 - 0x00007ffc79331000 	C:\windows\SYSTEM32\directxdatabasehelper.dll
0x00007ffc84120000 - 0x00007ffc845a7000 	C:\windows\System32\SETUPAPI.dll
0x00007ffc0dde0000 - 0x00007ffc0de22000 	C:\Users\oc_vh\.openjfx\cache\21.0.2+5\amd64\glass.dll
0x00007ffc83cd0000 - 0x00007ffc83dc0000 	C:\windows\System32\COMDLG32.dll
0x00007ffc83850000 - 0x00007ffc839ac000 	C:\windows\System32\MSCTF.dll
0x00007ffc3ba90000 - 0x00007ffc3baa4000 	C:\Users\oc_vh\.openjfx\cache\21.0.2+5\amd64\javafx_font.dll
0x00007ffc7cd70000 - 0x00007ffc7cfd7000 	C:\windows\SYSTEM32\dwrite.dll
0x00007ffc786a0000 - 0x00007ffc786b2000 	C:\windows\System32\perfproc.dll
0x00007ffc509d0000 - 0x00007ffc509de000 	C:\Program Files\Java\jdk-21.0.11\bin\sunmscapi.dll

dbghelp: loaded successfully - version: 4.0.5 - missing functions: none
symbol engine: initialized successfully - sym options: 0x614 - pdb path: .;C:\Program Files\Java\jdk-21.0.11\bin;C:\windows\SYSTEM32;C:\windows\WinSxS\amd64_microsoft.windows.common-controls_6595b64144ccf1df_6.0.26100.8457_none_3e0b2faee331e92d;C:\Program Files\Java\jdk-21.0.11\bin\server;C:\Users\oc_vh\.openjfx\cache\21.0.2+5\amd64;C:\windows\System32\DriverStore\FileRepository\iigd_dch.inf_amd64_a0e4070823166b80;C:\Program Files\Common Files\Microsoft Shared\Ink;C:\windows\System32\DriverStore\FileRepository\ntprint.inf_amd64_78082862576f78bc\Amd64;C:\windows\System32\DriverStore\FileRepository\prnms003.inf_amd64_fe120272380ff332\Amd64;C:\Program Files\Microsoft Office\root\VFS\ProgramFilesCommonX64\Microsoft Shared\Office16;C:\Program Files\Microsoft OneDrive\26.078.0426.0002

VM Arguments:
jvm_args: -javaagent:C:\Program Files\JetBrains\IntelliJ IDEA 2026.1.2\lib\idea_rt.jar=61659 -Dfile.encoding=UTF-8 -Dsun.stdout.encoding=UTF-8 -Dsun.stderr.encoding=UTF-8 
java_command: com.asm.App
java_class_path (initial): C:\Users\oc_vh\IdeaProjects\pdv-almacenes-san-miguel\target\classes;C:\Users\oc_vh\.m2\repository\org\openjfx\javafx-controls\21.0.2\javafx-controls-21.0.2.jar;C:\Users\oc_vh\.m2\repository\org\openjfx\javafx-controls\21.0.2\javafx-controls-21.0.2-win.jar;C:\Users\oc_vh\.m2\repository\org\openjfx\javafx-graphics\21.0.2\javafx-graphics-21.0.2.jar;C:\Users\oc_vh\.m2\repository\org\openjfx\javafx-graphics\21.0.2\javafx-graphics-21.0.2-win.jar;C:\Users\oc_vh\.m2\repository\org\openjfx\javafx-base\21.0.2\javafx-base-21.0.2.jar;C:\Users\oc_vh\.m2\repository\org\openjfx\javafx-base\21.0.2\javafx-base-21.0.2-win.jar;C:\Users\oc_vh\.m2\repository\org\openjfx\javafx-fxml\21.0.2\javafx-fxml-21.0.2.jar;C:\Users\oc_vh\.m2\repository\org\openjfx\javafx-fxml\21.0.2\javafx-fxml-21.0.2-win.jar;C:\Users\oc_vh\.m2\repository\org\hibernate\orm\hibernate-core\6.2.7.Final\hibernate-core-6.2.7.Final.jar;C:\Users\oc_vh\.m2\repository\jakarta\persistence\jakarta.persistence-api\3.1.0\jakarta.persistence-api-3.1.0.jar;C:\Users\oc_vh\.m2\repository\jakarta\transaction\jakarta.transaction-api\2.0.1\jakarta.transaction-api-2.0.1.jar;C:\Users\oc_vh\.m2\repository\org\jboss\logging\jboss-logging\3.5.0.Final\jboss-logging-3.5.0.Final.jar;C:\Users\oc_vh\.m2\repository\org\hibernate\common\hibernate-commons-annotations\6.0.6.Final\hibernate-commons-annotations-6.0.6.Final.jar;C:\Users\oc_vh\.m2\repository\io\smallrye\jandex\3.0.5\jandex-3.0.5.jar;C:\Users\oc_vh\.m2\repository\com\fasterxml\classmate\1.5.1\classmate-1.5.1.jar;C:\Users\oc_vh\.m2\repository\net\bytebuddy\byte-buddy\1.12.18\byte-buddy-1.12.18.jar;C:\Users\oc_vh\.m2\repository\jakarta\xml\bind\jakarta.xml.bind-api\4.0.0\jakarta.xml.bind-api-4.0.0.jar;C:\Users\oc_vh\.m2\repository\jakarta\activation\jakarta.activation-api\2.1.0\jakarta.activation-api-2.1.0.jar;C:\Users\oc_vh\.m2\repository\org\glassfish\jaxb\jaxb-runtime\4.0.2\jaxb-runtime-4.0.2.jar;C:\Users\oc_vh\.m2\repository\org\glassfish\jaxb\jaxb-core\4.0.2\jaxb-core-4.0.2.jar;C:\Users\oc_vh\.m2\repository\org\eclipse\angus\angus-activation\2.0.0\angus-activation-2.0.0.jar;C:\Users\oc_vh\.m2\repository\org\glassfish\jaxb\txw2\4.0.2\txw2-4.0.2.jar;C:\Users\oc_vh\.m2\repository\com\sun\istack\istack-commons-runtime\4.1.1\istack-commons-runtime-4.1.1.jar;C:\Users\oc_vh\.m2\repository\jakarta\inject\jakarta.inject-api\2.0.1\jakarta.inject-api-2.0.1.jar;C:\Users\oc_vh\.m2\repository\org\antlr\antlr4-runtime\4.10.1\antlr4-runtime-4.10.1.jar;C:\Users\oc_vh\.m2\repository\com\mysql\mysql-connector-j\8.0.33\mysql-connector-j-8.0.33.jar;C:\Users\oc_vh\.m2\repository\com\google\protobuf\protobuf-java\3.21.9\protobuf-java-3.21.9.jar
Launcher Type: SUN_STANDARD

[Global flags]
     intx CICompilerCount                          = 4                                         {product} {ergonomic}
     uint ConcGCThreads                            = 3                                         {product} {ergonomic}
     uint G1ConcRefinementThreads                  = 10                                        {product} {ergonomic}
   size_t G1HeapRegionSize                         = 2097152                                   {product} {ergonomic}
    uintx GCDrainStackTargetSize                   = 64                                        {product} {ergonomic}
   size_t InitialHeapSize                          = 264241152                                 {product} {ergonomic}
   size_t MarkStackSize                            = 4194304                                   {product} {ergonomic}
   size_t MaxHeapSize                              = 4198498304                                {product} {ergonomic}
   size_t MaxNewSize                               = 2518679552                                {product} {ergonomic}
   size_t MinHeapDeltaBytes                        = 2097152                                   {product} {ergonomic}
   size_t MinHeapSize                              = 8388608                                   {product} {ergonomic}
    uintx NonNMethodCodeHeapSize                   = 5839372                                {pd product} {ergonomic}
    uintx NonProfiledCodeHeapSize                  = 122909434                              {pd product} {ergonomic}
    uintx ProfiledCodeHeapSize                     = 122909434                              {pd product} {ergonomic}
    uintx ReservedCodeCacheSize                    = 251658240                              {pd product} {ergonomic}
     bool SegmentedCodeCache                       = true                                      {product} {ergonomic}
   size_t SoftMaxHeapSize                          = 4198498304                             {manageable} {ergonomic}
     bool UseCompressedOops                        = true                           {product lp64_product} {ergonomic}
     bool UseG1GC                                  = true                                      {product} {ergonomic}
     bool UseLargePagesIndividualAllocation        = false                                  {pd product} {ergonomic}

Logging:
Log output configuration:
 #0: stdout all=off uptime,level,tags foldmultilines=false
 #1: stderr all=off uptime,level,tags foldmultilines=false

Environment Variables:
JAVA_HOME=C:\Program Files\Java\jdk-21.0.11
PATH=C:\Program Files\Common Files\Oracle\Java\javapath;C:\Program Files\Microsoft MPI\Bin\;C:\windows\system32;C:\windows;C:\windows\System32\Wbem;C:\windows\System32\WindowsPowerShell\v1.0\;C:\windows\System32\OpenSSH\;C:\Program Files (x86)\NVIDIA Corporation\PhysX\Common;C:\Program Files\NVIDIA Corporation\NVIDIA App\NvDLISR;C:\Users\Administrator\AppData\Local\Microsoft\WindowsApps;C:\Program Files\HP\OMEN-Broadcast\Common;C:\Program Files (x86)\Microsoft SQL Server\170\Tools\Binn\;C:\Program Files\Microsoft SQL Server\170\Tools\Binn\;C:\Program Files\Microsoft SQL Server\Client SDK\ODBC\180\Tools\Binn\;C:\Program Files\Microsoft SQL Server\170\DTS\Binn\;C:\Program Files\PuTTY\;C:\Program Files\Microchip\xc8\v2.36\bin;%JAVA_HOME%\bin;C:\Program Files\Git\cmd;C:\Program Files\Microsoft SQL Server\Client SDK\ODBC\130\Tools\Binn\;C:\Program Files (x86)\Microsoft SQL Server\130\Tools\Binn\;C:\Program Files\Microsoft SQL Server\130\Tools\Binn\;C:\Program Files\Microsoft SQL Server\130\DTS\Binn\;C:\Users\oc_vh\AppData\Local\Microsoft\WindowsApps;C:\Users\oc_vh\AppData\Local\Programs\Microsoft VS Code\bin;C:\Program Files\JetBrains\IntelliJ IDEA 2026.1.2\bin
USERNAME=oc_vh
OS=Windows_NT
PROCESSOR_IDENTIFIER=Intel64 Family 6 Model 186 Stepping 2, GenuineIntel
TMP=C:\Users\oc_vh\AppData\Local\Temp
TEMP=C:\Users\oc_vh\AppData\Local\Temp




Periodic native trim disabled

---------------  S Y S T E M  ---------------

OS:
 Windows 11 , 64 bit Build 26100 (10.0.26100.8328)
OS uptime: 10 days 20:09 hours
Hyper-V role detected

CPU: total 12 (initial active 12) (6 cores per cpu, 2 threads per core) family 6 model 186 stepping 2 microcode 0x6134, cx8, cmov, fxsr, ht, mmx, 3dnowpref, sse, sse2, sse3, ssse3, sse4.1, sse4.2, popcnt, lzcnt, tsc, tscinvbit, avx, avx2, aes, erms, clmul, bmi1, bmi2, adx, sha, fma, vzeroupper, clflush, clflushopt, clwb, hv, serialize, rdtscp, rdpid, fsrm, f16c, cet_ibt, cet_ss
Processor Information for processor 0
  Max Mhz: 2100, Current Mhz: 2100, Mhz Limit: 2100
Processor Information for processor 1
  Max Mhz: 2100, Current Mhz: 2100, Mhz Limit: 2100
Processor Information for processor 2
  Max Mhz: 2100, Current Mhz: 2100, Mhz Limit: 2100
Processor Information for processor 3
  Max Mhz: 2100, Current Mhz: 2100, Mhz Limit: 2100
Processor Information for processor 4
  Max Mhz: 2100, Current Mhz: 1453, Mhz Limit: 2100
Processor Information for processor 5
  Max Mhz: 2100, Current Mhz: 1453, Mhz Limit: 2100
Processor Information for processor 6
  Max Mhz: 2100, Current Mhz: 2100, Mhz Limit: 2100
Processor Information for processor 7
  Max Mhz: 2100, Current Mhz: 1453, Mhz Limit: 2100
Processor Information for processor 8
  Max Mhz: 2100, Current Mhz: 2100, Mhz Limit: 2100
Processor Information for processor 9
  Max Mhz: 2100, Current Mhz: 1540, Mhz Limit: 2100
Processor Information for processor 10
  Max Mhz: 2100, Current Mhz: 1540, Mhz Limit: 2100
Processor Information for processor 11
  Max Mhz: 2100, Current Mhz: 1540, Mhz Limit: 2100

Memory: 4k page, system-wide physical 16013M (2149M free)
TotalPageFile size 28773M (AvailPageFile size 7749M)
current process WorkingSet (physical memory assigned to process): 436M, peak: 527M
current process commit charge ("private bytes"): 506M, peak: 610M

vm_info: Java HotSpot(TM) 64-Bit Server VM (21.0.11+9-LTS-211) for windows-amd64 JRE (21.0.11+9-LTS-211), built on 2026-03-11T00:23:15Z by "mach5run" with MS VC++ 17.13 (VS2022)

END.
