#
# A fatal error has been detected by the Java Runtime Environment:
#
#  EXCEPTION_ACCESS_VIOLATION (0xc0000005) at pc=0x00007ffed16264f7, pid=23556, tid=6056
#
# JRE version: Java(TM) SE Runtime Environment (21.0.11+9) (build 21.0.11+9-LTS-211)
# Java VM: Java HotSpot(TM) 64-Bit Server VM (21.0.11+9-LTS-211, mixed mode, sharing, tiered, compressed oops, compressed class ptrs, g1 gc, windows-amd64)
# Problematic frame:
# C  [glass.dll+0x264f7]
#
# No core dump will be written. Minidumps are not enabled by default on client versions of Windows
#
# If you would like to submit a bug report, please visit:
#   https://bugreport.java.com/bugreport/crash.jsp
#

---------------  S U M M A R Y ------------

Command Line: -javaagent:C:\Program Files\JetBrains\IntelliJ IDEA 2026.1.2\lib\idea_rt.jar=59415 -Dfile.encoding=UTF-8 -Dsun.stdout.encoding=UTF-8 -Dsun.stderr.encoding=UTF-8 com.asm.App

Host: 13th Gen Intel(R) Core(TM) i5-13420H, 12 cores, 15G,  Windows 11 , 64 bit Build 26100 (10.0.26100.8328)
Time: Fri Jun  5 00:50:47 2026 Hora estándar central (México) elapsed time: 191.242985 seconds (0d 0h 3m 11s)

---------------  T H R E A D  ---------------

Current thread (0x00000201af3ba190):  VMThread "VM Thread"          [id=6056, stack(0x000000a93f300000,0x000000a93f400000) (1024K)]

Stack: [0x000000a93f300000,0x000000a93f400000],  sp=0x000000a93f3fecd0,  free space=1019k
Native frames: (J=compiled Java code, j=interpreted, Vv=VM code, C=native code)
C  [glass.dll+0x264f7]


siginfo: EXCEPTION_ACCESS_VIOLATION (0xc0000005), reading address 0x0000000000000000


Registers:
RAX=0x0000000000000000, RBX=0x00000201f535a212, RCX=0x00000201af3ba190, RDX=0x000000a93f3fecd0
RSP=0x000000a93f3fecd0, RBP=0x0000df6ab7f992a4, RSI=0x00000201f5fc9f68, RDI=0x00000201f5fc9f40
R8 =0x0000000000010002, R9 =0x0000df6ab7f992a4, R10=0x000002018dc80000, R11=0x0000000000000050
R12=0x000000007ffe0385, R13=0x0000000000000001, R14=0x000000a93f3fedd8, R15=0x00000201f5fc9f40
RIP=0x00007ffed16264f7, EFLAGS=0x0000000000010202


Register to memory mapping:

RAX=0x0 is null
RBX=0x00000201f535a212 is a global jni handle
RCX=0x00000201af3ba190 points into unknown readable memory: 0x00007ffe838931f8 | f8 31 89 83 fe 7f 00 00
RDX=0x000000a93f3fecd0 points into unknown readable memory: 0x0000000000000000 | 00 00 00 00 00 00 00 00
RSP=0x000000a93f3fecd0 points into unknown readable memory: 0x0000000000000000 | 00 00 00 00 00 00 00 00
RBP=0x0000df6ab7f992a4 is an unknown value
RSI=0x00000201f5fc9f68 points into unknown readable memory: 0x0000df6ab7f992a4 | a4 92 f9 b7 6a df 00 00
RDI=0x00000201f5fc9f40 points into unknown readable memory: 0x16234aeab7fe6d49 | 49 6d fe b7 ea 4a 23 16
R8 =0x0000000000010002 is an unknown value
R9 =0x0000df6ab7f992a4 is an unknown value
R10=0x000002018dc80000 points into unknown readable memory: 0x0000000000000000 | 00 00 00 00 00 00 00 00
R11=0x0000000000000050 is an unknown value
R12=0x000000007ffe0385 points into unknown readable memory: 00 00 00
R13=0x0000000000000001 is an unknown value
R14=0x000000a93f3fedd8 points into unknown readable memory: 0x000000a93f3fedc0 | c0 ed 3f 3f a9 00 00 00
R15=0x00000201f5fc9f40 points into unknown readable memory: 0x16234aeab7fe6d49 | 49 6d fe b7 ea 4a 23 16

Top of Stack: (sp=0x000000a93f3fecd0)
0x000000a93f3fecd0:   0000000000000000 0000020100000000
0x000000a93f3fece0:   00000201f5a3f7f0 000000007ffe0385
0x000000a93f3fecf0:   00000201f5fc9f48 00007fff214ebc75
0x000000a93f3fed00:   00000201f5fc9f40 0000020100000000
0x000000a93f3fed10:   00000201f5fc9f60 0000df6ab7f992a4
0x000000a93f3fed20:   fffffffffffffffe 00007ffee9570000
0x000000a93f3fed30:   00007ffed1600000 00007ffed1600000
0x000000a93f3fed40:   000000a93f3fedc8 00007fff214eb897
0x000000a93f3fed50:   000000a93f3fed00 000000a93f3fedd8
0x000000a93f3fed60:   000000a93f3ff320 00007fff215d88c0
0x000000a93f3fed70:   0000000000000001 00007fff214eb84d
0x000000a93f3fed80:   0000000000000000 0000000000000001
0x000000a93f3fed90:   00007fff1b53ed80 000000a93f3fedc8
0x000000a93f3feda0:   fffffffffffffffe 000000a93f3fed90
0x000000a93f3fedb0:   0000000000000000 00007ffed1623ccd
0x000000a93f3fedc0:   00007ffed163a008 0000000000000002
0x000000a93f3fedd0:   00007fff00000002 000000a93f3fedc0
0x000000a93f3fede0:   0000000000000000 00007fff21760000
0x000000a93f3fedf0:   0000000000000000 00007ffed1623df2
0x000000a93f3fee00:   0000000000000001 000000a93f3ff320
0x000000a93f3fee10:   0000000000000001 0000000000000000
0x000000a93f3fee20:   0000000000000001 00007fff1f6e0000
0x000000a93f3fee30:   00007fff00000001 000000a93f3ff320
0x000000a93f3fee40:   0000000000000000 00007ffed1623e40
0x000000a93f3fee50:   0000000000000001 00007fff23cbf98a
0x000000a93f3fee60:   00007ffed1600000 0000000000000000
0x000000a93f3fee70:   0000000000000001 000000007ffe0384
0x000000a93f3fee80:   0000000000000000 00007fff23b72d23
0x000000a93f3fee90:   0000000000000000 000002018def04a8
0x000000a93f3feea0:   000000000000008d 0000000000000000
0x000000a93f3feeb0:   0000000000000000 0000000000000000
0x000000a93f3feec0:   0000000000000000 ffffe98e00000000 

Instructions: (pc=0x00007ffed16264f7)
0x00007ffed16263f7:   8b 4d 58 e8 8d cf ff ff 48 8b 4d 60 e8 84 cf ff
0x00007ffed1626407:   ff 48 8b 95 80 00 00 00 48 8b 8d 18 01 00 00 e8
0x00007ffed1626417:   76 c4 ff ff 33 d2 33 c9 e8 cc e1 ff ff 90 48 89
0x00007ffed1626427:   54 24 10 55 48 83 ec 20 48 8b ea 48 b8 00 00 00
0x00007ffed1626437:   00 00 00 00 00 48 83 c4 20 5d c3 cc 40 55 48 8b
0x00007ffed1626447:   ea 48 8b 01 33 c9 81 38 05 00 00 c0 0f 94 c1 8b
0x00007ffed1626457:   c1 5d c3 cc 40 55 48 83 ec 20 48 8b ea 8a 4d 40
0x00007ffed1626467:   48 83 c4 20 5d e9 73 d3 ff ff cc 40 55 48 83 ec
0x00007ffed1626477:   20 48 8b ea 8a 4d 20 e8 61 d3 ff ff 90 48 83 c4
0x00007ffed1626487:   20 5d c3 cc 40 55 48 83 ec 20 48 8b ea 48 83 c4
0x00007ffed1626497:   20 5d e9 c2 d1 ff ff cc 40 55 48 83 ec 30 48 8b
0x00007ffed16264a7:   ea 48 8b 01 8b 10 48 89 4c 24 28 89 54 24 20 4c
0x00007ffed16264b7:   8d 0d 63 d6 ff ff 4c 8b 45 70 8b 55 68 48 8b 4d
0x00007ffed16264c7:   60 e8 03 d1 ff ff 90 48 83 c4 30 5d c3 cc cc cc
0x00007ffed16264d7:   cc cc cc cc cc cc cc cc cc 40 53 48 83 ec 20 48
0x00007ffed16264e7:   8b 1d 1b 35 01 00 48 85 db 74 16 e8 89 8f ff ff
0x00007ffed16264f7:   4c 8b 00 48 8b d3 48 8b c8 41 ff 90 b0 00 00 00
0x00007ffed1626507:   90 48 83 c4 20 5b c3 cc cc 40 53 48 83 ec 20 48
0x00007ffed1626517:   8b 1d 8b 36 01 00 48 85 db 74 57 b8 ff ff ff ff
0x00007ffed1626527:   f0 0f c1 43 10 83 f8 01 75 3d 48 85 db 74 38 48
0x00007ffed1626537:   8b 0b 48 85 c9 74 0d ff 15 64 0d 00 00 48 c7 03
0x00007ffed1626547:   00 00 00 00 48 8b 4b 08 48 85 c9 74 0d e8 33 ce
0x00007ffed1626557:   ff ff 48 c7 43 08 00 00 00 00 ba 18 00 00 00 48
0x00007ffed1626567:   8b cb e8 1e ce ff ff 48 c7 05 2f 36 01 00 00 00
0x00007ffed1626577:   00 00 48 83 c4 20 5b c3 cc 40 53 48 83 ec 20 48
0x00007ffed1626587:   8b 1d fb 35 01 00 48 85 db 74 57 b8 ff ff ff ff
0x00007ffed1626597:   f0 0f c1 43 10 83 f8 01 75 3d 48 85 db 74 38 48
0x00007ffed16265a7:   8b 0b 48 85 c9 74 0d ff 15 f4 0c 00 00 48 c7 03
0x00007ffed16265b7:   00 00 00 00 48 8b 4b 08 48 85 c9 74 0d e8 c3 cd
0x00007ffed16265c7:   ff ff 48 c7 43 08 00 00 00 00 ba 18 00 00 00 48
0x00007ffed16265d7:   8b cb e8 ae cd ff ff 48 c7 05 9f 35 01 00 00 00
0x00007ffed16265e7:   00 00 48 83 c4 20 5b c3 cc 40 53 48 83 ec 20 48 


Stack slot to memory mapping:

stack at sp + 0 slots: 0x0 is null
stack at sp + 1 slots: 0x0000020100000000 is an unknown value
stack at sp + 2 slots: 0x00000201f5a3f7f0 points into unknown readable memory: 0x00000201f5a3fc40 | 40 fc a3 f5 01 02 00 00
stack at sp + 3 slots: 0x000000007ffe0385 points into unknown readable memory: 00 00 00
stack at sp + 4 slots: 0x00000201f5fc9f48 points into unknown readable memory: 0x0000df6ab7f992a4 | a4 92 f9 b7 6a df 00 00
stack at sp + 5 slots: 0x00007fff214ebc75 ucrtbase.dll
stack at sp + 6 slots: 0x00000201f5fc9f40 points into unknown readable memory: 0x16234aeab7fe6d49 | 49 6d fe b7 ea 4a 23 16
stack at sp + 7 slots: 0x0000020100000000 is an unknown value

VM_Operation (0x000000a94424f320): Exit, mode: safepoint, requested by thread 0x00000201830414a0


---------------  P R O C E S S  ---------------

Threads class SMR info:
_java_thread_list=0x00000201f58887f0, length=48, elements={
0x000002018fef9a30, 0x00000201af3d7ed0, 0x00000201af3da550, 0x00000201af3db080,
0x00000201af3dd960, 0x00000201af3eda50, 0x00000201af3f0840, 0x00000201af3f9440,
0x00000201af3fab00, 0x00000201af3efb20, 0x00000201af3eee00, 0x00000201af3f01b0,
0x00000201af3ee0e0, 0x00000201af3ee770, 0x00000201af3ef490, 0x00000201f5a5f640,
0x00000201f5a5dc00, 0x00000201f5a5e290, 0x00000201f5a5e920, 0x00000201f5a5fcd0,
0x00000201f5a5cee0, 0x00000201f5a62ac0, 0x00000201f5a61080, 0x00000201f5a637e0,
0x00000201f5a62430, 0x00000201f5a63e70, 0x00000201f5a64500, 0x00000201835e01b0,
0x00000201835dd3c0, 0x00000201835df490, 0x00000201835dfb20, 0x00000201835e1bf0,
0x00000201835e2280, 0x00000201835e0ed0, 0x00000201835e3cc0, 0x00000201835e0840,
0x00000201835e2fa0, 0x00000201830400f0, 0x0000020183043c00, 0x0000020183041b30,
0x00000201830421c0, 0x0000020183042ee0, 0x0000020183043570, 0x0000020183044290,
0x0000020183040e10, 0x0000020183044920, 0x00000201830414a0, 0x0000020183047080
}

Java Threads: ( => current thread )
  0x000002018fef9a30 JavaThread "main"                              [_thread_blocked, id=20556, stack(0x000000a93ec00000,0x000000a93ed00000) (1024K)]
  0x00000201af3d7ed0 JavaThread "Reference Handler"          daemon [_thread_blocked, id=25232, stack(0x000000a93f400000,0x000000a93f500000) (1024K)]
  0x00000201af3da550 JavaThread "Finalizer"                  daemon [_thread_blocked, id=12500, stack(0x000000a93f500000,0x000000a93f600000) (1024K)]
  0x00000201af3db080 JavaThread "Signal Dispatcher"          daemon [_thread_blocked, id=20356, stack(0x000000a93f600000,0x000000a93f700000) (1024K)]
  0x00000201af3dd960 JavaThread "Attach Listener"            daemon [_thread_blocked, id=35676, stack(0x000000a93f700000,0x000000a93f800000) (1024K)]
  0x00000201af3eda50 JavaThread "Service Thread"             daemon [_thread_blocked, id=38368, stack(0x000000a93f800000,0x000000a93f900000) (1024K)]
  0x00000201af3f0840 JavaThread "Monitor Deflation Thread"   daemon [_thread_blocked, id=11172, stack(0x000000a93f900000,0x000000a93fa00000) (1024K)]
  0x00000201af3f9440 JavaThread "C2 CompilerThread0"         daemon [_thread_blocked, id=33872, stack(0x000000a93fa00000,0x000000a93fb00000) (1024K)]
  0x00000201af3fab00 JavaThread "C1 CompilerThread0"         daemon [_thread_blocked, id=24608, stack(0x000000a93fb00000,0x000000a93fc00000) (1024K)]
  0x00000201af3efb20 JavaThread "Common-Cleaner"             daemon [_thread_blocked, id=4444, stack(0x000000a93fc00000,0x000000a93fd00000) (1024K)]
  0x00000201af3eee00 JavaThread "Monitor Ctrl-Break"         daemon [_thread_in_native, id=13916, stack(0x000000a93fe00000,0x000000a93ff00000) (1024K)]
  0x00000201af3f01b0 JavaThread "Notification Thread"        daemon [_thread_blocked, id=29552, stack(0x000000a93ff00000,0x000000a940000000) (1024K)]
  0x00000201af3ee0e0 JavaThread "JavaFX-Launcher"                   [_thread_blocked, id=23064, stack(0x000000a940000000,0x000000a940100000) (1024K)]
  0x00000201af3ee770 JavaThread "RMI TCP Accept-0"           daemon [_thread_in_native, id=30732, stack(0x000000a940200000,0x000000a940300000) (1024K)]
  0x00000201af3ef490 JavaThread "RMI Scheduler(0)"           daemon [_thread_blocked, id=6216, stack(0x000000a940400000,0x000000a940500000) (1024K)]
  0x00000201f5a5f640 JavaThread "JMX server connection timeout 27" daemon [_thread_blocked, id=34808, stack(0x000000a940500000,0x000000a940600000) (1024K)]
  0x00000201f5a5dc00 JavaThread "InvokeLaterDispatcher"      daemon [_thread_blocked, id=12636, stack(0x000000a940100000,0x000000a940200000) (1024K)]
  0x00000201f5a5e290 JavaThread "JavaFX Application Thread"         [_thread_in_native, id=7348, stack(0x000000a941000000,0x000000a941100000) (1024K)]
  0x00000201f5a5e920 JavaThread "Thread-2"                   daemon [_thread_in_native, id=40128, stack(0x000000a93fd00000,0x000000a93fe00000) (1024K)]
  0x00000201f5a5fcd0 JavaThread "mysql-cj-abandoned-connection-cleanup" daemon [_thread_blocked, id=17856, stack(0x000000a942400000,0x000000a942500000) (1024K)]
  0x00000201f5a5cee0 JavaThread "Hibernate Connection Pool Validation Thread" daemon [_thread_blocked, id=20100, stack(0x000000a942500000,0x000000a942600000) (1024K)]
  0x00000201f5a62ac0 JavaThread "Prism Font Disposer"        daemon [_thread_blocked, id=22500, stack(0x000000a942700000,0x000000a942800000) (1024K)]
  0x00000201f5a61080 JavaThread "Cleaner-0"                  daemon [_thread_blocked, id=11120, stack(0x000000a942800000,0x000000a942900000) (1024K)]
  0x00000201f5a637e0 JavaThread "RMI TCP Connection(2)-192.168.100.46" daemon [_thread_in_native, id=7880, stack(0x000000a942a00000,0x000000a942b00000) (1024K)]
  0x00000201f5a62430 JavaThread "Hibernate Connection Pool Validation Thread" daemon [_thread_blocked, id=3368, stack(0x000000a942d00000,0x000000a942e00000) (1024K)]
  0x00000201f5a63e70 JavaThread "Hibernate Connection Pool Validation Thread" daemon [_thread_blocked, id=16612, stack(0x000000a942c00000,0x000000a942d00000) (1024K)]
  0x00000201f5a64500 JavaThread "Hibernate Connection Pool Validation Thread" daemon [_thread_blocked, id=31460, stack(0x000000a942f00000,0x000000a943000000) (1024K)]
  0x00000201835e01b0 JavaThread "Hibernate Connection Pool Validation Thread" daemon [_thread_blocked, id=37752, stack(0x000000a942e00000,0x000000a942f00000) (1024K)]
  0x00000201835dd3c0 JavaThread "Hibernate Connection Pool Validation Thread" daemon [_thread_blocked, id=8832, stack(0x000000a943000000,0x000000a943100000) (1024K)]
  0x00000201835df490 JavaThread "Hibernate Connection Pool Validation Thread" daemon [_thread_blocked, id=24316, stack(0x000000a942b00000,0x000000a942c00000) (1024K)]
  0x00000201835dfb20 JavaThread "PrinterListener"            daemon [_thread_in_native, id=36224, stack(0x000000a943100000,0x000000a943200000) (1024K)]
  0x00000201835e1bf0 JavaThread "RemotePrinterListener"      daemon [_thread_in_native, id=38640, stack(0x000000a943200000,0x000000a943300000) (1024K)]
  0x00000201835e2280 JavaThread "Java2D Disposer"            daemon [_thread_blocked, id=13540, stack(0x000000a943300000,0x000000a943400000) (1024K)]
  0x00000201835e0ed0 JavaThread "Hibernate Connection Pool Validation Thread" daemon [_thread_blocked, id=39084, stack(0x000000a944750000,0x000000a944850000) (1024K)]
  0x00000201835e3cc0 JavaThread "Hibernate Connection Pool Validation Thread" daemon [_thread_blocked, id=37324, stack(0x000000a943750000,0x000000a943850000) (1024K)]
  0x00000201835e0840 JavaThread "Hibernate Connection Pool Validation Thread" daemon [_thread_blocked, id=21568, stack(0x000000a93ea00000,0x000000a93eb00000) (1024K)]
  0x00000201835e2fa0 JavaThread "Hibernate Connection Pool Validation Thread" daemon [_thread_blocked, id=37912, stack(0x000000a93eb00000,0x000000a93ec00000) (1024K)]
  0x00000201830400f0 JavaThread "Hibernate Connection Pool Validation Thread" daemon [_thread_blocked, id=17588, stack(0x000000a93e900000,0x000000a93ea00000) (1024K)]
  0x0000020183043c00 JavaThread "Hibernate Connection Pool Validation Thread" daemon [_thread_blocked, id=30448, stack(0x000000a940300000,0x000000a940400000) (1024K)]
  0x0000020183041b30 JavaThread "Hibernate Connection Pool Validation Thread" daemon [_thread_blocked, id=6252, stack(0x000000a943950000,0x000000a943a50000) (1024K)]
  0x00000201830421c0 JavaThread "Hibernate Connection Pool Validation Thread" daemon [_thread_blocked, id=29732, stack(0x000000a943d50000,0x000000a943e50000) (1024K)]
  0x0000020183042ee0 JavaThread "Hibernate Connection Pool Validation Thread" daemon [_thread_blocked, id=5840, stack(0x000000a944450000,0x000000a944550000) (1024K)]
  0x0000020183043570 JavaThread "Hibernate Connection Pool Validation Thread" daemon [_thread_blocked, id=38256, stack(0x000000a944350000,0x000000a944450000) (1024K)]
  0x0000020183044290 JavaThread "Hibernate Connection Pool Validation Thread" daemon [_thread_blocked, id=2188, stack(0x000000a943a50000,0x000000a943b50000) (1024K)]
  0x0000020183040e10 JavaThread "Hibernate Connection Pool Validation Thread" daemon [_thread_blocked, id=38620, stack(0x000000a944050000,0x000000a944150000) (1024K)]
  0x0000020183044920 JavaThread "Hibernate Connection Pool Validation Thread" daemon [_thread_blocked, id=29712, stack(0x000000a944250000,0x000000a944350000) (1024K)]
  0x00000201830414a0 JavaThread "SIGINT handler"             daemon [_thread_blocked, id=40464, stack(0x000000a944150000,0x000000a944250000) (1024K)]
  0x0000020183047080 JavaThread "AWT-Shutdown"                      [_thread_blocked, id=1996, stack(0x000000a944a50000,0x000000a944b50000) (1024K)]
Total: 48

Other Threads:
=>0x00000201af3ba190 VMThread "VM Thread"                           [id=6056, stack(0x000000a93f300000,0x000000a93f400000) (1024K)]
  0x000002018ff61190 WorkerThread "GC Thread#0"                     [id=24840, stack(0x000000a93ed00000,0x000000a93ee00000) (1024K)]
  0x00000201f5a75ef0 WorkerThread "GC Thread#1"                     [id=40528, stack(0x000000a940600000,0x000000a940700000) (1024K)]
  0x00000201f58a3190 WorkerThread "GC Thread#2"                     [id=26112, stack(0x000000a940700000,0x000000a940800000) (1024K)]
  0x00000201f5428ce0 WorkerThread "GC Thread#3"                     [id=20508, stack(0x000000a940800000,0x000000a940900000) (1024K)]
  0x00000201f5429090 WorkerThread "GC Thread#4"                     [id=2212, stack(0x000000a940900000,0x000000a940a00000) (1024K)]
  0x00000201f5429440 WorkerThread "GC Thread#5"                     [id=38440, stack(0x000000a940a00000,0x000000a940b00000) (1024K)]
  0x00000201f5c0fb00 WorkerThread "GC Thread#6"                     [id=32224, stack(0x000000a940b00000,0x000000a940c00000) (1024K)]
  0x00000201f5a36930 WorkerThread "GC Thread#7"                     [id=1200, stack(0x000000a940c00000,0x000000a940d00000) (1024K)]
  0x00000201f5a36ce0 WorkerThread "GC Thread#8"                     [id=33804, stack(0x000000a940d00000,0x000000a940e00000) (1024K)]
  0x00000201f5a33c80 WorkerThread "GC Thread#9"                     [id=39484, stack(0x000000a940e00000,0x000000a940f00000) (1024K)]
  0x000002018ff72530 ConcurrentGCThread "G1 Main Marker"            terminated
  0x000002018ff73d60 WorkerThread "G1 Conc#0"                       [id=13036, stack(0x000000a93ef00000,0x000000a93f000000) (1024K)]
  0x00000201f66732e0 WorkerThread "G1 Conc#1"                       [id=15516, stack(0x000000a942200000,0x000000a942300000) (1024K)]
  0x00000201f6673690 WorkerThread "G1 Conc#2"                       [id=22476, stack(0x000000a942300000,0x000000a942400000) (1024K)]
  0x000002018ffbe7c0 ConcurrentGCThread "G1 Refine#0"               terminated
  0x00000201af2705d0 ConcurrentGCThread "G1 Service"                terminated
Total: 17

Threads with active compile tasks:
Total: 0

VM state: at safepoint (shutting down)

VM Mutex/Monitor currently owned by a thread:  ([mutex/lock_event])
[0x00007ffe83a5af50] Threads_lock - owner thread: 0x00000201af3ba190
[0x00007ffe83a5b050] Heap_lock - owner thread: 0x00000201830414a0

Heap address: 0x0000000705c00000, size: 4004 MB, Compressed Oops mode: Zero based, Oop shift amount: 3

CDS archive(s) mapped at: [0x00000201b0000000-0x00000201b0c90000-0x00000201b0c90000), size 13172736, SharedBaseAddress: 0x00000201b0000000, ArchiveRelocationMode: 1.
Compressed class space mapped at: 0x00000201b1000000-0x00000201f1000000, reserved size: 1073741824
Narrow klass base: 0x00000201b0000000, Narrow klass shift: 0, Narrow klass range: 0x100000000

GC Precious Log:
 CardTable entry size: 512
 Card Set container configuration: InlinePtr #cards 4 size 8 Array Of Cards #cards 16 size 48 Howl #buckets 8 coarsen threshold 3686 Howl Bitmap #cards 512 size 80 coarsen threshold 460 Card regions per heap region 1 cards per card region 4096
 CPUs: 12 total, 12 available
 Memory: 16013M
 Large Page Support: Disabled
 NUMA Support: Disabled
 Compressed Oops: Enabled (Zero based)
 Heap Region Size: 2M
 Heap Min Capacity: 8M
 Heap Initial Capacity: 252M
 Heap Max Capacity: 4004M
 Pre-touch: Disabled
 Parallel Workers: 10
 Concurrent Workers: 3
 Concurrent Refinement Workers: 10
 Periodic GC: Disabled

Heap:
 garbage-first heap   total 153600K, used 86569K [0x0000000705c00000, 0x0000000800000000)
  region size 2048K, 13 young (26624K), 4 survivors (8192K)
 Metaspace       used 74918K, committed 75584K, reserved 1179648K
  class space    used 9794K, committed 10112K, reserved 1048576K

Heap Regions: E=young(eden), S=young(survivor), O=old, HS=humongous(starts), HC=humongous(continues), CS=collection set, F=free, TAMS=top-at-mark-start, PB=parsable bottom
|   0|0x0000000705c00000, 0x0000000705e00000, 0x0000000705e00000|100%| O|  |TAMS 0x0000000705c00000| PB 0x0000000705c00000| Untracked 
|   1|0x0000000705e00000, 0x0000000706000000, 0x0000000706000000|100%| O|  |TAMS 0x0000000705e00000| PB 0x0000000705e00000| Untracked 
|   2|0x0000000706000000, 0x0000000706200000, 0x0000000706200000|100%| O|  |TAMS 0x0000000706000000| PB 0x0000000706000000| Untracked 
|   3|0x0000000706200000, 0x0000000706400000, 0x0000000706400000|100%| O|  |TAMS 0x0000000706200000| PB 0x0000000706200000| Untracked 
|   4|0x0000000706400000, 0x0000000706600000, 0x0000000706600000|100%| O|  |TAMS 0x0000000706400000| PB 0x0000000706400000| Untracked 
|   5|0x0000000706600000, 0x0000000706800000, 0x0000000706800000|100%| O|  |TAMS 0x0000000706600000| PB 0x0000000706600000| Untracked 
|   6|0x0000000706800000, 0x0000000706a00000, 0x0000000706a00000|100%| O|  |TAMS 0x0000000706800000| PB 0x0000000706800000| Untracked 
|   7|0x0000000706a00000, 0x0000000706c00000, 0x0000000706c00000|100%| O|  |TAMS 0x0000000706a00000| PB 0x0000000706a00000| Untracked 
|   8|0x0000000706c00000, 0x0000000706e00000, 0x0000000706e00000|100%| O|  |TAMS 0x0000000706c00000| PB 0x0000000706c00000| Untracked 
|   9|0x0000000706e00000, 0x0000000707000000, 0x0000000707000000|100%| O|  |TAMS 0x0000000706e00000| PB 0x0000000706e00000| Untracked 
|  10|0x0000000707000000, 0x0000000707200000, 0x0000000707200000|100%| O|  |TAMS 0x0000000707000000| PB 0x0000000707000000| Untracked 
|  11|0x0000000707200000, 0x0000000707400000, 0x0000000707400000|100%| O|  |TAMS 0x0000000707200000| PB 0x0000000707200000| Untracked 
|  12|0x0000000707400000, 0x0000000707600000, 0x0000000707600000|100%| O|  |TAMS 0x0000000707400000| PB 0x0000000707400000| Untracked 
|  13|0x0000000707600000, 0x0000000707800000, 0x0000000707800000|100%|HS|  |TAMS 0x0000000707600000| PB 0x0000000707600000| Complete 
|  14|0x0000000707800000, 0x0000000707a00000, 0x0000000707a00000|100%|HS|  |TAMS 0x0000000707800000| PB 0x0000000707800000| Complete 
|  15|0x0000000707a00000, 0x0000000707c00000, 0x0000000707c00000|100%|HS|  |TAMS 0x0000000707a00000| PB 0x0000000707a00000| Complete 
|  16|0x0000000707c00000, 0x0000000707e00000, 0x0000000707e00000|100%|HS|  |TAMS 0x0000000707c00000| PB 0x0000000707c00000| Complete 
|  17|0x0000000707e00000, 0x0000000708000000, 0x0000000708000000|100%|HC|  |TAMS 0x0000000707e00000| PB 0x0000000707e00000| Complete 
|  18|0x0000000708000000, 0x0000000708200000, 0x0000000708200000|100%|HS|  |TAMS 0x0000000708000000| PB 0x0000000708000000| Complete 
|  19|0x0000000708200000, 0x0000000708400000, 0x0000000708400000|100%| O|  |TAMS 0x0000000708200000| PB 0x0000000708200000| Untracked 
|  20|0x0000000708400000, 0x0000000708600000, 0x0000000708600000|100%| O|  |TAMS 0x0000000708400000| PB 0x0000000708400000| Untracked 
|  21|0x0000000708600000, 0x0000000708800000, 0x0000000708800000|100%| O|  |TAMS 0x0000000708600000| PB 0x0000000708600000| Untracked 
|  22|0x0000000708800000, 0x0000000708800000, 0x0000000708a00000|  0%| F|  |TAMS 0x0000000708800000| PB 0x0000000708800000| Untracked 
|  23|0x0000000708a00000, 0x0000000708c00000, 0x0000000708c00000|100%| O|  |TAMS 0x0000000708a00000| PB 0x0000000708a00000| Untracked 
|  24|0x0000000708c00000, 0x0000000708e00000, 0x0000000708e00000|100%|HS|  |TAMS 0x0000000708c00000| PB 0x0000000708c00000| Complete 
|  25|0x0000000708e00000, 0x0000000709000000, 0x0000000709000000|100%| O|  |TAMS 0x0000000708e00000| PB 0x0000000708e00000| Untracked 
|  26|0x0000000709000000, 0x0000000709200000, 0x0000000709200000|100%| O|  |TAMS 0x0000000709000000| PB 0x0000000709000000| Untracked 
|  27|0x0000000709200000, 0x0000000709400000, 0x0000000709400000|100%| O|  |TAMS 0x0000000709200000| PB 0x0000000709200000| Untracked 
|  28|0x0000000709400000, 0x0000000709600000, 0x0000000709600000|100%| O|  |TAMS 0x0000000709400000| PB 0x0000000709400000| Untracked 
|  29|0x0000000709600000, 0x0000000709800000, 0x0000000709800000|100%| O|  |TAMS 0x0000000709600000| PB 0x0000000709600000| Untracked 
|  30|0x0000000709800000, 0x0000000709a00000, 0x0000000709a00000|100%| O|  |TAMS 0x0000000709800000| PB 0x0000000709800000| Untracked 
|  31|0x0000000709a00000, 0x0000000709adbff0, 0x0000000709c00000| 42%| O|  |TAMS 0x0000000709a00000| PB 0x0000000709a00000| Untracked 
|  32|0x0000000709c00000, 0x0000000709c00000, 0x0000000709e00000|  0%| F|  |TAMS 0x0000000709c00000| PB 0x0000000709c00000| Untracked 
|  33|0x0000000709e00000, 0x0000000709e00000, 0x000000070a000000|  0%| F|  |TAMS 0x0000000709e00000| PB 0x0000000709e00000| Untracked 
|  34|0x000000070a000000, 0x000000070a000000, 0x000000070a200000|  0%| F|  |TAMS 0x000000070a000000| PB 0x000000070a000000| Untracked 
|  35|0x000000070a200000, 0x000000070a200000, 0x000000070a400000|  0%| F|  |TAMS 0x000000070a200000| PB 0x000000070a200000| Untracked 
|  36|0x000000070a400000, 0x000000070a400000, 0x000000070a600000|  0%| F|  |TAMS 0x000000070a400000| PB 0x000000070a400000| Untracked 
|  37|0x000000070a600000, 0x000000070a7ae5a0, 0x000000070a800000| 84%| S|CS|TAMS 0x000000070a600000| PB 0x000000070a600000| Complete 
|  38|0x000000070a800000, 0x000000070aa00000, 0x000000070aa00000|100%| S|CS|TAMS 0x000000070a800000| PB 0x000000070a800000| Complete 
|  39|0x000000070aa00000, 0x000000070ac00000, 0x000000070ac00000|100%| S|CS|TAMS 0x000000070aa00000| PB 0x000000070aa00000| Complete 
|  40|0x000000070ac00000, 0x000000070ac00000, 0x000000070ae00000|  0%| F|  |TAMS 0x000000070ac00000| PB 0x000000070ac00000| Untracked 
|  41|0x000000070ae00000, 0x000000070ae00000, 0x000000070b000000|  0%| F|  |TAMS 0x000000070ae00000| PB 0x000000070ae00000| Untracked 
|  42|0x000000070b000000, 0x000000070b000000, 0x000000070b200000|  0%| F|  |TAMS 0x000000070b000000| PB 0x000000070b000000| Untracked 
|  43|0x000000070b200000, 0x000000070b400000, 0x000000070b400000|100%| S|CS|TAMS 0x000000070b200000| PB 0x000000070b200000| Complete 
|  44|0x000000070b400000, 0x000000070b400000, 0x000000070b600000|  0%| F|  |TAMS 0x000000070b400000| PB 0x000000070b400000| Untracked 
|  45|0x000000070b600000, 0x000000070b600000, 0x000000070b800000|  0%| F|  |TAMS 0x000000070b600000| PB 0x000000070b600000| Untracked 
|  46|0x000000070b800000, 0x000000070b800000, 0x000000070ba00000|  0%| F|  |TAMS 0x000000070b800000| PB 0x000000070b800000| Untracked 
|  47|0x000000070ba00000, 0x000000070ba00000, 0x000000070bc00000|  0%| F|  |TAMS 0x000000070ba00000| PB 0x000000070ba00000| Untracked 
|  48|0x000000070bc00000, 0x000000070bc00000, 0x000000070be00000|  0%| F|  |TAMS 0x000000070bc00000| PB 0x000000070bc00000| Untracked 
|  49|0x000000070be00000, 0x000000070be00000, 0x000000070c000000|  0%| F|  |TAMS 0x000000070be00000| PB 0x000000070be00000| Untracked 
|  50|0x000000070c000000, 0x000000070c000000, 0x000000070c200000|  0%| F|  |TAMS 0x000000070c000000| PB 0x000000070c000000| Untracked 
|  51|0x000000070c200000, 0x000000070c200000, 0x000000070c400000|  0%| F|  |TAMS 0x000000070c200000| PB 0x000000070c200000| Untracked 
|  52|0x000000070c400000, 0x000000070c400000, 0x000000070c600000|  0%| F|  |TAMS 0x000000070c400000| PB 0x000000070c400000| Untracked 
|  53|0x000000070c600000, 0x000000070c600000, 0x000000070c800000|  0%| F|  |TAMS 0x000000070c600000| PB 0x000000070c600000| Untracked 
|  54|0x000000070c800000, 0x000000070c800000, 0x000000070ca00000|  0%| F|  |TAMS 0x000000070c800000| PB 0x000000070c800000| Untracked 
|  55|0x000000070ca00000, 0x000000070ca00000, 0x000000070cc00000|  0%| F|  |TAMS 0x000000070ca00000| PB 0x000000070ca00000| Untracked 
|  56|0x000000070cc00000, 0x000000070cc00000, 0x000000070ce00000|  0%| F|  |TAMS 0x000000070cc00000| PB 0x000000070cc00000| Untracked 
|  57|0x000000070ce00000, 0x000000070ce00000, 0x000000070d000000|  0%| F|  |TAMS 0x000000070ce00000| PB 0x000000070ce00000| Untracked 
|  58|0x000000070d000000, 0x000000070d000000, 0x000000070d200000|  0%| F|  |TAMS 0x000000070d000000| PB 0x000000070d000000| Untracked 
|  59|0x000000070d200000, 0x000000070d200000, 0x000000070d400000|  0%| F|  |TAMS 0x000000070d200000| PB 0x000000070d200000| Untracked 
|  60|0x000000070d400000, 0x000000070d400000, 0x000000070d600000|  0%| F|  |TAMS 0x000000070d400000| PB 0x000000070d400000| Untracked 
|  61|0x000000070d600000, 0x000000070d600000, 0x000000070d800000|  0%| F|  |TAMS 0x000000070d600000| PB 0x000000070d600000| Untracked 
|  62|0x000000070d800000, 0x000000070d800000, 0x000000070da00000|  0%| F|  |TAMS 0x000000070d800000| PB 0x000000070d800000| Untracked 
|  63|0x000000070da00000, 0x000000070da00000, 0x000000070dc00000|  0%| F|  |TAMS 0x000000070da00000| PB 0x000000070da00000| Untracked 
|  64|0x000000070dc00000, 0x000000070dc00000, 0x000000070de00000|  0%| F|  |TAMS 0x000000070dc00000| PB 0x000000070dc00000| Untracked 
|  65|0x000000070de00000, 0x000000070de00000, 0x000000070e000000|  0%| F|  |TAMS 0x000000070de00000| PB 0x000000070de00000| Untracked 
|  66|0x000000070e000000, 0x000000070e1b6248, 0x000000070e200000| 85%| E|  |TAMS 0x000000070e000000| PB 0x000000070e000000| Complete 
|  67|0x000000070e200000, 0x000000070e400000, 0x000000070e400000|100%| E|CS|TAMS 0x000000070e200000| PB 0x000000070e200000| Complete 
|  68|0x000000070e400000, 0x000000070e600000, 0x000000070e600000|100%| E|CS|TAMS 0x000000070e400000| PB 0x000000070e400000| Complete 
|  69|0x000000070e600000, 0x000000070e800000, 0x000000070e800000|100%| E|CS|TAMS 0x000000070e600000| PB 0x000000070e600000| Complete 
|  70|0x000000070e800000, 0x000000070ea00000, 0x000000070ea00000|100%| E|CS|TAMS 0x000000070e800000| PB 0x000000070e800000| Complete 
| 119|0x0000000714a00000, 0x0000000714c00000, 0x0000000714c00000|100%| E|CS|TAMS 0x0000000714a00000| PB 0x0000000714a00000| Complete 
| 120|0x0000000714c00000, 0x0000000714e00000, 0x0000000714e00000|100%| E|CS|TAMS 0x0000000714c00000| PB 0x0000000714c00000| Complete 
| 121|0x0000000714e00000, 0x0000000715000000, 0x0000000715000000|100%| E|CS|TAMS 0x0000000714e00000| PB 0x0000000714e00000| Complete 
| 125|0x0000000715600000, 0x0000000715800000, 0x0000000715800000|100%| E|CS|TAMS 0x0000000715600000| PB 0x0000000715600000| Complete 

Card table byte_map: [0x00000201a80e0000,0x00000201a88c0000] _byte_map_base: 0x00000201a48b2000

Marking Bits: (CMBitMap*) 0x000002018ff620b0
 Bits: [0x00000201a88c0000, 0x00000201ac750000)

Polling page: 0x000002018de60000

Metaspace:

Usage:
  Non-class:     63.60 MB used.
      Class:      9.56 MB used.
       Both:     73.16 MB used.

Virtual space:
  Non-class space:      128.00 MB reserved,      63.94 MB ( 50%) committed,  2 nodes.
      Class space:        1.00 GB reserved,       9.88 MB ( <1%) committed,  1 nodes.
             Both:        1.12 GB reserved,      73.81 MB (  6%) committed. 

Chunk freelists:
   Non-Class:  15.66 MB
       Class:  6.14 MB
        Both:  21.80 MB

MaxMetaspaceSize: unlimited
CompressedClassSpaceSize: 1.00 GB
Initial GC threshold: 21.00 MB
Current GC threshold: 120.44 MB
CDS: on
 - commit_granule_bytes: 65536.
 - commit_granule_words: 8192.
 - virtual_space_node_default_size: 8388608.
 - enlarge_chunks_in_place: 1.
 - use_allocation_guard: 0.


Internal statistics:

num_allocs_failed_limit: 9.
num_arena_births: 958.
num_arena_deaths: 24.
num_vsnodes_births: 3.
num_vsnodes_deaths: 0.
num_space_committed: 1181.
num_space_uncommitted: 0.
num_chunks_returned_to_freelist: 35.
num_chunks_taken_from_freelist: 3346.
num_chunk_merges: 6.
num_chunk_splits: 2276.
num_chunks_enlarged: 1696.
num_inconsistent_stats: 0.

CodeHeap 'non-profiled nmethods': size=120000Kb used=10151Kb max_used=10151Kb free=109848Kb
 bounds [0x000002019fe80000, 0x00000201a0870000, 0x00000201a73b0000]
CodeHeap 'profiled nmethods': size=120000Kb used=30973Kb max_used=30973Kb free=89027Kb
 bounds [0x00000201983b0000, 0x000002019a1f0000, 0x000002019f8e0000]
CodeHeap 'non-nmethods': size=5760Kb used=2267Kb max_used=2318Kb free=3492Kb
 bounds [0x000002019f8e0000, 0x000002019fb50000, 0x000002019fe80000]
 total_blobs=15392 nmethods=14220 adapters=1073
 compilation: enabled
              stopped_count=0, restarted_count=0
 full_count=0

Compilation events (20 events):
Event: 187.217 Thread 0x00000201af3fab00 15046       3       com.sun.jmx.mbeanserver.MXBeanIntrospector::invokeM2 (12 bytes)
Event: 187.217 Thread 0x00000201af3fab00 nmethod 15046 0x000002019a1e8490 code [0x000002019a1e8640, 0x000002019a1e8880]
Event: 187.217 Thread 0x00000201af3fab00 15047   !   3       com.sun.jmx.mbeanserver.ConvertingMethod::invokeWithOpenReturn (35 bytes)
Event: 187.218 Thread 0x00000201af3fab00 nmethod 15047 0x000002019a1e8990 code [0x000002019a1e8c60, 0x000002019a1e9d18]
Event: 187.218 Thread 0x00000201af3fab00 15048       3       com.sun.jmx.mbeanserver.MXBeanLookup::getLookup (10 bytes)
Event: 187.219 Thread 0x00000201af3fab00 nmethod 15048 0x000002019a1ea310 code [0x000002019a1ea4c0, 0x000002019a1ea7d0]
Event: 187.219 Thread 0x00000201af3fab00 15049   !   3       com.sun.jmx.mbeanserver.ConvertingMethod::invokeWithOpenReturn (90 bytes)
Event: 187.221 Thread 0x00000201af3fab00 nmethod 15049 0x000002019a1ea890 code [0x000002019a1eab80, 0x000002019a1eb8f0]
Event: 187.221 Thread 0x00000201af3fab00 15050       3       com.sun.jmx.mbeanserver.ConvertingMethod::fromOpenParameters (50 bytes)
Event: 187.221 Thread 0x00000201af3fab00 nmethod 15050 0x000002019a1ebf10 code [0x000002019a1ec100, 0x000002019a1ec770]
Event: 190.536 Thread 0x00000201af3fab00 15051       3       java.util.logging.Logger::getHandlers (5 bytes)
Event: 190.536 Thread 0x00000201af3fab00 nmethod 15051 0x000002019a1ec990 code [0x000002019a1ecb40, 0x000002019a1ecd08]
Event: 190.537 Thread 0x00000201af3fab00 15052       3       java.util.logging.Logger::accessCheckedHandlers (17 bytes)
Event: 190.537 Thread 0x00000201af3fab00 nmethod 15052 0x000002019a1ecd90 code [0x000002019a1ecf40, 0x000002019a1ed218]
Event: 190.537 Thread 0x00000201af3fab00 15053       3       java.util.concurrent.CopyOnWriteArrayList::toArray (44 bytes)
Event: 190.538 Thread 0x00000201af3fab00 nmethod 15053 0x000002019a1ed310 code [0x000002019a1ed500, 0x000002019a1eda88]
Event: 190.538 Thread 0x00000201af3fab00 15054       3       java.util.logging.Logger::updateEffectiveLevel (126 bytes)
Event: 190.540 Thread 0x00000201af3fab00 nmethod 15054 0x000002019a1edc10 code [0x000002019a1ede60, 0x000002019a1ee990]
Event: 190.540 Thread 0x00000201af3fab00 15055       3       java.util.LinkedList::unlink (91 bytes)
Event: 190.540 Thread 0x00000201af3fab00 nmethod 15055 0x000002019a1eed10 code [0x000002019a1eeee0, 0x000002019a1ef2f0]

GC Heap History (20 events):
Event: 5.241 GC heap before
{Heap before GC invocations=9 (full 0):
 garbage-first heap   total 49152K, used 38989K [0x0000000705c00000, 0x0000000800000000)
  region size 2048K, 13 young (26624K), 2 survivors (4096K)
 Metaspace       used 48989K, committed 49536K, reserved 1114112K
  class space    used 6801K, committed 7040K, reserved 1048576K
}
Event: 5.248 GC heap after
{Heap after GC invocations=10 (full 0):
 garbage-first heap   total 49152K, used 17524K [0x0000000705c00000, 0x0000000800000000)
  region size 2048K, 2 young (4096K), 2 survivors (4096K)
 Metaspace       used 48989K, committed 49536K, reserved 1114112K
  class space    used 6801K, committed 7040K, reserved 1048576K
}
Event: 14.057 GC heap before
{Heap before GC invocations=10 (full 0):
 garbage-first heap   total 49152K, used 42100K [0x0000000705c00000, 0x0000000800000000)
  region size 2048K, 13 young (26624K), 2 survivors (4096K)
 Metaspace       used 55900K, committed 56512K, reserved 1114112K
  class space    used 7766K, committed 8064K, reserved 1048576K
}
Event: 14.062 GC heap after
{Heap after GC invocations=11 (full 0):
 garbage-first heap   total 49152K, used 21779K [0x0000000705c00000, 0x0000000800000000)
  region size 2048K, 2 young (4096K), 2 survivors (4096K)
 Metaspace       used 55900K, committed 56512K, reserved 1114112K
  class space    used 7766K, committed 8064K, reserved 1048576K
}
Event: 14.745 GC heap before
{Heap before GC invocations=11 (full 0):
 garbage-first heap   total 49152K, used 40211K [0x0000000705c00000, 0x0000000800000000)
  region size 2048K, 11 young (22528K), 2 survivors (4096K)
 Metaspace       used 57872K, committed 58368K, reserved 1114112K
  class space    used 8009K, committed 8256K, reserved 1048576K
}
Event: 14.750 GC heap after
{Heap after GC invocations=12 (full 0):
 garbage-first heap   total 49152K, used 23473K [0x0000000705c00000, 0x0000000800000000)
  region size 2048K, 1 young (2048K), 1 survivors (2048K)
 Metaspace       used 57872K, committed 58368K, reserved 1114112K
  class space    used 8009K, committed 8256K, reserved 1048576K
}
Event: 15.030 GC heap before
{Heap before GC invocations=12 (full 0):
 garbage-first heap   total 49152K, used 41905K [0x0000000705c00000, 0x0000000800000000)
  region size 2048K, 10 young (20480K), 1 survivors (2048K)
 Metaspace       used 58664K, committed 59200K, reserved 1114112K
  class space    used 8106K, committed 8384K, reserved 1048576K
}
Event: 15.033 GC heap after
{Heap after GC invocations=13 (full 0):
 garbage-first heap   total 49152K, used 24120K [0x0000000705c00000, 0x0000000800000000)
  region size 2048K, 2 young (4096K), 2 survivors (4096K)
 Metaspace       used 58664K, committed 59200K, reserved 1114112K
  class space    used 8106K, committed 8384K, reserved 1048576K
}
Event: 17.002 GC heap before
{Heap before GC invocations=14 (full 0):
 garbage-first heap   total 49152K, used 36408K [0x0000000705c00000, 0x0000000800000000)
  region size 2048K, 9 young (18432K), 2 survivors (4096K)
 Metaspace       used 59370K, committed 59904K, reserved 1114112K
  class space    used 8209K, committed 8448K, reserved 1048576K
}
Event: 17.007 GC heap after
{Heap after GC invocations=15 (full 0):
 garbage-first heap   total 153600K, used 26964K [0x0000000705c00000, 0x0000000800000000)
  region size 2048K, 2 young (4096K), 2 survivors (4096K)
 Metaspace       used 59370K, committed 59904K, reserved 1114112K
  class space    used 8209K, committed 8448K, reserved 1048576K
}
Event: 41.508 GC heap before
{Heap before GC invocations=15 (full 0):
 garbage-first heap   total 153600K, used 112980K [0x0000000705c00000, 0x0000000800000000)
  region size 2048K, 44 young (90112K), 2 survivors (4096K)
 Metaspace       used 63791K, committed 64320K, reserved 1114112K
  class space    used 8686K, committed 8960K, reserved 1048576K
}
Event: 41.519 GC heap after
{Heap after GC invocations=16 (full 0):
 garbage-first heap   total 153600K, used 33370K [0x0000000705c00000, 0x0000000800000000)
  region size 2048K, 6 young (12288K), 6 survivors (12288K)
 Metaspace       used 63791K, committed 64320K, reserved 1114112K
  class space    used 8686K, committed 8960K, reserved 1048576K
}
Event: 97.009 GC heap before
{Heap before GC invocations=16 (full 0):
 garbage-first heap   total 153600K, used 127578K [0x0000000705c00000, 0x0000000800000000)
  region size 2048K, 45 young (92160K), 6 survivors (12288K)
 Metaspace       used 71237K, committed 71872K, reserved 1114112K
  class space    used 9406K, committed 9728K, reserved 1048576K
}
Event: 97.020 GC heap after
{Heap after GC invocations=17 (full 0):
 garbage-first heap   total 153600K, used 54824K [0x0000000705c00000, 0x0000000800000000)
  region size 2048K, 4 young (8192K), 4 survivors (8192K)
 Metaspace       used 71237K, committed 71872K, reserved 1114112K
  class space    used 9406K, committed 9728K, reserved 1048576K
}
Event: 101.796 GC heap before
{Heap before GC invocations=17 (full 0):
 garbage-first heap   total 153600K, used 130600K [0x0000000705c00000, 0x0000000800000000)
  region size 2048K, 40 young (81920K), 4 survivors (8192K)
 Metaspace       used 73322K, committed 73984K, reserved 1114112K
  class space    used 9663K, committed 9984K, reserved 1048576K
}
Event: 101.807 GC heap after
{Heap after GC invocations=18 (full 0):
 garbage-first heap   total 153600K, used 64445K [0x0000000705c00000, 0x0000000800000000)
  region size 2048K, 5 young (10240K), 5 survivors (10240K)
 Metaspace       used 73322K, committed 73984K, reserved 1114112K
  class space    used 9663K, committed 9984K, reserved 1048576K
}
Event: 104.349 GC heap before
{Heap before GC invocations=19 (full 0):
 garbage-first heap   total 153600K, used 127933K [0x0000000705c00000, 0x0000000800000000)
  region size 2048K, 37 young (75776K), 5 survivors (10240K)
 Metaspace       used 74065K, committed 74752K, reserved 1114112K
  class space    used 9734K, committed 10048K, reserved 1048576K
}
Event: 104.362 GC heap after
{Heap after GC invocations=20 (full 0):
 garbage-first heap   total 153600K, used 67761K [0x0000000705c00000, 0x0000000800000000)
  region size 2048K, 3 young (6144K), 3 survivors (6144K)
 Metaspace       used 74065K, committed 74752K, reserved 1114112K
  class space    used 9734K, committed 10048K, reserved 1048576K
}
Event: 179.787 GC heap before
{Heap before GC invocations=20 (full 0):
 garbage-first heap   total 153600K, used 131249K [0x0000000705c00000, 0x0000000800000000)
  region size 2048K, 34 young (69632K), 3 survivors (6144K)
 Metaspace       used 74748K, committed 75392K, reserved 1179648K
  class space    used 9780K, committed 10112K, reserved 1048576K
}
Event: 179.793 GC heap after
{Heap after GC invocations=21 (full 0):
 garbage-first heap   total 153600K, used 70185K [0x0000000705c00000, 0x0000000800000000)
  region size 2048K, 4 young (8192K), 4 survivors (8192K)
 Metaspace       used 74748K, committed 75392K, reserved 1179648K
  class space    used 9780K, committed 10112K, reserved 1048576K
}

Dll operation events (20 events):
Event: 0.699 Loaded shared library C:\Users\oc_vh\.openjfx\cache\21.0.2+5\amd64\api-ms-win-crt-runtime-l1-1-0.dll
Event: 0.706 Loaded shared library C:\Users\oc_vh\.openjfx\cache\21.0.2+5\amd64\api-ms-win-crt-stdio-l1-1-0.dll
Event: 0.714 Loaded shared library C:\Users\oc_vh\.openjfx\cache\21.0.2+5\amd64\api-ms-win-crt-string-l1-1-0.dll
Event: 0.719 Loaded shared library C:\Users\oc_vh\.openjfx\cache\21.0.2+5\amd64\api-ms-win-crt-time-l1-1-0.dll
Event: 0.725 Loaded shared library C:\Users\oc_vh\.openjfx\cache\21.0.2+5\amd64\api-ms-win-crt-utility-l1-1-0.dll
Event: 0.745 Loaded shared library C:\Users\oc_vh\.openjfx\cache\21.0.2+5\amd64\ucrtbase.dll
Event: 0.750 Loaded shared library C:\Users\oc_vh\.openjfx\cache\21.0.2+5\amd64\vcruntime140.dll
Event: 0.755 Loaded shared library C:\Users\oc_vh\.openjfx\cache\21.0.2+5\amd64\vcruntime140_1.dll
Event: 0.767 Loaded shared library C:\Users\oc_vh\.openjfx\cache\21.0.2+5\amd64\msvcp140.dll
Event: 0.773 Loaded shared library C:\Users\oc_vh\.openjfx\cache\21.0.2+5\amd64\msvcp140_1.dll
Event: 0.781 Loaded shared library C:\Users\oc_vh\.openjfx\cache\21.0.2+5\amd64\msvcp140_2.dll
Event: 0.856 Loaded shared library C:\Users\oc_vh\.openjfx\cache\21.0.2+5\amd64\prism_d3d.dll
Event: 0.988 Loaded shared library C:\Users\oc_vh\.openjfx\cache\21.0.2+5\amd64\glass.dll
Event: 1.365 Loaded shared library C:\Users\oc_vh\.openjfx\cache\21.0.2+5\amd64\javafx_font.dll
Event: 2.616 Loaded shared library C:\Program Files\Java\jdk-21.0.11\bin\sunmscapi.dll
Event: 3.438 Loaded shared library C:\Program Files\Java\jdk-21.0.11\bin\verify.dll
Event: 48.748 Loaded shared library C:\Program Files\Java\jdk-21.0.11\bin\awt.dll
Event: 48.775 Loaded shared library C:\Users\oc_vh\.openjfx\cache\21.0.2+5\amd64\prism_common.dll
Event: 48.828 Loaded shared library C:\Program Files\Java\jdk-21.0.11\bin\freetype.dll
Event: 48.829 Loaded shared library C:\Program Files\Java\jdk-21.0.11\bin\fontmanager.dll

Deoptimization events (20 events):
Event: 180.979 Thread 0x00000201f5a5e290 Uncommon trap: trap_request=0xffffffd6 fr.pc=0x00000201a07ba37c relative=0x00000000000003fc
Event: 180.979 Thread 0x00000201f5a5e290 Uncommon trap: reason=array_check action=maybe_recompile pc=0x00000201a07ba37c method=java.util.AbstractCollection.toArray([Ljava/lang/Object;)[Ljava/lang/Object; @ 116 c2
Event: 180.979 Thread 0x00000201f5a5e290 DEOPT PACKING pc=0x00000201a07ba37c sp=0x000000a9410f6d00
Event: 180.979 Thread 0x00000201f5a5e290 DEOPT UNPACKING pc=0x000002019f9346a2 sp=0x000000a9410f6bc8 mode 2
Event: 180.979 Thread 0x00000201f5a5e290 Uncommon trap: trap_request=0xffffffd6 fr.pc=0x00000201a07ba37c relative=0x00000000000003fc
Event: 180.979 Thread 0x00000201f5a5e290 Uncommon trap: reason=array_check action=maybe_recompile pc=0x00000201a07ba37c method=java.util.AbstractCollection.toArray([Ljava/lang/Object;)[Ljava/lang/Object; @ 116 c2
Event: 180.979 Thread 0x00000201f5a5e290 DEOPT PACKING pc=0x00000201a07ba37c sp=0x000000a9410f6bf0
Event: 180.980 Thread 0x00000201f5a5e290 DEOPT UNPACKING pc=0x000002019f9346a2 sp=0x000000a9410f6ab8 mode 2
Event: 180.980 Thread 0x00000201f5a5e290 Uncommon trap: trap_request=0xffffffd6 fr.pc=0x00000201a07ba37c relative=0x00000000000003fc
Event: 180.980 Thread 0x00000201f5a5e290 Uncommon trap: reason=array_check action=maybe_recompile pc=0x00000201a07ba37c method=java.util.AbstractCollection.toArray([Ljava/lang/Object;)[Ljava/lang/Object; @ 116 c2
Event: 180.980 Thread 0x00000201f5a5e290 DEOPT PACKING pc=0x00000201a07ba37c sp=0x000000a9410f6a30
Event: 180.980 Thread 0x00000201f5a5e290 DEOPT UNPACKING pc=0x000002019f9346a2 sp=0x000000a9410f68f8 mode 2
Event: 181.212 Thread 0x00000201f5a5e290 Uncommon trap: trap_request=0xffffff45 fr.pc=0x00000201a058570c relative=0x0000000000000e6c
Event: 181.212 Thread 0x00000201f5a5e290 Uncommon trap: reason=unstable_if action=reinterpret pc=0x00000201a058570c method=javafx.scene.Parent.getOrderedChildren()Ljava/util/List; @ 7 c2
Event: 181.212 Thread 0x00000201f5a5e290 DEOPT PACKING pc=0x00000201a058570c sp=0x000000a9410f7e30
Event: 181.212 Thread 0x00000201f5a5e290 DEOPT UNPACKING pc=0x000002019f9346a2 sp=0x000000a9410f7ba0 mode 2
Event: 181.212 Thread 0x00000201f5a5e290 Uncommon trap: trap_request=0xffffff45 fr.pc=0x00000201a0397d1c relative=0x00000000000000dc
Event: 181.212 Thread 0x00000201f5a5e290 Uncommon trap: reason=unstable_if action=reinterpret pc=0x00000201a0397d1c method=javafx.scene.Parent.getOrderedChildren()Ljava/util/List; @ 7 c2
Event: 181.212 Thread 0x00000201f5a5e290 DEOPT PACKING pc=0x00000201a0397d1c sp=0x000000a9410f7980
Event: 181.212 Thread 0x00000201f5a5e290 DEOPT UNPACKING pc=0x000002019f9346a2 sp=0x000000a9410f7918 mode 2

Classes loaded (20 events):
Event: 55.707 Loading class sun/java2d/Spans$SpanIntersection
Event: 55.707 Loading class sun/java2d/Spans$SpanIntersection done
Event: 55.808 Loading class java/awt/geom/Path2D$Float$CopyIterator
Event: 55.808 Loading class java/awt/geom/Path2D$Float$CopyIterator done
Event: 55.810 Loading class java/awt/geom/Path2D$Float$TxIterator
Event: 55.810 Loading class java/awt/geom/Path2D$Float$TxIterator done
Event: 78.808 Loading class javax/print/attribute/standard/DialogOwner$Accessor
Event: 78.808 Loading class sun/print/DialogOwnerAccessor
Event: 78.818 Loading class sun/print/DialogOwnerAccessor done
Event: 78.818 Loading class javax/print/attribute/standard/DialogOwner$Accessor done
Event: 103.140 Loading class java/time/format/FormatStyle
Event: 103.140 Loading class java/time/format/FormatStyle done
Event: 103.205 Loading class java/lang/invoke/MethodHandleImpl$CountingWrapper$1
Event: 103.205 Loading class java/lang/invoke/MethodHandleImpl$CountingWrapper$1 done
Event: 103.623 Loading class java/time/format/DateTimeFormatterBuilder$LocalizedPrinterParser
Event: 103.623 Loading class java/time/format/DateTimeFormatterBuilder$LocalizedPrinterParser done
Event: 103.624 Loading class sun/util/locale/provider/JavaTimeDateTimePatternImpl
Event: 103.624 Loading class sun/util/locale/provider/JavaTimeDateTimePatternImpl done
Event: 190.530 Loading class jdk/internal/misc/Signal$1
Event: 190.531 Loading class jdk/internal/misc/Signal$1 done

Classes unloaded (12 events):
Event: 2.237 Thread 0x00000201af3ba190 Unloading class 0x00000201b1018400 'java/lang/invoke/LambdaForm$MH+0x00000201b1018400'
Event: 2.237 Thread 0x00000201af3ba190 Unloading class 0x00000201b1017c00 'java/lang/invoke/LambdaForm$MH+0x00000201b1017c00'
Event: 2.237 Thread 0x00000201af3ba190 Unloading class 0x00000201b1017400 'java/lang/invoke/LambdaForm$MH+0x00000201b1017400'
Event: 2.237 Thread 0x00000201af3ba190 Unloading class 0x00000201b1016c00 'java/lang/invoke/LambdaForm$MH+0x00000201b1016c00'
Event: 2.237 Thread 0x00000201af3ba190 Unloading class 0x00000201b1016400 'java/lang/invoke/LambdaForm$MH+0x00000201b1016400'
Event: 2.237 Thread 0x00000201af3ba190 Unloading class 0x00000201b1015c00 'java/lang/invoke/LambdaForm$MH+0x00000201b1015c00'
Event: 2.237 Thread 0x00000201af3ba190 Unloading class 0x00000201b1015400 'java/lang/invoke/LambdaForm$MH+0x00000201b1015400'
Event: 2.237 Thread 0x00000201af3ba190 Unloading class 0x00000201b1014c00 'java/lang/invoke/LambdaForm$MH+0x00000201b1014c00'
Event: 2.237 Thread 0x00000201af3ba190 Unloading class 0x00000201b1014400 'java/lang/invoke/LambdaForm$MH+0x00000201b1014400'
Event: 2.237 Thread 0x00000201af3ba190 Unloading class 0x00000201b1013c00 'java/lang/invoke/LambdaForm$MH+0x00000201b1013c00'
Event: 2.237 Thread 0x00000201af3ba190 Unloading class 0x00000201b1013400 'java/lang/invoke/LambdaForm$MH+0x00000201b1013400'
Event: 2.237 Thread 0x00000201af3ba190 Unloading class 0x00000201b1012c00 'java/lang/invoke/LambdaForm$MH+0x00000201b1012c00'

Classes redefined (0 events):
No events

Internal exceptions (20 events):
Event: 48.743 Thread 0x00000201f5a5e290 Exception <a 'java/lang/ClassNotFoundException'{0x000000070e261d10}: sun/awt/resources/spi/awtProvider> (0x000000070e261d10) 
thrown [s\open\src\hotspot\share\classfile\systemDictionary.cpp, line 313]
Event: 48.749 Thread 0x00000201f5a5e290 Exception <a 'java/io/FileNotFoundException'{0x000000070e265418}> (0x000000070e265418) 
thrown [s\open\src\hotspot\share\prims\jni.cpp, line 520]
Event: 48.750 Thread 0x00000201f5a5e290 Exception <a 'java/io/FileNotFoundException'{0x000000070e2671b8}> (0x000000070e2671b8) 
thrown [s\open\src\hotspot\share\prims\jni.cpp, line 520]
Event: 78.808 Thread 0x00000201f5a5e290 Exception <a 'java/lang/NoSuchMethodError'{0x000000070bfd3d60}: 'java.lang.Object java.lang.invoke.DirectMethodHandle$Holder.newInvokeSpecial(java.lang.Object, long)'> (0x000000070bfd3d60) 
thrown [s\open\src\hotspot\share\interpreter\linkResolver.cpp, line 773]
Event: 78.818 Thread 0x00000201f5a5e290 Exception <a 'java/lang/NoSuchMethodError'{0x000000070bfd88a0}: 'void java.lang.invoke.DirectMethodHandle$Holder.invokeStatic(java.lang.Object, java.lang.Object, int)'> (0x000000070bfd88a0) 
thrown [s\open\src\hotspot\share\interpreter\linkResolver.cpp, line 773]
Event: 98.596 Thread 0x00000201f5a5e290 Implicit null exception at 0x00000201a0677641 to 0x00000201a0677aa4
Event: 98.613 Thread 0x00000201f5a5e290 Implicit null exception at 0x00000201a0678a4a to 0x00000201a0678f18
Event: 99.526 Thread 0x00000201f5a5e290 Implicit null exception at 0x00000201a067bdca to 0x00000201a067c298
Event: 99.538 Thread 0x00000201f5a5e290 Implicit null exception at 0x00000201a069e84a to 0x00000201a069ed18
Event: 99.552 Thread 0x00000201f5a5e290 Implicit null exception at 0x00000201a069fcca to 0x00000201a06a0198
Event: 99.790 Thread 0x00000201f5a5e290 Exception <a 'java/lang/NoSuchMethodError'{0x000000070cd26c90}: 'double java.lang.invoke.DirectMethodHandle$Holder.invokeVirtual(java.lang.Object, java.lang.Object)'> (0x000000070cd26c90) 
thrown [s\open\src\hotspot\share\interpreter\linkResolver.cpp, line 773]
Event: 100.795 Thread 0x00000201f5a5e290 Implicit null exception at 0x00000201a0699059 to 0x00000201a06991ec
Event: 100.855 Thread 0x00000201f5a5e290 Implicit null exception at 0x00000201a06a28ca to 0x00000201a06a2d98
Event: 102.000 Thread 0x00000201f5a5e290 Implicit null exception at 0x00000201a06d34d9 to 0x00000201a06d6338
Event: 102.001 Thread 0x00000201f5a5e290 Implicit null exception at 0x00000201a01eac88 to 0x00000201a01eb510
Event: 102.021 Thread 0x00000201f5a5e290 Exception <a 'java/io/FileNotFoundException'{0x000000070e9d37d0}> (0x000000070e9d37d0) 
thrown [s\open\src\hotspot\share\prims\jni.cpp, line 520]
Event: 102.021 Thread 0x00000201f5a5e290 Exception <a 'java/io/FileNotFoundException'{0x000000070e9d4e70}> (0x000000070e9d4e70) 
thrown [s\open\src\hotspot\share\prims\jni.cpp, line 520]
Event: 102.021 Thread 0x00000201f5a5e290 Exception <a 'java/io/FileNotFoundException'{0x000000070e9d6278}> (0x000000070e9d6278) 
thrown [s\open\src\hotspot\share\prims\jni.cpp, line 520]
Event: 102.021 Thread 0x00000201f5a5e290 Exception <a 'java/io/FileNotFoundException'{0x000000070e9d7918}> (0x000000070e9d7918) 
thrown [s\open\src\hotspot\share\prims\jni.cpp, line 520]
Event: 103.205 Thread 0x00000201f5a5e290 Exception <a 'java/lang/NoSuchMethodError'{0x000000070dc337b0}: 'int java.lang.invoke.DelegatingMethodHandle$Holder.delegate(java.lang.Object, int, java.lang.Object)'> (0x000000070dc337b0) 
thrown [s\open\src\hotspot\share\interpreter\linkResolver.cpp, line 773]

ZGC Phase Switch (0 events):
No events

VM Operations (20 events):
Event: 174.505 Executing VM operation: Cleanup done
Event: 179.507 Executing VM operation: Cleanup
Event: 179.508 Executing VM operation: Cleanup done
Event: 179.787 Executing VM operation: G1CollectForAllocation (G1 Evacuation Pause)
Event: 179.794 Executing VM operation: G1CollectForAllocation (G1 Evacuation Pause) done
Event: 180.545 Executing VM operation: HandshakeAllThreads (HandshakeForDeflation)
Event: 180.545 Executing VM operation: HandshakeAllThreads (HandshakeForDeflation) done
Event: 180.545 Executing VM operation: RendezvousGCThreads
Event: 180.545 Executing VM operation: RendezvousGCThreads done
Event: 181.545 Executing VM operation: Cleanup
Event: 181.545 Executing VM operation: Cleanup done
Event: 183.546 Executing VM operation: Cleanup
Event: 183.546 Executing VM operation: Cleanup done
Event: 187.558 Executing VM operation: Cleanup
Event: 187.558 Executing VM operation: Cleanup done
Event: 188.558 Executing VM operation: Cleanup
Event: 188.558 Executing VM operation: Cleanup done
Event: 190.560 Executing VM operation: Cleanup
Event: 190.560 Executing VM operation: Cleanup done
Event: 190.639 Executing VM operation: Exit

Events (20 events):
Event: 138.118 Thread 0x0000020183040e10 Thread exited: 0x0000020183040e10
Event: 139.280 Thread 0x0000020183044290 Thread exited: 0x0000020183044290
Event: 139.280 Thread 0x00000201830414a0 Thread exited: 0x00000201830414a0
Event: 178.671 Thread 0x0000020183044290 Thread added: 0x0000020183044290
Event: 178.721 Thread 0x00000201842af190 Thread added: 0x00000201842af190
Event: 178.877 Thread 0x00000201842af190 Thread exited: 0x00000201842af190
Event: 179.731 Thread 0x0000020183040e10 Thread added: 0x0000020183040e10
Event: 180.744 Thread 0x00000201fd2afff0 Thread added: 0x00000201fd2afff0
Event: 180.783 Thread 0x0000020183044920 Thread added: 0x0000020183044920
Event: 182.678 Thread 0x00000201fd2afff0 Thread exited: 0x00000201fd2afff0
Event: 190.532 Thread 0x00000201830414a0 Thread added: 0x00000201830414a0
Event: 190.533 Thread 0x0000020183045640 Thread added: 0x0000020183045640
Event: 190.534 Thread 0x0000020183045cd0 Thread added: 0x0000020183045cd0
Event: 190.534 Thread 0x0000020183044fb0 Thread added: 0x0000020183044fb0
Event: 190.536 Thread 0x0000020183047080 Thread added: 0x0000020183047080
Event: 190.537 Thread 0x0000020183044fb0 Thread exited: 0x0000020183044fb0
Event: 190.537 Thread 0x0000020183045cd0 Thread exited: 0x0000020183045cd0
Event: 190.553 Thread 0x00000201835dee00 Thread exited: 0x00000201835dee00
Event: 190.621 Thread 0x00000201f5a5d570 Thread exited: 0x00000201f5a5d570
Event: 190.639 Thread 0x0000020183045640 Thread exited: 0x0000020183045640


Dynamic libraries:
0x00007ff7c9110000 - 0x00007ff7c9120000 	C:\Program Files\Java\jdk-21.0.11\bin\java.exe
0x00007fff23b60000 - 0x00007fff23dc7000 	C:\windows\SYSTEM32\ntdll.dll
0x00007fff226f0000 - 0x00007fff227b9000 	C:\windows\System32\KERNEL32.DLL
0x00007fff210a0000 - 0x00007fff21497000 	C:\windows\System32\KERNELBASE.dll
0x00007fff214a0000 - 0x00007fff215eb000 	C:\windows\System32\ucrtbase.dll
0x00007fff02280000 - 0x00007fff02299000 	C:\Program Files\Java\jdk-21.0.11\bin\jli.dll
0x00007fff21cb0000 - 0x00007fff21d66000 	C:\windows\System32\ADVAPI32.dll
0x00007fff0a650000 - 0x00007fff0a66e000 	C:\Program Files\Java\jdk-21.0.11\bin\VCRUNTIME140.dll
0x00007fff22b10000 - 0x00007fff22bb9000 	C:\windows\System32\msvcrt.dll
0x00007fff21960000 - 0x00007fff21a07000 	C:\windows\System32\sechost.dll
0x00007fff21b80000 - 0x00007fff21c98000 	C:\windows\System32\RPCRT4.dll
0x00007fff22bc0000 - 0x00007fff22d86000 	C:\windows\System32\USER32.dll
0x00007fff20f40000 - 0x00007fff20f67000 	C:\windows\System32\win32u.dll
0x00007fff227c0000 - 0x00007fff227eb000 	C:\windows\System32\GDI32.dll
0x00007fff1f720000 - 0x00007fff1f9b2000 	C:\windows\WinSxS\amd64_microsoft.windows.common-controls_6595b64144ccf1df_6.0.26100.8457_none_3e0b2faee331e92d\COMCTL32.dll
0x00007fff20f70000 - 0x00007fff2109c000 	C:\windows\System32\gdi32full.dll
0x00007fff215f0000 - 0x00007fff21693000 	C:\windows\System32\msvcp_win.dll
0x00007fff17e30000 - 0x00007fff17e3b000 	C:\windows\SYSTEM32\VERSION.dll
0x00007fff23750000 - 0x00007fff23782000 	C:\windows\System32\IMM32.DLL
0x00007fff18500000 - 0x00007fff1850c000 	C:\Program Files\Java\jdk-21.0.11\bin\vcruntime140_1.dll
0x00007ffee9240000 - 0x00007ffee92cd000 	C:\Program Files\Java\jdk-21.0.11\bin\msvcp140.dll
0x00007ffe82e10000 - 0x00007ffe83b38000 	C:\Program Files\Java\jdk-21.0.11\bin\server\jvm.dll
0x00007fff21a10000 - 0x00007fff21a90000 	C:\windows\System32\WS2_32.dll
0x00007fff1fdf0000 - 0x00007fff1fe4e000 	C:\windows\SYSTEM32\POWRPROF.dll
0x00007fff0cd60000 - 0x00007fff0cd96000 	C:\windows\SYSTEM32\WINMM.dll
0x00007fff1fac0000 - 0x00007fff1fad4000 	C:\windows\SYSTEM32\UMPDC.dll
0x00007fff1e9f0000 - 0x00007fff1ea0b000 	C:\windows\SYSTEM32\kernel.appcore.dll
0x00007fff0a640000 - 0x00007fff0a64a000 	C:\Program Files\Java\jdk-21.0.11\bin\jimage.dll
0x00007fff1fe60000 - 0x00007fff200a2000 	C:\windows\SYSTEM32\DBGHELP.DLL
0x00007fff23790000 - 0x00007fff23b13000 	C:\windows\System32\combase.dll
0x00007fff21d70000 - 0x00007fff21e49000 	C:\windows\System32\OLEAUT32.dll
0x00007fff1fce0000 - 0x00007fff1fd1b000 	C:\windows\SYSTEM32\dbgcore.DLL
0x00007fff20e90000 - 0x00007fff20f38000 	C:\windows\System32\bcryptPrimitives.dll
0x00007fff0a020000 - 0x00007fff0a030000 	C:\Program Files\Java\jdk-21.0.11\bin\instrument.dll
0x00007ffef6f10000 - 0x00007ffef6f31000 	C:\Program Files\Java\jdk-21.0.11\bin\java.dll
0x00007fff21f50000 - 0x00007fff226be000 	C:\windows\System32\SHELL32.dll
0x00007fff20590000 - 0x00007fff20dfc000 	C:\windows\System32\windows.storage.dll
0x00007fff21e50000 - 0x00007fff21f46000 	C:\windows\System32\SHCORE.dll
0x00007fff22fb0000 - 0x00007fff23016000 	C:\windows\System32\shlwapi.dll
0x00007fff204b0000 - 0x00007fff204d9000 	C:\windows\SYSTEM32\profapi.dll
0x00007ffecc330000 - 0x00007ffecc407000 	C:\Program Files\Java\jdk-21.0.11\bin\jsvml.dll
0x00007ffef33e0000 - 0x00007ffef33f8000 	C:\Program Files\Java\jdk-21.0.11\bin\zip.dll
0x00007fff02260000 - 0x00007fff02271000 	C:\Program Files\Java\jdk-21.0.11\bin\net.dll
0x00007fff16db0000 - 0x00007fff16ed9000 	C:\windows\SYSTEM32\WINHTTP.dll
0x00007fff1ef20000 - 0x00007fff1ef8c000 	C:\windows\system32\mswsock.dll
0x00007ffef3430000 - 0x00007ffef3446000 	C:\Program Files\Java\jdk-21.0.11\bin\nio.dll
0x00007fff1e470000 - 0x00007fff1e5a2000 	C:\windows\SYSTEM32\DNSAPI.dll
0x00007fff1e3e0000 - 0x00007fff1e412000 	C:\windows\SYSTEM32\IPHLPAPI.DLL
0x00007fff21ca0000 - 0x00007fff21caa000 	C:\windows\System32\NSI.dll
0x00007fff16070000 - 0x00007fff1607b000 	C:\Windows\System32\rasadhlp.dll
0x00007fff17760000 - 0x00007fff177e6000 	C:\windows\System32\fwpuclnt.dll
0x00007fff076c0000 - 0x00007fff076c9000 	C:\Program Files\Java\jdk-21.0.11\bin\extnet.dll
0x00007fff02350000 - 0x00007fff0235a000 	C:\Program Files\Java\jdk-21.0.11\bin\management.dll
0x00007ffee9b00000 - 0x00007ffee9b0c000 	C:\Program Files\Java\jdk-21.0.11\bin\management_ext.dll
0x00007fff21b60000 - 0x00007fff21b68000 	C:\windows\System32\PSAPI.DLL
0x000002018dea0000 - 0x000002018dea3000 	C:\Users\oc_vh\.openjfx\cache\21.0.2+5\amd64\api-ms-win-core-console-l1-1-0.dll
0x000002018deb0000 - 0x000002018deb3000 	C:\Users\oc_vh\.openjfx\cache\21.0.2+5\amd64\api-ms-win-core-console-l1-2-0.dll
0x000002018dec0000 - 0x000002018dec3000 	C:\Users\oc_vh\.openjfx\cache\21.0.2+5\amd64\api-ms-win-core-datetime-l1-1-0.dll
0x000002018ded0000 - 0x000002018ded3000 	C:\Users\oc_vh\.openjfx\cache\21.0.2+5\amd64\api-ms-win-core-debug-l1-1-0.dll
0x000002018dee0000 - 0x000002018dee3000 	C:\Users\oc_vh\.openjfx\cache\21.0.2+5\amd64\api-ms-win-core-errorhandling-l1-1-0.dll
0x000002018e290000 - 0x000002018e294000 	C:\Users\oc_vh\.openjfx\cache\21.0.2+5\amd64\api-ms-win-core-file-l1-1-0.dll
0x000002018fe80000 - 0x000002018fe83000 	C:\Users\oc_vh\.openjfx\cache\21.0.2+5\amd64\api-ms-win-core-file-l1-2-0.dll
0x000002018fe90000 - 0x000002018fe93000 	C:\Users\oc_vh\.openjfx\cache\21.0.2+5\amd64\api-ms-win-core-file-l2-1-0.dll
0x000002018fea0000 - 0x000002018fea3000 	C:\Users\oc_vh\.openjfx\cache\21.0.2+5\amd64\api-ms-win-core-handle-l1-1-0.dll
0x000002018feb0000 - 0x000002018feb3000 	C:\Users\oc_vh\.openjfx\cache\21.0.2+5\amd64\api-ms-win-core-heap-l1-1-0.dll
0x00000201afc80000 - 0x00000201afc83000 	C:\Users\oc_vh\.openjfx\cache\21.0.2+5\amd64\api-ms-win-core-interlocked-l1-1-0.dll
0x00000201afc90000 - 0x00000201afc93000 	C:\Users\oc_vh\.openjfx\cache\21.0.2+5\amd64\api-ms-win-core-libraryloader-l1-1-0.dll
0x00000201afca0000 - 0x00000201afca3000 	C:\Users\oc_vh\.openjfx\cache\21.0.2+5\amd64\api-ms-win-core-localization-l1-2-0.dll
0x00000201afcb0000 - 0x00000201afcb3000 	C:\Users\oc_vh\.openjfx\cache\21.0.2+5\amd64\api-ms-win-core-memory-l1-1-0.dll
0x00007fff201d0000 - 0x00007fff201eb000 	C:\windows\SYSTEM32\CRYPTSP.dll
0x00007fff1f240000 - 0x00007fff1f279000 	C:\windows\system32\rsaenh.dll
0x00000201afcc0000 - 0x00000201afcc3000 	C:\Users\oc_vh\.openjfx\cache\21.0.2+5\amd64\api-ms-win-core-namedpipe-l1-1-0.dll
0x00007fff1ef90000 - 0x00007fff1efc3000 	C:\windows\SYSTEM32\USERENV.dll
0x00000201afcd0000 - 0x00000201afcd3000 	C:\Users\oc_vh\.openjfx\cache\21.0.2+5\amd64\api-ms-win-core-processenvironment-l1-1-0.dll
0x00000201afce0000 - 0x00000201afce3000 	C:\Users\oc_vh\.openjfx\cache\21.0.2+5\amd64\api-ms-win-core-processthreads-l1-1-0.dll
0x00007fff20480000 - 0x00007fff204aa000 	C:\windows\SYSTEM32\bcrypt.dll
0x00007fff1f620000 - 0x00007fff1f62c000 	C:\windows\SYSTEM32\CRYPTBASE.dll
0x00000201afcf0000 - 0x00000201afcf3000 	C:\Users\oc_vh\.openjfx\cache\21.0.2+5\amd64\api-ms-win-core-processthreads-l1-1-1.dll
0x00000201afd00000 - 0x00000201afd03000 	C:\Users\oc_vh\.openjfx\cache\21.0.2+5\amd64\api-ms-win-core-profile-l1-1-0.dll
0x00000201afd10000 - 0x00000201afd13000 	C:\Users\oc_vh\.openjfx\cache\21.0.2+5\amd64\api-ms-win-core-rtlsupport-l1-1-0.dll
0x00000201afd20000 - 0x00000201afd23000 	C:\Users\oc_vh\.openjfx\cache\21.0.2+5\amd64\api-ms-win-core-string-l1-1-0.dll
0x00000201afd30000 - 0x00000201afd33000 	C:\Users\oc_vh\.openjfx\cache\21.0.2+5\amd64\api-ms-win-core-synch-l1-1-0.dll
0x00000201afd40000 - 0x00000201afd43000 	C:\Users\oc_vh\.openjfx\cache\21.0.2+5\amd64\api-ms-win-core-synch-l1-2-0.dll
0x00000201afd50000 - 0x00000201afd53000 	C:\Users\oc_vh\.openjfx\cache\21.0.2+5\amd64\api-ms-win-core-sysinfo-l1-1-0.dll
0x00007ffeea140000 - 0x00007ffeea158000 	C:\windows\system32\napinsp.dll
0x00007fff04a70000 - 0x00007fff04a83000 	C:\windows\System32\winrnr.dll
0x00007ffee2910000 - 0x00007ffee2932000 	C:\windows\system32\nlansp_c.dll
0x00007ffee28f0000 - 0x00007ffee2906000 	C:\windows\system32\wshbth.dll
0x00000201afd60000 - 0x00000201afd63000 	C:\Users\oc_vh\.openjfx\cache\21.0.2+5\amd64\api-ms-win-core-timezone-l1-1-0.dll
0x00000201afd70000 - 0x00000201afd73000 	C:\Users\oc_vh\.openjfx\cache\21.0.2+5\amd64\api-ms-win-core-util-l1-1-0.dll
0x00000201afd80000 - 0x00000201afd83000 	C:\Users\oc_vh\.openjfx\cache\21.0.2+5\amd64\api-ms-win-crt-conio-l1-1-0.dll
0x00000201afd90000 - 0x00000201afd94000 	C:\Users\oc_vh\.openjfx\cache\21.0.2+5\amd64\api-ms-win-crt-convert-l1-1-0.dll
0x00000201afda0000 - 0x00000201afda3000 	C:\Users\oc_vh\.openjfx\cache\21.0.2+5\amd64\api-ms-win-crt-environment-l1-1-0.dll
0x00000201afdb0000 - 0x00000201afdb3000 	C:\Users\oc_vh\.openjfx\cache\21.0.2+5\amd64\api-ms-win-crt-filesystem-l1-1-0.dll
0x00000201afdc0000 - 0x00000201afdc3000 	C:\Users\oc_vh\.openjfx\cache\21.0.2+5\amd64\api-ms-win-crt-heap-l1-1-0.dll
0x00000201afdd0000 - 0x00000201afdd3000 	C:\Users\oc_vh\.openjfx\cache\21.0.2+5\amd64\api-ms-win-crt-locale-l1-1-0.dll
0x00000201afde0000 - 0x00000201afde5000 	C:\Users\oc_vh\.openjfx\cache\21.0.2+5\amd64\api-ms-win-crt-math-l1-1-0.dll
0x00000201afdf0000 - 0x00000201afdf5000 	C:\Users\oc_vh\.openjfx\cache\21.0.2+5\amd64\api-ms-win-crt-multibyte-l1-1-0.dll
0x00000201afe00000 - 0x00000201afe10000 	C:\Users\oc_vh\.openjfx\cache\21.0.2+5\amd64\api-ms-win-crt-private-l1-1-0.dll
0x00000201afe10000 - 0x00000201afe13000 	C:\Users\oc_vh\.openjfx\cache\21.0.2+5\amd64\api-ms-win-crt-process-l1-1-0.dll
0x00000201afe20000 - 0x00000201afe24000 	C:\Users\oc_vh\.openjfx\cache\21.0.2+5\amd64\api-ms-win-crt-runtime-l1-1-0.dll
0x00000201afe30000 - 0x00000201afe34000 	C:\Users\oc_vh\.openjfx\cache\21.0.2+5\amd64\api-ms-win-crt-stdio-l1-1-0.dll
0x00000201afe40000 - 0x00000201afe44000 	C:\Users\oc_vh\.openjfx\cache\21.0.2+5\amd64\api-ms-win-crt-string-l1-1-0.dll
0x00000201afe50000 - 0x00000201afe53000 	C:\Users\oc_vh\.openjfx\cache\21.0.2+5\amd64\api-ms-win-crt-time-l1-1-0.dll
0x00000201afe60000 - 0x00000201afe63000 	C:\Users\oc_vh\.openjfx\cache\21.0.2+5\amd64\api-ms-win-crt-utility-l1-1-0.dll
0x00007ffeb2360000 - 0x00007ffeb245c000 	C:\Users\oc_vh\.openjfx\cache\21.0.2+5\amd64\ucrtbase.dll
0x00007ffee9ad0000 - 0x00007ffee9aeb000 	C:\Users\oc_vh\.openjfx\cache\21.0.2+5\amd64\vcruntime140.dll
0x00007ffee9ac0000 - 0x00007ffee9acc000 	C:\Users\oc_vh\.openjfx\cache\21.0.2+5\amd64\vcruntime140_1.dll
0x00007ffecbde0000 - 0x00007ffecbe6e000 	C:\Users\oc_vh\.openjfx\cache\21.0.2+5\amd64\msvcp140.dll
0x00007ffee9590000 - 0x00007ffee9599000 	C:\Users\oc_vh\.openjfx\cache\21.0.2+5\amd64\msvcp140_1.dll
0x00007ffedfc50000 - 0x00007ffedfc91000 	C:\Users\oc_vh\.openjfx\cache\21.0.2+5\amd64\msvcp140_2.dll
0x00007fff0bba0000 - 0x00007fff0bbf6000 	C:\windows\SYSTEM32\pdh.dll
0x00007ffee94c0000 - 0x00007ffee94f0000 	C:\Users\oc_vh\.openjfx\cache\21.0.2+5\amd64\prism_d3d.dll
0x00007ffefb690000 - 0x00007ffefb843000 	C:\windows\system32\d3d9.dll
0x00007fff1d140000 - 0x00007fff1d16f000 	C:\windows\SYSTEM32\dwmapi.dll
0x00007fff1cf60000 - 0x00007fff1cfa5000 	C:\windows\SYSTEM32\dxcore.dll
0x00007fff1ce50000 - 0x00007fff1cefa000 	C:\windows\system32\uxtheme.dll
0x00007fff22970000 - 0x00007fff22b07000 	C:\windows\System32\ole32.dll
0x00007fff20220000 - 0x00007fff20271000 	C:\windows\SYSTEM32\CFGMGR32.dll
0x00007fff16fa0000 - 0x00007fff17001000 	C:\windows\SYSTEM32\directxdatabasehelper.dll
0x00007fff23260000 - 0x00007fff236e7000 	C:\windows\System32\SETUPAPI.dll
0x00007ffed1600000 - 0x00007ffed1642000 	C:\Users\oc_vh\.openjfx\cache\21.0.2+5\amd64\glass.dll
0x00007fff22870000 - 0x00007fff22960000 	C:\windows\System32\COMDLG32.dll
0x00007fff22dc0000 - 0x00007fff22f1c000 	C:\windows\System32\MSCTF.dll
0x00007ffee9570000 - 0x00007ffee9584000 	C:\Users\oc_vh\.openjfx\cache\21.0.2+5\amd64\javafx_font.dll
0x00007fff1b310000 - 0x00007fff1b577000 	C:\windows\SYSTEM32\dwrite.dll
0x00007ffee2370000 - 0x00007ffee2382000 	C:\windows\System32\perfproc.dll
0x00007ffee9af0000 - 0x00007ffee9afe000 	C:\Program Files\Java\jdk-21.0.11\bin\sunmscapi.dll

dbghelp: loaded successfully - version: 4.0.5 - missing functions: none
symbol engine: initialized successfully - sym options: 0x614 - pdb path: .;C:\Program Files\Java\jdk-21.0.11\bin;C:\windows\SYSTEM32;C:\windows\WinSxS\amd64_microsoft.windows.common-controls_6595b64144ccf1df_6.0.26100.8457_none_3e0b2faee331e92d;C:\Program Files\Java\jdk-21.0.11\bin\server;C:\Users\oc_vh\.openjfx\cache\21.0.2+5\amd64;C:\windows\System32\DriverStore\FileRepository\iigd_dch.inf_amd64_a0e4070823166b80;C:\Program Files\Common Files\Microsoft Shared\Ink;C:\windows\System32\DriverStore\FileRepository\ntprint.inf_amd64_78082862576f78bc\Amd64;C:\windows\System32\DriverStore\FileRepository\prnms003.inf_amd64_fe120272380ff332\Amd64;C:\Program Files\Microsoft Office\root\VFS\ProgramFilesCommonX64\Microsoft Shared\Office16;C:\Program Files\Microsoft OneDrive\26.084.0504.0007;C:\windows\WinSxS\amd64_microsoft.windows.gdiplus_6595b64144ccf1df_1.1.26100.8328_none_6ef30b123dc73046

VM Arguments:
jvm_args: -javaagent:C:\Program Files\JetBrains\IntelliJ IDEA 2026.1.2\lib\idea_rt.jar=59415 -Dfile.encoding=UTF-8 -Dsun.stdout.encoding=UTF-8 -Dsun.stderr.encoding=UTF-8 
java_command: com.asm.App
java_class_path (initial): C:\Users\oc_vh\IdeaProjects\pdv-almacenes-san-miguel\target\classes;C:\Users\oc_vh\.m2\repository\org\openjfx\javafx-controls\21.0.2\javafx-controls-21.0.2.jar;C:\Users\oc_vh\.m2\repository\org\openjfx\javafx-controls\21.0.2\javafx-controls-21.0.2-win.jar;C:\Users\oc_vh\.m2\repository\org\openjfx\javafx-graphics\21.0.2\javafx-graphics-21.0.2.jar;C:\Users\oc_vh\.m2\repository\org\openjfx\javafx-graphics\21.0.2\javafx-graphics-21.0.2-win.jar;C:\Users\oc_vh\.m2\repository\org\openjfx\javafx-base\21.0.2\javafx-base-21.0.2.jar;C:\Users\oc_vh\.m2\repository\org\openjfx\javafx-base\21.0.2\javafx-base-21.0.2-win.jar;C:\Users\oc_vh\.m2\repository\org\openjfx\javafx-fxml\21.0.2\javafx-fxml-21.0.2.jar;C:\Users\oc_vh\.m2\repository\org\openjfx\javafx-fxml\21.0.2\javafx-fxml-21.0.2-win.jar;C:\Users\oc_vh\.m2\repository\org\hibernate\orm\hibernate-core\6.2.7.Final\hibernate-core-6.2.7.Final.jar;C:\Users\oc_vh\.m2\repository\jakarta\persistence\jakarta.persistence-api\3.1.0\jakarta.persistence-api-3.1.0.jar;C:\Users\oc_vh\.m2\repository\jakarta\transaction\jakarta.transaction-api\2.0.1\jakarta.transaction-api-2.0.1.jar;C:\Users\oc_vh\.m2\repository\org\jboss\logging\jboss-logging\3.5.0.Final\jboss-logging-3.5.0.Final.jar;C:\Users\oc_vh\.m2\repository\org\hibernate\common\hibernate-commons-annotations\6.0.6.Final\hibernate-commons-annotations-6.0.6.Final.jar;C:\Users\oc_vh\.m2\repository\io\smallrye\jandex\3.0.5\jandex-3.0.5.jar;C:\Users\oc_vh\.m2\repository\com\fasterxml\classmate\1.5.1\classmate-1.5.1.jar;C:\Users\oc_vh\.m2\repository\net\bytebuddy\byte-buddy\1.12.18\byte-buddy-1.12.18.jar;C:\Users\oc_vh\.m2\repository\jakarta\xml\bind\jakarta.xml.bind-api\4.0.0\jakarta.xml.bind-api-4.0.0.jar;C:\Users\oc_vh\.m2\repository\jakarta\activation\jakarta.activation-api\2.1.0\jakarta.activation-api-2.1.0.jar;C:\Users\oc_vh\.m2\repository\org\glassfish\jaxb\jaxb-runtime\4.0.2\jaxb-runtime-4.0.2.jar;C:\Users\oc_vh\.m2\repository\org\glassfish\jaxb\jaxb-core\4.0.2\jaxb-core-4.0.2.jar;C:\Users\oc_vh\.m2\repository\org\eclipse\angus\angus-activation\2.0.0\angus-activation-2.0.0.jar;C:\Users\oc_vh\.m2\repository\org\glassfish\jaxb\txw2\4.0.2\txw2-4.0.2.jar;C:\Users\oc_vh\.m2\repository\com\sun\istack\istack-commons-runtime\4.1.1\istack-commons-runtime-4.1.1.jar;C:\Users\oc_vh\.m2\repository\jakarta\inject\jakarta.inject-api\2.0.1\jakarta.inject-api-2.0.1.jar;C:\Users\oc_vh\.m2\repository\org\antlr\antlr4-runtime\4.10.1\antlr4-runtime-4.10.1.jar;C:\Users\oc_vh\.m2\repository\com\mysql\mysql-connector-j\8.0.33\mysql-connector-j-8.0.33.jar;C:\Users\oc_vh\.m2\repository\com\google\protobuf\protobuf-java\3.21.9\protobuf-java-3.21.9.jar;C:\Users\oc_vh\.m2\repository\org\junit\jupiter\junit-jupiter-api\5.9.2\junit-jupiter-api-5.9.2.jar;C:\Users\oc_vh\.m2\repository\org\opentest4j\opentest4j\1.2.0\opentest4j-1.2.0.jar;C:\Users\oc_vh\.m2\repository\org\junit\platform\junit-platform-commons\1.9.2\junit-platform-commons-1.9.2.jar;C:\Users\oc_vh\.m2\repository\org\apiguardian\apiguardian-api\1.1.2\apiguardian-api-1.1.2.jar;C:\Users\oc_vh\.m2\repository\org\junit\jupiter\junit-jupiter-engine\5.9.2\junit-jupiter-engine-5.9.2.jar;C:\Users\oc_vh\.m2\repository\org\junit\platform\junit-platform-engine\1.9.2\junit-platform-engine-1.9.2.jar
Launcher Type: SUN_STANDARD

[Global flags]
     intx CICompilerCount                          = 4                                         {product} {ergonomic}
     uint ConcGCThreads                            = 3                                         {product} {ergonomic}
     uint G1ConcRefinementThreads                  = 10                                        {product} {ergonomic}
   size_t G1HeapRegionSize                         = 2097152                                   {product} {ergonomic}
    uintx GCDrainStackTargetSize                   = 64                                        {product} {ergonomic}
   size_t InitialHeapSize                          = 264241152                                 {product} {ergonomic}
   size_t MarkStackSize                            = 4194304                                   {product} {ergonomic}
   size_t MaxHeapSize                              = 4198498304                                {product} {ergonomic}
   size_t MaxNewSize                               = 2518679552                                {product} {ergonomic}
   size_t MinHeapDeltaBytes                        = 2097152                                   {product} {ergonomic}
   size_t MinHeapSize                              = 8388608                                   {product} {ergonomic}
    uintx NonNMethodCodeHeapSize                   = 5839372                                {pd product} {ergonomic}
    uintx NonProfiledCodeHeapSize                  = 122909434                              {pd product} {ergonomic}
    uintx ProfiledCodeHeapSize                     = 122909434                              {pd product} {ergonomic}
    uintx ReservedCodeCacheSize                    = 251658240                              {pd product} {ergonomic}
     bool SegmentedCodeCache                       = true                                      {product} {ergonomic}
   size_t SoftMaxHeapSize                          = 4198498304                             {manageable} {ergonomic}
     bool UseCompressedOops                        = true                           {product lp64_product} {ergonomic}
     bool UseG1GC                                  = true                                      {product} {ergonomic}
     bool UseLargePagesIndividualAllocation        = false                                  {pd product} {ergonomic}

Logging:
Log output configuration:
 #0: stdout all=off uptime,level,tags foldmultilines=false
 #1: stderr all=off uptime,level,tags foldmultilines=false

Environment Variables:
JAVA_HOME=C:\Program Files\Java\jdk-21.0.11
PATH=C:\Program Files\Common Files\Oracle\Java\javapath;C:\Program Files\Microsoft MPI\Bin\;C:\windows\system32;C:\windows;C:\windows\System32\Wbem;C:\windows\System32\WindowsPowerShell\v1.0\;C:\windows\System32\OpenSSH\;C:\Program Files (x86)\NVIDIA Corporation\PhysX\Common;C:\Program Files\NVIDIA Corporation\NVIDIA App\NvDLISR;C:\Users\Administrator\AppData\Local\Microsoft\WindowsApps;C:\Program Files\HP\OMEN-Broadcast\Common;C:\Program Files (x86)\Microsoft SQL Server\170\Tools\Binn\;C:\Program Files\Microsoft SQL Server\170\Tools\Binn\;C:\Program Files\Microsoft SQL Server\Client SDK\ODBC\180\Tools\Binn\;C:\Program Files\Microsoft SQL Server\170\DTS\Binn\;C:\Program Files\PuTTY\;C:\Program Files\Microchip\xc8\v2.36\bin;C:\Program Files\Java\jdk-21.0.11\bin;C:\Program Files\Git\cmd;C:\Program Files\Microsoft SQL Server\Client SDK\ODBC\130\Tools\Binn\;C:\Program Files (x86)\Microsoft SQL Server\130\Tools\Binn\;C:\Program Files\Microsoft SQL Server\130\Tools\Binn\;C:\Program Files\Microsoft SQL Server\130\DTS\Binn\;C:\Users\oc_vh\AppData\Local\Microsoft\WindowsApps;C:\Users\oc_vh\AppData\Local\Programs\Microsoft VS Code\bin;C:\Program Files\JetBrains\IntelliJ IDEA 2026.1.2\bin
USERNAME=oc_vh
OS=Windows_NT
PROCESSOR_IDENTIFIER=Intel64 Family 6 Model 186 Stepping 2, GenuineIntel
TMP=C:\Users\oc_vh\AppData\Local\Temp
TEMP=C:\Users\oc_vh\AppData\Local\Temp




Periodic native trim disabled

---------------  S Y S T E M  ---------------

OS:
 Windows 11 , 64 bit Build 26100 (10.0.26100.8328)
OS uptime: 5 days 17:05 hours
Hyper-V role detected

CPU: total 12 (initial active 12) (6 cores per cpu, 2 threads per core) family 6 model 186 stepping 2 microcode 0x6134, cx8, cmov, fxsr, ht, mmx, 3dnowpref, sse, sse2, sse3, ssse3, sse4.1, sse4.2, popcnt, lzcnt, tsc, tscinvbit, avx, avx2, aes, erms, clmul, bmi1, bmi2, adx, sha, fma, vzeroupper, clflush, clflushopt, clwb, hv, serialize, rdtscp, rdpid, fsrm, f16c, cet_ibt, cet_ss
Processor Information for processor 0
  Max Mhz: 2100, Current Mhz: 1453, Mhz Limit: 2100
Processor Information for processor 1
  Max Mhz: 2100, Current Mhz: 2100, Mhz Limit: 2100
Processor Information for processor 2
  Max Mhz: 2100, Current Mhz: 1453, Mhz Limit: 2100
Processor Information for processor 3
  Max Mhz: 2100, Current Mhz: 2100, Mhz Limit: 2100
Processor Information for processor 4
  Max Mhz: 2100, Current Mhz: 2100, Mhz Limit: 2100
Processor Information for processor 5
  Max Mhz: 2100, Current Mhz: 2100, Mhz Limit: 2100
Processor Information for processor 6
  Max Mhz: 2100, Current Mhz: 1453, Mhz Limit: 2100
Processor Information for processor 7
  Max Mhz: 2100, Current Mhz: 2100, Mhz Limit: 2100
Processor Information for processor 8
  Max Mhz: 2100, Current Mhz: 1540, Mhz Limit: 2100
Processor Information for processor 9
  Max Mhz: 2100, Current Mhz: 2100, Mhz Limit: 2100
Processor Information for processor 10
  Max Mhz: 2100, Current Mhz: 1540, Mhz Limit: 2100
Processor Information for processor 11
  Max Mhz: 2100, Current Mhz: 1540, Mhz Limit: 2100

Memory: 4k page, system-wide physical 16013M (1301M free)
TotalPageFile size 31500M (AvailPageFile size 2216M)
current process WorkingSet (physical memory assigned to process): 588M, peak: 720M
current process commit charge ("private bytes"): 568M, peak: 710M

vm_info: Java HotSpot(TM) 64-Bit Server VM (21.0.11+9-LTS-211) for windows-amd64 JRE (21.0.11+9-LTS-211), built on 2026-03-11T00:23:15Z by "mach5run" with MS VC++ 17.13 (VS2022)

END.
