#
# A fatal error has been detected by the Java Runtime Environment:
#
#  EXCEPTION_ACCESS_VIOLATION (0xc0000005) at pc=0x00007ffed16264f7, pid=40096, tid=23260
#
# JRE version: Java(TM) SE Runtime Environment (21.0.11+9) (build 21.0.11+9-LTS-211)
# Java VM: Java HotSpot(TM) 64-Bit Server VM (21.0.11+9-LTS-211, mixed mode, sharing, tiered, compressed oops, compressed class ptrs, g1 gc, windows-amd64)
# Problematic frame:
# C  [glass.dll+0x264f7]
#
# No core dump will be written. Minidumps are not enabled by default on client versions of Windows
#
# If you would like to submit a bug report, please visit:
#   https://bugreport.java.com/bugreport/crash.jsp
#

---------------  S U M M A R Y ------------

Command Line: -javaagent:C:\Program Files\JetBrains\IntelliJ IDEA 2026.1.2\lib\idea_rt.jar=55539 -Dfile.encoding=UTF-8 -Dsun.stdout.encoding=UTF-8 -Dsun.stderr.encoding=UTF-8 com.asm.App

Host: 13th Gen Intel(R) Core(TM) i5-13420H, 12 cores, 15G,  Windows 11 , 64 bit Build 26100 (10.0.26100.8328)
Time: Fri Jun  5 01:07:35 2026 Hora estándar central (México) elapsed time: 246.049084 seconds (0d 0h 4m 6s)

---------------  T H R E A D  ---------------

Current thread (0x000001b943ffffb0):  VMThread "VM Thread"          [id=23260, stack(0x00000064d9600000,0x00000064d9700000) (1024K)]

Stack: [0x00000064d9600000,0x00000064d9700000],  sp=0x00000064d96ff150,  free space=1020k
Native frames: (J=compiled Java code, j=interpreted, Vv=VM code, C=native code)
C  [glass.dll+0x264f7]


siginfo: EXCEPTION_ACCESS_VIOLATION (0xc0000005), reading address 0x0000000000000000


Registers:
RAX=0x0000000000000000, RBX=0x000001b944004c7a, RCX=0x000001b943ffffb0, RDX=0x00000064d96ff150
RSP=0x00000064d96ff150, RBP=0x00005e98e2d727aa, RSI=0x000001b98ad409d8, RDI=0x000001b98ad409b0
R8 =0x0000000000010002, R9 =0x00005e98e2d727aa, R10=0x000001b922840000, R11=0x0000000000000050
R12=0x000000007ffe0385, R13=0x0000000000000001, R14=0x00000064d96ff258, R15=0x000001b98ad409b0
RIP=0x00007ffed16264f7, EFLAGS=0x0000000000010206


Register to memory mapping:

RAX=0x0 is null
RBX=0x000001b944004c7a is a global jni handle
RCX=0x000001b943ffffb0 points into unknown readable memory: 0x00007ffe838931f8 | f8 31 89 83 fe 7f 00 00
RDX=0x00000064d96ff150 points into unknown readable memory: 0x0000000000000000 | 00 00 00 00 00 00 00 00
RSP=0x00000064d96ff150 points into unknown readable memory: 0x0000000000000000 | 00 00 00 00 00 00 00 00
RBP=0x00005e98e2d727aa is an unknown value
RSI=0x000001b98ad409d8 points into unknown readable memory: 0x00005e98e2d727aa | aa 27 d7 e2 98 5e 00 00
RDI=0x000001b98ad409b0 points into unknown readable memory: 0x88e53e98e328dcef | ef dc 28 e3 98 3e e5 88
R8 =0x0000000000010002 is an unknown value
R9 =0x00005e98e2d727aa is an unknown value
R10=0x000001b922840000 points into unknown readable memory: 0x0000000000000000 | 00 00 00 00 00 00 00 00
R11=0x0000000000000050 is an unknown value
R12=0x000000007ffe0385 points into unknown readable memory: 00 00 00
R13=0x0000000000000001 is an unknown value
R14=0x00000064d96ff258 points into unknown readable memory: 0x00000064d96ff240 | 40 f2 6f d9 64 00 00 00
R15=0x000001b98ad409b0 points into unknown readable memory: 0x88e53e98e328dcef | ef dc 28 e3 98 3e e5 88

Top of Stack: (sp=0x00000064d96ff150)
0x00000064d96ff150:   0000000000000000 000001b900000000
0x00000064d96ff160:   000001b98ac50a30 000000007ffe0385
0x00000064d96ff170:   000001b98ad409b8 00007fff214ebc75
0x00000064d96ff180:   000001b98ad409b0 000001b900000000
0x00000064d96ff190:   000001b98ad409d0 00005e98e2d727aa
0x00000064d96ff1a0:   fffffffffffffffe 00007ffee9450000
0x00000064d96ff1b0:   00007ffed1600000 00007ffed1600000
0x00000064d96ff1c0:   00000064d96ff248 00007fff214eb897
0x00000064d96ff1d0:   00000064d96ff200 00000064d96ff258
0x00000064d96ff1e0:   00000064d96ff7a0 00007fff215d88c0
0x00000064d96ff1f0:   0000000000000001 00007fff214eb84d
0x00000064d96ff200:   0000000000000000 0000000000000001
0x00000064d96ff210:   00007fff1b53ed80 00000064d96ff248
0x00000064d96ff220:   fffffffffffffffe 00000064d96ff210
0x00000064d96ff230:   0000000000000000 00007ffed1623ccd
0x00000064d96ff240:   00007ffed163a008 0000000000000002
0x00000064d96ff250:   00007fff00000002 00000064d96ff240
0x00000064d96ff260:   0000000000000000 00007fff21760000
0x00000064d96ff270:   0000000000000000 00007ffed1623df2
0x00000064d96ff280:   0000000000000001 00000064d96ff7a0
0x00000064d96ff290:   0000000000000001 0000000000000000
0x00000064d96ff2a0:   0000000000000001 00007fff1f6e0000
0x00000064d96ff2b0:   00007fff00000001 00000064d96ff7a0
0x00000064d96ff2c0:   0000000000000000 00007ffed1623e40
0x00000064d96ff2d0:   0000000000000001 00007fff23cbf98a
0x00000064d96ff2e0:   00007ffed1600000 0000000000000000
0x00000064d96ff2f0:   0000000000000001 000000007ffe0384
0x00000064d96ff300:   0000000000000000 00007fff23b72d23
0x00000064d96ff310:   0000000000000000 000001b922b704a8
0x00000064d96ff320:   000000000000008d 0000000000000000
0x00000064d96ff330:   0000000000000000 0000000000000000
0x00000064d96ff340:   0000000000000000 fffff62900000000 

Instructions: (pc=0x00007ffed16264f7)
0x00007ffed16263f7:   8b 4d 58 e8 8d cf ff ff 48 8b 4d 60 e8 84 cf ff
0x00007ffed1626407:   ff 48 8b 95 80 00 00 00 48 8b 8d 18 01 00 00 e8
0x00007ffed1626417:   76 c4 ff ff 33 d2 33 c9 e8 cc e1 ff ff 90 48 89
0x00007ffed1626427:   54 24 10 55 48 83 ec 20 48 8b ea 48 b8 00 00 00
0x00007ffed1626437:   00 00 00 00 00 48 83 c4 20 5d c3 cc 40 55 48 8b
0x00007ffed1626447:   ea 48 8b 01 33 c9 81 38 05 00 00 c0 0f 94 c1 8b
0x00007ffed1626457:   c1 5d c3 cc 40 55 48 83 ec 20 48 8b ea 8a 4d 40
0x00007ffed1626467:   48 83 c4 20 5d e9 73 d3 ff ff cc 40 55 48 83 ec
0x00007ffed1626477:   20 48 8b ea 8a 4d 20 e8 61 d3 ff ff 90 48 83 c4
0x00007ffed1626487:   20 5d c3 cc 40 55 48 83 ec 20 48 8b ea 48 83 c4
0x00007ffed1626497:   20 5d e9 c2 d1 ff ff cc 40 55 48 83 ec 30 48 8b
0x00007ffed16264a7:   ea 48 8b 01 8b 10 48 89 4c 24 28 89 54 24 20 4c
0x00007ffed16264b7:   8d 0d 63 d6 ff ff 4c 8b 45 70 8b 55 68 48 8b 4d
0x00007ffed16264c7:   60 e8 03 d1 ff ff 90 48 83 c4 30 5d c3 cc cc cc
0x00007ffed16264d7:   cc cc cc cc cc cc cc cc cc 40 53 48 83 ec 20 48
0x00007ffed16264e7:   8b 1d 1b 35 01 00 48 85 db 74 16 e8 89 8f ff ff
0x00007ffed16264f7:   4c 8b 00 48 8b d3 48 8b c8 41 ff 90 b0 00 00 00
0x00007ffed1626507:   90 48 83 c4 20 5b c3 cc cc 40 53 48 83 ec 20 48
0x00007ffed1626517:   8b 1d 8b 36 01 00 48 85 db 74 57 b8 ff ff ff ff
0x00007ffed1626527:   f0 0f c1 43 10 83 f8 01 75 3d 48 85 db 74 38 48
0x00007ffed1626537:   8b 0b 48 85 c9 74 0d ff 15 64 0d 00 00 48 c7 03
0x00007ffed1626547:   00 00 00 00 48 8b 4b 08 48 85 c9 74 0d e8 33 ce
0x00007ffed1626557:   ff ff 48 c7 43 08 00 00 00 00 ba 18 00 00 00 48
0x00007ffed1626567:   8b cb e8 1e ce ff ff 48 c7 05 2f 36 01 00 00 00
0x00007ffed1626577:   00 00 48 83 c4 20 5b c3 cc 40 53 48 83 ec 20 48
0x00007ffed1626587:   8b 1d fb 35 01 00 48 85 db 74 57 b8 ff ff ff ff
0x00007ffed1626597:   f0 0f c1 43 10 83 f8 01 75 3d 48 85 db 74 38 48
0x00007ffed16265a7:   8b 0b 48 85 c9 74 0d ff 15 f4 0c 00 00 48 c7 03
0x00007ffed16265b7:   00 00 00 00 48 8b 4b 08 48 85 c9 74 0d e8 c3 cd
0x00007ffed16265c7:   ff ff 48 c7 43 08 00 00 00 00 ba 18 00 00 00 48
0x00007ffed16265d7:   8b cb e8 ae cd ff ff 48 c7 05 9f 35 01 00 00 00
0x00007ffed16265e7:   00 00 48 83 c4 20 5b c3 cc 40 53 48 83 ec 20 48 


Stack slot to memory mapping:

stack at sp + 0 slots: 0x0 is null
stack at sp + 1 slots: 0x000001b900000000 is an unknown value
stack at sp + 2 slots: 0x000001b98ac50a30 points into unknown readable memory: 0x000001b98ac50c40 | 40 0c c5 8a b9 01 00 00
stack at sp + 3 slots: 0x000000007ffe0385 points into unknown readable memory: 00 00 00
stack at sp + 4 slots: 0x000001b98ad409b8 points into unknown readable memory: 0x00005e98e2d727aa | aa 27 d7 e2 98 5e 00 00
stack at sp + 5 slots: 0x00007fff214ebc75 ucrtbase.dll
stack at sp + 6 slots: 0x000001b98ad409b0 points into unknown readable memory: 0x88e53e98e328dcef | ef dc 28 e3 98 3e e5 88
stack at sp + 7 slots: 0x000001b900000000 is an unknown value

VM_Operation (0x00000064d8dff340): Exit, mode: safepoint, requested by thread 0x000001b991656980


---------------  P R O C E S S  ---------------

Threads class SMR info:
_java_thread_list=0x000001b994c88ab0, length=32, elements={
0x000001b922777120, 0x000001b944023e20, 0x000001b9440253f0, 0x000001b944026e80,
0x000001b9440288f0, 0x000001b94402ba40, 0x000001b944034810, 0x000001b944043a30,
0x000001b9440452c0, 0x000001b9443423d0, 0x000001b9445542d0, 0x000001b944554940,
0x000001b9445c5f70, 0x000001b98a3af860, 0x000001b9446c5640, 0x000001b9446c00c0,
0x000001b9448ebd00, 0x000001b98ac055e0, 0x000001b98ac06300, 0x000001b98ac05c70,
0x000001b98ac06990, 0x000001b991650da0, 0x000001b991650710, 0x000001b9916527e0,
0x000001b991652150, 0x000001b991654220, 0x000001b9916548b0, 0x000001b9916562f0,
0x000001b991655c60, 0x000001b991654f40, 0x000001b991656980, 0x000001b98a40b260
}

Java Threads: ( => current thread )
  0x000001b922777120 JavaThread "main"                              [_thread_blocked, id=19200, stack(0x00000064d8f00000,0x00000064d9000000) (1024K)]
  0x000001b944023e20 JavaThread "Reference Handler"          daemon [_thread_blocked, id=21216, stack(0x00000064d9700000,0x00000064d9800000) (1024K)]
  0x000001b9440253f0 JavaThread "Finalizer"                  daemon [_thread_blocked, id=26528, stack(0x00000064d9800000,0x00000064d9900000) (1024K)]
  0x000001b944026e80 JavaThread "Signal Dispatcher"          daemon [_thread_blocked, id=24844, stack(0x00000064d9900000,0x00000064d9a00000) (1024K)]
  0x000001b9440288f0 JavaThread "Attach Listener"            daemon [_thread_blocked, id=19224, stack(0x00000064d9a00000,0x00000064d9b00000) (1024K)]
  0x000001b94402ba40 JavaThread "Service Thread"             daemon [_thread_blocked, id=16076, stack(0x00000064d9b00000,0x00000064d9c00000) (1024K)]
  0x000001b944034810 JavaThread "Monitor Deflation Thread"   daemon [_thread_blocked, id=29640, stack(0x00000064d9c00000,0x00000064d9d00000) (1024K)]
  0x000001b944043a30 JavaThread "C2 CompilerThread0"         daemon [_thread_blocked, id=23108, stack(0x00000064d9d00000,0x00000064d9e00000) (1024K)]
  0x000001b9440452c0 JavaThread "C1 CompilerThread0"         daemon [_thread_blocked, id=23460, stack(0x00000064d9e00000,0x00000064d9f00000) (1024K)]
  0x000001b9443423d0 JavaThread "Common-Cleaner"             daemon [_thread_blocked, id=37488, stack(0x00000064d9f00000,0x00000064da000000) (1024K)]
  0x000001b9445542d0 JavaThread "Monitor Ctrl-Break"         daemon [_thread_in_native, id=5508, stack(0x00000064da100000,0x00000064da200000) (1024K)]
  0x000001b944554940 JavaThread "Notification Thread"        daemon [_thread_blocked, id=22812, stack(0x00000064da200000,0x00000064da300000) (1024K)]
  0x000001b9445c5f70 JavaThread "JavaFX-Launcher"                   [_thread_blocked, id=17580, stack(0x00000064da300000,0x00000064da400000) (1024K)]
  0x000001b98a3af860 JavaThread "RMI TCP Accept-0"           daemon [_thread_in_native, id=6704, stack(0x00000064da500000,0x00000064da600000) (1024K)]
  0x000001b9446c5640 JavaThread "RMI TCP Connection(1)-192.168.100.46" daemon [_thread_in_native, id=15888, stack(0x00000064da600000,0x00000064da700000) (1024K)]
  0x000001b9446c00c0 JavaThread "RMI Scheduler(0)"           daemon [_thread_blocked, id=8020, stack(0x00000064da700000,0x00000064da800000) (1024K)]
  0x000001b9448ebd00 JavaThread "JMX server connection timeout 27" daemon [_thread_blocked, id=20744, stack(0x00000064da800000,0x00000064da900000) (1024K)]
  0x000001b98ac055e0 JavaThread "InvokeLaterDispatcher"      daemon [_thread_blocked, id=5556, stack(0x00000064db300000,0x00000064db400000) (1024K)]
  0x000001b98ac06300 JavaThread "JavaFX Application Thread"         [_thread_in_native, id=35620, stack(0x00000064db400000,0x00000064db500000) (1024K)]
  0x000001b98ac05c70 JavaThread "Thread-2"                   daemon [_thread_in_native, id=14248, stack(0x00000064dc400000,0x00000064dc500000) (1024K)]
  0x000001b98ac06990 JavaThread "mysql-cj-abandoned-connection-cleanup" daemon [_thread_blocked, id=38872, stack(0x00000064dc700000,0x00000064dc800000) (1024K)]
  0x000001b991650da0 JavaThread "Hibernate Connection Pool Validation Thread" daemon [_thread_blocked, id=23384, stack(0x00000064dc800000,0x00000064dc900000) (1024K)]
  0x000001b991650710 JavaThread "Prism Font Disposer"        daemon [_thread_blocked, id=15968, stack(0x00000064dcc00000,0x00000064dcd00000) (1024K)]
  0x000001b9916527e0 JavaThread "Cleaner-0"                  daemon [_thread_blocked, id=9212, stack(0x00000064da400000,0x00000064da500000) (1024K)]
  0x000001b991652150 JavaThread "Hibernate Connection Pool Validation Thread" daemon [_thread_blocked, id=30788, stack(0x00000064dcf00000,0x00000064dd000000) (1024K)]
  0x000001b991654220 JavaThread "Hibernate Connection Pool Validation Thread" daemon [_thread_blocked, id=28308, stack(0x00000064da000000,0x00000064da100000) (1024K)]
  0x000001b9916548b0 JavaThread "Hibernate Connection Pool Validation Thread" daemon [_thread_blocked, id=37204, stack(0x00000064dd000000,0x00000064dd100000) (1024K)]
  0x000001b9916562f0 JavaThread "PrinterListener"            daemon [_thread_in_native, id=11356, stack(0x00000064dce00000,0x00000064dcf00000) (1024K)]
  0x000001b991655c60 JavaThread "RemotePrinterListener"      daemon [_thread_in_native, id=31584, stack(0x00000064dd100000,0x00000064dd200000) (1024K)]
  0x000001b991654f40 JavaThread "Java2D Disposer"            daemon [_thread_blocked, id=40752, stack(0x00000064dd200000,0x00000064dd300000) (1024K)]
  0x000001b991656980 JavaThread "SIGINT handler"             daemon [_thread_blocked, id=22560, stack(0x00000064d8d00000,0x00000064d8e00000) (1024K)]
  0x000001b98a40b260 JavaThread "AWT-Shutdown"                      [_thread_blocked, id=24624, stack(0x00000064dd600000,0x00000064dd700000) (1024K)]
Total: 32

Other Threads:
=>0x000001b943ffffb0 VMThread "VM Thread"                           [id=23260, stack(0x00000064d9600000,0x00000064d9700000) (1024K)]
  0x000001b924bc0850 WorkerThread "GC Thread#0"                     [id=18824, stack(0x00000064d9000000,0x00000064d9100000) (1024K)]
  0x000001b98a46f800 WorkerThread "GC Thread#1"                     [id=6920, stack(0x00000064da900000,0x00000064daa00000) (1024K)]
  0x000001b98a4711d0 WorkerThread "GC Thread#2"                     [id=8044, stack(0x00000064daa00000,0x00000064dab00000) (1024K)]
  0x000001b98a6dffd0 WorkerThread "GC Thread#3"                     [id=32972, stack(0x00000064dab00000,0x00000064dac00000) (1024K)]
  0x000001b98a6e3ad0 WorkerThread "GC Thread#4"                     [id=33580, stack(0x00000064dac00000,0x00000064dad00000) (1024K)]
  0x000001b98a6e3370 WorkerThread "GC Thread#5"                     [id=20516, stack(0x00000064dad00000,0x00000064dae00000) (1024K)]
  0x000001b98a6e0380 WorkerThread "GC Thread#6"                     [id=17116, stack(0x00000064dae00000,0x00000064daf00000) (1024K)]
  0x000001b98a6e1240 WorkerThread "GC Thread#7"                     [id=29768, stack(0x00000064daf00000,0x00000064db000000) (1024K)]
  0x000001b98a6e0730 WorkerThread "GC Thread#8"                     [id=13580, stack(0x00000064db000000,0x00000064db100000) (1024K)]
  0x000001b98a6e15f0 WorkerThread "GC Thread#9"                     [id=24196, stack(0x00000064db100000,0x00000064db200000) (1024K)]
  0x000001b924bd2910 ConcurrentGCThread "G1 Main Marker"            terminated
  0x000001b924bd42d0 WorkerThread "G1 Conc#0"                       [id=5872, stack(0x00000064d9200000,0x00000064d9300000) (1024K)]
  0x000001b98a6e2fc0 WorkerThread "G1 Conc#1"                       [id=23040, stack(0x00000064dc500000,0x00000064dc600000) (1024K)]
  0x000001b98a6e2100 WorkerThread "G1 Conc#2"                       [id=12372, stack(0x00000064dc600000,0x00000064dc700000) (1024K)]
  0x000001b943ebe5c0 ConcurrentGCThread "G1 Refine#0"               terminated
  0x000001b943ebeef0 ConcurrentGCThread "G1 Service"                terminated
Total: 17

Threads with active compile tasks:
Total: 0

VM state: at safepoint (shutting down)

VM Mutex/Monitor currently owned by a thread:  ([mutex/lock_event])
[0x00007ffe83a5af50] Threads_lock - owner thread: 0x000001b943ffffb0
[0x00007ffe83a5b050] Heap_lock - owner thread: 0x000001b991656980

Heap address: 0x0000000705c00000, size: 4004 MB, Compressed Oops mode: Zero based, Oop shift amount: 3

CDS archive(s) mapped at: [0x000001b945000000-0x000001b945c90000-0x000001b945c90000), size 13172736, SharedBaseAddress: 0x000001b945000000, ArchiveRelocationMode: 1.
Compressed class space mapped at: 0x000001b946000000-0x000001b986000000, reserved size: 1073741824
Narrow klass base: 0x000001b945000000, Narrow klass shift: 0, Narrow klass range: 0x100000000

GC Precious Log:
 CardTable entry size: 512
 Card Set container configuration: InlinePtr #cards 4 size 8 Array Of Cards #cards 16 size 48 Howl #buckets 8 coarsen threshold 3686 Howl Bitmap #cards 512 size 80 coarsen threshold 460 Card regions per heap region 1 cards per card region 4096
 CPUs: 12 total, 12 available
 Memory: 16013M
 Large Page Support: Disabled
 NUMA Support: Disabled
 Compressed Oops: Enabled (Zero based)
 Heap Region Size: 2M
 Heap Min Capacity: 8M
 Heap Initial Capacity: 252M
 Heap Max Capacity: 4004M
 Pre-touch: Disabled
 Parallel Workers: 10
 Concurrent Workers: 3
 Concurrent Refinement Workers: 10
 Periodic GC: Disabled

Heap:
 garbage-first heap   total 102400K, used 74605K [0x0000000705c00000, 0x0000000800000000)
  region size 2048K, 25 young (51200K), 1 survivors (2048K)
 Metaspace       used 66643K, committed 67264K, reserved 1114112K
  class space    used 9064K, committed 9344K, reserved 1048576K

Heap Regions: E=young(eden), S=young(survivor), O=old, HS=humongous(starts), HC=humongous(continues), CS=collection set, F=free, TAMS=top-at-mark-start, PB=parsable bottom
|   0|0x0000000705c00000, 0x0000000705e00000, 0x0000000705e00000|100%| O|  |TAMS 0x0000000705c00000| PB 0x0000000705c00000| Untracked 
|   1|0x0000000705e00000, 0x0000000706000000, 0x0000000706000000|100%| O|  |TAMS 0x0000000705e00000| PB 0x0000000705e00000| Untracked 
|   2|0x0000000706000000, 0x0000000706200000, 0x0000000706200000|100%|HS|  |TAMS 0x0000000706000000| PB 0x0000000706000000| Complete 
|   3|0x0000000706200000, 0x0000000706400000, 0x0000000706400000|100%| O|  |TAMS 0x0000000706200000| PB 0x0000000706200000| Untracked 
|   4|0x0000000706400000, 0x0000000706600000, 0x0000000706600000|100%| O|  |TAMS 0x0000000706400000| PB 0x0000000706400000| Untracked 
|   5|0x0000000706600000, 0x0000000706800000, 0x0000000706800000|100%| O|  |TAMS 0x0000000706600000| PB 0x0000000706600000| Untracked 
|   6|0x0000000706800000, 0x0000000706a00000, 0x0000000706a00000|100%| O|  |TAMS 0x0000000706800000| PB 0x0000000706800000| Untracked 
|   7|0x0000000706a00000, 0x0000000706c00000, 0x0000000706c00000|100%| O|  |TAMS 0x0000000706a00000| PB 0x0000000706a00000| Untracked 
|   8|0x0000000706c00000, 0x0000000706e00000, 0x0000000706e00000|100%| O|  |TAMS 0x0000000706c00000| PB 0x0000000706c00000| Untracked 
|   9|0x0000000706e00000, 0x0000000707000000, 0x0000000707000000|100%| O|  |TAMS 0x0000000706e00000| PB 0x0000000706e00000| Untracked 
|  10|0x0000000707000000, 0x0000000707200000, 0x0000000707200000|100%| O|  |TAMS 0x0000000707000000| PB 0x0000000707000000| Untracked 
|  11|0x0000000707200000, 0x0000000707400000, 0x0000000707400000|100%| O|  |TAMS 0x0000000707200000| PB 0x0000000707200000| Untracked 
|  12|0x0000000707400000, 0x00000007074db640, 0x0000000707600000| 42%| O|Cm|TAMS 0x0000000707400000| PB 0x0000000707400000| Complete 
|  13|0x0000000707600000, 0x0000000707600000, 0x0000000707800000|  0%| F|  |TAMS 0x0000000707600000| PB 0x0000000707600000| Untracked 
|  14|0x0000000707800000, 0x0000000707800000, 0x0000000707a00000|  0%| F|  |TAMS 0x0000000707800000| PB 0x0000000707800000| Untracked 
|  15|0x0000000707a00000, 0x0000000707a00000, 0x0000000707c00000|  0%| F|  |TAMS 0x0000000707a00000| PB 0x0000000707a00000| Untracked 
|  16|0x0000000707c00000, 0x0000000707c00000, 0x0000000707e00000|  0%| F|  |TAMS 0x0000000707c00000| PB 0x0000000707c00000| Untracked 
|  17|0x0000000707e00000, 0x0000000707e00000, 0x0000000708000000|  0%| F|  |TAMS 0x0000000707e00000| PB 0x0000000707e00000| Untracked 
|  18|0x0000000708000000, 0x0000000708000000, 0x0000000708200000|  0%| F|  |TAMS 0x0000000708000000| PB 0x0000000708000000| Untracked 
|  19|0x0000000708200000, 0x0000000708200000, 0x0000000708400000|  0%| F|  |TAMS 0x0000000708200000| PB 0x0000000708200000| Untracked 
|  20|0x0000000708400000, 0x0000000708400000, 0x0000000708600000|  0%| F|  |TAMS 0x0000000708400000| PB 0x0000000708400000| Untracked 
|  21|0x0000000708600000, 0x0000000708600000, 0x0000000708800000|  0%| F|  |TAMS 0x0000000708600000| PB 0x0000000708600000| Untracked 
|  22|0x0000000708800000, 0x0000000708800000, 0x0000000708a00000|  0%| F|  |TAMS 0x0000000708800000| PB 0x0000000708800000| Untracked 
|  23|0x0000000708a00000, 0x0000000708a00000, 0x0000000708c00000|  0%| F|  |TAMS 0x0000000708a00000| PB 0x0000000708a00000| Untracked 
|  24|0x0000000708c00000, 0x0000000708c00000, 0x0000000708e00000|  0%| F|  |TAMS 0x0000000708c00000| PB 0x0000000708c00000| Untracked 
|  25|0x0000000708e00000, 0x0000000708ec5ff8, 0x0000000709000000| 38%| E|  |TAMS 0x0000000708e00000| PB 0x0000000708e00000| Complete 
|  26|0x0000000709000000, 0x0000000709200000, 0x0000000709200000|100%| E|CS|TAMS 0x0000000709000000| PB 0x0000000709000000| Complete 
|  27|0x0000000709200000, 0x0000000709400000, 0x0000000709400000|100%| E|CS|TAMS 0x0000000709200000| PB 0x0000000709200000| Complete 
|  28|0x0000000709400000, 0x0000000709600000, 0x0000000709600000|100%| E|CS|TAMS 0x0000000709400000| PB 0x0000000709400000| Complete 
|  29|0x0000000709600000, 0x0000000709800000, 0x0000000709800000|100%| E|CS|TAMS 0x0000000709600000| PB 0x0000000709600000| Complete 
|  30|0x0000000709800000, 0x0000000709a00000, 0x0000000709a00000|100%| E|CS|TAMS 0x0000000709800000| PB 0x0000000709800000| Complete 
|  31|0x0000000709a00000, 0x0000000709c00000, 0x0000000709c00000|100%| E|CS|TAMS 0x0000000709a00000| PB 0x0000000709a00000| Complete 
|  32|0x0000000709c00000, 0x0000000709e00000, 0x0000000709e00000|100%| E|CS|TAMS 0x0000000709c00000| PB 0x0000000709c00000| Complete 
|  33|0x0000000709e00000, 0x000000070a000000, 0x000000070a000000|100%| E|CS|TAMS 0x0000000709e00000| PB 0x0000000709e00000| Complete 
|  34|0x000000070a000000, 0x000000070a200000, 0x000000070a200000|100%| E|CS|TAMS 0x000000070a000000| PB 0x000000070a000000| Complete 
|  35|0x000000070a200000, 0x000000070a400000, 0x000000070a400000|100%| E|CS|TAMS 0x000000070a200000| PB 0x000000070a200000| Complete 
|  36|0x000000070a400000, 0x000000070a600000, 0x000000070a600000|100%| E|CS|TAMS 0x000000070a400000| PB 0x000000070a400000| Complete 
|  37|0x000000070a600000, 0x000000070a800000, 0x000000070a800000|100%| E|CS|TAMS 0x000000070a600000| PB 0x000000070a600000| Complete 
|  38|0x000000070a800000, 0x000000070aa00000, 0x000000070aa00000|100%| E|CS|TAMS 0x000000070a800000| PB 0x000000070a800000| Complete 
|  39|0x000000070aa00000, 0x000000070ac00000, 0x000000070ac00000|100%| E|CS|TAMS 0x000000070aa00000| PB 0x000000070aa00000| Complete 
|  40|0x000000070ac00000, 0x000000070ae00000, 0x000000070ae00000|100%| E|CS|TAMS 0x000000070ac00000| PB 0x000000070ac00000| Complete 
|  41|0x000000070ae00000, 0x000000070b000000, 0x000000070b000000|100%| E|CS|TAMS 0x000000070ae00000| PB 0x000000070ae00000| Complete 
|  42|0x000000070b000000, 0x000000070b200000, 0x000000070b200000|100%| E|CS|TAMS 0x000000070b000000| PB 0x000000070b000000| Complete 
|  43|0x000000070b200000, 0x000000070b400000, 0x000000070b400000|100%| E|CS|TAMS 0x000000070b200000| PB 0x000000070b200000| Complete 
|  44|0x000000070b400000, 0x000000070b600000, 0x000000070b600000|100%| E|CS|TAMS 0x000000070b400000| PB 0x000000070b400000| Complete 
|  45|0x000000070b600000, 0x000000070b800000, 0x000000070b800000|100%| E|CS|TAMS 0x000000070b600000| PB 0x000000070b600000| Complete 
|  46|0x000000070b800000, 0x000000070ba00000, 0x000000070ba00000|100%| E|CS|TAMS 0x000000070b800000| PB 0x000000070b800000| Complete 
|  47|0x000000070ba00000, 0x000000070bc00000, 0x000000070bc00000|100%| E|CS|TAMS 0x000000070ba00000| PB 0x000000070ba00000| Complete 
|  66|0x000000070e000000, 0x000000070e200000, 0x000000070e200000|100%| S|CS|TAMS 0x000000070e000000| PB 0x000000070e000000| Complete 
| 125|0x0000000715600000, 0x0000000715800000, 0x0000000715800000|100%| E|CS|TAMS 0x0000000715600000| PB 0x0000000715600000| Complete 

Card table byte_map: [0x000001b93cd40000,0x000001b93d520000] _byte_map_base: 0x000001b939512000

Marking Bits: (CMBitMap*) 0x000001b924bc1770
 Bits: [0x000001b93d520000, 0x000001b9413b0000)

Polling page: 0x000001b922a60000

Metaspace:

Usage:
  Non-class:     56.23 MB used.
      Class:      8.85 MB used.
       Both:     65.08 MB used.

Virtual space:
  Non-class space:       64.00 MB reserved,      56.56 MB ( 88%) committed,  1 nodes.
      Class space:        1.00 GB reserved,       9.12 MB ( <1%) committed,  1 nodes.
             Both:        1.06 GB reserved,      65.69 MB (  6%) committed. 

Chunk freelists:
   Non-Class:  6.91 MB
       Class:  6.71 MB
        Both:  13.62 MB

MaxMetaspaceSize: unlimited
CompressedClassSpaceSize: 1.00 GB
Initial GC threshold: 21.00 MB
Current GC threshold: 99.38 MB
CDS: on
 - commit_granule_bytes: 65536.
 - commit_granule_words: 8192.
 - virtual_space_node_default_size: 8388608.
 - enlarge_chunks_in_place: 1.
 - use_allocation_guard: 0.


Internal statistics:

num_allocs_failed_limit: 12.
num_arena_births: 776.
num_arena_deaths: 0.
num_vsnodes_births: 2.
num_vsnodes_deaths: 0.
num_space_committed: 1051.
num_space_uncommitted: 0.
num_chunks_returned_to_freelist: 12.
num_chunks_taken_from_freelist: 2755.
num_chunk_merges: 12.
num_chunk_splits: 1977.
num_chunks_enlarged: 1524.
num_inconsistent_stats: 0.

CodeHeap 'non-profiled nmethods': size=120000Kb used=5061Kb max_used=5061Kb free=114938Kb
 bounds [0x000001b934ae0000, 0x000001b934fe0000, 0x000001b93c010000]
CodeHeap 'profiled nmethods': size=120000Kb used=17586Kb max_used=17586Kb free=102413Kb
 bounds [0x000001b92d010000, 0x000001b92e140000, 0x000001b934540000]
CodeHeap 'non-nmethods': size=5760Kb used=2187Kb max_used=2234Kb free=3572Kb
 bounds [0x000001b934540000, 0x000001b9347b0000, 0x000001b934ae0000]
 total_blobs=9834 nmethods=8722 adapters=1014
 compilation: enabled
              stopped_count=0, restarted_count=0
 full_count=0

Compilation events (20 events):
Event: 233.944 Thread 0x000001b944043a30 9214       4       java.io.ObjectOutputStream::writeByte (9 bytes)
Event: 233.946 Thread 0x000001b944043a30 nmethod 9214 0x000001b934fd0690 code [0x000001b934fd0820, 0x000001b934fd0948]
Event: 241.880 Thread 0x000001b9440452c0 9215       3       jdk.internal.loader.URLClassPath::findResource (38 bytes)
Event: 241.881 Thread 0x000001b9440452c0 nmethod 9215 0x000001b92e135e90 code [0x000001b92e136060, 0x000001b92e1363a8]
Event: 245.375 Thread 0x000001b9440452c0 9216       3       java.util.concurrent.ConcurrentHashMap$KeyIterator::next (34 bytes)
Event: 245.375 Thread 0x000001b9440452c0 nmethod 9216 0x000001b92e136510 code [0x000001b92e1366e0, 0x000001b92e1369b8]
Event: 245.375 Thread 0x000001b9440452c0 9217       3       java.util.logging.Logger::getHandlers (5 bytes)
Event: 245.376 Thread 0x000001b9440452c0 nmethod 9217 0x000001b92e136b10 code [0x000001b92e136cc0, 0x000001b92e136e88]
Event: 245.376 Thread 0x000001b9440452c0 9218       3       java.util.logging.Logger::accessCheckedHandlers (17 bytes)
Event: 245.376 Thread 0x000001b9440452c0 nmethod 9218 0x000001b92e136f10 code [0x000001b92e1370c0, 0x000001b92e137398]
Event: 245.376 Thread 0x000001b9440452c0 9219       3       java.util.Collections$3::hasMoreElements (10 bytes)
Event: 245.376 Thread 0x000001b9440452c0 nmethod 9219 0x000001b92e137490 code [0x000001b92e137640, 0x000001b92e137820]
Event: 245.379 Thread 0x000001b9440452c0 9220   !   3       java.util.concurrent.ConcurrentHashMap::transfer (849 bytes)
Event: 245.383 Thread 0x000001b9440452c0 nmethod 9220 0x000001b92e137910 code [0x000001b92e137d80, 0x000001b92e13a528]
Event: 245.384 Thread 0x000001b9440452c0 9222       3       java.util.concurrent.ConcurrentHashMap::addCount (280 bytes)
Event: 245.385 Thread 0x000001b9440452c0 nmethod 9222 0x000001b92e13bd10 code [0x000001b92e13bf60, 0x000001b92e13c8c0]
Event: 245.385 Thread 0x000001b9440452c0 9221       1       com.sun.prism.d3d.D3DContext::getResourceFactory (5 bytes)
Event: 245.385 Thread 0x000001b9440452c0 nmethod 9221 0x000001b934fd0a90 code [0x000001b934fd0c20, 0x000001b934fd0cf0]
Event: 245.416 Thread 0x000001b944043a30 9223       4       java.lang.ThreadLocal$ThreadLocalMap::getEntry (42 bytes)
Event: 245.419 Thread 0x000001b944043a30 nmethod 9223 0x000001b934fd0d90 code [0x000001b934fd0f40, 0x000001b934fd1260]

GC Heap History (18 events):
Event: 0.497 GC heap before
{Heap before GC invocations=0 (full 0):
 garbage-first heap   total 258048K, used 20480K [0x0000000705c00000, 0x0000000800000000)
  region size 2048K, 11 young (22528K), 0 survivors (0K)
 Metaspace       used 7569K, committed 7872K, reserved 1114112K
  class space    used 822K, committed 960K, reserved 1048576K
}
Event: 0.502 GC heap after
{Heap after GC invocations=1 (full 0):
 garbage-first heap   total 258048K, used 5656K [0x0000000705c00000, 0x0000000800000000)
  region size 2048K, 2 young (4096K), 2 survivors (4096K)
 Metaspace       used 7569K, committed 7872K, reserved 1114112K
  class space    used 822K, committed 960K, reserved 1048576K
}
Event: 1.302 GC heap before
{Heap before GC invocations=1 (full 0):
 garbage-first heap   total 258048K, used 32280K [0x0000000705c00000, 0x0000000800000000)
  region size 2048K, 16 young (32768K), 2 survivors (4096K)
 Metaspace       used 17477K, committed 17856K, reserved 1114112K
  class space    used 2191K, committed 2368K, reserved 1048576K
}
Event: 1.307 GC heap after
{Heap after GC invocations=2 (full 0):
 garbage-first heap   total 258048K, used 9874K [0x0000000705c00000, 0x0000000800000000)
  region size 2048K, 2 young (4096K), 2 survivors (4096K)
 Metaspace       used 17477K, committed 17856K, reserved 1114112K
  class space    used 2191K, committed 2368K, reserved 1048576K
}
Event: 1.512 GC heap before
{Heap before GC invocations=2 (full 0):
 garbage-first heap   total 258048K, used 16018K [0x0000000705c00000, 0x0000000800000000)
  region size 2048K, 6 young (12288K), 2 survivors (4096K)
 Metaspace       used 21132K, committed 21504K, reserved 1114112K
  class space    used 2635K, committed 2816K, reserved 1048576K
}
Event: 1.515 GC heap after
{Heap after GC invocations=3 (full 0):
 garbage-first heap   total 258048K, used 10929K [0x0000000705c00000, 0x0000000800000000)
  region size 2048K, 3 young (6144K), 3 survivors (6144K)
 Metaspace       used 21132K, committed 21504K, reserved 1114112K
  class space    used 2635K, committed 2816K, reserved 1048576K
}
Event: 2.066 GC heap before
{Heap before GC invocations=4 (full 0):
 garbage-first heap   total 49152K, used 33457K [0x0000000705c00000, 0x0000000800000000)
  region size 2048K, 14 young (28672K), 3 survivors (6144K)
 Metaspace       used 31108K, committed 31552K, reserved 1114112K
  class space    used 3862K, committed 4096K, reserved 1048576K
}
Event: 2.071 GC heap after
{Heap after GC invocations=5 (full 0):
 garbage-first heap   total 49152K, used 13884K [0x0000000705c00000, 0x0000000800000000)
  region size 2048K, 2 young (4096K), 2 survivors (4096K)
 Metaspace       used 31108K, committed 31552K, reserved 1114112K
  class space    used 3862K, committed 4096K, reserved 1048576K
}
Event: 2.366 GC heap before
{Heap before GC invocations=5 (full 0):
 garbage-first heap   total 49152K, used 26172K [0x0000000705c00000, 0x0000000800000000)
  region size 2048K, 10 young (20480K), 2 survivors (4096K)
 Metaspace       used 35637K, committed 36096K, reserved 1114112K
  class space    used 4505K, committed 4736K, reserved 1048576K
}
Event: 2.369 GC heap after
{Heap after GC invocations=6 (full 0):
 garbage-first heap   total 49152K, used 14846K [0x0000000705c00000, 0x0000000800000000)
  region size 2048K, 1 young (2048K), 1 survivors (2048K)
 Metaspace       used 35637K, committed 36096K, reserved 1114112K
  class space    used 4505K, committed 4736K, reserved 1048576K
}
Event: 2.387 GC heap before
{Heap before GC invocations=6 (full 0):
 garbage-first heap   total 49152K, used 14846K [0x0000000705c00000, 0x0000000800000000)
  region size 2048K, 2 young (4096K), 1 survivors (2048K)
 Metaspace       used 36014K, committed 36416K, reserved 1114112K
  class space    used 4558K, committed 4736K, reserved 1048576K
}
Event: 2.388 GC heap after
{Heap after GC invocations=7 (full 0):
 garbage-first heap   total 49152K, used 14690K [0x0000000705c00000, 0x0000000800000000)
  region size 2048K, 1 young (2048K), 1 survivors (2048K)
 Metaspace       used 36014K, committed 36416K, reserved 1114112K
  class space    used 4558K, committed 4736K, reserved 1048576K
}
Event: 2.816 GC heap before
{Heap before GC invocations=8 (full 0):
 garbage-first heap   total 49152K, used 35170K [0x0000000705c00000, 0x0000000800000000)
  region size 2048K, 12 young (24576K), 1 survivors (2048K)
 Metaspace       used 42856K, committed 43328K, reserved 1114112K
  class space    used 5665K, committed 5888K, reserved 1048576K
}
Event: 2.818 GC heap after
{Heap after GC invocations=9 (full 0):
 garbage-first heap   total 153600K, used 15566K [0x0000000705c00000, 0x0000000800000000)
  region size 2048K, 1 young (2048K), 1 survivors (2048K)
 Metaspace       used 42856K, committed 43328K, reserved 1114112K
  class space    used 5665K, committed 5888K, reserved 1048576K
}
Event: 15.596 GC heap before
{Heap before GC invocations=9 (full 0):
 garbage-first heap   total 153600K, used 107726K [0x0000000705c00000, 0x0000000800000000)
  region size 2048K, 45 young (92160K), 1 survivors (2048K)
 Metaspace       used 59838K, committed 60352K, reserved 1114112K
  class space    used 8243K, committed 8512K, reserved 1048576K
}
Event: 15.602 GC heap after
{Heap after GC invocations=10 (full 0):
 garbage-first heap   total 153600K, used 25696K [0x0000000705c00000, 0x0000000800000000)
  region size 2048K, 5 young (10240K), 5 survivors (10240K)
 Metaspace       used 59838K, committed 60352K, reserved 1114112K
  class space    used 8243K, committed 8512K, reserved 1048576K
}
Event: 15.816 GC heap before
{Heap before GC invocations=10 (full 0):
 garbage-first heap   total 153600K, used 40032K [0x0000000705c00000, 0x0000000800000000)
  region size 2048K, 13 young (26624K), 5 survivors (10240K)
 Metaspace       used 60425K, committed 60928K, reserved 1114112K
  class space    used 8286K, committed 8512K, reserved 1048576K
}
Event: 15.820 GC heap after
{Heap after GC invocations=11 (full 0):
 garbage-first heap   total 153600K, used 27501K [0x0000000705c00000, 0x0000000800000000)
  region size 2048K, 1 young (2048K), 1 survivors (2048K)
 Metaspace       used 60425K, committed 60928K, reserved 1114112K
  class space    used 8286K, committed 8512K, reserved 1048576K
}

Dll operation events (20 events):
Event: 0.482 Loaded shared library C:\Users\oc_vh\.openjfx\cache\21.0.2+5\amd64\api-ms-win-crt-runtime-l1-1-0.dll
Event: 0.487 Loaded shared library C:\Users\oc_vh\.openjfx\cache\21.0.2+5\amd64\api-ms-win-crt-stdio-l1-1-0.dll
Event: 0.492 Loaded shared library C:\Users\oc_vh\.openjfx\cache\21.0.2+5\amd64\api-ms-win-crt-string-l1-1-0.dll
Event: 0.495 Loaded shared library C:\Users\oc_vh\.openjfx\cache\21.0.2+5\amd64\api-ms-win-crt-time-l1-1-0.dll
Event: 0.504 Loaded shared library C:\Users\oc_vh\.openjfx\cache\21.0.2+5\amd64\api-ms-win-crt-utility-l1-1-0.dll
Event: 0.516 Loaded shared library C:\Users\oc_vh\.openjfx\cache\21.0.2+5\amd64\ucrtbase.dll
Event: 0.522 Loaded shared library C:\Users\oc_vh\.openjfx\cache\21.0.2+5\amd64\vcruntime140.dll
Event: 0.525 Loaded shared library C:\Users\oc_vh\.openjfx\cache\21.0.2+5\amd64\vcruntime140_1.dll
Event: 0.533 Loaded shared library C:\Users\oc_vh\.openjfx\cache\21.0.2+5\amd64\msvcp140.dll
Event: 0.538 Loaded shared library C:\Users\oc_vh\.openjfx\cache\21.0.2+5\amd64\msvcp140_1.dll
Event: 0.544 Loaded shared library C:\Users\oc_vh\.openjfx\cache\21.0.2+5\amd64\msvcp140_2.dll
Event: 0.588 Loaded shared library C:\Users\oc_vh\.openjfx\cache\21.0.2+5\amd64\prism_d3d.dll
Event: 0.668 Loaded shared library C:\Users\oc_vh\.openjfx\cache\21.0.2+5\amd64\glass.dll
Event: 0.897 Loaded shared library C:\Users\oc_vh\.openjfx\cache\21.0.2+5\amd64\javafx_font.dll
Event: 1.745 Loaded shared library C:\Program Files\Java\jdk-21.0.11\bin\sunmscapi.dll
Event: 2.239 Loaded shared library C:\Program Files\Java\jdk-21.0.11\bin\verify.dll
Event: 34.157 Loaded shared library C:\Program Files\Java\jdk-21.0.11\bin\awt.dll
Event: 34.171 Loaded shared library C:\Users\oc_vh\.openjfx\cache\21.0.2+5\amd64\prism_common.dll
Event: 34.201 Loaded shared library C:\Program Files\Java\jdk-21.0.11\bin\freetype.dll
Event: 34.201 Loaded shared library C:\Program Files\Java\jdk-21.0.11\bin\fontmanager.dll

Deoptimization events (20 events):
Event: 35.182 Thread 0x000001b98ac06300 Uncommon trap: trap_request=0xffffffd6 fr.pc=0x000001b934f9aeb8 relative=0x0000000000000758
Event: 35.182 Thread 0x000001b98ac06300 Uncommon trap: reason=array_check action=maybe_recompile pc=0x000001b934f9aeb8 method=com.sun.javafx.event.EventDispatchChainImpl.prepend(Ljavafx/event/EventDispatcher;)Ljavafx/event/EventDispatchChain; @ 33 c2
Event: 35.182 Thread 0x000001b98ac06300 DEOPT PACKING pc=0x000001b934f9aeb8 sp=0x00000064db4f6b90
Event: 35.182 Thread 0x000001b98ac06300 DEOPT UNPACKING pc=0x000001b9345946a2 sp=0x00000064db4f6b50 mode 2
Event: 54.210 Thread 0x000001b98ac06300 Uncommon trap: trap_request=0xffffff45 fr.pc=0x000001b934ef4668 relative=0x0000000000000808
Event: 54.210 Thread 0x000001b98ac06300 Uncommon trap: reason=unstable_if action=reinterpret pc=0x000001b934ef4668 method=javafx.scene.Parent.getOrderedChildren()Ljava/util/List; @ 7 c2
Event: 54.210 Thread 0x000001b98ac06300 DEOPT PACKING pc=0x000001b934ef4668 sp=0x00000064db4f6670
Event: 54.210 Thread 0x000001b98ac06300 DEOPT UNPACKING pc=0x000001b9345946a2 sp=0x00000064db4f63c0 mode 2
Event: 245.378 Thread 0x000001b991657010 Uncommon trap: trap_request=0xffffff45 fr.pc=0x000001b934b69260 relative=0x00000000000001a0
Event: 245.378 Thread 0x000001b991657010 Uncommon trap: reason=unstable_if action=reinterpret pc=0x000001b934b69260 method=java.util.concurrent.ConcurrentHashMap.addCount(JI)V @ 171 c2
Event: 245.378 Thread 0x000001b991657010 DEOPT PACKING pc=0x000001b934b69260 sp=0x00000064dcafde90
Event: 245.378 Thread 0x000001b991657010 DEOPT UNPACKING pc=0x000001b9345946a2 sp=0x00000064dcafddd0 mode 2
Event: 245.378 Thread 0x000001b991657010 Uncommon trap: trap_request=0xffffff45 fr.pc=0x000001b934c4b59c relative=0x00000000000014dc
Event: 245.378 Thread 0x000001b991657010 Uncommon trap: reason=unstable_if action=reinterpret pc=0x000001b934c4b59c method=java.util.concurrent.ConcurrentHashMap.transfer([Ljava/util/concurrent/ConcurrentHashMap$Node;[Ljava/util/concurrent/ConcurrentHashMap$Node;)V @ 34 c2
Event: 245.378 Thread 0x000001b991657010 DEOPT PACKING pc=0x000001b934c4b59c sp=0x00000064dcafdce0
Event: 245.378 Thread 0x000001b991657010 DEOPT UNPACKING pc=0x000001b9345946a2 sp=0x00000064dcafdca0 mode 2
Event: 245.379 Thread 0x000001b98a71fae0 Uncommon trap: trap_request=0xffffff45 fr.pc=0x000001b934c4b6cc relative=0x000000000000160c
Event: 245.379 Thread 0x000001b98a71fae0 Uncommon trap: reason=unstable_if action=reinterpret pc=0x000001b934c4b6cc method=java.util.concurrent.ConcurrentHashMap.transfer([Ljava/util/concurrent/ConcurrentHashMap$Node;[Ljava/util/concurrent/ConcurrentHashMap$Node;)V @ 273 c2
Event: 245.379 Thread 0x000001b98a71fae0 DEOPT PACKING pc=0x000001b934c4b6cc sp=0x00000064db2fe0d0
Event: 245.379 Thread 0x000001b98a71fae0 DEOPT UNPACKING pc=0x000001b9345946a2 sp=0x00000064db2fe070 mode 2

Classes loaded (20 events):
Event: 36.316 Loading class sun/awt/im/ExecutableInputMethodManager$3
Event: 36.316 Loading class sun/awt/im/ExecutableInputMethodManager$3 done
Event: 36.317 Loading class sun/awt/windows/WInputMethod
Event: 36.317 Loading class sun/awt/im/InputMethodAdapter
Event: 36.317 Loading class java/awt/im/spi/InputMethod
Event: 36.317 Loading class java/awt/im/spi/InputMethod done
Event: 36.317 Loading class sun/awt/im/InputMethodAdapter done
Event: 36.317 Loading class sun/awt/windows/WInputMethod done
Event: 36.318 Loading class java/awt/Color
Event: 36.318 Loading class java/awt/Paint
Event: 36.318 Loading class java/awt/Paint done
Event: 36.318 Loading class java/awt/Color done
Event: 37.602 Loading class java/util/IdentityHashMap$ValueIterator
Event: 37.602 Loading class java/util/IdentityHashMap$ValueIterator done
Event: 37.602 Loading class sun/awt/AppContext$PostShutdownEventRunnable
Event: 37.602 Loading class sun/awt/AppContext$PostShutdownEventRunnable done
Event: 37.602 Loading class sun/awt/AWTAutoShutdown$1
Event: 37.602 Loading class sun/awt/AWTAutoShutdown$1 done
Event: 245.371 Loading class jdk/internal/misc/Signal$1
Event: 245.371 Loading class jdk/internal/misc/Signal$1 done

Classes unloaded (0 events):
No events

Classes redefined (0 events):
No events

Internal exceptions (20 events):
Event: 12.286 Thread 0x000001b98ac06300 Exception <a 'java/io/FileNotFoundException'{0x0000000709efa478}> (0x0000000709efa478) 
thrown [s\open\src\hotspot\share\prims\jni.cpp, line 520]
Event: 12.287 Thread 0x000001b98ac06300 Exception <a 'java/io/FileNotFoundException'{0x0000000709efc5c8}> (0x0000000709efc5c8) 
thrown [s\open\src\hotspot\share\prims\jni.cpp, line 520]
Event: 12.287 Thread 0x000001b98ac06300 Exception <a 'java/io/FileNotFoundException'{0x0000000709f02d70}> (0x0000000709f02d70) 
thrown [s\open\src\hotspot\share\prims\jni.cpp, line 520]
Event: 12.287 Thread 0x000001b98ac06300 Exception <a 'java/io/FileNotFoundException'{0x0000000709f04970}> (0x0000000709f04970) 
thrown [s\open\src\hotspot\share\prims\jni.cpp, line 520]
Event: 12.298 Thread 0x000001b98ac06300 Exception <a 'java/io/FileNotFoundException'{0x0000000709c33af0}> (0x0000000709c33af0) 
thrown [s\open\src\hotspot\share\prims\jni.cpp, line 520]
Event: 12.298 Thread 0x000001b98ac06300 Exception <a 'java/io/FileNotFoundException'{0x0000000709c35c50}> (0x0000000709c35c50) 
thrown [s\open\src\hotspot\share\prims\jni.cpp, line 520]
Event: 12.298 Thread 0x000001b98ac06300 Exception <a 'java/io/FileNotFoundException'{0x0000000709c37dc8}> (0x0000000709c37dc8) 
thrown [s\open\src\hotspot\share\prims\jni.cpp, line 520]
Event: 12.298 Thread 0x000001b98ac06300 Exception <a 'java/io/FileNotFoundException'{0x0000000709c39f28}> (0x0000000709c39f28) 
thrown [s\open\src\hotspot\share\prims\jni.cpp, line 520]
Event: 15.843 Thread 0x000001b98ac06300 Implicit null exception at 0x000001b934e5dd64 to 0x000001b934e5df8c
Event: 15.981 Thread 0x000001b98ac06300 Exception <a 'java/lang/NoSuchMethodError'{0x000000070b7bdcb8}: 'void java.lang.invoke.DirectMethodHandle$Holder.invokeSpecial(java.lang.Object, java.lang.Object, int, int)'> (0x000000070b7bdcb8) 
thrown [s\open\src\hotspot\share\interpreter\linkResolver.cpp, line 773]
Event: 15.982 Thread 0x000001b98ac06300 Exception <a 'java/lang/NoSuchMethodError'{0x000000070b7c3ad0}: 'java.lang.Object java.lang.invoke.DirectMethodHandle$Holder.newInvokeSpecial(java.lang.Object, java.lang.Object, int, int)'> (0x000000070b7c3ad0) 
thrown [s\open\src\hotspot\share\interpreter\linkResolver.cpp, line 773]
Event: 15.982 Thread 0x000001b98ac06300 Exception <a 'java/lang/NoSuchMethodError'{0x000000070b7c7a00}: 'java.lang.Object java.lang.invoke.DirectMethodHandle$Holder.invokeSpecial(java.lang.Object, java.lang.Object, java.lang.Object, int, int)'> (0x000000070b7c7a00) 
thrown [s\open\src\hotspot\share\interpreter\linkResolver.cpp, line 773]
Event: 23.101 Thread 0x000001b98ac06300 Implicit null exception at 0x000001b934bbf777 to 0x000001b934bbf9e0
Event: 28.572 Thread 0x000001b98ac06300 Exception <a 'java/lang/NoSuchMethodError'{0x0000000709e4bc48}: 'void java.lang.invoke.DirectMethodHandle$Holder.invokeInterface(java.lang.Object, java.lang.Object, java.lang.Object, java.lang.Object)'> (0x0000000709e4bc48) 
thrown [s\open\src\hotspot\share\interpreter\linkResolver.cpp, line 773]
Event: 28.648 Thread 0x000001b98ac06300 Implicit null exception at 0x000001b934ee9662 to 0x000001b934ee9ca8
Event: 28.666 Thread 0x000001b98ac06300 Implicit null exception at 0x000001b934f60dbf to 0x000001b934f60f70
Event: 28.668 Thread 0x000001b98ac06300 Implicit null exception at 0x000001b934f606f1 to 0x000001b934f60750
Event: 34.153 Thread 0x000001b98ac06300 Exception <a 'java/lang/ClassNotFoundException'{0x0000000709aef260}: sun/awt/resources/spi/awtProvider> (0x0000000709aef260) 
thrown [s\open\src\hotspot\share\classfile\systemDictionary.cpp, line 313]
Event: 34.158 Thread 0x000001b98ac06300 Exception <a 'java/io/FileNotFoundException'{0x0000000709af2ec8}> (0x0000000709af2ec8) 
thrown [s\open\src\hotspot\share\prims\jni.cpp, line 520]
Event: 34.158 Thread 0x000001b98ac06300 Exception <a 'java/io/FileNotFoundException'{0x0000000709af51c8}> (0x0000000709af51c8) 
thrown [s\open\src\hotspot\share\prims\jni.cpp, line 520]

ZGC Phase Switch (0 events):
No events

VM Operations (20 events):
Event: 124.908 Executing VM operation: Cleanup done
Event: 132.993 Executing VM operation: Cleanup
Event: 132.994 Executing VM operation: Cleanup done
Event: 138.035 Executing VM operation: Cleanup
Event: 138.035 Executing VM operation: Cleanup done
Event: 141.050 Executing VM operation: Cleanup
Event: 141.050 Executing VM operation: Cleanup done
Event: 142.063 Executing VM operation: Cleanup
Event: 142.063 Executing VM operation: Cleanup done
Event: 181.405 Executing VM operation: Cleanup
Event: 181.405 Executing VM operation: Cleanup done
Event: 188.473 Executing VM operation: Cleanup
Event: 188.473 Executing VM operation: Cleanup done
Event: 189.477 Executing VM operation: Cleanup
Event: 189.477 Executing VM operation: Cleanup done
Event: 221.634 Executing VM operation: Cleanup
Event: 221.634 Executing VM operation: Cleanup done
Event: 226.637 Executing VM operation: Cleanup
Event: 226.637 Executing VM operation: Cleanup done
Event: 245.480 Executing VM operation: Exit

Events (20 events):
Event: 34.190 Thread 0x000001b991654f40 Thread added: 0x000001b991654f40
Event: 34.191 Thread 0x000001b991653500 Thread added: 0x000001b991653500
Event: 34.192 Thread 0x000001b9916555d0 Thread added: 0x000001b9916555d0
Event: 34.541 Thread 0x000001b991652e70 Thread added: 0x000001b991652e70
Event: 34.562 Thread 0x000001b991657010 Thread added: 0x000001b991657010
Event: 34.563 Thread 0x000001b991656980 Thread added: 0x000001b991656980
Event: 36.311 Thread 0x000001b991657010 Thread exited: 0x000001b991657010
Event: 36.320 Thread 0x000001b991652e70 Thread exited: 0x000001b991652e70
Event: 37.602 Thread 0x000001b991653500 Thread exited: 0x000001b991653500
Event: 37.602 Thread 0x000001b991656980 Thread exited: 0x000001b991656980
Event: 245.372 Thread 0x000001b991656980 Thread added: 0x000001b991656980
Event: 245.373 Thread 0x000001b991653500 Thread added: 0x000001b991653500
Event: 245.373 Thread 0x000001b991657010 Thread added: 0x000001b991657010
Event: 245.373 Thread 0x000001b9916576a0 Thread added: 0x000001b9916576a0
Event: 245.376 Thread 0x000001b98a40b260 Thread added: 0x000001b98a40b260
Event: 245.376 Thread 0x000001b991653500 Thread exited: 0x000001b991653500
Event: 245.379 Thread 0x000001b991657010 Thread exited: 0x000001b991657010
Event: 245.393 Thread 0x000001b9916555d0 Thread exited: 0x000001b9916555d0
Event: 245.416 Thread 0x000001b98a71fae0 Thread exited: 0x000001b98a71fae0
Event: 245.480 Thread 0x000001b9916576a0 Thread exited: 0x000001b9916576a0


Dynamic libraries:
0x00007ff7c9110000 - 0x00007ff7c9120000 	C:\Program Files\Java\jdk-21.0.11\bin\java.exe
0x00007fff23b60000 - 0x00007fff23dc7000 	C:\windows\SYSTEM32\ntdll.dll
0x00007fff226f0000 - 0x00007fff227b9000 	C:\windows\System32\KERNEL32.DLL
0x00007fff210a0000 - 0x00007fff21497000 	C:\windows\System32\KERNELBASE.dll
0x00007fff214a0000 - 0x00007fff215eb000 	C:\windows\System32\ucrtbase.dll
0x00007ffef3430000 - 0x00007ffef3449000 	C:\Program Files\Java\jdk-21.0.11\bin\jli.dll
0x00007fff21cb0000 - 0x00007fff21d66000 	C:\windows\System32\ADVAPI32.dll
0x00007fff22b10000 - 0x00007fff22bb9000 	C:\windows\System32\msvcrt.dll
0x00007fff21960000 - 0x00007fff21a07000 	C:\windows\System32\sechost.dll
0x00007fff21b80000 - 0x00007fff21c98000 	C:\windows\System32\RPCRT4.dll
0x00007ffef33e0000 - 0x00007ffef33fe000 	C:\Program Files\Java\jdk-21.0.11\bin\VCRUNTIME140.dll
0x00007fff22bc0000 - 0x00007fff22d86000 	C:\windows\System32\USER32.dll
0x00007fff20f40000 - 0x00007fff20f67000 	C:\windows\System32\win32u.dll
0x00007fff227c0000 - 0x00007fff227eb000 	C:\windows\System32\GDI32.dll
0x00007fff20f70000 - 0x00007fff2109c000 	C:\windows\System32\gdi32full.dll
0x00007fff215f0000 - 0x00007fff21693000 	C:\windows\System32\msvcp_win.dll
0x00007fff1f720000 - 0x00007fff1f9b2000 	C:\windows\WinSxS\amd64_microsoft.windows.common-controls_6595b64144ccf1df_6.0.26100.8457_none_3e0b2faee331e92d\COMCTL32.dll
0x00007fff17e30000 - 0x00007fff17e3b000 	C:\windows\SYSTEM32\VERSION.dll
0x00007fff23750000 - 0x00007fff23782000 	C:\windows\System32\IMM32.DLL
0x00007fff18500000 - 0x00007fff1850c000 	C:\Program Files\Java\jdk-21.0.11\bin\vcruntime140_1.dll
0x00007ffee9240000 - 0x00007ffee92cd000 	C:\Program Files\Java\jdk-21.0.11\bin\msvcp140.dll
0x00007ffe82e10000 - 0x00007ffe83b38000 	C:\Program Files\Java\jdk-21.0.11\bin\server\jvm.dll
0x00007fff21a10000 - 0x00007fff21a90000 	C:\windows\System32\WS2_32.dll
0x00007fff1fdf0000 - 0x00007fff1fe4e000 	C:\windows\SYSTEM32\POWRPROF.dll
0x00007fff0cd60000 - 0x00007fff0cd96000 	C:\windows\SYSTEM32\WINMM.dll
0x00007fff1fac0000 - 0x00007fff1fad4000 	C:\windows\SYSTEM32\UMPDC.dll
0x00007fff1e9f0000 - 0x00007fff1ea0b000 	C:\windows\SYSTEM32\kernel.appcore.dll
0x00007fff0a660000 - 0x00007fff0a66a000 	C:\Program Files\Java\jdk-21.0.11\bin\jimage.dll
0x00007fff1fe60000 - 0x00007fff200a2000 	C:\windows\SYSTEM32\DBGHELP.DLL
0x00007fff23790000 - 0x00007fff23b13000 	C:\windows\System32\combase.dll
0x00007fff21d70000 - 0x00007fff21e49000 	C:\windows\System32\OLEAUT32.dll
0x00007fff1fce0000 - 0x00007fff1fd1b000 	C:\windows\SYSTEM32\dbgcore.DLL
0x00007fff20e90000 - 0x00007fff20f38000 	C:\windows\System32\bcryptPrimitives.dll
0x00007fff0a650000 - 0x00007fff0a660000 	C:\Program Files\Java\jdk-21.0.11\bin\instrument.dll
0x00007fff02270000 - 0x00007fff02291000 	C:\Program Files\Java\jdk-21.0.11\bin\java.dll
0x00007fff21f50000 - 0x00007fff226be000 	C:\windows\System32\SHELL32.dll
0x00007fff20590000 - 0x00007fff20dfc000 	C:\windows\System32\windows.storage.dll
0x00007fff21e50000 - 0x00007fff21f46000 	C:\windows\System32\SHCORE.dll
0x00007fff22fb0000 - 0x00007fff23016000 	C:\windows\System32\shlwapi.dll
0x00007fff204b0000 - 0x00007fff204d9000 	C:\windows\SYSTEM32\profapi.dll
0x00007ffecc330000 - 0x00007ffecc407000 	C:\Program Files\Java\jdk-21.0.11\bin\jsvml.dll
0x00007ffef6f20000 - 0x00007ffef6f38000 	C:\Program Files\Java\jdk-21.0.11\bin\zip.dll
0x00007ffee9af0000 - 0x00007ffee9b01000 	C:\Program Files\Java\jdk-21.0.11\bin\net.dll
0x00007fff16db0000 - 0x00007fff16ed9000 	C:\windows\SYSTEM32\WINHTTP.dll
0x00007fff1ef20000 - 0x00007fff1ef8c000 	C:\windows\system32\mswsock.dll
0x00007ffee9ad0000 - 0x00007ffee9ae6000 	C:\Program Files\Java\jdk-21.0.11\bin\nio.dll
0x00007fff1e470000 - 0x00007fff1e5a2000 	C:\windows\SYSTEM32\DNSAPI.dll
0x00007fff1e3e0000 - 0x00007fff1e412000 	C:\windows\SYSTEM32\IPHLPAPI.DLL
0x00007fff21ca0000 - 0x00007fff21caa000 	C:\windows\System32\NSI.dll
0x00007fff16070000 - 0x00007fff1607b000 	C:\Windows\System32\rasadhlp.dll
0x00007fff17760000 - 0x00007fff177e6000 	C:\windows\System32\fwpuclnt.dll
0x00007fff0a640000 - 0x00007fff0a649000 	C:\Program Files\Java\jdk-21.0.11\bin\extnet.dll
0x00007fff0a020000 - 0x00007fff0a02a000 	C:\Program Files\Java\jdk-21.0.11\bin\management.dll
0x00007fff076c0000 - 0x00007fff076cc000 	C:\Program Files\Java\jdk-21.0.11\bin\management_ext.dll
0x00007fff21b60000 - 0x00007fff21b68000 	C:\windows\System32\PSAPI.DLL
0x000001b922aa0000 - 0x000001b922aa3000 	C:\Users\oc_vh\.openjfx\cache\21.0.2+5\amd64\api-ms-win-core-console-l1-1-0.dll
0x000001b922ab0000 - 0x000001b922ab3000 	C:\Users\oc_vh\.openjfx\cache\21.0.2+5\amd64\api-ms-win-core-console-l1-2-0.dll
0x000001b922ac0000 - 0x000001b922ac3000 	C:\Users\oc_vh\.openjfx\cache\21.0.2+5\amd64\api-ms-win-core-datetime-l1-1-0.dll
0x000001b922ad0000 - 0x000001b922ad3000 	C:\Users\oc_vh\.openjfx\cache\21.0.2+5\amd64\api-ms-win-core-debug-l1-1-0.dll
0x000001b922ae0000 - 0x000001b922ae3000 	C:\Users\oc_vh\.openjfx\cache\21.0.2+5\amd64\api-ms-win-core-errorhandling-l1-1-0.dll
0x00007fff201d0000 - 0x00007fff201eb000 	C:\windows\SYSTEM32\CRYPTSP.dll
0x00007fff1f240000 - 0x00007fff1f279000 	C:\windows\system32\rsaenh.dll
0x00007fff1ef90000 - 0x00007fff1efc3000 	C:\windows\SYSTEM32\USERENV.dll
0x00007fff20480000 - 0x00007fff204aa000 	C:\windows\SYSTEM32\bcrypt.dll
0x00007fff1f620000 - 0x00007fff1f62c000 	C:\windows\SYSTEM32\CRYPTBASE.dll
0x000001b922af0000 - 0x000001b922af4000 	C:\Users\oc_vh\.openjfx\cache\21.0.2+5\amd64\api-ms-win-core-file-l1-1-0.dll
0x000001b922b10000 - 0x000001b922b13000 	C:\Users\oc_vh\.openjfx\cache\21.0.2+5\amd64\api-ms-win-core-file-l1-2-0.dll
0x000001b922b20000 - 0x000001b922b23000 	C:\Users\oc_vh\.openjfx\cache\21.0.2+5\amd64\api-ms-win-core-file-l2-1-0.dll
0x000001b922b30000 - 0x000001b922b33000 	C:\Users\oc_vh\.openjfx\cache\21.0.2+5\amd64\api-ms-win-core-handle-l1-1-0.dll
0x000001b922b40000 - 0x000001b922b43000 	C:\Users\oc_vh\.openjfx\cache\21.0.2+5\amd64\api-ms-win-core-heap-l1-1-0.dll
0x00007ffeea140000 - 0x00007ffeea158000 	C:\windows\system32\napinsp.dll
0x00007fff04a70000 - 0x00007fff04a83000 	C:\windows\System32\winrnr.dll
0x00007ffee2910000 - 0x00007ffee2932000 	C:\windows\system32\nlansp_c.dll
0x00007ffee28f0000 - 0x00007ffee2906000 	C:\windows\system32\wshbth.dll
0x000001b922b50000 - 0x000001b922b53000 	C:\Users\oc_vh\.openjfx\cache\21.0.2+5\amd64\api-ms-win-core-interlocked-l1-1-0.dll
0x000001b922b60000 - 0x000001b922b63000 	C:\Users\oc_vh\.openjfx\cache\21.0.2+5\amd64\api-ms-win-core-libraryloader-l1-1-0.dll
0x000001b924ae0000 - 0x000001b924ae3000 	C:\Users\oc_vh\.openjfx\cache\21.0.2+5\amd64\api-ms-win-core-localization-l1-2-0.dll
0x000001b924af0000 - 0x000001b924af3000 	C:\Users\oc_vh\.openjfx\cache\21.0.2+5\amd64\api-ms-win-core-memory-l1-1-0.dll
0x000001b924b00000 - 0x000001b924b03000 	C:\Users\oc_vh\.openjfx\cache\21.0.2+5\amd64\api-ms-win-core-namedpipe-l1-1-0.dll
0x000001b924b10000 - 0x000001b924b13000 	C:\Users\oc_vh\.openjfx\cache\21.0.2+5\amd64\api-ms-win-core-processenvironment-l1-1-0.dll
0x000001b944d90000 - 0x000001b944d93000 	C:\Users\oc_vh\.openjfx\cache\21.0.2+5\amd64\api-ms-win-core-processthreads-l1-1-0.dll
0x000001b944da0000 - 0x000001b944da3000 	C:\Users\oc_vh\.openjfx\cache\21.0.2+5\amd64\api-ms-win-core-processthreads-l1-1-1.dll
0x000001b944db0000 - 0x000001b944db3000 	C:\Users\oc_vh\.openjfx\cache\21.0.2+5\amd64\api-ms-win-core-profile-l1-1-0.dll
0x000001b944dc0000 - 0x000001b944dc3000 	C:\Users\oc_vh\.openjfx\cache\21.0.2+5\amd64\api-ms-win-core-rtlsupport-l1-1-0.dll
0x000001b944dd0000 - 0x000001b944dd3000 	C:\Users\oc_vh\.openjfx\cache\21.0.2+5\amd64\api-ms-win-core-string-l1-1-0.dll
0x000001b944de0000 - 0x000001b944de3000 	C:\Users\oc_vh\.openjfx\cache\21.0.2+5\amd64\api-ms-win-core-synch-l1-1-0.dll
0x000001b944df0000 - 0x000001b944df3000 	C:\Users\oc_vh\.openjfx\cache\21.0.2+5\amd64\api-ms-win-core-synch-l1-2-0.dll
0x000001b944e00000 - 0x000001b944e03000 	C:\Users\oc_vh\.openjfx\cache\21.0.2+5\amd64\api-ms-win-core-sysinfo-l1-1-0.dll
0x000001b944e10000 - 0x000001b944e13000 	C:\Users\oc_vh\.openjfx\cache\21.0.2+5\amd64\api-ms-win-core-timezone-l1-1-0.dll
0x000001b944e20000 - 0x000001b944e23000 	C:\Users\oc_vh\.openjfx\cache\21.0.2+5\amd64\api-ms-win-core-util-l1-1-0.dll
0x000001b944e30000 - 0x000001b944e33000 	C:\Users\oc_vh\.openjfx\cache\21.0.2+5\amd64\api-ms-win-crt-conio-l1-1-0.dll
0x000001b944e40000 - 0x000001b944e44000 	C:\Users\oc_vh\.openjfx\cache\21.0.2+5\amd64\api-ms-win-crt-convert-l1-1-0.dll
0x000001b944e50000 - 0x000001b944e53000 	C:\Users\oc_vh\.openjfx\cache\21.0.2+5\amd64\api-ms-win-crt-environment-l1-1-0.dll
0x000001b944e60000 - 0x000001b944e63000 	C:\Users\oc_vh\.openjfx\cache\21.0.2+5\amd64\api-ms-win-crt-filesystem-l1-1-0.dll
0x000001b944e70000 - 0x000001b944e73000 	C:\Users\oc_vh\.openjfx\cache\21.0.2+5\amd64\api-ms-win-crt-heap-l1-1-0.dll
0x000001b944e80000 - 0x000001b944e83000 	C:\Users\oc_vh\.openjfx\cache\21.0.2+5\amd64\api-ms-win-crt-locale-l1-1-0.dll
0x000001b944e90000 - 0x000001b944e95000 	C:\Users\oc_vh\.openjfx\cache\21.0.2+5\amd64\api-ms-win-crt-math-l1-1-0.dll
0x000001b944ea0000 - 0x000001b944ea5000 	C:\Users\oc_vh\.openjfx\cache\21.0.2+5\amd64\api-ms-win-crt-multibyte-l1-1-0.dll
0x000001b944eb0000 - 0x000001b944ec0000 	C:\Users\oc_vh\.openjfx\cache\21.0.2+5\amd64\api-ms-win-crt-private-l1-1-0.dll
0x00007fff0bba0000 - 0x00007fff0bbf6000 	C:\windows\SYSTEM32\pdh.dll
0x000001b944ec0000 - 0x000001b944ec3000 	C:\Users\oc_vh\.openjfx\cache\21.0.2+5\amd64\api-ms-win-crt-process-l1-1-0.dll
0x000001b944ed0000 - 0x000001b944ed4000 	C:\Users\oc_vh\.openjfx\cache\21.0.2+5\amd64\api-ms-win-crt-runtime-l1-1-0.dll
0x000001b944ee0000 - 0x000001b944ee4000 	C:\Users\oc_vh\.openjfx\cache\21.0.2+5\amd64\api-ms-win-crt-stdio-l1-1-0.dll
0x000001b944f10000 - 0x000001b944f14000 	C:\Users\oc_vh\.openjfx\cache\21.0.2+5\amd64\api-ms-win-crt-string-l1-1-0.dll
0x000001b944ef0000 - 0x000001b944ef3000 	C:\Users\oc_vh\.openjfx\cache\21.0.2+5\amd64\api-ms-win-crt-time-l1-1-0.dll
0x000001b944f00000 - 0x000001b944f03000 	C:\Users\oc_vh\.openjfx\cache\21.0.2+5\amd64\api-ms-win-crt-utility-l1-1-0.dll
0x00007ffeb2360000 - 0x00007ffeb245c000 	C:\Users\oc_vh\.openjfx\cache\21.0.2+5\amd64\ucrtbase.dll
0x00007ffee9580000 - 0x00007ffee959b000 	C:\Users\oc_vh\.openjfx\cache\21.0.2+5\amd64\vcruntime140.dll
0x00007fff02350000 - 0x00007fff0235c000 	C:\Users\oc_vh\.openjfx\cache\21.0.2+5\amd64\vcruntime140_1.dll
0x00007ffecbde0000 - 0x00007ffecbe6e000 	C:\Users\oc_vh\.openjfx\cache\21.0.2+5\amd64\msvcp140.dll
0x00007fff02260000 - 0x00007fff02269000 	C:\Users\oc_vh\.openjfx\cache\21.0.2+5\amd64\msvcp140_1.dll
0x00007ffedfc50000 - 0x00007ffedfc91000 	C:\Users\oc_vh\.openjfx\cache\21.0.2+5\amd64\msvcp140_2.dll
0x00007ffee94c0000 - 0x00007ffee94f0000 	C:\Users\oc_vh\.openjfx\cache\21.0.2+5\amd64\prism_d3d.dll
0x00007ffefb690000 - 0x00007ffefb843000 	C:\windows\system32\d3d9.dll
0x00007fff1d140000 - 0x00007fff1d16f000 	C:\windows\SYSTEM32\dwmapi.dll
0x00007fff1cf60000 - 0x00007fff1cfa5000 	C:\windows\SYSTEM32\dxcore.dll
0x00007fff1ce50000 - 0x00007fff1cefa000 	C:\windows\system32\uxtheme.dll
0x00007fff22970000 - 0x00007fff22b07000 	C:\windows\System32\ole32.dll
0x00007fff20220000 - 0x00007fff20271000 	C:\windows\SYSTEM32\CFGMGR32.dll
0x00007fff16fa0000 - 0x00007fff17001000 	C:\windows\SYSTEM32\directxdatabasehelper.dll
0x00007ffed1600000 - 0x00007ffed1642000 	C:\Users\oc_vh\.openjfx\cache\21.0.2+5\amd64\glass.dll
0x00007fff22870000 - 0x00007fff22960000 	C:\windows\System32\COMDLG32.dll
0x00007fff22dc0000 - 0x00007fff22f1c000 	C:\windows\System32\MSCTF.dll
0x00007ffee9450000 - 0x00007ffee9464000 	C:\Users\oc_vh\.openjfx\cache\21.0.2+5\amd64\javafx_font.dll
0x00007fff1b310000 - 0x00007fff1b577000 	C:\windows\SYSTEM32\dwrite.dll
0x00007ffee2370000 - 0x00007ffee2382000 	C:\windows\System32\perfproc.dll
0x00007ffef6f10000 - 0x00007ffef6f1e000 	C:\Program Files\Java\jdk-21.0.11\bin\sunmscapi.dll
0x00007fff21760000 - 0x00007fff218d8000 	C:\windows\System32\CRYPT32.dll

dbghelp: loaded successfully - version: 4.0.5 - missing functions: none
symbol engine: initialized successfully - sym options: 0x614 - pdb path: .;C:\Program Files\Java\jdk-21.0.11\bin;C:\windows\SYSTEM32;C:\windows\WinSxS\amd64_microsoft.windows.common-controls_6595b64144ccf1df_6.0.26100.8457_none_3e0b2faee331e92d;C:\Program Files\Java\jdk-21.0.11\bin\server;C:\Users\oc_vh\.openjfx\cache\21.0.2+5\amd64;C:\windows\System32\DriverStore\FileRepository\iigd_dch.inf_amd64_a0e4070823166b80;C:\Program Files\Common Files\Microsoft Shared\Ink;C:\windows\System32\DriverStore\FileRepository\ntprint.inf_amd64_78082862576f78bc\Amd64;C:\windows\System32\DriverStore\FileRepository\prnms003.inf_amd64_fe120272380ff332\Amd64;C:\Program Files\Microsoft Office\root\VFS\ProgramFilesCommonX64\Microsoft Shared\Office16

VM Arguments:
jvm_args: -javaagent:C:\Program Files\JetBrains\IntelliJ IDEA 2026.1.2\lib\idea_rt.jar=55539 -Dfile.encoding=UTF-8 -Dsun.stdout.encoding=UTF-8 -Dsun.stderr.encoding=UTF-8 
java_command: com.asm.App
java_class_path (initial): C:\Users\oc_vh\IdeaProjects\pdv-almacenes-san-miguel\target\classes;C:\Users\oc_vh\.m2\repository\org\openjfx\javafx-controls\21.0.2\javafx-controls-21.0.2.jar;C:\Users\oc_vh\.m2\repository\org\openjfx\javafx-controls\21.0.2\javafx-controls-21.0.2-win.jar;C:\Users\oc_vh\.m2\repository\org\openjfx\javafx-graphics\21.0.2\javafx-graphics-21.0.2.jar;C:\Users\oc_vh\.m2\repository\org\openjfx\javafx-graphics\21.0.2\javafx-graphics-21.0.2-win.jar;C:\Users\oc_vh\.m2\repository\org\openjfx\javafx-base\21.0.2\javafx-base-21.0.2.jar;C:\Users\oc_vh\.m2\repository\org\openjfx\javafx-base\21.0.2\javafx-base-21.0.2-win.jar;C:\Users\oc_vh\.m2\repository\org\openjfx\javafx-fxml\21.0.2\javafx-fxml-21.0.2.jar;C:\Users\oc_vh\.m2\repository\org\openjfx\javafx-fxml\21.0.2\javafx-fxml-21.0.2-win.jar;C:\Users\oc_vh\.m2\repository\org\hibernate\orm\hibernate-core\6.2.7.Final\hibernate-core-6.2.7.Final.jar;C:\Users\oc_vh\.m2\repository\jakarta\persistence\jakarta.persistence-api\3.1.0\jakarta.persistence-api-3.1.0.jar;C:\Users\oc_vh\.m2\repository\jakarta\transaction\jakarta.transaction-api\2.0.1\jakarta.transaction-api-2.0.1.jar;C:\Users\oc_vh\.m2\repository\org\jboss\logging\jboss-logging\3.5.0.Final\jboss-logging-3.5.0.Final.jar;C:\Users\oc_vh\.m2\repository\org\hibernate\common\hibernate-commons-annotations\6.0.6.Final\hibernate-commons-annotations-6.0.6.Final.jar;C:\Users\oc_vh\.m2\repository\io\smallrye\jandex\3.0.5\jandex-3.0.5.jar;C:\Users\oc_vh\.m2\repository\com\fasterxml\classmate\1.5.1\classmate-1.5.1.jar;C:\Users\oc_vh\.m2\repository\net\bytebuddy\byte-buddy\1.12.18\byte-buddy-1.12.18.jar;C:\Users\oc_vh\.m2\repository\jakarta\xml\bind\jakarta.xml.bind-api\4.0.0\jakarta.xml.bind-api-4.0.0.jar;C:\Users\oc_vh\.m2\repository\jakarta\activation\jakarta.activation-api\2.1.0\jakarta.activation-api-2.1.0.jar;C:\Users\oc_vh\.m2\repository\org\glassfish\jaxb\jaxb-runtime\4.0.2\jaxb-runtime-4.0.2.jar;C:\Users\oc_vh\.m2\repository\org\glassfish\jaxb\jaxb-core\4.0.2\jaxb-core-4.0.2.jar;C:\Users\oc_vh\.m2\repository\org\eclipse\angus\angus-activation\2.0.0\angus-activation-2.0.0.jar;C:\Users\oc_vh\.m2\repository\org\glassfish\jaxb\txw2\4.0.2\txw2-4.0.2.jar;C:\Users\oc_vh\.m2\repository\com\sun\istack\istack-commons-runtime\4.1.1\istack-commons-runtime-4.1.1.jar;C:\Users\oc_vh\.m2\repository\jakarta\inject\jakarta.inject-api\2.0.1\jakarta.inject-api-2.0.1.jar;C:\Users\oc_vh\.m2\repository\org\antlr\antlr4-runtime\4.10.1\antlr4-runtime-4.10.1.jar;C:\Users\oc_vh\.m2\repository\com\mysql\mysql-connector-j\8.0.33\mysql-connector-j-8.0.33.jar;C:\Users\oc_vh\.m2\repository\com\google\protobuf\protobuf-java\3.21.9\protobuf-java-3.21.9.jar;C:\Users\oc_vh\.m2\repository\org\junit\jupiter\junit-jupiter-api\5.9.2\junit-jupiter-api-5.9.2.jar;C:\Users\oc_vh\.m2\repository\org\opentest4j\opentest4j\1.2.0\opentest4j-1.2.0.jar;C:\Users\oc_vh\.m2\repository\org\junit\platform\junit-platform-commons\1.9.2\junit-platform-commons-1.9.2.jar;C:\Users\oc_vh\.m2\repository\org\apiguardian\apiguardian-api\1.1.2\apiguardian-api-1.1.2.jar;C:\Users\oc_vh\.m2\repository\org\junit\jupiter\junit-jupiter-engine\5.9.2\junit-jupiter-engine-5.9.2.jar;C:\Users\oc_vh\.m2\repository\org\junit\platform\junit-platform-engine\1.9.2\junit-platform-engine-1.9.2.jar
Launcher Type: SUN_STANDARD

[Global flags]
     intx CICompilerCount                          = 4                                         {product} {ergonomic}
     uint ConcGCThreads                            = 3                                         {product} {ergonomic}
     uint G1ConcRefinementThreads                  = 10                                        {product} {ergonomic}
   size_t G1HeapRegionSize                         = 2097152                                   {product} {ergonomic}
    uintx GCDrainStackTargetSize                   = 64                                        {product} {ergonomic}
   size_t InitialHeapSize                          = 264241152                                 {product} {ergonomic}
   size_t MarkStackSize                            = 4194304                                   {product} {ergonomic}
   size_t MaxHeapSize                              = 4198498304                                {product} {ergonomic}
   size_t MaxNewSize                               = 2518679552                                {product} {ergonomic}
   size_t MinHeapDeltaBytes                        = 2097152                                   {product} {ergonomic}
   size_t MinHeapSize                              = 8388608                                   {product} {ergonomic}
    uintx NonNMethodCodeHeapSize                   = 5839372                                {pd product} {ergonomic}
    uintx NonProfiledCodeHeapSize                  = 122909434                              {pd product} {ergonomic}
    uintx ProfiledCodeHeapSize                     = 122909434                              {pd product} {ergonomic}
    uintx ReservedCodeCacheSize                    = 251658240                              {pd product} {ergonomic}
     bool SegmentedCodeCache                       = true                                      {product} {ergonomic}
   size_t SoftMaxHeapSize                          = 4198498304                             {manageable} {ergonomic}
     bool UseCompressedOops                        = true                           {product lp64_product} {ergonomic}
     bool UseG1GC                                  = true                                      {product} {ergonomic}
     bool UseLargePagesIndividualAllocation        = false                                  {pd product} {ergonomic}

Logging:
Log output configuration:
 #0: stdout all=off uptime,level,tags foldmultilines=false
 #1: stderr all=off uptime,level,tags foldmultilines=false

Environment Variables:
JAVA_HOME=C:\Program Files\Java\jdk-21.0.11
PATH=C:\Program Files\Common Files\Oracle\Java\javapath;C:\Program Files\Microsoft MPI\Bin\;C:\windows\system32;C:\windows;C:\windows\System32\Wbem;C:\windows\System32\WindowsPowerShell\v1.0\;C:\windows\System32\OpenSSH\;C:\Program Files (x86)\NVIDIA Corporation\PhysX\Common;C:\Program Files\NVIDIA Corporation\NVIDIA App\NvDLISR;C:\Users\Administrator\AppData\Local\Microsoft\WindowsApps;C:\Program Files\HP\OMEN-Broadcast\Common;C:\Program Files (x86)\Microsoft SQL Server\170\Tools\Binn\;C:\Program Files\Microsoft SQL Server\170\Tools\Binn\;C:\Program Files\Microsoft SQL Server\Client SDK\ODBC\180\Tools\Binn\;C:\Program Files\Microsoft SQL Server\170\DTS\Binn\;C:\Program Files\PuTTY\;C:\Program Files\Microchip\xc8\v2.36\bin;C:\Program Files\Java\jdk-21.0.11\bin;C:\Program Files\Git\cmd;C:\Program Files\Microsoft SQL Server\Client SDK\ODBC\130\Tools\Binn\;C:\Program Files (x86)\Microsoft SQL Server\130\Tools\Binn\;C:\Program Files\Microsoft SQL Server\130\Tools\Binn\;C:\Program Files\Microsoft SQL Server\130\DTS\Binn\;C:\Users\oc_vh\AppData\Local\Microsoft\WindowsApps;C:\Users\oc_vh\AppData\Local\Programs\Microsoft VS Code\bin;C:\Program Files\JetBrains\IntelliJ IDEA 2026.1.2\bin
USERNAME=oc_vh
OS=Windows_NT
PROCESSOR_IDENTIFIER=Intel64 Family 6 Model 186 Stepping 2, GenuineIntel
TMP=C:\Users\oc_vh\AppData\Local\Temp
TEMP=C:\Users\oc_vh\AppData\Local\Temp




Periodic native trim disabled

---------------  S Y S T E M  ---------------

OS:
 Windows 11 , 64 bit Build 26100 (10.0.26100.8328)
OS uptime: 5 days 17:22 hours
Hyper-V role detected

CPU: total 12 (initial active 12) (6 cores per cpu, 2 threads per core) family 6 model 186 stepping 2 microcode 0x6134, cx8, cmov, fxsr, ht, mmx, 3dnowpref, sse, sse2, sse3, ssse3, sse4.1, sse4.2, popcnt, lzcnt, tsc, tscinvbit, avx, avx2, aes, erms, clmul, bmi1, bmi2, adx, sha, fma, vzeroupper, clflush, clflushopt, clwb, hv, serialize, rdtscp, rdpid, fsrm, f16c, cet_ibt, cet_ss
Processor Information for processor 0
  Max Mhz: 2100, Current Mhz: 2100, Mhz Limit: 2100
Processor Information for processor 1
  Max Mhz: 2100, Current Mhz: 2100, Mhz Limit: 2100
Processor Information for processor 2
  Max Mhz: 2100, Current Mhz: 1453, Mhz Limit: 2100
Processor Information for processor 3
  Max Mhz: 2100, Current Mhz: 2100, Mhz Limit: 2100
Processor Information for processor 4
  Max Mhz: 2100, Current Mhz: 1453, Mhz Limit: 2100
Processor Information for processor 5
  Max Mhz: 2100, Current Mhz: 2100, Mhz Limit: 2100
Processor Information for processor 6
  Max Mhz: 2100, Current Mhz: 2100, Mhz Limit: 2100
Processor Information for processor 7
  Max Mhz: 2100, Current Mhz: 2100, Mhz Limit: 2100
Processor Information for processor 8
  Max Mhz: 2100, Current Mhz: 1540, Mhz Limit: 2100
Processor Information for processor 9
  Max Mhz: 2100, Current Mhz: 1540, Mhz Limit: 2100
Processor Information for processor 10
  Max Mhz: 2100, Current Mhz: 1540, Mhz Limit: 2100
Processor Information for processor 11
  Max Mhz: 2100, Current Mhz: 1540, Mhz Limit: 2100

Memory: 4k page, system-wide physical 16013M (1321M free)
TotalPageFile size 31500M (AvailPageFile size 2483M)
current process WorkingSet (physical memory assigned to process): 448M, peak: 506M
current process commit charge ("private bytes"): 469M, peak: 553M

vm_info: Java HotSpot(TM) 64-Bit Server VM (21.0.11+9-LTS-211) for windows-amd64 JRE (21.0.11+9-LTS-211), built on 2026-03-11T00:23:15Z by "mach5run" with MS VC++ 17.13 (VS2022)

END.
