#
# A fatal error has been detected by the Java Runtime Environment:
#
#  EXCEPTION_ACCESS_VIOLATION (0xc0000005) at pc=0x00007ffc69f864f7, pid=20296, tid=25940
#
# JRE version: Java(TM) SE Runtime Environment (21.0.11+9) (build 21.0.11+9-LTS-211)
# Java VM: Java HotSpot(TM) 64-Bit Server VM (21.0.11+9-LTS-211, mixed mode, sharing, tiered, compressed oops, compressed class ptrs, g1 gc, windows-amd64)
# Problematic frame:
# C  [glass.dll+0x264f7]
#
# No core dump will be written. Minidumps are not enabled by default on client versions of Windows
#
# If you would like to submit a bug report, please visit:
#   https://bugreport.java.com/bugreport/crash.jsp
#

---------------  S U M M A R Y ------------

Command Line: -javaagent:C:\Program Files\JetBrains\IntelliJ IDEA 2026.1.2\lib\idea_rt.jar=53304 -Dfile.encoding=UTF-8 -Dsun.stdout.encoding=UTF-8 -Dsun.stderr.encoding=UTF-8 com.asm.App

Host: 13th Gen Intel(R) Core(TM) i5-13420H, 12 cores, 15G,  Windows 11 , 64 bit Build 26100 (10.0.26100.8328)
Time: Wed May 27 01:15:19 2026 Hora estándar central (México) elapsed time: 53.066278 seconds (0d 0h 0m 53s)

---------------  T H R E A D  ---------------

Current thread (0x0000026dc9fdf6e0):  VMThread "VM Thread"          [id=25940, stack(0x000000b2bd800000,0x000000b2bd900000) (1024K)]

Stack: [0x000000b2bd800000,0x000000b2bd900000],  sp=0x000000b2bd8fef30,  free space=1019k
Native frames: (J=compiled Java code, j=interpreted, Vv=VM code, C=native code)
C  [glass.dll+0x264f7]


siginfo: EXCEPTION_ACCESS_VIOLATION (0xc0000005), reading address 0x0000000000000000


Registers:
RAX=0x0000000000000000, RBX=0x0000026dc9fe4442, RCX=0x0000026dc9fdf6e0, RDX=0x000000b2bd8fef30
RSP=0x000000b2bd8fef30, RBP=0x0000ad779c1a9a6c, RSI=0x0000026e10ee4ab8, RDI=0x0000026e10ee4a90
R8 =0x0000000000010002, R9 =0x0000ad779c1a9a6c, R10=0x0000026da8770000, R11=0x000000b2bd8ff018
R12=0x000000007ffe0385, R13=0x0000000000000001, R14=0x000000b2bd8ff038, R15=0x0000026e10ee4a90
RIP=0x00007ffc69f864f7, EFLAGS=0x0000000000010206


Register to memory mapping:

RAX=0x0 is null
RBX=0x0000026dc9fe4442 is a global jni handle
RCX=0x0000026dc9fdf6e0 points into unknown readable memory: 0x00007ffbe99a31f8 | f8 31 9a e9 fb 7f 00 00
RDX=0x000000b2bd8fef30 points into unknown readable memory: 0x0000000000000000 | 00 00 00 00 00 00 00 00
RSP=0x000000b2bd8fef30 points into unknown readable memory: 0x0000000000000000 | 00 00 00 00 00 00 00 00
RBP=0x0000ad779c1a9a6c is an unknown value
RSI=0x0000026e10ee4ab8 points into unknown readable memory: 0x0000ad779c1a9a6c | 6c 9a 1a 9c 77 ad 00 00
RDI=0x0000026e10ee4a90 points into unknown readable memory: 0x83952d779be55cf3 | f3 5c e5 9b 77 2d 95 83
R8 =0x0000000000010002 is an unknown value
R9 =0x0000ad779c1a9a6c is an unknown value
R10=0x0000026da8770000 points into unknown readable memory: 0x0000000000000000 | 00 00 00 00 00 00 00 00
R11=0x000000b2bd8ff018 points into unknown readable memory: 0x00007ffc69f83ccd | cd 3c f8 69 fc 7f 00 00
R12=0x000000007ffe0385 points into unknown readable memory: 00 00 00
R13=0x0000000000000001 is an unknown value
R14=0x000000b2bd8ff038 points into unknown readable memory: 0x000000b2bd8ff020 | 20 f0 8f bd b2 00 00 00
R15=0x0000026e10ee4a90 points into unknown readable memory: 0x83952d779be55cf3 | f3 5c e5 9b 77 2d 95 83

Top of Stack: (sp=0x000000b2bd8fef30)
0x000000b2bd8fef30:   0000000000000000 0000026e00000000
0x000000b2bd8fef40:   0000026e10f76fe0 000000007ffe0385
0x000000b2bd8fef50:   0000026e10ee4a98 00007ffc81f0bc75
0x000000b2bd8fef60:   0000026e10ee4a90 0000026e00000000
0x000000b2bd8fef70:   0000026e10ee4ab0 0000ad779c1a9a6c
0x000000b2bd8fef80:   fffffffffffffffe 00007ffc6b4c0000
0x000000b2bd8fef90:   00007ffc69f60000 00007ffc69f60000
0x000000b2bd8fefa0:   000000b2bd8ff028 00007ffc81f0b897
0x000000b2bd8fefb0:   000000b2bd8ff000 000000b2bd8ff038
0x000000b2bd8fefc0:   000000b2bd8ff580 00007ffc81ff88c0
0x000000b2bd8fefd0:   0000000000000001 00007ffc81f0b84d
0x000000b2bd8fefe0:   0000000000000000 0000000000000001
0x000000b2bd8feff0:   00007ffc7cf9ed80 000000b2bd8ff028
0x000000b2bd8ff000:   fffffffffffffffe 000000b2bd8feff0
0x000000b2bd8ff010:   0000000000000000 00007ffc69f83ccd
0x000000b2bd8ff020:   00007ffc69f9a008 0000000000000002
0x000000b2bd8ff030:   00007ffc00000002 000000b2bd8ff020
0x000000b2bd8ff040:   0000000000000000 00007ffc82010000
0x000000b2bd8ff050:   0000000000000000 00007ffc69f83df2
0x000000b2bd8ff060:   0000000000000001 000000b2bd8ff580
0x000000b2bd8ff070:   0000000000000001 0000000000000000
0x000000b2bd8ff080:   0000000000000001 00007ffc80990000
0x000000b2bd8ff090:   00007ffc00000001 000000b2bd8ff580
0x000000b2bd8ff0a0:   0000000000000000 00007ffc69f83e40
0x000000b2bd8ff0b0:   0000000000000001 00007ffc8479f98a
0x000000b2bd8ff0c0:   00007ffc69f60000 0000000000000000
0x000000b2bd8ff0d0:   0000000000000001 000000007ffe0384
0x000000b2bd8ff0e0:   0000000000000000 00007ffc84652d23
0x000000b2bd8ff0f0:   0000000000000000 0000026da88604a8
0x000000b2bd8ff100:   000000000000008d 0000000000000000
0x000000b2bd8ff110:   0000000000000000 0000000000000000
0x000000b2bd8ff120:   0000000000000000 ffffe1cd00000000 

Instructions: (pc=0x00007ffc69f864f7)
0x00007ffc69f863f7:   8b 4d 58 e8 8d cf ff ff 48 8b 4d 60 e8 84 cf ff
0x00007ffc69f86407:   ff 48 8b 95 80 00 00 00 48 8b 8d 18 01 00 00 e8
0x00007ffc69f86417:   76 c4 ff ff 33 d2 33 c9 e8 cc e1 ff ff 90 48 89
0x00007ffc69f86427:   54 24 10 55 48 83 ec 20 48 8b ea 48 b8 00 00 00
0x00007ffc69f86437:   00 00 00 00 00 48 83 c4 20 5d c3 cc 40 55 48 8b
0x00007ffc69f86447:   ea 48 8b 01 33 c9 81 38 05 00 00 c0 0f 94 c1 8b
0x00007ffc69f86457:   c1 5d c3 cc 40 55 48 83 ec 20 48 8b ea 8a 4d 40
0x00007ffc69f86467:   48 83 c4 20 5d e9 73 d3 ff ff cc 40 55 48 83 ec
0x00007ffc69f86477:   20 48 8b ea 8a 4d 20 e8 61 d3 ff ff 90 48 83 c4
0x00007ffc69f86487:   20 5d c3 cc 40 55 48 83 ec 20 48 8b ea 48 83 c4
0x00007ffc69f86497:   20 5d e9 c2 d1 ff ff cc 40 55 48 83 ec 30 48 8b
0x00007ffc69f864a7:   ea 48 8b 01 8b 10 48 89 4c 24 28 89 54 24 20 4c
0x00007ffc69f864b7:   8d 0d 63 d6 ff ff 4c 8b 45 70 8b 55 68 48 8b 4d
0x00007ffc69f864c7:   60 e8 03 d1 ff ff 90 48 83 c4 30 5d c3 cc cc cc
0x00007ffc69f864d7:   cc cc cc cc cc cc cc cc cc 40 53 48 83 ec 20 48
0x00007ffc69f864e7:   8b 1d 1b 35 01 00 48 85 db 74 16 e8 89 8f ff ff
0x00007ffc69f864f7:   4c 8b 00 48 8b d3 48 8b c8 41 ff 90 b0 00 00 00
0x00007ffc69f86507:   90 48 83 c4 20 5b c3 cc cc 40 53 48 83 ec 20 48
0x00007ffc69f86517:   8b 1d 8b 36 01 00 48 85 db 74 57 b8 ff ff ff ff
0x00007ffc69f86527:   f0 0f c1 43 10 83 f8 01 75 3d 48 85 db 74 38 48
0x00007ffc69f86537:   8b 0b 48 85 c9 74 0d ff 15 64 0d 00 00 48 c7 03
0x00007ffc69f86547:   00 00 00 00 48 8b 4b 08 48 85 c9 74 0d e8 33 ce
0x00007ffc69f86557:   ff ff 48 c7 43 08 00 00 00 00 ba 18 00 00 00 48
0x00007ffc69f86567:   8b cb e8 1e ce ff ff 48 c7 05 2f 36 01 00 00 00
0x00007ffc69f86577:   00 00 48 83 c4 20 5b c3 cc 40 53 48 83 ec 20 48
0x00007ffc69f86587:   8b 1d fb 35 01 00 48 85 db 74 57 b8 ff ff ff ff
0x00007ffc69f86597:   f0 0f c1 43 10 83 f8 01 75 3d 48 85 db 74 38 48
0x00007ffc69f865a7:   8b 0b 48 85 c9 74 0d ff 15 f4 0c 00 00 48 c7 03
0x00007ffc69f865b7:   00 00 00 00 48 8b 4b 08 48 85 c9 74 0d e8 c3 cd
0x00007ffc69f865c7:   ff ff 48 c7 43 08 00 00 00 00 ba 18 00 00 00 48
0x00007ffc69f865d7:   8b cb e8 ae cd ff ff 48 c7 05 9f 35 01 00 00 00
0x00007ffc69f865e7:   00 00 48 83 c4 20 5b c3 cc 40 53 48 83 ec 20 48 


Stack slot to memory mapping:

stack at sp + 0 slots: 0x0 is null
stack at sp + 1 slots: 0x0000026e00000000 is an unknown value
stack at sp + 2 slots: 0x0000026e10f76fe0 points into unknown readable memory: 0x0000026e10f77070 | 70 70 f7 10 6e 02 00 00
stack at sp + 3 slots: 0x000000007ffe0385 points into unknown readable memory: 00 00 00
stack at sp + 4 slots: 0x0000026e10ee4a98 points into unknown readable memory: 0x0000ad779c1a9a6c | 6c 9a 1a 9c 77 ad 00 00
stack at sp + 5 slots: 0x00007ffc81f0bc75 ucrtbase.dll
stack at sp + 6 slots: 0x0000026e10ee4a90 points into unknown readable memory: 0x83952d779be55cf3 | f3 5c e5 9b 77 2d 95 83
stack at sp + 7 slots: 0x0000026e00000000 is an unknown value

VM_Operation (0x000000b2c11ff360): Exit, mode: safepoint, requested by thread 0x0000026e1a242870


---------------  P R O C E S S  ---------------

Threads class SMR info:
_java_thread_list=0x0000026e113b14a0, length=28, elements={
0x0000026da88b6ef0, 0x0000026dc9fff5a0, 0x0000026dca000d20, 0x0000026dca009570,
0x0000026dca00cc70, 0x0000026dca016410, 0x0000026dca03a810, 0x0000026dca03e3c0,
0x0000026dca303800, 0x0000026dca508c00, 0x0000026dca529280, 0x0000026dca5401a0,
0x0000026e1000d0e0, 0x0000026e10009c60, 0x0000026e1000c3c0, 0x0000026e1000a2f0,
0x0000026e1000a980, 0x0000026e1000b010, 0x0000026e110ef210, 0x0000026e110ecab0,
0x0000026e110f05c0, 0x0000026e110f33b0, 0x0000026e110f2d20, 0x0000026e110f2000,
0x0000026e110f1970, 0x0000026e1000b6a0, 0x0000026e1a242870, 0x0000026e1a23f3f0
}

Java Threads: ( => current thread )
  0x0000026da88b6ef0 JavaThread "main"                              [_thread_blocked, id=33624, stack(0x000000b2bd100000,0x000000b2bd200000) (1024K)]
  0x0000026dc9fff5a0 JavaThread "Reference Handler"          daemon [_thread_blocked, id=25404, stack(0x000000b2bd900000,0x000000b2bda00000) (1024K)]
  0x0000026dca000d20 JavaThread "Finalizer"                  daemon [_thread_blocked, id=27136, stack(0x000000b2bda00000,0x000000b2bdb00000) (1024K)]
  0x0000026dca009570 JavaThread "Attach Listener"            daemon [_thread_blocked, id=40420, stack(0x000000b2bdc00000,0x000000b2bdd00000) (1024K)]
  0x0000026dca00cc70 JavaThread "Service Thread"             daemon [_thread_blocked, id=16956, stack(0x000000b2bdd00000,0x000000b2bde00000) (1024K)]
  0x0000026dca016410 JavaThread "Monitor Deflation Thread"   daemon [_thread_blocked, id=41860, stack(0x000000b2bde00000,0x000000b2bdf00000) (1024K)]
  0x0000026dca03a810 JavaThread "C2 CompilerThread0"         daemon [_thread_blocked, id=42272, stack(0x000000b2bdf00000,0x000000b2be000000) (1024K)]
  0x0000026dca03e3c0 JavaThread "C1 CompilerThread0"         daemon [_thread_blocked, id=20488, stack(0x000000b2be000000,0x000000b2be100000) (1024K)]
  0x0000026dca303800 JavaThread "Common-Cleaner"             daemon [_thread_blocked, id=21112, stack(0x000000b2be100000,0x000000b2be200000) (1024K)]
  0x0000026dca508c00 JavaThread "Monitor Ctrl-Break"         daemon [_thread_in_native, id=40220, stack(0x000000b2be200000,0x000000b2be300000) (1024K)]
  0x0000026dca529280 JavaThread "Notification Thread"        daemon [_thread_blocked, id=22436, stack(0x000000b2be300000,0x000000b2be400000) (1024K)]
  0x0000026dca5401a0 JavaThread "JavaFX-Launcher"                   [_thread_blocked, id=29232, stack(0x000000b2be400000,0x000000b2be500000) (1024K)]
  0x0000026e1000d0e0 JavaThread "RMI TCP Accept-0"           daemon [_thread_in_native, id=10212, stack(0x000000b2be700000,0x000000b2be800000) (1024K)]
  0x0000026e10009c60 JavaThread "RMI TCP Connection(1)-192.168.100.46" daemon [_thread_in_native, id=33248, stack(0x000000b2be800000,0x000000b2be900000) (1024K)]
  0x0000026e1000c3c0 JavaThread "RMI Scheduler(0)"           daemon [_thread_blocked, id=43852, stack(0x000000b2be900000,0x000000b2bea00000) (1024K)]
  0x0000026e1000a2f0 JavaThread "JMX server connection timeout 27" daemon [_thread_blocked, id=27092, stack(0x000000b2bea00000,0x000000b2beb00000) (1024K)]
  0x0000026e1000a980 JavaThread "InvokeLaterDispatcher"      daemon [_thread_blocked, id=20396, stack(0x000000b2be500000,0x000000b2be600000) (1024K)]
  0x0000026e1000b010 JavaThread "JavaFX Application Thread"         [_thread_in_native, id=10580, stack(0x000000b2be600000,0x000000b2be700000) (1024K)]
  0x0000026e110ef210 JavaThread "Thread-2"                   daemon [_thread_in_native, id=9892, stack(0x000000b2c0400000,0x000000b2c0500000) (1024K)]
  0x0000026e110ecab0 JavaThread "mysql-cj-abandoned-connection-cleanup" daemon [_thread_blocked, id=31164, stack(0x000000b2c0900000,0x000000b2c0a00000) (1024K)]
  0x0000026e110f05c0 JavaThread "Hibernate Connection Pool Validation Thread" daemon [_thread_blocked, id=8700, stack(0x000000b2c0a00000,0x000000b2c0b00000) (1024K)]
  0x0000026e110f33b0 JavaThread "Prism Font Disposer"        daemon [_thread_blocked, id=13348, stack(0x000000b2c0d00000,0x000000b2c0e00000) (1024K)]
  0x0000026e110f2d20 JavaThread "Cleaner-0"                  daemon [_thread_blocked, id=27784, stack(0x000000b2c0e00000,0x000000b2c0f00000) (1024K)]
  0x0000026e110f2000 JavaThread "PrinterListener"            daemon [_thread_in_native, id=33680, stack(0x000000b2c0500000,0x000000b2c0600000) (1024K)]
  0x0000026e110f1970 JavaThread "RemotePrinterListener"      daemon [_thread_in_native, id=31208, stack(0x000000b2c0f00000,0x000000b2c1000000) (1024K)]
  0x0000026e1000b6a0 JavaThread "Java2D Disposer"            daemon [_thread_blocked, id=11804, stack(0x000000b2c1000000,0x000000b2c1100000) (1024K)]
  0x0000026e1a242870 JavaThread "SIGINT handler"             daemon [_thread_blocked, id=14172, stack(0x000000b2c1100000,0x000000b2c1200000) (1024K)]
  0x0000026e1a23f3f0 JavaThread "AWT-Shutdown"                      [_thread_blocked, id=18376, stack(0x000000b2c1950000,0x000000b2c1a50000) (1024K)]
Total: 28

Other Threads:
=>0x0000026dc9fdf6e0 VMThread "VM Thread"                           [id=25940, stack(0x000000b2bd800000,0x000000b2bd900000) (1024K)]
  0x0000026daaba0960 WorkerThread "GC Thread#0"                     [id=18292, stack(0x000000b2bd200000,0x000000b2bd300000) (1024K)]
  0x0000026e10abdf10 WorkerThread "GC Thread#1"                     [id=17680, stack(0x000000b2beb00000,0x000000b2bec00000) (1024K)]
  0x0000026e108c2020 WorkerThread "GC Thread#2"                     [id=20904, stack(0x000000b2bec00000,0x000000b2bed00000) (1024K)]
  0x0000026e10ac03b0 WorkerThread "GC Thread#3"                     [id=24924, stack(0x000000b2bed00000,0x000000b2bee00000) (1024K)]
  0x0000026e10ad7ef0 WorkerThread "GC Thread#4"                     [id=43380, stack(0x000000b2bee00000,0x000000b2bef00000) (1024K)]
  0x0000026e10ada2b0 WorkerThread "GC Thread#5"                     [id=43844, stack(0x000000b2bef00000,0x000000b2bf000000) (1024K)]
  0x0000026e109009b0 WorkerThread "GC Thread#6"                     [id=26020, stack(0x000000b2bf000000,0x000000b2bf100000) (1024K)]
  0x0000026e10901c00 WorkerThread "GC Thread#7"                     [id=35136, stack(0x000000b2bf100000,0x000000b2bf200000) (1024K)]
  0x0000026e10902fd0 WorkerThread "GC Thread#8"                     [id=24776, stack(0x000000b2bf200000,0x000000b2bf300000) (1024K)]
  0x0000026e10904e00 WorkerThread "GC Thread#9"                     [id=29424, stack(0x000000b2bf300000,0x000000b2bf400000) (1024K)]
  0x0000026daabb2120 ConcurrentGCThread "G1 Main Marker"            terminated
  0x0000026daabb2b40 WorkerThread "G1 Conc#0"                       [id=10220, stack(0x000000b2bd400000,0x000000b2bd500000) (1024K)]
  0x0000026e109051b0 WorkerThread "G1 Conc#1"                       [id=4204, stack(0x000000b2c0700000,0x000000b2c0800000) (1024K)]
  0x0000026e109037e0 WorkerThread "G1 Conc#2"                       [id=16552, stack(0x000000b2c0800000,0x000000b2c0900000) (1024K)]
  0x0000026dc9e9b5e0 ConcurrentGCThread "G1 Refine#0"               terminated
  0x0000026dc9e9be10 ConcurrentGCThread "G1 Service"                terminated
Total: 17

Threads with active compile tasks:
Total: 0

VM state: at safepoint (shutting down)

VM Mutex/Monitor currently owned by a thread:  ([mutex/lock_event])
[0x00007ffbe9b6af50] Threads_lock - owner thread: 0x0000026dc9fdf6e0
[0x00007ffbe9b6b050] Heap_lock - owner thread: 0x0000026e1a242870

Heap address: 0x0000000705c00000, size: 4004 MB, Compressed Oops mode: Zero based, Oop shift amount: 3

CDS archive(s) mapped at: [0x0000026dcb000000-0x0000026dcbc90000-0x0000026dcbc90000), size 13172736, SharedBaseAddress: 0x0000026dcb000000, ArchiveRelocationMode: 1.
Compressed class space mapped at: 0x0000026dcc000000-0x0000026e0c000000, reserved size: 1073741824
Narrow klass base: 0x0000026dcb000000, Narrow klass shift: 0, Narrow klass range: 0x100000000

GC Precious Log:
 CardTable entry size: 512
 Card Set container configuration: InlinePtr #cards 4 size 8 Array Of Cards #cards 16 size 48 Howl #buckets 8 coarsen threshold 3686 Howl Bitmap #cards 512 size 80 coarsen threshold 460 Card regions per heap region 1 cards per card region 4096
 CPUs: 12 total, 12 available
 Memory: 16013M
 Large Page Support: Disabled
 NUMA Support: Disabled
 Compressed Oops: Enabled (Zero based)
 Heap Region Size: 2M
 Heap Min Capacity: 8M
 Heap Initial Capacity: 252M
 Heap Max Capacity: 4004M
 Pre-touch: Disabled
 Parallel Workers: 10
 Concurrent Workers: 3
 Concurrent Refinement Workers: 10
 Periodic GC: Disabled

Heap:
 garbage-first heap   total 51200K, used 28041K [0x0000000705c00000, 0x0000000800000000)
  region size 2048K, 4 young (8192K), 2 survivors (4096K)
 Metaspace       used 62669K, committed 63296K, reserved 1114112K
  class space    used 8568K, committed 8832K, reserved 1048576K

Heap Regions: E=young(eden), S=young(survivor), O=old, HS=humongous(starts), HC=humongous(continues), CS=collection set, F=free, TAMS=top-at-mark-start, PB=parsable bottom
|   0|0x0000000705c00000, 0x0000000705e00000, 0x0000000705e00000|100%| O|  |TAMS 0x0000000705c00000| PB 0x0000000705c00000| Untracked 
|   1|0x0000000705e00000, 0x0000000706000000, 0x0000000706000000|100%| O|  |TAMS 0x0000000705e00000| PB 0x0000000705e00000| Untracked 
|   2|0x0000000706000000, 0x0000000706200000, 0x0000000706200000|100%| O|  |TAMS 0x0000000706000000| PB 0x0000000706000000| Untracked 
|   3|0x0000000706200000, 0x0000000706400000, 0x0000000706400000|100%| O|  |TAMS 0x0000000706200000| PB 0x0000000706200000| Untracked 
|   4|0x0000000706400000, 0x0000000706600000, 0x0000000706600000|100%| O|  |TAMS 0x0000000706400000| PB 0x0000000706400000| Untracked 
|   5|0x0000000706600000, 0x0000000706800000, 0x0000000706800000|100%| O|  |TAMS 0x0000000706600000| PB 0x0000000706600000| Untracked 
|   6|0x0000000706800000, 0x0000000706a00000, 0x0000000706a00000|100%| O|  |TAMS 0x0000000706800000| PB 0x0000000706800000| Untracked 
|   7|0x0000000706a00000, 0x0000000706c00000, 0x0000000706c00000|100%| O|Cm|TAMS 0x0000000706a00000| PB 0x0000000706a00000| Complete 
|   8|0x0000000706c00000, 0x0000000706e00000, 0x0000000706e00000|100%|HS|  |TAMS 0x0000000706c00000| PB 0x0000000706c00000| Complete 
|   9|0x0000000706e00000, 0x0000000707000000, 0x0000000707000000|100%| O|  |TAMS 0x0000000706e00000| PB 0x0000000706e00000| Untracked 
|  10|0x0000000707000000, 0x00000007071e9910, 0x0000000707200000| 95%| O|  |TAMS 0x0000000707000000| PB 0x0000000707000000| Untracked 
|  11|0x0000000707200000, 0x0000000707200000, 0x0000000707400000|  0%| F|  |TAMS 0x0000000707200000| PB 0x0000000707200000| Untracked 
|  12|0x0000000707400000, 0x0000000707400000, 0x0000000707600000|  0%| F|  |TAMS 0x0000000707400000| PB 0x0000000707400000| Untracked 
|  13|0x0000000707600000, 0x0000000707800000, 0x0000000707800000|100%| S|CS|TAMS 0x0000000707600000| PB 0x0000000707600000| Complete 
|  14|0x0000000707800000, 0x0000000707800000, 0x0000000707a00000|  0%| F|  |TAMS 0x0000000707800000| PB 0x0000000707800000| Untracked 
|  15|0x0000000707a00000, 0x0000000707a00000, 0x0000000707c00000|  0%| F|  |TAMS 0x0000000707a00000| PB 0x0000000707a00000| Untracked 
|  16|0x0000000707c00000, 0x0000000707c00000, 0x0000000707e00000|  0%| F|  |TAMS 0x0000000707c00000| PB 0x0000000707c00000| Untracked 
|  17|0x0000000707e00000, 0x0000000707e00000, 0x0000000708000000|  0%| F|  |TAMS 0x0000000707e00000| PB 0x0000000707e00000| Untracked 
|  18|0x0000000708000000, 0x0000000708000000, 0x0000000708200000|  0%| F|  |TAMS 0x0000000708000000| PB 0x0000000708000000| Untracked 
|  19|0x0000000708200000, 0x0000000708200000, 0x0000000708400000|  0%| F|  |TAMS 0x0000000708200000| PB 0x0000000708200000| Untracked 
|  20|0x0000000708400000, 0x0000000708578b30, 0x0000000708600000| 73%| S|CS|TAMS 0x0000000708400000| PB 0x0000000708400000| Complete 
| 119|0x0000000714a00000, 0x0000000714a00000, 0x0000000714c00000|  0%| F|  |TAMS 0x0000000714a00000| PB 0x0000000714a00000| Untracked 
| 120|0x0000000714c00000, 0x0000000714c00000, 0x0000000714e00000|  0%| F|  |TAMS 0x0000000714c00000| PB 0x0000000714c00000| Untracked 
| 121|0x0000000714e00000, 0x0000000714e3c868, 0x0000000715000000| 11%| E|  |TAMS 0x0000000714e00000| PB 0x0000000714e00000| Complete 
| 125|0x0000000715600000, 0x0000000715800000, 0x0000000715800000|100%| E|CS|TAMS 0x0000000715600000| PB 0x0000000715600000| Complete 

Card table byte_map: [0x0000026dc2d20000,0x0000026dc3500000] _byte_map_base: 0x0000026dbf4f2000

Marking Bits: (CMBitMap*) 0x0000026daaba0f80
 Bits: [0x0000026dc3500000, 0x0000026dc7390000)

Polling page: 0x0000026da8870000

Metaspace:

Usage:
  Non-class:     52.83 MB used.
      Class:      8.37 MB used.
       Both:     61.20 MB used.

Virtual space:
  Non-class space:       64.00 MB reserved,      53.19 MB ( 83%) committed,  1 nodes.
      Class space:        1.00 GB reserved,       8.62 MB ( <1%) committed,  1 nodes.
             Both:        1.06 GB reserved,      61.81 MB (  6%) committed. 

Chunk freelists:
   Non-Class:  10.49 MB
       Class:  7.22 MB
        Both:  17.71 MB

MaxMetaspaceSize: unlimited
CompressedClassSpaceSize: 1.00 GB
Initial GC threshold: 21.00 MB
Current GC threshold: 99.50 MB
CDS: on
 - commit_granule_bytes: 65536.
 - commit_granule_words: 8192.
 - virtual_space_node_default_size: 8388608.
 - enlarge_chunks_in_place: 1.
 - use_allocation_guard: 0.


Internal statistics:

num_allocs_failed_limit: 15.
num_arena_births: 782.
num_arena_deaths: 0.
num_vsnodes_births: 2.
num_vsnodes_deaths: 0.
num_space_committed: 989.
num_space_uncommitted: 0.
num_chunks_returned_to_freelist: 15.
num_chunks_taken_from_freelist: 2596.
num_chunk_merges: 12.
num_chunk_splits: 1867.
num_chunks_enlarged: 1427.
num_inconsistent_stats: 0.

CodeHeap 'non-profiled nmethods': size=120000Kb used=3093Kb max_used=3142Kb free=116906Kb
 bounds [0x0000026dbaac0000, 0x0000026dbade0000, 0x0000026dc1ff0000]
CodeHeap 'profiled nmethods': size=120000Kb used=11911Kb max_used=12085Kb free=108088Kb
 bounds [0x0000026db2ff0000, 0x0000026db3bc0000, 0x0000026dba520000]
CodeHeap 'non-nmethods': size=5760Kb used=2162Kb max_used=2206Kb free=3597Kb
 bounds [0x0000026dba520000, 0x0000026dba790000, 0x0000026dbaac0000]
 total_blobs=7097 nmethods=6003 adapters=996
 compilation: enabled
              stopped_count=0, restarted_count=0
 full_count=0

Compilation events (20 events):
Event: 50.989 Thread 0x0000026dca03e3c0 6494       3       javax.management.ObjectName::isPropertyListPattern (17 bytes)
Event: 50.989 Thread 0x0000026dca03e3c0 nmethod 6494 0x0000026db314df90 code [0x0000026db314e120, 0x0000026db314e290]
Event: 52.151 Thread 0x0000026dca03e3c0 6495       3       sun.invoke.util.ValueConversions::boxLong (5 bytes)
Event: 52.152 Thread 0x0000026dca03e3c0 nmethod 6495 0x0000026db3168490 code [0x0000026db3168640, 0x0000026db3168758]
Event: 52.152 Thread 0x0000026dca03e3c0 6496       3       javax.management.openmbean.CompositeType::getType (18 bytes)
Event: 52.152 Thread 0x0000026dca03e3c0 nmethod 6496 0x0000026db3518a10 code [0x0000026db3518be0, 0x0000026db3518f50]
Event: 52.152 Thread 0x0000026dca03e3c0 6497       3       javax.management.openmbean.SimpleType::isValue (21 bytes)
Event: 52.153 Thread 0x0000026dca03e3c0 nmethod 6497 0x0000026db345a490 code [0x0000026db345a660, 0x0000026db345a9e0]
Event: 52.385 Thread 0x0000026dca03e3c0 6498       3       java.util.logging.LogManager$4::<init> (26 bytes)
Event: 52.385 Thread 0x0000026dca03e3c0 nmethod 6498 0x0000026db31ac990 code [0x0000026db31acb40, 0x0000026db31ace38]
Event: 52.385 Thread 0x0000026dca03e3c0 6499       3       java.util.logging.LogManager$4::run (5 bytes)
Event: 52.385 Thread 0x0000026dca03e3c0 nmethod 6499 0x0000026db325aa10 code [0x0000026db325abc0, 0x0000026db325ad18]
Event: 52.385 Thread 0x0000026dca03e3c0 6500       3       java.util.logging.LogManager$4::run (36 bytes)
Event: 52.386 Thread 0x0000026dca03e3c0 nmethod 6500 0x0000026db33e0310 code [0x0000026db33e04c0, 0x0000026db33e06a0]
Event: 52.387 Thread 0x0000026dca03e3c0 6501       3       java.util.logging.Logger::updateEffectiveLevel (126 bytes)
Event: 52.388 Thread 0x0000026dca03e3c0 nmethod 6501 0x0000026db32b7790 code [0x0000026db32b79e0, 0x0000026db32b8510]
Event: 52.388 Thread 0x0000026dca03e3c0 6502       3       java.util.logging.Logger::getHandlers (5 bytes)
Event: 52.388 Thread 0x0000026dca03e3c0 nmethod 6502 0x0000026db310da10 code [0x0000026db310dbc0, 0x0000026db310dd88]
Event: 52.388 Thread 0x0000026dca03e3c0 6503       3       java.util.logging.Logger::accessCheckedHandlers (17 bytes)
Event: 52.389 Thread 0x0000026dca03e3c0 nmethod 6503 0x0000026db3012b10 code [0x0000026db3012cc0, 0x0000026db3012f98]

GC Heap History (20 events):
Event: 0.701 GC heap before
{Heap before GC invocations=0 (full 0):
 garbage-first heap   total 258048K, used 20480K [0x0000000705c00000, 0x0000000800000000)
  region size 2048K, 11 young (22528K), 0 survivors (0K)
 Metaspace       used 7788K, committed 8064K, reserved 1114112K
  class space    used 841K, committed 960K, reserved 1048576K
}
Event: 0.706 GC heap after
{Heap after GC invocations=1 (full 0):
 garbage-first heap   total 258048K, used 5590K [0x0000000705c00000, 0x0000000800000000)
  region size 2048K, 2 young (4096K), 2 survivors (4096K)
 Metaspace       used 7788K, committed 8064K, reserved 1114112K
  class space    used 841K, committed 960K, reserved 1048576K
}
Event: 1.684 GC heap before
{Heap before GC invocations=1 (full 0):
 garbage-first heap   total 258048K, used 34262K [0x0000000705c00000, 0x0000000800000000)
  region size 2048K, 16 young (32768K), 2 survivors (4096K)
 Metaspace       used 17602K, committed 18048K, reserved 1114112K
  class space    used 2200K, committed 2432K, reserved 1048576K
}
Event: 1.691 GC heap after
{Heap after GC invocations=2 (full 0):
 garbage-first heap   total 258048K, used 10010K [0x0000000705c00000, 0x0000000800000000)
  region size 2048K, 2 young (4096K), 2 survivors (4096K)
 Metaspace       used 17602K, committed 18048K, reserved 1114112K
  class space    used 2200K, committed 2432K, reserved 1048576K
}
Event: 1.860 GC heap before
{Heap before GC invocations=2 (full 0):
 garbage-first heap   total 258048K, used 16154K [0x0000000705c00000, 0x0000000800000000)
  region size 2048K, 6 young (12288K), 2 survivors (4096K)
 Metaspace       used 21142K, committed 21504K, reserved 1114112K
  class space    used 2633K, committed 2816K, reserved 1048576K
}
Event: 1.863 GC heap after
{Heap after GC invocations=3 (full 0):
 garbage-first heap   total 258048K, used 10906K [0x0000000705c00000, 0x0000000800000000)
  region size 2048K, 3 young (6144K), 3 survivors (6144K)
 Metaspace       used 21142K, committed 21504K, reserved 1114112K
  class space    used 2633K, committed 2816K, reserved 1048576K
}
Event: 2.491 GC heap before
{Heap before GC invocations=4 (full 0):
 garbage-first heap   total 49152K, used 33434K [0x0000000705c00000, 0x0000000800000000)
  region size 2048K, 14 young (28672K), 3 survivors (6144K)
 Metaspace       used 31089K, committed 31616K, reserved 1114112K
  class space    used 3861K, committed 4096K, reserved 1048576K
}
Event: 2.496 GC heap after
{Heap after GC invocations=5 (full 0):
 garbage-first heap   total 49152K, used 13813K [0x0000000705c00000, 0x0000000800000000)
  region size 2048K, 2 young (4096K), 2 survivors (4096K)
 Metaspace       used 31089K, committed 31616K, reserved 1114112K
  class space    used 3861K, committed 4096K, reserved 1048576K
}
Event: 2.847 GC heap before
{Heap before GC invocations=5 (full 0):
 garbage-first heap   total 49152K, used 28149K [0x0000000705c00000, 0x0000000800000000)
  region size 2048K, 10 young (20480K), 2 survivors (4096K)
 Metaspace       used 35573K, committed 35968K, reserved 1114112K
  class space    used 4491K, committed 4672K, reserved 1048576K
}
Event: 2.852 GC heap after
{Heap after GC invocations=6 (full 0):
 garbage-first heap   total 49152K, used 14993K [0x0000000705c00000, 0x0000000800000000)
  region size 2048K, 1 young (2048K), 1 survivors (2048K)
 Metaspace       used 35573K, committed 35968K, reserved 1114112K
  class space    used 4491K, committed 4672K, reserved 1048576K
}
Event: 2.869 GC heap before
{Heap before GC invocations=6 (full 0):
 garbage-first heap   total 49152K, used 14993K [0x0000000705c00000, 0x0000000800000000)
  region size 2048K, 2 young (4096K), 1 survivors (2048K)
 Metaspace       used 35893K, committed 36288K, reserved 1114112K
  class space    used 4536K, committed 4736K, reserved 1048576K
}
Event: 2.871 GC heap after
{Heap after GC invocations=7 (full 0):
 garbage-first heap   total 49152K, used 14899K [0x0000000705c00000, 0x0000000800000000)
  region size 2048K, 1 young (2048K), 1 survivors (2048K)
 Metaspace       used 35893K, committed 36288K, reserved 1114112K
  class space    used 4536K, committed 4736K, reserved 1048576K
}
Event: 3.322 GC heap before
{Heap before GC invocations=8 (full 0):
 garbage-first heap   total 49152K, used 37427K [0x0000000705c00000, 0x0000000800000000)
  region size 2048K, 12 young (24576K), 1 survivors (2048K)
 Metaspace       used 42717K, committed 43264K, reserved 1114112K
  class space    used 5639K, committed 5888K, reserved 1048576K
}
Event: 3.324 GC heap after
{Heap after GC invocations=9 (full 0):
 garbage-first heap   total 49152K, used 15797K [0x0000000705c00000, 0x0000000800000000)
  region size 2048K, 1 young (2048K), 1 survivors (2048K)
 Metaspace       used 42717K, committed 43264K, reserved 1114112K
  class space    used 5639K, committed 5888K, reserved 1048576K
}
Event: 4.087 GC heap before
{Heap before GC invocations=9 (full 0):
 garbage-first heap   total 49152K, used 38325K [0x0000000705c00000, 0x0000000800000000)
  region size 2048K, 13 young (26624K), 1 survivors (2048K)
 Metaspace       used 50105K, committed 50624K, reserved 1114112K
  class space    used 6717K, committed 6912K, reserved 1048576K
}
Event: 4.090 GC heap after
{Heap after GC invocations=10 (full 0):
 garbage-first heap   total 49152K, used 17631K [0x0000000705c00000, 0x0000000800000000)
  region size 2048K, 2 young (4096K), 2 survivors (4096K)
 Metaspace       used 50105K, committed 50624K, reserved 1114112K
  class space    used 6717K, committed 6912K, reserved 1048576K
}
Event: 4.778 GC heap before
{Heap before GC invocations=10 (full 0):
 garbage-first heap   total 49152K, used 40159K [0x0000000705c00000, 0x0000000800000000)
  region size 2048K, 13 young (26624K), 2 survivors (4096K)
 Metaspace       used 56615K, committed 57152K, reserved 1114112K
  class space    used 7954K, committed 8192K, reserved 1048576K
}
Event: 4.784 GC heap after
{Heap after GC invocations=11 (full 0):
 garbage-first heap   total 49152K, used 20182K [0x0000000705c00000, 0x0000000800000000)
  region size 2048K, 2 young (4096K), 2 survivors (4096K)
 Metaspace       used 56615K, committed 57152K, reserved 1114112K
  class space    used 7954K, committed 8192K, reserved 1048576K
}
Event: 27.837 GC heap before
{Heap before GC invocations=11 (full 0):
 garbage-first heap   total 49152K, used 40662K [0x0000000705c00000, 0x0000000800000000)
  region size 2048K, 12 young (24576K), 2 survivors (4096K)
 Metaspace       used 60233K, committed 60736K, reserved 1114112K
  class space    used 8293K, committed 8512K, reserved 1048576K
}
Event: 27.842 GC heap after
{Heap after GC invocations=12 (full 0):
 garbage-first heap   total 51200K, used 25993K [0x0000000705c00000, 0x0000000800000000)
  region size 2048K, 2 young (4096K), 2 survivors (4096K)
 Metaspace       used 60233K, committed 60736K, reserved 1114112K
  class space    used 8293K, committed 8512K, reserved 1048576K
}

Dll operation events (20 events):
Event: 0.620 Loaded shared library C:\Users\oc_vh\.openjfx\cache\21.0.2+5\amd64\api-ms-win-crt-runtime-l1-1-0.dll
Event: 0.626 Loaded shared library C:\Users\oc_vh\.openjfx\cache\21.0.2+5\amd64\api-ms-win-crt-stdio-l1-1-0.dll
Event: 0.632 Loaded shared library C:\Users\oc_vh\.openjfx\cache\21.0.2+5\amd64\api-ms-win-crt-string-l1-1-0.dll
Event: 0.638 Loaded shared library C:\Users\oc_vh\.openjfx\cache\21.0.2+5\amd64\api-ms-win-crt-time-l1-1-0.dll
Event: 0.644 Loaded shared library C:\Users\oc_vh\.openjfx\cache\21.0.2+5\amd64\api-ms-win-crt-utility-l1-1-0.dll
Event: 0.659 Loaded shared library C:\Users\oc_vh\.openjfx\cache\21.0.2+5\amd64\ucrtbase.dll
Event: 0.663 Loaded shared library C:\Users\oc_vh\.openjfx\cache\21.0.2+5\amd64\vcruntime140.dll
Event: 0.667 Loaded shared library C:\Users\oc_vh\.openjfx\cache\21.0.2+5\amd64\vcruntime140_1.dll
Event: 0.676 Loaded shared library C:\Users\oc_vh\.openjfx\cache\21.0.2+5\amd64\msvcp140.dll
Event: 0.682 Loaded shared library C:\Users\oc_vh\.openjfx\cache\21.0.2+5\amd64\msvcp140_1.dll
Event: 0.689 Loaded shared library C:\Users\oc_vh\.openjfx\cache\21.0.2+5\amd64\msvcp140_2.dll
Event: 0.737 Loaded shared library C:\Users\oc_vh\.openjfx\cache\21.0.2+5\amd64\prism_d3d.dll
Event: 0.845 Loaded shared library C:\Users\oc_vh\.openjfx\cache\21.0.2+5\amd64\glass.dll
Event: 1.145 Loaded shared library C:\Users\oc_vh\.openjfx\cache\21.0.2+5\amd64\javafx_font.dll
Event: 2.162 Loaded shared library C:\Program Files\Java\jdk-21.0.11\bin\sunmscapi.dll
Event: 2.692 Loaded shared library C:\Program Files\Java\jdk-21.0.11\bin\verify.dll
Event: 27.809 Loaded shared library C:\Program Files\Java\jdk-21.0.11\bin\awt.dll
Event: 27.831 Loaded shared library C:\Users\oc_vh\.openjfx\cache\21.0.2+5\amd64\prism_common.dll
Event: 27.881 Loaded shared library C:\Program Files\Java\jdk-21.0.11\bin\freetype.dll
Event: 27.882 Loaded shared library C:\Program Files\Java\jdk-21.0.11\bin\fontmanager.dll

Deoptimization events (20 events):
Event: 26.854 Thread 0x0000026e1000ca50 DEOPT PACKING pc=0x0000026db3b975a6 sp=0x000000b2bf4fdc00
Event: 26.854 Thread 0x0000026e1000ca50 DEOPT UNPACKING pc=0x0000026dba574e42 sp=0x000000b2bf4fd068 mode 0
Event: 26.854 Thread 0x0000026e1000ca50 DEOPT PACKING pc=0x0000026db3b975a6 sp=0x000000b2bf4fdc00
Event: 26.854 Thread 0x0000026e1000ca50 DEOPT UNPACKING pc=0x0000026dba574e42 sp=0x000000b2bf4fd068 mode 0
Event: 26.854 Thread 0x0000026e1000ca50 DEOPT PACKING pc=0x0000026db3b975a6 sp=0x000000b2bf4fdc00
Event: 26.854 Thread 0x0000026e1000ca50 DEOPT UNPACKING pc=0x0000026dba574e42 sp=0x000000b2bf4fd068 mode 0
Event: 26.855 Thread 0x0000026e1000ca50 DEOPT PACKING pc=0x0000026db3b97642 sp=0x000000b2bf4fdc00
Event: 26.855 Thread 0x0000026e1000ca50 DEOPT UNPACKING pc=0x0000026dba574e42 sp=0x000000b2bf4fd068 mode 0
Event: 26.855 Thread 0x0000026e1000ca50 DEOPT PACKING pc=0x0000026db3b97642 sp=0x000000b2bf4fdc00
Event: 26.855 Thread 0x0000026e1000ca50 DEOPT UNPACKING pc=0x0000026dba574e42 sp=0x000000b2bf4fd068 mode 0
Event: 26.855 Thread 0x0000026e1000ca50 DEOPT PACKING pc=0x0000026db3b97642 sp=0x000000b2bf4fdc00
Event: 26.855 Thread 0x0000026e1000ca50 DEOPT UNPACKING pc=0x0000026dba574e42 sp=0x000000b2bf4fd068 mode 0
Event: 28.163 Thread 0x0000026e1000b010 Uncommon trap: trap_request=0xffffff45 fr.pc=0x0000026dbaceea64 relative=0x00000000000009a4
Event: 28.163 Thread 0x0000026e1000b010 Uncommon trap: reason=unstable_if action=reinterpret pc=0x0000026dbaceea64 method=java.util.HashMap.putVal(ILjava/lang/Object;Ljava/lang/Object;ZZ)Ljava/lang/Object; @ 206 c2
Event: 28.163 Thread 0x0000026e1000b010 DEOPT PACKING pc=0x0000026dbaceea64 sp=0x000000b2be6f8490
Event: 28.163 Thread 0x0000026e1000b010 DEOPT UNPACKING pc=0x0000026dba5746a2 sp=0x000000b2be6f8438 mode 2
Event: 52.387 Thread 0x0000026e1a240e30 Uncommon trap: trap_request=0xffffffcc fr.pc=0x0000026dbabb1b90 relative=0x0000000000000350
Event: 52.387 Thread 0x0000026e1a240e30 Uncommon trap: reason=intrinsic_or_type_checked_inlining action=make_not_entrant pc=0x0000026dbabb1b90 method=java.util.Arrays.copyOf([Ljava/lang/Object;ILjava/lang/Class;)[Ljava/lang/Object; @ 35 c2
Event: 52.387 Thread 0x0000026e1a240e30 DEOPT PACKING pc=0x0000026dbabb1b90 sp=0x000000b2c17fec70
Event: 52.387 Thread 0x0000026e1a240e30 DEOPT UNPACKING pc=0x0000026dba5746a2 sp=0x000000b2c17fec18 mode 2

Classes loaded (20 events):
Event: 33.930 Loading class sun/awt/im/ExecutableInputMethodManager$3
Event: 33.930 Loading class sun/awt/im/ExecutableInputMethodManager$3 done
Event: 33.930 Loading class sun/awt/windows/WInputMethod
Event: 33.931 Loading class sun/awt/im/InputMethodAdapter
Event: 33.931 Loading class java/awt/im/spi/InputMethod
Event: 33.931 Loading class java/awt/im/spi/InputMethod done
Event: 33.931 Loading class sun/awt/im/InputMethodAdapter done
Event: 33.932 Loading class sun/awt/windows/WInputMethod done
Event: 33.932 Loading class java/awt/Color
Event: 33.932 Loading class java/awt/Paint
Event: 33.932 Loading class java/awt/Paint done
Event: 33.932 Loading class java/awt/Color done
Event: 35.225 Loading class java/util/IdentityHashMap$ValueIterator
Event: 35.226 Loading class java/util/IdentityHashMap$ValueIterator done
Event: 35.226 Loading class sun/awt/AppContext$PostShutdownEventRunnable
Event: 35.226 Loading class sun/awt/AppContext$PostShutdownEventRunnable done
Event: 35.226 Loading class sun/awt/AWTAutoShutdown$1
Event: 35.226 Loading class sun/awt/AWTAutoShutdown$1 done
Event: 52.383 Loading class jdk/internal/misc/Signal$1
Event: 52.384 Loading class jdk/internal/misc/Signal$1 done

Classes unloaded (0 events):
No events

Classes redefined (0 events):
No events

Internal exceptions (20 events):
Event: 4.559 Thread 0x0000026e1000b010 Exception <a 'java/io/FileNotFoundException'{0x00000007079f5c00}> (0x00000007079f5c00) 
thrown [s\open\src\hotspot\share\prims\jni.cpp, line 520]
Event: 4.559 Thread 0x0000026e1000b010 Exception <a 'java/io/FileNotFoundException'{0x00000007079f6ff0}> (0x00000007079f6ff0) 
thrown [s\open\src\hotspot\share\prims\jni.cpp, line 520]
Event: 4.559 Thread 0x0000026e1000b010 Exception <a 'java/io/FileNotFoundException'{0x00000007079f83f8}> (0x00000007079f83f8) 
thrown [s\open\src\hotspot\share\prims\jni.cpp, line 520]
Event: 4.559 Thread 0x0000026e1000b010 Exception <a 'java/io/FileNotFoundException'{0x00000007079f97e8}> (0x00000007079f97e8) 
thrown [s\open\src\hotspot\share\prims\jni.cpp, line 520]
Event: 4.572 Thread 0x0000026e1000b010 Exception <a 'java/lang/NoSuchMethodError'{0x0000000707633248}: 'java.lang.Object java.lang.invoke.DirectMethodHandle$Holder.newInvokeSpecial(java.lang.Object, java.lang.Object, int)'> (0x0000000707633248) 
thrown [s\open\src\hotspot\share\interpreter\linkResolver.cpp, line 773]
Event: 4.694 Thread 0x0000026e1000ca50 Exception <a 'java/lang/NoSuchMethodError'{0x00000007077198f0}: 'int java.lang.invoke.DirectMethodHandle$Holder.invokeStaticInit(java.lang.Object, java.lang.Object)'> (0x00000007077198f0) 
thrown [s\open\src\hotspot\share\interpreter\linkResolver.cpp, line 773]
Event: 4.853 Thread 0x0000026e1000ca50 Exception <a 'java/lang/NoSuchMethodError'{0x00000007157b0330}: 'java.lang.Object java.lang.invoke.DirectMethodHandle$Holder.invokeStaticInit(java.lang.Object, int)'> (0x00000007157b0330) 
thrown [s\open\src\hotspot\share\interpreter\linkResolver.cpp, line 773]
Event: 5.711 Thread 0x0000026e1000b010 Exception <a 'java/lang/NoSuchMethodError'{0x0000000714e718c0}: 'long java.lang.invoke.DirectMethodHandle$Holder.invokeStatic(java.lang.Object, java.lang.Object, java.lang.Object)'> (0x0000000714e718c0) 
thrown [s\open\src\hotspot\share\interpreter\linkResolver.cpp, line 773]
Event: 5.712 Thread 0x0000026e1000b010 Exception <a 'java/lang/NoSuchMethodError'{0x0000000714e74ca0}: 'long java.lang.invoke.DirectMethodHandle$Holder.invokeStaticInit(java.lang.Object, java.lang.Object, java.lang.Object)'> (0x0000000714e74ca0) 
thrown [s\open\src\hotspot\share\interpreter\linkResolver.cpp, line 773]
Event: 5.712 Thread 0x0000026e1000b010 Exception <a 'java/lang/NoSuchMethodError'{0x0000000714e89040}: 'java.lang.Object java.lang.invoke.DirectMethodHandle$Holder.newInvokeSpecial(java.lang.Object, java.lang.Object, long)'> (0x0000000714e89040) 
thrown [s\open\src\hotspot\share\interpreter\linkResolver.cpp, line 773]
Event: 10.949 Thread 0x0000026e1000b010 Exception <a 'java/lang/NoSuchMethodError'{0x0000000714cb51a0}: 'java.lang.Object java.lang.invoke.DirectMethodHandle$Holder.newInvokeSpecial(java.lang.Object, java.lang.Object, int, int, int, int, int, java.lang.Object)'> (0x0000000714cb51a0) 
thrown [s\open\src\hotspot\share\interpreter\linkResolver.cpp, line 773]
Event: 10.950 Thread 0x0000026e1000b010 Exception <a 'java/lang/NoSuchMethodError'{0x0000000714cc6dc0}: 'java.lang.Object java.lang.invoke.DirectMethodHandle$Holder.newInvokeSpecial(java.lang.Object, java.lang.Object, java.lang.Object, int, int, int, int, int)'> (0x0000000714cc6dc0) 
thrown [s\open\src\hotspot\share\interpreter\linkResolver.cpp, line 773]
Event: 10.950 Thread 0x0000026e1000b010 Exception <a 'java/lang/NoSuchMethodError'{0x0000000714cce0e0}: 'java.lang.Object java.lang.invoke.Invokers$Holder.linkToTargetMethod(java.lang.Object, java.lang.Object, int, int, int, int, int, java.lang.Object)'> (0x0000000714cce0e0) 
thrown [s\open\src\hotspot\share\interpreter\linkResolver.cpp, line 773]
Event: 10.993 Thread 0x0000026e1000b010 Implicit null exception at 0x0000026dbad33f5e to 0x0000026dbad33fe4
Event: 26.633 Thread 0x0000026e1000b010 Exception <a 'java/lang/NoSuchMethodError'{0x00000007081abdb8}: 'void java.lang.invoke.DirectMethodHandle$Holder.invokeInterface(java.lang.Object, java.lang.Object, java.lang.Object, java.lang.Object)'> (0x00000007081abdb8) 
thrown [s\open\src\hotspot\share\interpreter\linkResolver.cpp, line 773]
Event: 27.805 Thread 0x0000026e1000b010 Exception <a 'java/lang/ClassNotFoundException'{0x00000007079155a8}: sun/awt/resources/spi/awtProvider> (0x00000007079155a8) 
thrown [s\open\src\hotspot\share\classfile\systemDictionary.cpp, line 313]
Event: 27.810 Thread 0x0000026e1000b010 Exception <a 'java/io/FileNotFoundException'{0x0000000707919418}> (0x0000000707919418) 
thrown [s\open\src\hotspot\share\prims\jni.cpp, line 520]
Event: 27.810 Thread 0x0000026e1000b010 Exception <a 'java/io/FileNotFoundException'{0x000000070791b718}> (0x000000070791b718) 
thrown [s\open\src\hotspot\share\prims\jni.cpp, line 520]
Event: 28.034 Thread 0x0000026e1000b010 Exception <a 'java/lang/NoSuchMethodError'{0x00000007156967c0}: 'java.lang.Object java.lang.invoke.DirectMethodHandle$Holder.newInvokeSpecial(java.lang.Object, long)'> (0x00000007156967c0) 
thrown [s\open\src\hotspot\share\interpreter\linkResolver.cpp, line 773]
Event: 28.220 Thread 0x0000026e1000b010 Exception <a 'java/lang/NoSuchMethodError'{0x00000007156c91a0}: 'void java.lang.invoke.DirectMethodHandle$Holder.invokeStatic(java.lang.Object, java.lang.Object, int)'> (0x00000007156c91a0) 
thrown [s\open\src\hotspot\share\interpreter\linkResolver.cpp, line 773]

ZGC Phase Switch (0 events):
No events

VM Operations (20 events):
Event: 27.862 Executing VM operation: G1PauseCleanup done
Event: 29.863 Executing VM operation: Cleanup
Event: 29.864 Executing VM operation: Cleanup done
Event: 30.867 Executing VM operation: Cleanup
Event: 30.867 Executing VM operation: Cleanup done
Event: 31.883 Executing VM operation: Cleanup
Event: 31.883 Executing VM operation: Cleanup done
Event: 36.895 Executing VM operation: Cleanup
Event: 36.895 Executing VM operation: Cleanup done
Event: 39.916 Executing VM operation: Cleanup
Event: 39.916 Executing VM operation: Cleanup done
Event: 40.924 Executing VM operation: Cleanup
Event: 40.924 Executing VM operation: Cleanup done
Event: 44.974 Executing VM operation: Cleanup
Event: 44.975 Executing VM operation: Cleanup done
Event: 45.988 Executing VM operation: Cleanup
Event: 45.988 Executing VM operation: Cleanup done
Event: 48.016 Executing VM operation: Cleanup
Event: 48.016 Executing VM operation: Cleanup done
Event: 52.493 Executing VM operation: Exit

Events (20 events):
Event: 27.870 Thread 0x0000026e1a23fa80 Thread added: 0x0000026e1a23fa80
Event: 27.871 Thread 0x0000026e1a240110 Thread added: 0x0000026e1a240110
Event: 28.223 Thread 0x0000026e1a23f3f0 Thread added: 0x0000026e1a23f3f0
Event: 28.243 Thread 0x0000026e1a240e30 Thread added: 0x0000026e1a240e30
Event: 28.243 Thread 0x0000026e1a242870 Thread added: 0x0000026e1a242870
Event: 33.926 Thread 0x0000026e1a240e30 Thread exited: 0x0000026e1a240e30
Event: 33.936 Thread 0x0000026e1a23f3f0 Thread exited: 0x0000026e1a23f3f0
Event: 35.226 Thread 0x0000026e1a23fa80 Thread exited: 0x0000026e1a23fa80
Event: 35.226 Thread 0x0000026e1a242870 Thread exited: 0x0000026e1a242870
Event: 52.384 Thread 0x0000026e1a242870 Thread added: 0x0000026e1a242870
Event: 52.385 Thread 0x0000026e1a241b50 Thread added: 0x0000026e1a241b50
Event: 52.385 Thread 0x0000026e1a2407a0 Thread added: 0x0000026e1a2407a0
Event: 52.385 Thread 0x0000026e1a240e30 Thread added: 0x0000026e1a240e30
Event: 52.387 Thread 0x0000026e1a23f3f0 Thread added: 0x0000026e1a23f3f0
Event: 52.388 Thread 0x0000026e1a240e30 Thread exited: 0x0000026e1a240e30
Event: 52.388 Thread 0x0000026e1a2407a0 Thread exited: 0x0000026e1a2407a0
Event: 52.390 Thread 0x0000026e1a240110 Thread exited: 0x0000026e1a240110
Event: 52.423 Thread 0x0000026e1000ca50 Thread exited: 0x0000026e1000ca50
Event: 52.492 Thread 0x0000026e1a241b50 Thread exited: 0x0000026e1a241b50
Event: 52.493 Thread 0x0000026dca002830 Thread exited: 0x0000026dca002830


Dynamic libraries:
0x00007ff606d10000 - 0x00007ff606d20000 	C:\Program Files\Java\jdk-21.0.11\bin\java.exe
0x00007ffc84640000 - 0x00007ffc848a7000 	C:\windows\SYSTEM32\ntdll.dll
0x00007ffc83530000 - 0x00007ffc835f9000 	C:\windows\System32\KERNEL32.DLL
0x00007ffc81070000 - 0x00007ffc81467000 	C:\windows\System32\KERNELBASE.dll
0x00007ffc81ec0000 - 0x00007ffc8200b000 	C:\windows\System32\ucrtbase.dll
0x00007ffc7e160000 - 0x00007ffc7e17e000 	C:\Program Files\Java\jdk-21.0.11\bin\VCRUNTIME140.dll
0x00007ffc784b0000 - 0x00007ffc784c9000 	C:\Program Files\Java\jdk-21.0.11\bin\jli.dll
0x00007ffc84060000 - 0x00007ffc84116000 	C:\windows\System32\ADVAPI32.dll
0x00007ffc837a0000 - 0x00007ffc83849000 	C:\windows\System32\msvcrt.dll
0x00007ffc83480000 - 0x00007ffc83527000 	C:\windows\System32\sechost.dll
0x00007ffc83bb0000 - 0x00007ffc83cc8000 	C:\windows\System32\RPCRT4.dll
0x00007ffc83e90000 - 0x00007ffc84056000 	C:\windows\System32\USER32.dll
0x00007ffc82390000 - 0x00007ffc823b7000 	C:\windows\System32\win32u.dll
0x00007ffc83110000 - 0x00007ffc8313b000 	C:\windows\System32\GDI32.dll
0x00007ffc647b0000 - 0x00007ffc64a42000 	C:\windows\WinSxS\amd64_microsoft.windows.common-controls_6595b64144ccf1df_6.0.26100.8457_none_3e0b2faee331e92d\COMCTL32.dll
0x00007ffc81520000 - 0x00007ffc8164c000 	C:\windows\System32\gdi32full.dll
0x00007ffc82190000 - 0x00007ffc82233000 	C:\windows\System32\msvcp_win.dll
0x00007ffc77380000 - 0x00007ffc7738b000 	C:\windows\SYSTEM32\VERSION.dll
0x00007ffc83260000 - 0x00007ffc83292000 	C:\windows\System32\IMM32.DLL
0x00007ffc7e240000 - 0x00007ffc7e24c000 	C:\Program Files\Java\jdk-21.0.11\bin\vcruntime140_1.dll
0x00007ffc6f7a0000 - 0x00007ffc6f82d000 	C:\Program Files\Java\jdk-21.0.11\bin\msvcp140.dll
0x00007ffbe8f20000 - 0x00007ffbe9c48000 	C:\Program Files\Java\jdk-21.0.11\bin\server\jvm.dll
0x00007ffc82f80000 - 0x00007ffc83000000 	C:\windows\System32\WS2_32.dll
0x00007ffc80850000 - 0x00007ffc808ae000 	C:\windows\SYSTEM32\POWRPROF.dll
0x00007ffc6c000000 - 0x00007ffc6c036000 	C:\windows\SYSTEM32\WINMM.dll
0x00007ffc80830000 - 0x00007ffc80844000 	C:\windows\SYSTEM32\UMPDC.dll
0x00007ffc7fe00000 - 0x00007ffc7fe1b000 	C:\windows\SYSTEM32\kernel.appcore.dll
0x00007ffc78490000 - 0x00007ffc7849a000 	C:\Program Files\Java\jdk-21.0.11\bin\jimage.dll
0x00007ffc7ee80000 - 0x00007ffc7f0c2000 	C:\windows\SYSTEM32\DBGHELP.DLL
0x00007ffc823e0000 - 0x00007ffc82763000 	C:\windows\System32\combase.dll
0x00007ffc839b0000 - 0x00007ffc83a89000 	C:\windows\System32\OLEAUT32.dll
0x00007ffc3fa10000 - 0x00007ffc3fa4b000 	C:\windows\SYSTEM32\dbgcore.DLL
0x00007ffc81470000 - 0x00007ffc81518000 	C:\windows\System32\bcryptPrimitives.dll
0x00007ffc78480000 - 0x00007ffc78490000 	C:\Program Files\Java\jdk-21.0.11\bin\instrument.dll
0x00007ffc77350000 - 0x00007ffc77371000 	C:\Program Files\Java\jdk-21.0.11\bin\java.dll
0x00007ffc82770000 - 0x00007ffc82ede000 	C:\windows\System32\SHELL32.dll
0x00007ffc81650000 - 0x00007ffc81ebc000 	C:\windows\System32\windows.storage.dll
0x00007ffc83ab0000 - 0x00007ffc83ba6000 	C:\windows\System32\SHCORE.dll
0x00007ffc830a0000 - 0x00007ffc83106000 	C:\windows\System32\shlwapi.dll
0x00007ffc80f90000 - 0x00007ffc80fb9000 	C:\windows\SYSTEM32\profapi.dll
0x00007ffc66100000 - 0x00007ffc661d7000 	C:\Program Files\Java\jdk-21.0.11\bin\jsvml.dll
0x00007ffc76db0000 - 0x00007ffc76dc8000 	C:\Program Files\Java\jdk-21.0.11\bin\zip.dll
0x00007ffc772d0000 - 0x00007ffc772e1000 	C:\Program Files\Java\jdk-21.0.11\bin\net.dll
0x00007ffc78b90000 - 0x00007ffc78cb9000 	C:\windows\SYSTEM32\WINHTTP.dll
0x00007ffc80370000 - 0x00007ffc803dc000 	C:\windows\system32\mswsock.dll
0x00007ffc72c70000 - 0x00007ffc72c86000 	C:\Program Files\Java\jdk-21.0.11\bin\nio.dll
0x00007ffc7f880000 - 0x00007ffc7f9b2000 	C:\windows\SYSTEM32\DNSAPI.dll
0x00007ffc7f7f0000 - 0x00007ffc7f822000 	C:\windows\SYSTEM32\IPHLPAPI.DLL
0x00007ffc831d0000 - 0x00007ffc831da000 	C:\windows\System32\NSI.dll
0x00007ffc77610000 - 0x00007ffc7761b000 	C:\Windows\System32\rasadhlp.dll
0x00007ffc78e30000 - 0x00007ffc78eb6000 	C:\windows\System32\fwpuclnt.dll
0x00007ffc77340000 - 0x00007ffc77349000 	C:\Program Files\Java\jdk-21.0.11\bin\extnet.dll
0x00007ffc772c0000 - 0x00007ffc772ca000 	C:\Program Files\Java\jdk-21.0.11\bin\management.dll
0x00007ffc77050000 - 0x00007ffc7705c000 	C:\Program Files\Java\jdk-21.0.11\bin\management_ext.dll
0x00007ffc83090000 - 0x00007ffc83098000 	C:\windows\System32\PSAPI.DLL
0x0000026da8d00000 - 0x0000026da8d03000 	C:\Users\oc_vh\.openjfx\cache\21.0.2+5\amd64\api-ms-win-core-console-l1-1-0.dll
0x0000026da8d10000 - 0x0000026da8d13000 	C:\Users\oc_vh\.openjfx\cache\21.0.2+5\amd64\api-ms-win-core-console-l1-2-0.dll
0x0000026da8d20000 - 0x0000026da8d23000 	C:\Users\oc_vh\.openjfx\cache\21.0.2+5\amd64\api-ms-win-core-datetime-l1-1-0.dll
0x0000026da8d30000 - 0x0000026da8d33000 	C:\Users\oc_vh\.openjfx\cache\21.0.2+5\amd64\api-ms-win-core-debug-l1-1-0.dll
0x0000026da8d40000 - 0x0000026da8d43000 	C:\Users\oc_vh\.openjfx\cache\21.0.2+5\amd64\api-ms-win-core-errorhandling-l1-1-0.dll
0x0000026daaac0000 - 0x0000026daaac4000 	C:\Users\oc_vh\.openjfx\cache\21.0.2+5\amd64\api-ms-win-core-file-l1-1-0.dll
0x0000026daaad0000 - 0x0000026daaad3000 	C:\Users\oc_vh\.openjfx\cache\21.0.2+5\amd64\api-ms-win-core-file-l1-2-0.dll
0x0000026daaae0000 - 0x0000026daaae3000 	C:\Users\oc_vh\.openjfx\cache\21.0.2+5\amd64\api-ms-win-core-file-l2-1-0.dll
0x00007ffc806d0000 - 0x00007ffc806eb000 	C:\windows\SYSTEM32\CRYPTSP.dll
0x00007ffc7fd60000 - 0x00007ffc7fd99000 	C:\windows\system32\rsaenh.dll
0x0000026daaaf0000 - 0x0000026daaaf3000 	C:\Users\oc_vh\.openjfx\cache\21.0.2+5\amd64\api-ms-win-core-handle-l1-1-0.dll
0x00007ffc80420000 - 0x00007ffc80453000 	C:\windows\SYSTEM32\USERENV.dll
0x00007ffc80f60000 - 0x00007ffc80f8a000 	C:\windows\SYSTEM32\bcrypt.dll
0x00007ffc806c0000 - 0x00007ffc806cc000 	C:\windows\SYSTEM32\CRYPTBASE.dll
0x0000026dca8b0000 - 0x0000026dca8b3000 	C:\Users\oc_vh\.openjfx\cache\21.0.2+5\amd64\api-ms-win-core-heap-l1-1-0.dll
0x0000026dca8c0000 - 0x0000026dca8c3000 	C:\Users\oc_vh\.openjfx\cache\21.0.2+5\amd64\api-ms-win-core-interlocked-l1-1-0.dll
0x0000026dca8d0000 - 0x0000026dca8d3000 	C:\Users\oc_vh\.openjfx\cache\21.0.2+5\amd64\api-ms-win-core-libraryloader-l1-1-0.dll
0x0000026dca8e0000 - 0x0000026dca8e3000 	C:\Users\oc_vh\.openjfx\cache\21.0.2+5\amd64\api-ms-win-core-localization-l1-2-0.dll
0x0000026dca8f0000 - 0x0000026dca8f3000 	C:\Users\oc_vh\.openjfx\cache\21.0.2+5\amd64\api-ms-win-core-memory-l1-1-0.dll
0x00007ffc51b80000 - 0x00007ffc51b98000 	C:\windows\system32\napinsp.dll
0x00007ffc51b60000 - 0x00007ffc51b73000 	C:\windows\System32\winrnr.dll
0x00007ffc51b30000 - 0x00007ffc51b52000 	C:\windows\system32\nlansp_c.dll
0x0000026dca900000 - 0x0000026dca903000 	C:\Users\oc_vh\.openjfx\cache\21.0.2+5\amd64\api-ms-win-core-namedpipe-l1-1-0.dll
0x00007ffc51ad0000 - 0x00007ffc51ae6000 	C:\windows\system32\wshbth.dll
0x0000026dca910000 - 0x0000026dca913000 	C:\Users\oc_vh\.openjfx\cache\21.0.2+5\amd64\api-ms-win-core-processenvironment-l1-1-0.dll
0x0000026dca920000 - 0x0000026dca923000 	C:\Users\oc_vh\.openjfx\cache\21.0.2+5\amd64\api-ms-win-core-processthreads-l1-1-0.dll
0x0000026dca930000 - 0x0000026dca933000 	C:\Users\oc_vh\.openjfx\cache\21.0.2+5\amd64\api-ms-win-core-processthreads-l1-1-1.dll
0x0000026dca940000 - 0x0000026dca943000 	C:\Users\oc_vh\.openjfx\cache\21.0.2+5\amd64\api-ms-win-core-profile-l1-1-0.dll
0x0000026dca950000 - 0x0000026dca953000 	C:\Users\oc_vh\.openjfx\cache\21.0.2+5\amd64\api-ms-win-core-rtlsupport-l1-1-0.dll
0x0000026dca960000 - 0x0000026dca963000 	C:\Users\oc_vh\.openjfx\cache\21.0.2+5\amd64\api-ms-win-core-string-l1-1-0.dll
0x0000026dca970000 - 0x0000026dca973000 	C:\Users\oc_vh\.openjfx\cache\21.0.2+5\amd64\api-ms-win-core-synch-l1-1-0.dll
0x0000026dca980000 - 0x0000026dca983000 	C:\Users\oc_vh\.openjfx\cache\21.0.2+5\amd64\api-ms-win-core-synch-l1-2-0.dll
0x0000026dca990000 - 0x0000026dca993000 	C:\Users\oc_vh\.openjfx\cache\21.0.2+5\amd64\api-ms-win-core-sysinfo-l1-1-0.dll
0x0000026dca9a0000 - 0x0000026dca9a3000 	C:\Users\oc_vh\.openjfx\cache\21.0.2+5\amd64\api-ms-win-core-timezone-l1-1-0.dll
0x0000026dca9b0000 - 0x0000026dca9b3000 	C:\Users\oc_vh\.openjfx\cache\21.0.2+5\amd64\api-ms-win-core-util-l1-1-0.dll
0x0000026dca9c0000 - 0x0000026dca9c3000 	C:\Users\oc_vh\.openjfx\cache\21.0.2+5\amd64\api-ms-win-crt-conio-l1-1-0.dll
0x0000026dca9d0000 - 0x0000026dca9d4000 	C:\Users\oc_vh\.openjfx\cache\21.0.2+5\amd64\api-ms-win-crt-convert-l1-1-0.dll
0x0000026dca9e0000 - 0x0000026dca9e3000 	C:\Users\oc_vh\.openjfx\cache\21.0.2+5\amd64\api-ms-win-crt-environment-l1-1-0.dll
0x0000026dca9f0000 - 0x0000026dca9f3000 	C:\Users\oc_vh\.openjfx\cache\21.0.2+5\amd64\api-ms-win-crt-filesystem-l1-1-0.dll
0x0000026dcaa00000 - 0x0000026dcaa03000 	C:\Users\oc_vh\.openjfx\cache\21.0.2+5\amd64\api-ms-win-crt-heap-l1-1-0.dll
0x0000026dcaa10000 - 0x0000026dcaa13000 	C:\Users\oc_vh\.openjfx\cache\21.0.2+5\amd64\api-ms-win-crt-locale-l1-1-0.dll
0x0000026dcaa20000 - 0x0000026dcaa25000 	C:\Users\oc_vh\.openjfx\cache\21.0.2+5\amd64\api-ms-win-crt-math-l1-1-0.dll
0x0000026dcaa30000 - 0x0000026dcaa35000 	C:\Users\oc_vh\.openjfx\cache\21.0.2+5\amd64\api-ms-win-crt-multibyte-l1-1-0.dll
0x0000026dcaa40000 - 0x0000026dcaa50000 	C:\Users\oc_vh\.openjfx\cache\21.0.2+5\amd64\api-ms-win-crt-private-l1-1-0.dll
0x0000026dcaa50000 - 0x0000026dcaa53000 	C:\Users\oc_vh\.openjfx\cache\21.0.2+5\amd64\api-ms-win-crt-process-l1-1-0.dll
0x0000026dcaa60000 - 0x0000026dcaa64000 	C:\Users\oc_vh\.openjfx\cache\21.0.2+5\amd64\api-ms-win-crt-runtime-l1-1-0.dll
0x0000026dcaa70000 - 0x0000026dcaa74000 	C:\Users\oc_vh\.openjfx\cache\21.0.2+5\amd64\api-ms-win-crt-stdio-l1-1-0.dll
0x0000026dcaa80000 - 0x0000026dcaa84000 	C:\Users\oc_vh\.openjfx\cache\21.0.2+5\amd64\api-ms-win-crt-string-l1-1-0.dll
0x0000026dcaa90000 - 0x0000026dcaa93000 	C:\Users\oc_vh\.openjfx\cache\21.0.2+5\amd64\api-ms-win-crt-time-l1-1-0.dll
0x00007ffc74420000 - 0x00007ffc74476000 	C:\windows\SYSTEM32\pdh.dll
0x0000026dcaaa0000 - 0x0000026dcaaa3000 	C:\Users\oc_vh\.openjfx\cache\21.0.2+5\amd64\api-ms-win-crt-utility-l1-1-0.dll
0x00007ffc3fef0000 - 0x00007ffc3ffec000 	C:\Users\oc_vh\.openjfx\cache\21.0.2+5\amd64\ucrtbase.dll
0x00007ffc6f900000 - 0x00007ffc6f91b000 	C:\Users\oc_vh\.openjfx\cache\21.0.2+5\amd64\vcruntime140.dll
0x00007ffc76d70000 - 0x00007ffc76d7c000 	C:\Users\oc_vh\.openjfx\cache\21.0.2+5\amd64\vcruntime140_1.dll
0x00007ffc6a4c0000 - 0x00007ffc6a54e000 	C:\Users\oc_vh\.openjfx\cache\21.0.2+5\amd64\msvcp140.dll
0x00007ffc75fc0000 - 0x00007ffc75fc9000 	C:\Users\oc_vh\.openjfx\cache\21.0.2+5\amd64\msvcp140_1.dll
0x00007ffc6f750000 - 0x00007ffc6f791000 	C:\Users\oc_vh\.openjfx\cache\21.0.2+5\amd64\msvcp140_2.dll
0x00007ffc6a880000 - 0x00007ffc6a8b0000 	C:\Users\oc_vh\.openjfx\cache\21.0.2+5\amd64\prism_d3d.dll
0x00007ffc62030000 - 0x00007ffc621e3000 	C:\windows\system32\d3d9.dll
0x00007ffc7e8d0000 - 0x00007ffc7e8ff000 	C:\windows\SYSTEM32\dwmapi.dll
0x00007ffc7e6f0000 - 0x00007ffc7e735000 	C:\windows\SYSTEM32\dxcore.dll
0x00007ffc7e610000 - 0x00007ffc7e6ba000 	C:\windows\system32\uxtheme.dll
0x00007ffc83600000 - 0x00007ffc83797000 	C:\windows\System32\ole32.dll
0x00007ffc80d20000 - 0x00007ffc80d71000 	C:\windows\SYSTEM32\CFGMGR32.dll
0x00007ffc792d0000 - 0x00007ffc79331000 	C:\windows\SYSTEM32\directxdatabasehelper.dll
0x00007ffc69f60000 - 0x00007ffc69fa2000 	C:\Users\oc_vh\.openjfx\cache\21.0.2+5\amd64\glass.dll
0x00007ffc83cd0000 - 0x00007ffc83dc0000 	C:\windows\System32\COMDLG32.dll
0x00007ffc83850000 - 0x00007ffc839ac000 	C:\windows\System32\MSCTF.dll
0x00007ffc6b4c0000 - 0x00007ffc6b4d4000 	C:\Users\oc_vh\.openjfx\cache\21.0.2+5\amd64\javafx_font.dll
0x00007ffc7cd70000 - 0x00007ffc7cfd7000 	C:\windows\SYSTEM32\dwrite.dll
0x00007ffc786a0000 - 0x00007ffc786b2000 	C:\windows\System32\perfproc.dll
0x00007ffc42d60000 - 0x00007ffc42d71000 	C:\windows\System32\perfos.dll
0x00007ffc7f4c0000 - 0x00007ffc7f4d2000 	C:\windows\SYSTEM32\pfclient.dll

dbghelp: loaded successfully - version: 4.0.5 - missing functions: none
symbol engine: initialized successfully - sym options: 0x614 - pdb path: .;C:\Program Files\Java\jdk-21.0.11\bin;C:\windows\SYSTEM32;C:\windows\WinSxS\amd64_microsoft.windows.common-controls_6595b64144ccf1df_6.0.26100.8457_none_3e0b2faee331e92d;C:\Program Files\Java\jdk-21.0.11\bin\server;C:\Users\oc_vh\.openjfx\cache\21.0.2+5\amd64;C:\windows\System32\DriverStore\FileRepository\iigd_dch.inf_amd64_a0e4070823166b80;C:\Program Files\Common Files\Microsoft Shared\Ink;C:\windows\System32\DriverStore\FileRepository\ntprint.inf_amd64_78082862576f78bc\Amd64;C:\windows\System32\DriverStore\FileRepository\prnms003.inf_amd64_fe120272380ff332\Amd64;C:\Program Files\Microsoft Office\root\VFS\ProgramFilesCommonX64\Microsoft Shared\Office16

VM Arguments:
jvm_args: -javaagent:C:\Program Files\JetBrains\IntelliJ IDEA 2026.1.2\lib\idea_rt.jar=53304 -Dfile.encoding=UTF-8 -Dsun.stdout.encoding=UTF-8 -Dsun.stderr.encoding=UTF-8 
java_command: com.asm.App
java_class_path (initial): C:\Users\oc_vh\IdeaProjects\pdv-almacenes-san-miguel\target\classes;C:\Users\oc_vh\.m2\repository\org\openjfx\javafx-controls\21.0.2\javafx-controls-21.0.2.jar;C:\Users\oc_vh\.m2\repository\org\openjfx\javafx-controls\21.0.2\javafx-controls-21.0.2-win.jar;C:\Users\oc_vh\.m2\repository\org\openjfx\javafx-graphics\21.0.2\javafx-graphics-21.0.2.jar;C:\Users\oc_vh\.m2\repository\org\openjfx\javafx-graphics\21.0.2\javafx-graphics-21.0.2-win.jar;C:\Users\oc_vh\.m2\repository\org\openjfx\javafx-base\21.0.2\javafx-base-21.0.2.jar;C:\Users\oc_vh\.m2\repository\org\openjfx\javafx-base\21.0.2\javafx-base-21.0.2-win.jar;C:\Users\oc_vh\.m2\repository\org\openjfx\javafx-fxml\21.0.2\javafx-fxml-21.0.2.jar;C:\Users\oc_vh\.m2\repository\org\openjfx\javafx-fxml\21.0.2\javafx-fxml-21.0.2-win.jar;C:\Users\oc_vh\.m2\repository\org\hibernate\orm\hibernate-core\6.2.7.Final\hibernate-core-6.2.7.Final.jar;C:\Users\oc_vh\.m2\repository\jakarta\persistence\jakarta.persistence-api\3.1.0\jakarta.persistence-api-3.1.0.jar;C:\Users\oc_vh\.m2\repository\jakarta\transaction\jakarta.transaction-api\2.0.1\jakarta.transaction-api-2.0.1.jar;C:\Users\oc_vh\.m2\repository\org\jboss\logging\jboss-logging\3.5.0.Final\jboss-logging-3.5.0.Final.jar;C:\Users\oc_vh\.m2\repository\org\hibernate\common\hibernate-commons-annotations\6.0.6.Final\hibernate-commons-annotations-6.0.6.Final.jar;C:\Users\oc_vh\.m2\repository\io\smallrye\jandex\3.0.5\jandex-3.0.5.jar;C:\Users\oc_vh\.m2\repository\com\fasterxml\classmate\1.5.1\classmate-1.5.1.jar;C:\Users\oc_vh\.m2\repository\net\bytebuddy\byte-buddy\1.12.18\byte-buddy-1.12.18.jar;C:\Users\oc_vh\.m2\repository\jakarta\xml\bind\jakarta.xml.bind-api\4.0.0\jakarta.xml.bind-api-4.0.0.jar;C:\Users\oc_vh\.m2\repository\jakarta\activation\jakarta.activation-api\2.1.0\jakarta.activation-api-2.1.0.jar;C:\Users\oc_vh\.m2\repository\org\glassfish\jaxb\jaxb-runtime\4.0.2\jaxb-runtime-4.0.2.jar;C:\Users\oc_vh\.m2\repository\org\glassfish\jaxb\jaxb-core\4.0.2\jaxb-core-4.0.2.jar;C:\Users\oc_vh\.m2\repository\org\eclipse\angus\angus-activation\2.0.0\angus-activation-2.0.0.jar;C:\Users\oc_vh\.m2\repository\org\glassfish\jaxb\txw2\4.0.2\txw2-4.0.2.jar;C:\Users\oc_vh\.m2\repository\com\sun\istack\istack-commons-runtime\4.1.1\istack-commons-runtime-4.1.1.jar;C:\Users\oc_vh\.m2\repository\jakarta\inject\jakarta.inject-api\2.0.1\jakarta.inject-api-2.0.1.jar;C:\Users\oc_vh\.m2\repository\org\antlr\antlr4-runtime\4.10.1\antlr4-runtime-4.10.1.jar;C:\Users\oc_vh\.m2\repository\com\mysql\mysql-connector-j\8.0.33\mysql-connector-j-8.0.33.jar;C:\Users\oc_vh\.m2\repository\com\google\protobuf\protobuf-java\3.21.9\protobuf-java-3.21.9.jar
Launcher Type: SUN_STANDARD

[Global flags]
     intx CICompilerCount                          = 4                                         {product} {ergonomic}
     uint ConcGCThreads                            = 3                                         {product} {ergonomic}
     uint G1ConcRefinementThreads                  = 10                                        {product} {ergonomic}
   size_t G1HeapRegionSize                         = 2097152                                   {product} {ergonomic}
    uintx GCDrainStackTargetSize                   = 64                                        {product} {ergonomic}
   size_t InitialHeapSize                          = 264241152                                 {product} {ergonomic}
   size_t MarkStackSize                            = 4194304                                   {product} {ergonomic}
   size_t MaxHeapSize                              = 4198498304                                {product} {ergonomic}
   size_t MaxNewSize                               = 2518679552                                {product} {ergonomic}
   size_t MinHeapDeltaBytes                        = 2097152                                   {product} {ergonomic}
   size_t MinHeapSize                              = 8388608                                   {product} {ergonomic}
    uintx NonNMethodCodeHeapSize                   = 5839372                                {pd product} {ergonomic}
    uintx NonProfiledCodeHeapSize                  = 122909434                              {pd product} {ergonomic}
    uintx ProfiledCodeHeapSize                     = 122909434                              {pd product} {ergonomic}
    uintx ReservedCodeCacheSize                    = 251658240                              {pd product} {ergonomic}
     bool SegmentedCodeCache                       = true                                      {product} {ergonomic}
   size_t SoftMaxHeapSize                          = 4198498304                             {manageable} {ergonomic}
     bool UseCompressedOops                        = true                           {product lp64_product} {ergonomic}
     bool UseG1GC                                  = true                                      {product} {ergonomic}
     bool UseLargePagesIndividualAllocation        = false                                  {pd product} {ergonomic}

Logging:
Log output configuration:
 #0: stdout all=off uptime,level,tags foldmultilines=false
 #1: stderr all=off uptime,level,tags foldmultilines=false

Environment Variables:
JAVA_HOME=C:\Program Files\Java\jdk-21.0.11
PATH=C:\Program Files\Common Files\Oracle\Java\javapath;C:\Program Files\Microsoft MPI\Bin\;C:\windows\system32;C:\windows;C:\windows\System32\Wbem;C:\windows\System32\WindowsPowerShell\v1.0\;C:\windows\System32\OpenSSH\;C:\Program Files (x86)\NVIDIA Corporation\PhysX\Common;C:\Program Files\NVIDIA Corporation\NVIDIA App\NvDLISR;C:\Users\Administrator\AppData\Local\Microsoft\WindowsApps;C:\Program Files\HP\OMEN-Broadcast\Common;C:\Program Files (x86)\Microsoft SQL Server\170\Tools\Binn\;C:\Program Files\Microsoft SQL Server\170\Tools\Binn\;C:\Program Files\Microsoft SQL Server\Client SDK\ODBC\180\Tools\Binn\;C:\Program Files\Microsoft SQL Server\170\DTS\Binn\;C:\Program Files\PuTTY\;C:\Program Files\Microchip\xc8\v2.36\bin;C:\Program Files\Java\jdk-21.0.11\bin;C:\Program Files\Git\cmd;C:\Program Files\Microsoft SQL Server\Client SDK\ODBC\130\Tools\Binn\;C:\Program Files (x86)\Microsoft SQL Server\130\Tools\Binn\;C:\Program Files\Microsoft SQL Server\130\Tools\Binn\;C:\Program Files\Microsoft SQL Server\130\DTS\Binn\;C:\Users\oc_vh\AppData\Local\Microsoft\WindowsApps;C:\Users\oc_vh\AppData\Local\Programs\Microsoft VS Code\bin;C:\Program Files\JetBrains\IntelliJ IDEA 2026.1.2\bin
USERNAME=oc_vh
OS=Windows_NT
PROCESSOR_IDENTIFIER=Intel64 Family 6 Model 186 Stepping 2, GenuineIntel
TMP=C:\Users\oc_vh\AppData\Local\Temp
TEMP=C:\Users\oc_vh\AppData\Local\Temp




Periodic native trim disabled

---------------  S Y S T E M  ---------------

OS:
 Windows 11 , 64 bit Build 26100 (10.0.26100.8328)
OS uptime: 10 days 12:45 hours
Hyper-V role detected

CPU: total 12 (initial active 12) (6 cores per cpu, 2 threads per core) family 6 model 186 stepping 2 microcode 0x6134, cx8, cmov, fxsr, ht, mmx, 3dnowpref, sse, sse2, sse3, ssse3, sse4.1, sse4.2, popcnt, lzcnt, tsc, tscinvbit, avx, avx2, aes, erms, clmul, bmi1, bmi2, adx, sha, fma, vzeroupper, clflush, clflushopt, clwb, hv, serialize, rdtscp, rdpid, fsrm, f16c, cet_ibt, cet_ss
Processor Information for processor 0
  Max Mhz: 2100, Current Mhz: 2100, Mhz Limit: 2100
Processor Information for processor 1
  Max Mhz: 2100, Current Mhz: 2100, Mhz Limit: 2100
Processor Information for processor 2
  Max Mhz: 2100, Current Mhz: 2100, Mhz Limit: 2100
Processor Information for processor 3
  Max Mhz: 2100, Current Mhz: 2100, Mhz Limit: 2100
Processor Information for processor 4
  Max Mhz: 2100, Current Mhz: 2100, Mhz Limit: 2100
Processor Information for processor 5
  Max Mhz: 2100, Current Mhz: 2100, Mhz Limit: 2100
Processor Information for processor 6
  Max Mhz: 2100, Current Mhz: 2100, Mhz Limit: 2100
Processor Information for processor 7
  Max Mhz: 2100, Current Mhz: 2100, Mhz Limit: 2100
Processor Information for processor 8
  Max Mhz: 2100, Current Mhz: 2100, Mhz Limit: 2100
Processor Information for processor 9
  Max Mhz: 2100, Current Mhz: 1540, Mhz Limit: 2100
Processor Information for processor 10
  Max Mhz: 2100, Current Mhz: 1540, Mhz Limit: 2100
Processor Information for processor 11
  Max Mhz: 2100, Current Mhz: 1540, Mhz Limit: 2100

Memory: 4k page, system-wide physical 16013M (2776M free)
TotalPageFile size 29083M (AvailPageFile size 4391M)
current process WorkingSet (physical memory assigned to process): 354M, peak: 439M
current process commit charge ("private bytes"): 364M, peak: 470M

vm_info: Java HotSpot(TM) 64-Bit Server VM (21.0.11+9-LTS-211) for windows-amd64 JRE (21.0.11+9-LTS-211), built on 2026-03-11T00:23:15Z by "mach5run" with MS VC++ 17.13 (VS2022)

END.
