#
# A fatal error has been detected by the Java Runtime Environment:
#
#  EXCEPTION_ACCESS_VIOLATION (0xc0000005) at pc=0x00007ffed16264f7, pid=6420, tid=15384
#
# JRE version: Java(TM) SE Runtime Environment (21.0.11+9) (build 21.0.11+9-LTS-211)
# Java VM: Java HotSpot(TM) 64-Bit Server VM (21.0.11+9-LTS-211, mixed mode, sharing, tiered, compressed oops, compressed class ptrs, g1 gc, windows-amd64)
# Problematic frame:
# C  [glass.dll+0x264f7]
#
# No core dump will be written. Minidumps are not enabled by default on client versions of Windows
#
# If you would like to submit a bug report, please visit:
#   https://bugreport.java.com/bugreport/crash.jsp
#

---------------  S U M M A R Y ------------

Command Line: -javaagent:C:\Program Files\JetBrains\IntelliJ IDEA 2026.1.2\lib\idea_rt.jar=57764 -Dfile.encoding=UTF-8 -Dsun.stdout.encoding=UTF-8 -Dsun.stderr.encoding=UTF-8 com.asm.App

Host: 13th Gen Intel(R) Core(TM) i5-13420H, 12 cores, 15G,  Windows 11 , 64 bit Build 26100 (10.0.26100.8328)
Time: Fri Jun  5 01:03:28 2026 Hora estándar central (México) elapsed time: 758.883289 seconds (0d 0h 12m 38s)

---------------  T H R E A D  ---------------

Current thread (0x000001df5a0a0110):  VMThread "VM Thread"          [id=15384, stack(0x000000a3fe100000,0x000000a3fe200000) (1024K)]

Stack: [0x000000a3fe100000,0x000000a3fe200000],  sp=0x000000a3fe1ff150,  free space=1020k
Native frames: (J=compiled Java code, j=interpreted, Vv=VM code, C=native code)
C  [glass.dll+0x264f7]


siginfo: EXCEPTION_ACCESS_VIOLATION (0xc0000005), reading address 0x0000000000000000


Registers:
RAX=0x0000000000000000, RBX=0x000001dfb4ee8452, RCX=0x000001df5a0a0110, RDX=0x000000a3fe1ff150
RSP=0x000000a3fe1ff150, RBP=0x0000a7afef99649b, RSI=0x000001dfa0f18998, RDI=0x000001dfa0f18970
R8 =0x0000000000010002, R9 =0x0000a7afef99649b, R10=0x000001df387e0000, R11=0x0000000000000050
R12=0x000000007ffe0385, R13=0x0000000000000001, R14=0x000000a3fe1ff258, R15=0x000001dfa0f18970
RIP=0x00007ffed16264f7, EFLAGS=0x0000000000010206


Register to memory mapping:

RAX=0x0 is null
RBX=0x000001dfb4ee8452 is a global jni handle
RCX=0x000001df5a0a0110 points into unknown readable memory: 0x00007ffe838931f8 | f8 31 89 83 fe 7f 00 00
RDX=0x000000a3fe1ff150 points into unknown readable memory: 0x0000000000000000 | 00 00 00 00 00 00 00 00
RSP=0x000000a3fe1ff150 points into unknown readable memory: 0x0000000000000000 | 00 00 00 00 00 00 00 00
RBP=0x0000a7afef99649b is an unknown value
RSI=0x000001dfa0f18998 points into unknown readable memory: 0x0000a7afef99649b | 9b 64 99 ef af a7 00 00
RDI=0x000001dfa0f18970 points into unknown readable memory: 0xf68bb6652f996764 | 64 67 99 2f 65 b6 8b f6
R8 =0x0000000000010002 is an unknown value
R9 =0x0000a7afef99649b is an unknown value
R10=0x000001df387e0000 points into unknown readable memory: 0x0000000000000000 | 00 00 00 00 00 00 00 00
R11=0x0000000000000050 is an unknown value
R12=0x000000007ffe0385 points into unknown readable memory: 00 00 00
R13=0x0000000000000001 is an unknown value
R14=0x000000a3fe1ff258 points into unknown readable memory: 0x000000a3fe1ff240 | 40 f2 1f fe a3 00 00 00
R15=0x000001dfa0f18970 points into unknown readable memory: 0xf68bb6652f996764 | 64 67 99 2f 65 b6 8b f6

Top of Stack: (sp=0x000000a3fe1ff150)
0x000000a3fe1ff150:   0000000000000000 000001df00000000
0x000000a3fe1ff160:   000001dfa0d40de0 000000007ffe0385
0x000000a3fe1ff170:   000001dfa0f18978 00007fff214ebc75
0x000000a3fe1ff180:   000001dfa0f18970 000001df00000000
0x000000a3fe1ff190:   000001dfa0f18990 0000a7afef99649b
0x000000a3fe1ff1a0:   fffffffffffffffe 00007ffee9450000
0x000000a3fe1ff1b0:   00007ffed1600000 00007ffed1600000
0x000000a3fe1ff1c0:   000000a3fe1ff248 00007fff214eb897
0x000000a3fe1ff1d0:   000000a3fe1ff200 000000a3fe1ff258
0x000000a3fe1ff1e0:   000000a3fe1ff7a0 00007fff215d88c0
0x000000a3fe1ff1f0:   0000000000000001 00007fff214eb84d
0x000000a3fe1ff200:   0000000000000000 0000000000000001
0x000000a3fe1ff210:   00007fff1b53ed80 000000a3fe1ff248
0x000000a3fe1ff220:   fffffffffffffffe 000000a3fe1ff210
0x000000a3fe1ff230:   0000000000000000 00007ffed1623ccd
0x000000a3fe1ff240:   00007ffed163a008 0000000000000002
0x000000a3fe1ff250:   00007fff00000002 000000a3fe1ff240
0x000000a3fe1ff260:   0000000000000000 00007fff21760000
0x000000a3fe1ff270:   0000000000000000 00007ffed1623df2
0x000000a3fe1ff280:   0000000000000001 000000a3fe1ff7a0
0x000000a3fe1ff290:   0000000000000001 0000000000000000
0x000000a3fe1ff2a0:   0000000000000001 00007fff1f6e0000
0x000000a3fe1ff2b0:   00007fff00000001 000000a3fe1ff7a0
0x000000a3fe1ff2c0:   0000000000000000 00007ffed1623e40
0x000000a3fe1ff2d0:   0000000000000001 00007fff23cbf98a
0x000000a3fe1ff2e0:   00007ffed1600000 0000000000000000
0x000000a3fe1ff2f0:   0000000000000001 000000007ffe0384
0x000000a3fe1ff300:   0000000000000000 00007fff23b72d23
0x000000a3fe1ff310:   0000000000000000 000001df38860700
0x000000a3fe1ff320:   000000000000008d 0000000000000000
0x000000a3fe1ff330:   0000000000000000 0000000000000000
0x000000a3fe1ff340:   0000000000000000 ffff08f700000000 

Instructions: (pc=0x00007ffed16264f7)
0x00007ffed16263f7:   8b 4d 58 e8 8d cf ff ff 48 8b 4d 60 e8 84 cf ff
0x00007ffed1626407:   ff 48 8b 95 80 00 00 00 48 8b 8d 18 01 00 00 e8
0x00007ffed1626417:   76 c4 ff ff 33 d2 33 c9 e8 cc e1 ff ff 90 48 89
0x00007ffed1626427:   54 24 10 55 48 83 ec 20 48 8b ea 48 b8 00 00 00
0x00007ffed1626437:   00 00 00 00 00 48 83 c4 20 5d c3 cc 40 55 48 8b
0x00007ffed1626447:   ea 48 8b 01 33 c9 81 38 05 00 00 c0 0f 94 c1 8b
0x00007ffed1626457:   c1 5d c3 cc 40 55 48 83 ec 20 48 8b ea 8a 4d 40
0x00007ffed1626467:   48 83 c4 20 5d e9 73 d3 ff ff cc 40 55 48 83 ec
0x00007ffed1626477:   20 48 8b ea 8a 4d 20 e8 61 d3 ff ff 90 48 83 c4
0x00007ffed1626487:   20 5d c3 cc 40 55 48 83 ec 20 48 8b ea 48 83 c4
0x00007ffed1626497:   20 5d e9 c2 d1 ff ff cc 40 55 48 83 ec 30 48 8b
0x00007ffed16264a7:   ea 48 8b 01 8b 10 48 89 4c 24 28 89 54 24 20 4c
0x00007ffed16264b7:   8d 0d 63 d6 ff ff 4c 8b 45 70 8b 55 68 48 8b 4d
0x00007ffed16264c7:   60 e8 03 d1 ff ff 90 48 83 c4 30 5d c3 cc cc cc
0x00007ffed16264d7:   cc cc cc cc cc cc cc cc cc 40 53 48 83 ec 20 48
0x00007ffed16264e7:   8b 1d 1b 35 01 00 48 85 db 74 16 e8 89 8f ff ff
0x00007ffed16264f7:   4c 8b 00 48 8b d3 48 8b c8 41 ff 90 b0 00 00 00
0x00007ffed1626507:   90 48 83 c4 20 5b c3 cc cc 40 53 48 83 ec 20 48
0x00007ffed1626517:   8b 1d 8b 36 01 00 48 85 db 74 57 b8 ff ff ff ff
0x00007ffed1626527:   f0 0f c1 43 10 83 f8 01 75 3d 48 85 db 74 38 48
0x00007ffed1626537:   8b 0b 48 85 c9 74 0d ff 15 64 0d 00 00 48 c7 03
0x00007ffed1626547:   00 00 00 00 48 8b 4b 08 48 85 c9 74 0d e8 33 ce
0x00007ffed1626557:   ff ff 48 c7 43 08 00 00 00 00 ba 18 00 00 00 48
0x00007ffed1626567:   8b cb e8 1e ce ff ff 48 c7 05 2f 36 01 00 00 00
0x00007ffed1626577:   00 00 48 83 c4 20 5b c3 cc 40 53 48 83 ec 20 48
0x00007ffed1626587:   8b 1d fb 35 01 00 48 85 db 74 57 b8 ff ff ff ff
0x00007ffed1626597:   f0 0f c1 43 10 83 f8 01 75 3d 48 85 db 74 38 48
0x00007ffed16265a7:   8b 0b 48 85 c9 74 0d ff 15 f4 0c 00 00 48 c7 03
0x00007ffed16265b7:   00 00 00 00 48 8b 4b 08 48 85 c9 74 0d e8 c3 cd
0x00007ffed16265c7:   ff ff 48 c7 43 08 00 00 00 00 ba 18 00 00 00 48
0x00007ffed16265d7:   8b cb e8 ae cd ff ff 48 c7 05 9f 35 01 00 00 00
0x00007ffed16265e7:   00 00 48 83 c4 20 5b c3 cc 40 53 48 83 ec 20 48 


Stack slot to memory mapping:

stack at sp + 0 slots: 0x0 is null
stack at sp + 1 slots: 0x000001df00000000 is an unknown value
stack at sp + 2 slots: 0x000001dfa0d40de0 points into unknown readable memory: 0x000001dfa0d41800 | 00 18 d4 a0 df 01 00 00
stack at sp + 3 slots: 0x000000007ffe0385 points into unknown readable memory: 00 00 00
stack at sp + 4 slots: 0x000001dfa0f18978 points into unknown readable memory: 0x0000a7afef99649b | 9b 64 99 ef af a7 00 00
stack at sp + 5 slots: 0x00007fff214ebc75 ucrtbase.dll
stack at sp + 6 slots: 0x000001dfa0f18970 points into unknown readable memory: 0xf68bb6652f996764 | 64 67 99 2f 65 b6 8b f6
stack at sp + 7 slots: 0x000001df00000000 is an unknown value

VM_Operation (0x000000a3814ff050): Exit, mode: safepoint, requested by thread 0x000001dfa964efb0


---------------  P R O C E S S  ---------------

Threads class SMR info:
_java_thread_list=0x000001dfa7ff8b10, length=75, elements={
0x000001df3ac0e460, 0x000001df5a0be680, 0x000001df5a0bf0e0, 0x000001df5a0c6cd0,
0x000001df5a0cbc80, 0x000001df5a0d5c30, 0x000001df5a0f9dc0, 0x000001df5a0fc9f0,
0x000001df5a0fd490, 0x000001df5a4e7040, 0x000001df5a4c9630, 0x000001df5a4c9ca0,
0x000001df5a625d20, 0x000001dfa07f7b20, 0x000001dfa05296a0, 0x000001dfa0be0050,
0x000001dfa08631f0, 0x000001dfa0fdf210, 0x000001dfa0fdff30, 0x000001dfa0fdcab0,
0x000001dfa0fdf8a0, 0x000001dfa0fdd7d0, 0x000001dfa0fdd140, 0x000001dfa8f07bf0,
0x000001dfa8f07560, 0x000001dfa8f06840, 0x000001dfa8f04e00, 0x000001dfa8f08910,
0x000001dfa8f08fa0, 0x000001dfa8f09cc0, 0x000001dfa8f06ed0, 0x000001dfa8f0b070,
0x000001dfa8f0a9e0, 0x000001dfaea4fa50, 0x000001dfaea4ed30, 0x000001dfaea4d2f0,
0x000001dfaea4d980, 0x000001dfaea50770, 0x000001dfaea51490, 0x000001dfaea4e010,
0x000001dfaea54280, 0x000001dfaea52840, 0x000001dfaea51b20, 0x000001dfae79b580,
0x000001dfae79dce0, 0x000001dfae79bc10, 0x000001dfae79c930, 0x000001dfae79aef0,
0x000001dfae79cfc0, 0x000001dfae79d650, 0x000001dfae7a17f0, 0x000001dfa8f0c420,
0x000001dfaea4e6a0, 0x000001dfaea521b0, 0x000001dfae79f090, 0x000001dfae7a1160,
0x000001dfae7a1e80, 0x000001dfae7a0440, 0x000001dfa8e542f0, 0x000001dfa8e52f40,
0x000001dfa8e507e0, 0x000001dfa8e51500, 0x000001dfa8e50e70, 0x000001dfa8e52220,
0x000001dfa8e4fac0, 0x000001dfa8e51b90, 0x000001dfa8f0b700, 0x000001dfa8f08280,
0x000001dfa8f05b20, 0x000001dfa8e528b0, 0x000001dfa8e4f430, 0x000001dfa8e535d0,
0x000001dfa964e290, 0x000001dfa964efb0, 0x000001dfa964f640
}

Java Threads: ( => current thread )
  0x000001df3ac0e460 JavaThread "main"                              [_thread_blocked, id=30752, stack(0x000000a3fda00000,0x000000a3fdb00000) (1024K)]
  0x000001df5a0be680 JavaThread "Reference Handler"          daemon [_thread_blocked, id=35992, stack(0x000000a3fe200000,0x000000a3fe300000) (1024K)]
  0x000001df5a0bf0e0 JavaThread "Finalizer"                  daemon [_thread_blocked, id=40136, stack(0x000000a3fe300000,0x000000a3fe400000) (1024K)]
  0x000001df5a0c6cd0 JavaThread "Signal Dispatcher"          daemon [_thread_blocked, id=17136, stack(0x000000a3fe400000,0x000000a3fe500000) (1024K)]
  0x000001df5a0cbc80 JavaThread "Attach Listener"            daemon [_thread_blocked, id=13484, stack(0x000000a3fe500000,0x000000a3fe600000) (1024K)]
  0x000001df5a0d5c30 JavaThread "Service Thread"             daemon [_thread_blocked, id=14004, stack(0x000000a3fe600000,0x000000a3fe700000) (1024K)]
  0x000001df5a0f9dc0 JavaThread "Monitor Deflation Thread"   daemon [_thread_blocked, id=11092, stack(0x000000a3fe700000,0x000000a3fe800000) (1024K)]
  0x000001df5a0fc9f0 JavaThread "C2 CompilerThread0"         daemon [_thread_blocked, id=2968, stack(0x000000a3fe800000,0x000000a3fe900000) (1024K)]
  0x000001df5a0fd490 JavaThread "C1 CompilerThread0"         daemon [_thread_blocked, id=1448, stack(0x000000a3fe900000,0x000000a3fea00000) (1024K)]
  0x000001df5a4e7040 JavaThread "Common-Cleaner"             daemon [_thread_blocked, id=39884, stack(0x000000a3fea00000,0x000000a3feb00000) (1024K)]
  0x000001df5a4c9630 JavaThread "Monitor Ctrl-Break"         daemon [_thread_in_native, id=30868, stack(0x000000a3fec00000,0x000000a3fed00000) (1024K)]
  0x000001df5a4c9ca0 JavaThread "Notification Thread"        daemon [_thread_blocked, id=38572, stack(0x000000a3fed00000,0x000000a3fee00000) (1024K)]
  0x000001df5a625d20 JavaThread "JavaFX-Launcher"                   [_thread_blocked, id=30920, stack(0x000000a3fee00000,0x000000a3fef00000) (1024K)]
  0x000001dfa07f7b20 JavaThread "RMI TCP Accept-0"           daemon [_thread_in_native, id=39580, stack(0x000000a3ff000000,0x000000a3ff100000) (1024K)]
  0x000001dfa05296a0 JavaThread "RMI TCP Connection(1)-192.168.100.46" daemon [_thread_in_native, id=39608, stack(0x000000a3ff100000,0x000000a3ff200000) (1024K)]
  0x000001dfa0be0050 JavaThread "RMI Scheduler(0)"           daemon [_thread_blocked, id=18260, stack(0x000000a3ff200000,0x000000a3ff300000) (1024K)]
  0x000001dfa08631f0 JavaThread "JMX server connection timeout 27" daemon [_thread_blocked, id=39508, stack(0x000000a3ff300000,0x000000a3ff400000) (1024K)]
  0x000001dfa0fdf210 JavaThread "InvokeLaterDispatcher"      daemon [_thread_blocked, id=3288, stack(0x000000a3feb00000,0x000000a3fec00000) (1024K)]
  0x000001dfa0fdff30 JavaThread "JavaFX Application Thread"         [_thread_in_native, id=7700, stack(0x000000a3fef00000,0x000000a3ff000000) (1024K)]
  0x000001dfa0fdcab0 JavaThread "Thread-2"                   daemon [_thread_in_native, id=12824, stack(0x000000a380d00000,0x000000a380e00000) (1024K)]
  0x000001dfa0fdf8a0 JavaThread "mysql-cj-abandoned-connection-cleanup" daemon [_thread_blocked, id=21168, stack(0x000000a381200000,0x000000a381300000) (1024K)]
  0x000001dfa0fdd7d0 JavaThread "Hibernate Connection Pool Validation Thread" daemon [_thread_blocked, id=1620, stack(0x000000a381300000,0x000000a381400000) (1024K)]
  0x000001dfa0fdd140 JavaThread "Prism Font Disposer"        daemon [_thread_blocked, id=21796, stack(0x000000a381600000,0x000000a381700000) (1024K)]
  0x000001dfa8f07bf0 JavaThread "Cleaner-0"                  daemon [_thread_blocked, id=23688, stack(0x000000a381900000,0x000000a381a00000) (1024K)]
  0x000001dfa8f07560 JavaThread "Hibernate Connection Pool Validation Thread" daemon [_thread_blocked, id=29444, stack(0x000000a381a00000,0x000000a381b00000) (1024K)]
  0x000001dfa8f06840 JavaThread "Hibernate Connection Pool Validation Thread" daemon [_thread_blocked, id=37288, stack(0x000000a381700000,0x000000a381800000) (1024K)]
  0x000001dfa8f04e00 JavaThread "Hibernate Connection Pool Validation Thread" daemon [_thread_blocked, id=33464, stack(0x000000a381c00000,0x000000a381d00000) (1024K)]
  0x000001dfa8f08910 JavaThread "Hibernate Connection Pool Validation Thread" daemon [_thread_blocked, id=27600, stack(0x000000a381b00000,0x000000a381c00000) (1024K)]
  0x000001dfa8f08fa0 JavaThread "Hibernate Connection Pool Validation Thread" daemon [_thread_blocked, id=3504, stack(0x000000a381500000,0x000000a381600000) (1024K)]
  0x000001dfa8f09cc0 JavaThread "Hibernate Connection Pool Validation Thread" daemon [_thread_blocked, id=39976, stack(0x000000a381e00000,0x000000a381f00000) (1024K)]
  0x000001dfa8f06ed0 JavaThread "PrinterListener"            daemon [_thread_in_native, id=40032, stack(0x000000a382000000,0x000000a382100000) (1024K)]
  0x000001dfa8f0b070 JavaThread "RemotePrinterListener"      daemon [_thread_in_native, id=3172, stack(0x000000a382100000,0x000000a382200000) (1024K)]
  0x000001dfa8f0a9e0 JavaThread "Java2D Disposer"            daemon [_thread_blocked, id=14660, stack(0x000000a382200000,0x000000a382300000) (1024K)]
  0x000001dfaea4fa50 JavaThread "Hibernate Connection Pool Validation Thread" daemon [_thread_blocked, id=34068, stack(0x000000a381d00000,0x000000a381e00000) (1024K)]
  0x000001dfaea4ed30 JavaThread "Hibernate Connection Pool Validation Thread" daemon [_thread_blocked, id=30792, stack(0x000000a382650000,0x000000a382750000) (1024K)]
  0x000001dfaea4d2f0 JavaThread "Hibernate Connection Pool Validation Thread" daemon [_thread_blocked, id=37640, stack(0x000000a383050000,0x000000a383150000) (1024K)]
  0x000001dfaea4d980 JavaThread "Hibernate Connection Pool Validation Thread" daemon [_thread_blocked, id=33116, stack(0x000000a383350000,0x000000a383450000) (1024K)]
  0x000001dfaea50770 JavaThread "Hibernate Connection Pool Validation Thread" daemon [_thread_blocked, id=39732, stack(0x000000a382a50000,0x000000a382b50000) (1024K)]
  0x000001dfaea51490 JavaThread "Hibernate Connection Pool Validation Thread" daemon [_thread_blocked, id=38660, stack(0x000000a383150000,0x000000a383250000) (1024K)]
  0x000001dfaea4e010 JavaThread "Hibernate Connection Pool Validation Thread" daemon [_thread_blocked, id=20076, stack(0x000000a383450000,0x000000a383550000) (1024K)]
  0x000001dfaea54280 JavaThread "Hibernate Connection Pool Validation Thread" daemon [_thread_blocked, id=18448, stack(0x000000a383650000,0x000000a383750000) (1024K)]
  0x000001dfaea52840 JavaThread "Hibernate Connection Pool Validation Thread" daemon [_thread_blocked, id=24736, stack(0x000000a382750000,0x000000a382850000) (1024K)]
  0x000001dfaea51b20 JavaThread "Hibernate Connection Pool Validation Thread" daemon [_thread_blocked, id=20952, stack(0x000000a382950000,0x000000a382a50000) (1024K)]
  0x000001dfae79b580 JavaThread "Hibernate Connection Pool Validation Thread" daemon [_thread_blocked, id=26948, stack(0x000000a382b50000,0x000000a382c50000) (1024K)]
  0x000001dfae79dce0 JavaThread "Hibernate Connection Pool Validation Thread" daemon [_thread_blocked, id=33644, stack(0x000000a382d50000,0x000000a382e50000) (1024K)]
  0x000001dfae79bc10 JavaThread "Hibernate Connection Pool Validation Thread" daemon [_thread_blocked, id=2188, stack(0x000000a382e50000,0x000000a382f50000) (1024K)]
  0x000001dfae79c930 JavaThread "Hibernate Connection Pool Validation Thread" daemon [_thread_blocked, id=38256, stack(0x000000a382f50000,0x000000a383050000) (1024K)]
  0x000001dfae79aef0 JavaThread "Hibernate Connection Pool Validation Thread" daemon [_thread_blocked, id=36480, stack(0x000000a383550000,0x000000a383650000) (1024K)]
  0x000001dfae79cfc0 JavaThread "Hibernate Connection Pool Validation Thread" daemon [_thread_blocked, id=21520, stack(0x000000a383750000,0x000000a383850000) (1024K)]
  0x000001dfae79d650 JavaThread "Hibernate Connection Pool Validation Thread" daemon [_thread_blocked, id=40240, stack(0x000000a383950000,0x000000a383a50000) (1024K)]
  0x000001dfae7a17f0 JavaThread "Hibernate Connection Pool Validation Thread" daemon [_thread_blocked, id=24208, stack(0x000000a383850000,0x000000a383950000) (1024K)]
  0x000001dfa8f0c420 JavaThread "Hibernate Connection Pool Validation Thread" daemon [_thread_blocked, id=4316, stack(0x000000a380f00000,0x000000a381000000) (1024K)]
  0x000001dfaea4e6a0 JavaThread "Hibernate Connection Pool Validation Thread" daemon [_thread_blocked, id=29292, stack(0x000000a383a50000,0x000000a383b50000) (1024K)]
  0x000001dfaea521b0 JavaThread "Hibernate Connection Pool Validation Thread" daemon [_thread_blocked, id=33688, stack(0x000000a383b50000,0x000000a383c50000) (1024K)]
  0x000001dfae79f090 JavaThread "Hibernate Connection Pool Validation Thread" daemon [_thread_blocked, id=28616, stack(0x000000a383d50000,0x000000a383e50000) (1024K)]
  0x000001dfae7a1160 JavaThread "Hibernate Connection Pool Validation Thread" daemon [_thread_blocked, id=7788, stack(0x000000a383c50000,0x000000a383d50000) (1024K)]
  0x000001dfae7a1e80 JavaThread "Hibernate Connection Pool Validation Thread" daemon [_thread_blocked, id=30000, stack(0x000000a383e50000,0x000000a383f50000) (1024K)]
  0x000001dfae7a0440 JavaThread "Hibernate Connection Pool Validation Thread" daemon [_thread_blocked, id=10224, stack(0x000000a382c50000,0x000000a382d50000) (1024K)]
  0x000001dfa8e542f0 JavaThread "Hibernate Connection Pool Validation Thread" daemon [_thread_blocked, id=8904, stack(0x000000a384050000,0x000000a384150000) (1024K)]
  0x000001dfa8e52f40 JavaThread "Hibernate Connection Pool Validation Thread" daemon [_thread_blocked, id=29380, stack(0x000000a383f50000,0x000000a384050000) (1024K)]
  0x000001dfa8e507e0 JavaThread "Hibernate Connection Pool Validation Thread" daemon [_thread_blocked, id=32728, stack(0x000000a384250000,0x000000a384350000) (1024K)]
  0x000001dfa8e51500 JavaThread "Hibernate Connection Pool Validation Thread" daemon [_thread_blocked, id=39620, stack(0x000000a384150000,0x000000a384250000) (1024K)]
  0x000001dfa8e50e70 JavaThread "Hibernate Connection Pool Validation Thread" daemon [_thread_blocked, id=37424, stack(0x000000a384350000,0x000000a384450000) (1024K)]
  0x000001dfa8e52220 JavaThread "Hibernate Connection Pool Validation Thread" daemon [_thread_blocked, id=39544, stack(0x000000a384450000,0x000000a384550000) (1024K)]
  0x000001dfa8e4fac0 JavaThread "Hibernate Connection Pool Validation Thread" daemon [_thread_blocked, id=22884, stack(0x000000a384650000,0x000000a384750000) (1024K)]
  0x000001dfa8e51b90 JavaThread "Hibernate Connection Pool Validation Thread" daemon [_thread_blocked, id=25464, stack(0x000000a384550000,0x000000a384650000) (1024K)]
  0x000001dfa8f0b700 JavaThread "Hibernate Connection Pool Validation Thread" daemon [_thread_blocked, id=18724, stack(0x000000a384750000,0x000000a384850000) (1024K)]
  0x000001dfa8f08280 JavaThread "Hibernate Connection Pool Validation Thread" daemon [_thread_blocked, id=38528, stack(0x000000a384850000,0x000000a384950000) (1024K)]
  0x000001dfa8f05b20 JavaThread "Hibernate Connection Pool Validation Thread" daemon [_thread_blocked, id=40276, stack(0x000000a384a50000,0x000000a384b50000) (1024K)]
  0x000001dfa8e528b0 JavaThread "Hibernate Connection Pool Validation Thread" daemon [_thread_blocked, id=36968, stack(0x000000a384950000,0x000000a384a50000) (1024K)]
  0x000001dfa8e4f430 JavaThread "Hibernate Connection Pool Validation Thread" daemon [_thread_blocked, id=24964, stack(0x000000a384b50000,0x000000a384c50000) (1024K)]
  0x000001dfa8e535d0 JavaThread "Hibernate Connection Pool Validation Thread" daemon [_thread_blocked, id=33516, stack(0x000000a384c50000,0x000000a384d50000) (1024K)]
  0x000001dfa964e290 JavaThread "Hibernate Connection Pool Validation Thread" daemon [_thread_blocked, id=14560, stack(0x000000a385050000,0x000000a385150000) (1024K)]
  0x000001dfa964efb0 JavaThread "SIGINT handler"             daemon [_thread_blocked, id=35116, stack(0x000000a381400000,0x000000a381500000) (1024K)]
  0x000001dfa964f640 JavaThread "AWT-Shutdown"                      [_thread_blocked, id=27684, stack(0x000000a384d50000,0x000000a384e50000) (1024K)]
Total: 75

Other Threads:
=>0x000001df5a0a0110 VMThread "VM Thread"                           [id=15384, stack(0x000000a3fe100000,0x000000a3fe200000) (1024K)]
  0x000001df3ac74490 WorkerThread "GC Thread#0"                     [id=4324, stack(0x000000a3fdb00000,0x000000a3fdc00000) (1024K)]
  0x000001dfa0a827f0 WorkerThread "GC Thread#1"                     [id=31080, stack(0x000000a3ff400000,0x000000a3ff500000) (1024K)]
  0x000001dfa0a82ba0 WorkerThread "GC Thread#2"                     [id=18844, stack(0x000000a3ff500000,0x000000a3ff600000) (1024K)]
  0x000001dfa02ed650 WorkerThread "GC Thread#3"                     [id=39592, stack(0x000000a3ff600000,0x000000a3ff700000) (1024K)]
  0x000001dfa02eda00 WorkerThread "GC Thread#4"                     [id=26576, stack(0x000000a3ff700000,0x000000a3ff800000) (1024K)]
  0x000001dfa02ee5c0 WorkerThread "GC Thread#5"                     [id=31780, stack(0x000000a3ff800000,0x000000a3ff900000) (1024K)]
  0x000001dfa0b0a120 WorkerThread "GC Thread#6"                     [id=1008, stack(0x000000a3ff900000,0x000000a3ffa00000) (1024K)]
  0x000001dfa0a52000 WorkerThread "GC Thread#7"                     [id=39120, stack(0x000000a3ffa00000,0x000000a3ffb00000) (1024K)]
  0x000001dfa0a523b0 WorkerThread "GC Thread#8"                     [id=30104, stack(0x000000a3ffb00000,0x000000a3ffc00000) (1024K)]
  0x000001dfa0a52760 WorkerThread "GC Thread#9"                     [id=23132, stack(0x000000a3ffc00000,0x000000a3ffd00000) (1024K)]
  0x000001df3ac85c50 ConcurrentGCThread "G1 Main Marker"            terminated
  0x000001df3ac86670 WorkerThread "G1 Conc#0"                       [id=36716, stack(0x000000a3fdd00000,0x000000a3fde00000) (1024K)]
  0x000001dfa0aba200 WorkerThread "G1 Conc#1"                       [id=10864, stack(0x000000a381000000,0x000000a381100000) (1024K)]
  0x000001dfa0abb0c0 WorkerThread "G1 Conc#2"                       [id=13432, stack(0x000000a381100000,0x000000a381200000) (1024K)]
  0x000001df59f5be00 ConcurrentGCThread "G1 Refine#0"               terminated
  0x000001df59f5d740 ConcurrentGCThread "G1 Service"                terminated
Total: 17

Threads with active compile tasks:
Total: 0

VM state: at safepoint (shutting down)

VM Mutex/Monitor currently owned by a thread:  ([mutex/lock_event])
[0x00007ffe83a5af50] Threads_lock - owner thread: 0x000001df5a0a0110
[0x00007ffe83a5b050] Heap_lock - owner thread: 0x000001dfa964efb0

Heap address: 0x0000000705c00000, size: 4004 MB, Compressed Oops mode: Zero based, Oop shift amount: 3

CDS archive(s) mapped at: [0x000001df5b000000-0x000001df5bc90000-0x000001df5bc90000), size 13172736, SharedBaseAddress: 0x000001df5b000000, ArchiveRelocationMode: 1.
Compressed class space mapped at: 0x000001df5c000000-0x000001df9c000000, reserved size: 1073741824
Narrow klass base: 0x000001df5b000000, Narrow klass shift: 0, Narrow klass range: 0x100000000

GC Precious Log:
 CardTable entry size: 512
 Card Set container configuration: InlinePtr #cards 4 size 8 Array Of Cards #cards 16 size 48 Howl #buckets 8 coarsen threshold 3686 Howl Bitmap #cards 512 size 80 coarsen threshold 460 Card regions per heap region 1 cards per card region 4096
 CPUs: 12 total, 12 available
 Memory: 16013M
 Large Page Support: Disabled
 NUMA Support: Disabled
 Compressed Oops: Enabled (Zero based)
 Heap Region Size: 2M
 Heap Min Capacity: 8M
 Heap Initial Capacity: 252M
 Heap Max Capacity: 4004M
 Pre-touch: Disabled
 Parallel Workers: 10
 Concurrent Workers: 3
 Concurrent Refinement Workers: 10
 Periodic GC: Disabled

Heap:
 garbage-first heap   total 184320K, used 136360K [0x0000000705c00000, 0x0000000800000000)
  region size 2048K, 23 young (47104K), 4 survivors (8192K)
 Metaspace       used 78852K, committed 79616K, reserved 1179648K
  class space    used 10117K, committed 10496K, reserved 1048576K

Heap Regions: E=young(eden), S=young(survivor), O=old, HS=humongous(starts), HC=humongous(continues), CS=collection set, F=free, TAMS=top-at-mark-start, PB=parsable bottom
|   0|0x0000000705c00000, 0x0000000705e00000, 0x0000000705e00000|100%| O|  |TAMS 0x0000000705c00000| PB 0x0000000705c00000| Untracked 
|   1|0x0000000705e00000, 0x0000000706000000, 0x0000000706000000|100%|HS|  |TAMS 0x0000000705e00000| PB 0x0000000705e00000| Complete 
|   2|0x0000000706000000, 0x00000007061ebfb0, 0x0000000706200000| 96%| O|  |TAMS 0x0000000706000000| PB 0x0000000706000000| Untracked 
|   3|0x0000000706200000, 0x0000000706400000, 0x0000000706400000|100%| O|  |TAMS 0x0000000706200000| PB 0x0000000706200000| Untracked 
|   4|0x0000000706400000, 0x0000000706600000, 0x0000000706600000|100%| O|  |TAMS 0x0000000706400000| PB 0x0000000706400000| Untracked 
|   5|0x0000000706600000, 0x0000000706800000, 0x0000000706800000|100%| O|  |TAMS 0x0000000706600000| PB 0x0000000706600000| Untracked 
|   6|0x0000000706800000, 0x0000000706a00000, 0x0000000706a00000|100%| O|  |TAMS 0x0000000706800000| PB 0x0000000706800000| Untracked 
|   7|0x0000000706a00000, 0x0000000706c00000, 0x0000000706c00000|100%| O|  |TAMS 0x0000000706a00000| PB 0x0000000706a00000| Untracked 
|   8|0x0000000706c00000, 0x0000000706e00000, 0x0000000706e00000|100%| O|  |TAMS 0x0000000706c00000| PB 0x0000000706c00000| Untracked 
|   9|0x0000000706e00000, 0x0000000707000000, 0x0000000707000000|100%| O|  |TAMS 0x0000000706e00000| PB 0x0000000706e00000| Untracked 
|  10|0x0000000707000000, 0x0000000707200000, 0x0000000707200000|100%|HS|  |TAMS 0x0000000707000000| PB 0x0000000707000000| Complete 
|  11|0x0000000707200000, 0x0000000707400000, 0x0000000707400000|100%| O|  |TAMS 0x0000000707200000| PB 0x0000000707200000| Untracked 
|  12|0x0000000707400000, 0x0000000707600000, 0x0000000707600000|100%| O|  |TAMS 0x0000000707400000| PB 0x0000000707400000| Untracked 
|  13|0x0000000707600000, 0x0000000707800000, 0x0000000707800000|100%| O|  |TAMS 0x0000000707600000| PB 0x0000000707600000| Untracked 
|  14|0x0000000707800000, 0x0000000707a00000, 0x0000000707a00000|100%| O|  |TAMS 0x0000000707800000| PB 0x0000000707800000| Untracked 
|  15|0x0000000707a00000, 0x0000000707c00000, 0x0000000707c00000|100%| O|  |TAMS 0x0000000707a00000| PB 0x0000000707a00000| Untracked 
|  16|0x0000000707c00000, 0x0000000707e00000, 0x0000000707e00000|100%| O|  |TAMS 0x0000000707c00000| PB 0x0000000707c00000| Untracked 
|  17|0x0000000707e00000, 0x0000000708000000, 0x0000000708000000|100%|HS|  |TAMS 0x0000000707e00000| PB 0x0000000707e00000| Complete 
|  18|0x0000000708000000, 0x0000000708200000, 0x0000000708200000|100%|HS|  |TAMS 0x0000000708000000| PB 0x0000000708000000| Complete 
|  19|0x0000000708200000, 0x0000000708400000, 0x0000000708400000|100%|HC|  |TAMS 0x0000000708200000| PB 0x0000000708200000| Complete 
|  20|0x0000000708400000, 0x0000000708600000, 0x0000000708600000|100%|HS|  |TAMS 0x0000000708400000| PB 0x0000000708400000| Complete 
|  21|0x0000000708600000, 0x0000000708696ab0, 0x0000000708800000| 29%| O|  |TAMS 0x0000000708600000| PB 0x0000000708600000| Untracked 
|  22|0x0000000708800000, 0x0000000708800000, 0x0000000708a00000|  0%| F|  |TAMS 0x0000000708800000| PB 0x0000000708800000| Untracked 
|  23|0x0000000708a00000, 0x0000000708c00000, 0x0000000708c00000|100%| O|  |TAMS 0x0000000708a00000| PB 0x0000000708a00000| Untracked 
|  24|0x0000000708c00000, 0x0000000708c00000, 0x0000000708e00000|  0%| F|  |TAMS 0x0000000708c00000| PB 0x0000000708c00000| Untracked 
|  25|0x0000000708e00000, 0x0000000709000000, 0x0000000709000000|100%| O|  |TAMS 0x0000000708e00000| PB 0x0000000708e00000| Untracked 
|  26|0x0000000709000000, 0x0000000709200000, 0x0000000709200000|100%| O|Cm|TAMS 0x0000000709000000| PB 0x0000000709000000| Complete 
|  27|0x0000000709200000, 0x0000000709200000, 0x0000000709400000|  0%| F|  |TAMS 0x0000000709200000| PB 0x0000000709200000| Untracked 
|  28|0x0000000709400000, 0x0000000709600000, 0x0000000709600000|100%| O|  |TAMS 0x0000000709400000| PB 0x0000000709400000| Untracked 
|  29|0x0000000709600000, 0x0000000709800000, 0x0000000709800000|100%| O|  |TAMS 0x0000000709600000| PB 0x0000000709600000| Untracked 
|  30|0x0000000709800000, 0x0000000709a00000, 0x0000000709a00000|100%| O|Cm|TAMS 0x0000000709800000| PB 0x0000000709800000| Complete 
|  31|0x0000000709a00000, 0x0000000709c00000, 0x0000000709c00000|100%| O|Cm|TAMS 0x0000000709a00000| PB 0x0000000709a00000| Complete 
|  32|0x0000000709c00000, 0x0000000709e00000, 0x0000000709e00000|100%| O|Cm|TAMS 0x0000000709c00000| PB 0x0000000709c00000| Complete 
|  33|0x0000000709e00000, 0x000000070a000000, 0x000000070a000000|100%| O|  |TAMS 0x0000000709e00000| PB 0x0000000709e00000| Untracked 
|  34|0x000000070a000000, 0x000000070a0a77e0, 0x000000070a200000| 32%| S|CS|TAMS 0x000000070a000000| PB 0x000000070a000000| Complete 
|  35|0x000000070a200000, 0x000000070a400000, 0x000000070a400000|100%| O|  |TAMS 0x000000070a200000| PB 0x000000070a200000| Untracked 
|  36|0x000000070a400000, 0x000000070a600000, 0x000000070a600000|100%| O|  |TAMS 0x000000070a400000| PB 0x000000070a400000| Untracked 
|  37|0x000000070a600000, 0x000000070a800000, 0x000000070a800000|100%| O|Cm|TAMS 0x000000070a600000| PB 0x000000070a600000| Complete 
|  38|0x000000070a800000, 0x000000070aa00000, 0x000000070aa00000|100%|HS|  |TAMS 0x000000070a800000| PB 0x000000070a800000| Complete 
|  39|0x000000070aa00000, 0x000000070ac00000, 0x000000070ac00000|100%| O|Cm|TAMS 0x000000070aa00000| PB 0x000000070aa00000| Complete 
|  40|0x000000070ac00000, 0x000000070ae00000, 0x000000070ae00000|100%| O|Cm|TAMS 0x000000070ac00000| PB 0x000000070ac00000| Complete 
|  41|0x000000070ae00000, 0x000000070b000000, 0x000000070b000000|100%| O|  |TAMS 0x000000070ae00000| PB 0x000000070ae00000| Untracked 
|  42|0x000000070b000000, 0x000000070b200000, 0x000000070b200000|100%| S|CS|TAMS 0x000000070b000000| PB 0x000000070b000000| Complete 
|  43|0x000000070b200000, 0x000000070b400000, 0x000000070b400000|100%| O|  |TAMS 0x000000070b200000| PB 0x000000070b200000| Untracked 
|  44|0x000000070b400000, 0x000000070b600000, 0x000000070b600000|100%| O|  |TAMS 0x000000070b400000| PB 0x000000070b400000| Untracked 
|  45|0x000000070b600000, 0x000000070b800000, 0x000000070b800000|100%| O|  |TAMS 0x000000070b600000| PB 0x000000070b600000| Untracked 
|  46|0x000000070b800000, 0x000000070ba00000, 0x000000070ba00000|100%| O|  |TAMS 0x000000070b800000| PB 0x000000070b800000| Untracked 
|  47|0x000000070ba00000, 0x000000070bc00000, 0x000000070bc00000|100%| O|  |TAMS 0x000000070ba00000| PB 0x000000070ba00000| Untracked 
|  48|0x000000070bc00000, 0x000000070be00000, 0x000000070be00000|100%| O|  |TAMS 0x000000070bc00000| PB 0x000000070bc00000| Untracked 
|  49|0x000000070be00000, 0x000000070c000000, 0x000000070c000000|100%| O|  |TAMS 0x000000070be00000| PB 0x000000070be00000| Untracked 
|  50|0x000000070c000000, 0x000000070c200000, 0x000000070c200000|100%| S|CS|TAMS 0x000000070c000000| PB 0x000000070c000000| Complete 
|  51|0x000000070c200000, 0x000000070c400000, 0x000000070c400000|100%| S|CS|TAMS 0x000000070c200000| PB 0x000000070c200000| Complete 
|  52|0x000000070c400000, 0x000000070c400000, 0x000000070c600000|  0%| F|  |TAMS 0x000000070c400000| PB 0x000000070c400000| Untracked 
|  53|0x000000070c600000, 0x000000070c600000, 0x000000070c800000|  0%| F|  |TAMS 0x000000070c600000| PB 0x000000070c600000| Untracked 
|  54|0x000000070c800000, 0x000000070c800000, 0x000000070ca00000|  0%| F|  |TAMS 0x000000070c800000| PB 0x000000070c800000| Untracked 
|  55|0x000000070ca00000, 0x000000070ca00000, 0x000000070cc00000|  0%| F|  |TAMS 0x000000070ca00000| PB 0x000000070ca00000| Untracked 
|  56|0x000000070cc00000, 0x000000070cc00000, 0x000000070ce00000|  0%| F|  |TAMS 0x000000070cc00000| PB 0x000000070cc00000| Untracked 
|  57|0x000000070ce00000, 0x000000070ce00000, 0x000000070d000000|  0%| F|  |TAMS 0x000000070ce00000| PB 0x000000070ce00000| Untracked 
|  58|0x000000070d000000, 0x000000070d000000, 0x000000070d200000|  0%| F|  |TAMS 0x000000070d000000| PB 0x000000070d000000| Untracked 
|  59|0x000000070d200000, 0x000000070d200000, 0x000000070d400000|  0%| F|  |TAMS 0x000000070d200000| PB 0x000000070d200000| Untracked 
|  60|0x000000070d400000, 0x000000070d400000, 0x000000070d600000|  0%| F|  |TAMS 0x000000070d400000| PB 0x000000070d400000| Untracked 
|  61|0x000000070d600000, 0x000000070d600000, 0x000000070d800000|  0%| F|  |TAMS 0x000000070d600000| PB 0x000000070d600000| Untracked 
|  62|0x000000070d800000, 0x000000070d800000, 0x000000070da00000|  0%| F|  |TAMS 0x000000070d800000| PB 0x000000070d800000| Untracked 
|  63|0x000000070da00000, 0x000000070da00000, 0x000000070dc00000|  0%| F|  |TAMS 0x000000070da00000| PB 0x000000070da00000| Untracked 
|  64|0x000000070dc00000, 0x000000070dc00000, 0x000000070de00000|  0%| F|  |TAMS 0x000000070dc00000| PB 0x000000070dc00000| Untracked 
|  65|0x000000070de00000, 0x000000070de00000, 0x000000070e000000|  0%| F|  |TAMS 0x000000070de00000| PB 0x000000070de00000| Untracked 
|  66|0x000000070e000000, 0x000000070e000000, 0x000000070e200000|  0%| F|  |TAMS 0x000000070e000000| PB 0x000000070e000000| Untracked 
|  67|0x000000070e200000, 0x000000070e200000, 0x000000070e400000|  0%| F|  |TAMS 0x000000070e200000| PB 0x000000070e200000| Untracked 
|  68|0x000000070e400000, 0x000000070e400000, 0x000000070e600000|  0%| F|  |TAMS 0x000000070e400000| PB 0x000000070e400000| Untracked 
|  69|0x000000070e600000, 0x000000070e600000, 0x000000070e800000|  0%| F|  |TAMS 0x000000070e600000| PB 0x000000070e600000| Untracked 
|  70|0x000000070e800000, 0x000000070e81f6d8, 0x000000070ea00000|  6%| E|  |TAMS 0x000000070e800000| PB 0x000000070e800000| Complete 
|  71|0x000000070ea00000, 0x000000070ec00000, 0x000000070ec00000|100%| E|CS|TAMS 0x000000070ea00000| PB 0x000000070ea00000| Complete 
|  72|0x000000070ec00000, 0x000000070ee00000, 0x000000070ee00000|100%| E|CS|TAMS 0x000000070ec00000| PB 0x000000070ec00000| Complete 
|  73|0x000000070ee00000, 0x000000070f000000, 0x000000070f000000|100%| E|CS|TAMS 0x000000070ee00000| PB 0x000000070ee00000| Complete 
|  74|0x000000070f000000, 0x000000070f200000, 0x000000070f200000|100%| E|CS|TAMS 0x000000070f000000| PB 0x000000070f000000| Complete 
|  75|0x000000070f200000, 0x000000070f400000, 0x000000070f400000|100%| E|CS|TAMS 0x000000070f200000| PB 0x000000070f200000| Complete 
|  76|0x000000070f400000, 0x000000070f600000, 0x000000070f600000|100%| E|CS|TAMS 0x000000070f400000| PB 0x000000070f400000| Complete 
|  77|0x000000070f600000, 0x000000070f800000, 0x000000070f800000|100%| E|CS|TAMS 0x000000070f600000| PB 0x000000070f600000| Complete 
|  78|0x000000070f800000, 0x000000070fa00000, 0x000000070fa00000|100%| E|CS|TAMS 0x000000070f800000| PB 0x000000070f800000| Complete 
|  79|0x000000070fa00000, 0x000000070fc00000, 0x000000070fc00000|100%| E|CS|TAMS 0x000000070fa00000| PB 0x000000070fa00000| Complete 
|  80|0x000000070fc00000, 0x000000070fe00000, 0x000000070fe00000|100%| E|CS|TAMS 0x000000070fc00000| PB 0x000000070fc00000| Complete 
|  81|0x000000070fe00000, 0x0000000710000000, 0x0000000710000000|100%| E|CS|TAMS 0x000000070fe00000| PB 0x000000070fe00000| Complete 
|  82|0x0000000710000000, 0x0000000710200000, 0x0000000710200000|100%| E|CS|TAMS 0x0000000710000000| PB 0x0000000710000000| Complete 
|  83|0x0000000710200000, 0x0000000710400000, 0x0000000710400000|100%| E|CS|TAMS 0x0000000710200000| PB 0x0000000710200000| Complete 
|  84|0x0000000710400000, 0x0000000710600000, 0x0000000710600000|100%| E|CS|TAMS 0x0000000710400000| PB 0x0000000710400000| Complete 
|  85|0x0000000710600000, 0x0000000710800000, 0x0000000710800000|100%| E|CS|TAMS 0x0000000710600000| PB 0x0000000710600000| Complete 
| 125|0x0000000715600000, 0x0000000715800000, 0x0000000715800000|100%| E|CS|TAMS 0x0000000715600000| PB 0x0000000715600000| Complete 
|1999|0x00000007ffa00000, 0x00000007ffc00000, 0x00000007ffc00000|100%| E|CS|TAMS 0x00000007ffa00000| PB 0x00000007ffa00000| Complete 
|2000|0x00000007ffc00000, 0x00000007ffe00000, 0x00000007ffe00000|100%| E|CS|TAMS 0x00000007ffc00000| PB 0x00000007ffc00000| Complete 
|2001|0x00000007ffe00000, 0x0000000800000000, 0x0000000800000000|100%| O|  |TAMS 0x00000007ffe00000| PB 0x00000007ffe00000| Untracked 

Card table byte_map: [0x000001df52df0000,0x000001df535d0000] _byte_map_base: 0x000001df4f5c2000

Marking Bits: (CMBitMap*) 0x000001df3ac74ab0
 Bits: [0x000001df535d0000, 0x000001df57460000)

Polling page: 0x000001df38b20000

Metaspace:

Usage:
  Non-class:     67.12 MB used.
      Class:      9.88 MB used.
       Both:     77.00 MB used.

Virtual space:
  Non-class space:      128.00 MB reserved,      67.50 MB ( 53%) committed,  2 nodes.
      Class space:        1.00 GB reserved,      10.25 MB (  1%) committed,  1 nodes.
             Both:        1.12 GB reserved,      77.75 MB (  7%) committed. 

Chunk freelists:
   Non-Class:  11.73 MB
       Class:  5.81 MB
        Both:  17.54 MB

MaxMetaspaceSize: unlimited
CompressedClassSpaceSize: 1.00 GB
Initial GC threshold: 21.00 MB
Current GC threshold: 129.31 MB
CDS: on
 - commit_granule_bytes: 65536.
 - commit_granule_words: 8192.
 - virtual_space_node_default_size: 8388608.
 - enlarge_chunks_in_place: 1.
 - use_allocation_guard: 0.


Internal statistics:

num_allocs_failed_limit: 9.
num_arena_births: 1004.
num_arena_deaths: 0.
num_vsnodes_births: 3.
num_vsnodes_deaths: 0.
num_space_committed: 1244.
num_space_uncommitted: 0.
num_chunks_returned_to_freelist: 9.
num_chunks_taken_from_freelist: 3542.
num_chunk_merges: 6.
num_chunk_splits: 2419.
num_chunks_enlarged: 1807.
num_inconsistent_stats: 0.

CodeHeap 'non-profiled nmethods': size=120000Kb used=10736Kb max_used=10736Kb free=109264Kb
 bounds [0x000001df4ab90000, 0x000001df4b610000, 0x000001df520c0000]
CodeHeap 'profiled nmethods': size=120000Kb used=23605Kb max_used=29947Kb free=96394Kb
 bounds [0x000001df430c0000, 0x000001df44e00000, 0x000001df4a5f0000]
CodeHeap 'non-nmethods': size=5760Kb used=2272Kb max_used=2384Kb free=3488Kb
 bounds [0x000001df4a5f0000, 0x000001df4a860000, 0x000001df4ab90000]
 total_blobs=12056 nmethods=10879 adapters=1079
 compilation: enabled
              stopped_count=0, restarted_count=0
 full_count=0

Compilation events (20 events):
Event: 743.966 Thread 0x000001df5a0fc9f0 18809   !   4       sun.nio.ch.NioSocketImpl::write (90 bytes)
Event: 744.026 Thread 0x000001df5a0fc9f0 nmethod 18809 0x000001df4b605f90 code [0x000001df4b606360, 0x000001df4b608ac0]
Event: 744.026 Thread 0x000001df5a0fc9f0 18810   !   4       java.net.Socket$SocketOutputStream::write (54 bytes)
Event: 744.027 Thread 0x000001df5a0fc9f0 nmethod 18810 0x000001df4b60ac10 code [0x000001df4b60adc0, 0x000001df4b60af28]
Event: 749.276 Thread 0x000001df5a0fc9f0 18811       4       java.util.TreeMap$KeySet::contains (11 bytes)
Event: 749.280 Thread 0x000001df5a0fc9f0 nmethod 18811 0x000001df4b60b090 code [0x000001df4b60b240, 0x000001df4b60b4c8]
Event: 758.192 Thread 0x000001df5a0fd490 18812       3       java.util.logging.LogManager::checkPermission (16 bytes)
Event: 758.193 Thread 0x000001df5a0fd490 nmethod 18812 0x000001df4448d710 code [0x000001df4448d8c0, 0x000001df4448dab0]
Event: 758.193 Thread 0x000001df5a0fd490 18814       3       java.util.concurrent.ConcurrentHashMap$KeyIterator::next (34 bytes)
Event: 758.193 Thread 0x000001df5a0fc9f0 18815       4       jdk.internal.loader.NativeLibraries$NativeLibraryImpl::find (9 bytes)
Event: 758.194 Thread 0x000001df5a0fd490 nmethod 18814 0x000001df4421bf90 code [0x000001df4421c160, 0x000001df4421c438]
Event: 758.194 Thread 0x000001df5a0fd490 18813       3       java.util.logging.Logger::updateEffectiveLevel (126 bytes)
Event: 758.195 Thread 0x000001df5a0fc9f0 nmethod 18815 0x000001df4b60b710 code [0x000001df4b60b8a0, 0x000001df4b60b958]
Event: 758.195 Thread 0x000001df5a0fc9f0 18816       4       java.lang.reflect.Modifier::isProtected (12 bytes)
Event: 758.196 Thread 0x000001df5a0fd490 nmethod 18813 0x000001df440bf090 code [0x000001df440bf2e0, 0x000001df440bfe10]
Event: 758.196 Thread 0x000001df5a0fc9f0 nmethod 18816 0x000001df4b60ba10 code [0x000001df4b60bb80, 0x000001df4b60bbf0]
Event: 758.197 Thread 0x000001df5a0fc9f0 18817       4       java.lang.invoke.MemberName::isInvocable (8 bytes)
Event: 758.197 Thread 0x000001df5a0fc9f0 nmethod 18817 0x000001df4b60bd10 code [0x000001df4b60bea0, 0x000001df4b60bf38]
Event: 758.198 Thread 0x000001df5a0fd490 18818       3       sun.invoke.util.Wrapper::isSingleWord (15 bytes)
Event: 758.198 Thread 0x000001df5a0fd490 nmethod 18818 0x000001df4443cd10 code [0x000001df4443cea0, 0x000001df4443d008]

GC Heap History (20 events):
Event: 433.031 GC heap before
{Heap before GC invocations=32 (full 0):
 garbage-first heap   total 151552K, used 117852K [0x0000000705c00000, 0x0000000800000000)
  region size 2048K, 19 young (38912K), 3 survivors (6144K)
 Metaspace       used 76137K, committed 76864K, reserved 1179648K
  class space    used 9883K, committed 10240K, reserved 1048576K
}
Event: 433.041 GC heap after
{Heap after GC invocations=33 (full 0):
 garbage-first heap   total 151552K, used 88319K [0x0000000705c00000, 0x0000000800000000)
  region size 2048K, 2 young (4096K), 2 survivors (4096K)
 Metaspace       used 76137K, committed 76864K, reserved 1179648K
  class space    used 9883K, committed 10240K, reserved 1048576K
}
Event: 466.519 GC heap before
{Heap before GC invocations=33 (full 0):
 garbage-first heap   total 151552K, used 131327K [0x0000000705c00000, 0x0000000800000000)
  region size 2048K, 23 young (47104K), 2 survivors (4096K)
 Metaspace       used 76392K, committed 77120K, reserved 1179648K
  class space    used 9905K, committed 10240K, reserved 1048576K
}
Event: 466.527 GC heap after
{Heap after GC invocations=34 (full 0):
 garbage-first heap   total 151552K, used 85214K [0x0000000705c00000, 0x0000000800000000)
  region size 2048K, 3 young (6144K), 3 survivors (6144K)
 Metaspace       used 76392K, committed 77120K, reserved 1179648K
  class space    used 9905K, committed 10240K, reserved 1048576K
}
Event: 503.224 GC heap before
{Heap before GC invocations=34 (full 0):
 garbage-first heap   total 151552K, used 130270K [0x0000000705c00000, 0x0000000800000000)
  region size 2048K, 25 young (51200K), 3 survivors (6144K)
 Metaspace       used 76815K, committed 77440K, reserved 1179648K
  class space    used 9936K, committed 10240K, reserved 1048576K
}
Event: 503.233 GC heap after
{Heap after GC invocations=35 (full 0):
 garbage-first heap   total 151552K, used 89826K [0x0000000705c00000, 0x0000000800000000)
  region size 2048K, 3 young (6144K), 3 survivors (6144K)
 Metaspace       used 76815K, committed 77440K, reserved 1179648K
  class space    used 9936K, committed 10240K, reserved 1048576K
}
Event: 506.362 GC heap before
{Heap before GC invocations=36 (full 0):
 garbage-first heap   total 161792K, used 132834K [0x0000000705c00000, 0x0000000800000000)
  region size 2048K, 24 young (49152K), 3 survivors (6144K)
 Metaspace       used 77071K, committed 77760K, reserved 1179648K
  class space    used 9962K, committed 10304K, reserved 1048576K
}
Event: 506.366 GC heap after
{Heap after GC invocations=37 (full 0):
 garbage-first heap   total 161792K, used 92169K [0x0000000705c00000, 0x0000000800000000)
  region size 2048K, 2 young (4096K), 2 survivors (4096K)
 Metaspace       used 77071K, committed 77760K, reserved 1179648K
  class space    used 9962K, committed 10304K, reserved 1048576K
}
Event: 524.214 GC heap before
{Heap before GC invocations=37 (full 0):
 garbage-first heap   total 161792K, used 141321K [0x0000000705c00000, 0x0000000800000000)
  region size 2048K, 26 young (53248K), 2 survivors (4096K)
 Metaspace       used 77513K, committed 78144K, reserved 1179648K
  class space    used 9990K, committed 10304K, reserved 1048576K
}
Event: 524.222 GC heap after
{Heap after GC invocations=38 (full 0):
 garbage-first heap   total 161792K, used 83871K [0x0000000705c00000, 0x0000000800000000)
  region size 2048K, 4 young (8192K), 4 survivors (8192K)
 Metaspace       used 77513K, committed 78144K, reserved 1179648K
  class space    used 9990K, committed 10304K, reserved 1048576K
}
Event: 537.185 GC heap before
{Heap before GC invocations=38 (full 0):
 garbage-first heap   total 161792K, used 137119K [0x0000000705c00000, 0x0000000800000000)
  region size 2048K, 30 young (61440K), 4 survivors (8192K)
 Metaspace       used 77788K, committed 78528K, reserved 1179648K
  class space    used 10013K, committed 10368K, reserved 1048576K
}
Event: 537.195 GC heap after
{Heap after GC invocations=39 (full 0):
 garbage-first heap   total 161792K, used 91147K [0x0000000705c00000, 0x0000000800000000)
  region size 2048K, 4 young (8192K), 4 survivors (8192K)
 Metaspace       used 77788K, committed 78528K, reserved 1179648K
  class space    used 10013K, committed 10368K, reserved 1048576K
}
Event: 539.832 GC heap before
{Heap before GC invocations=39 (full 0):
 garbage-first heap   total 161792K, used 128011K [0x0000000705c00000, 0x0000000800000000)
  region size 2048K, 23 young (47104K), 4 survivors (8192K)
 Metaspace       used 77971K, committed 78656K, reserved 1179648K
  class space    used 10036K, committed 10368K, reserved 1048576K
}
Event: 539.845 GC heap after
{Heap after GC invocations=40 (full 0):
 garbage-first heap   total 161792K, used 97692K [0x0000000705c00000, 0x0000000800000000)
  region size 2048K, 3 young (6144K), 3 survivors (6144K)
 Metaspace       used 77971K, committed 78656K, reserved 1179648K
  class space    used 10036K, committed 10368K, reserved 1048576K
}
Event: 555.913 GC heap before
{Heap before GC invocations=41 (full 0):
 garbage-first heap   total 167936K, used 142748K [0x0000000705c00000, 0x0000000800000000)
  region size 2048K, 25 young (51200K), 3 survivors (6144K)
 Metaspace       used 78121K, committed 78784K, reserved 1179648K
  class space    used 10046K, committed 10368K, reserved 1048576K
}
Event: 555.921 GC heap after
{Heap after GC invocations=42 (full 0):
 garbage-first heap   total 167936K, used 101312K [0x0000000705c00000, 0x0000000800000000)
  region size 2048K, 2 young (4096K), 2 survivors (4096K)
 Metaspace       used 78121K, committed 78784K, reserved 1179648K
  class space    used 10046K, committed 10368K, reserved 1048576K
}
Event: 592.735 GC heap before
{Heap before GC invocations=42 (full 0):
 garbage-first heap   total 167936K, used 148416K [0x0000000705c00000, 0x0000000800000000)
  region size 2048K, 25 young (51200K), 2 survivors (4096K)
 Metaspace       used 78391K, committed 79104K, reserved 1179648K
  class space    used 10073K, committed 10432K, reserved 1048576K
}
Event: 592.743 GC heap after
{Heap after GC invocations=43 (full 0):
 garbage-first heap   total 167936K, used 95771K [0x0000000705c00000, 0x0000000800000000)
  region size 2048K, 3 young (6144K), 3 survivors (6144K)
 Metaspace       used 78391K, committed 79104K, reserved 1179648K
  class space    used 10073K, committed 10432K, reserved 1048576K
}
Event: 601.034 GC heap before
{Heap before GC invocations=43 (full 0):
 garbage-first heap   total 167936K, used 149019K [0x0000000705c00000, 0x0000000800000000)
  region size 2048K, 29 young (59392K), 3 survivors (6144K)
 Metaspace       used 78685K, committed 79424K, reserved 1179648K
  class space    used 10103K, committed 10432K, reserved 1048576K
}
Event: 601.040 GC heap after
{Heap after GC invocations=44 (full 0):
 garbage-first heap   total 167936K, used 99496K [0x0000000705c00000, 0x0000000800000000)
  region size 2048K, 4 young (8192K), 4 survivors (8192K)
 Metaspace       used 78685K, committed 79424K, reserved 1179648K
  class space    used 10103K, committed 10432K, reserved 1048576K
}

Dll operation events (20 events):
Event: 0.732 Loaded shared library C:\Users\oc_vh\.openjfx\cache\21.0.2+5\amd64\api-ms-win-crt-runtime-l1-1-0.dll
Event: 0.737 Loaded shared library C:\Users\oc_vh\.openjfx\cache\21.0.2+5\amd64\api-ms-win-crt-stdio-l1-1-0.dll
Event: 0.742 Loaded shared library C:\Users\oc_vh\.openjfx\cache\21.0.2+5\amd64\api-ms-win-crt-string-l1-1-0.dll
Event: 0.747 Loaded shared library C:\Users\oc_vh\.openjfx\cache\21.0.2+5\amd64\api-ms-win-crt-time-l1-1-0.dll
Event: 0.753 Loaded shared library C:\Users\oc_vh\.openjfx\cache\21.0.2+5\amd64\api-ms-win-crt-utility-l1-1-0.dll
Event: 0.772 Loaded shared library C:\Users\oc_vh\.openjfx\cache\21.0.2+5\amd64\ucrtbase.dll
Event: 0.778 Loaded shared library C:\Users\oc_vh\.openjfx\cache\21.0.2+5\amd64\vcruntime140.dll
Event: 0.783 Loaded shared library C:\Users\oc_vh\.openjfx\cache\21.0.2+5\amd64\vcruntime140_1.dll
Event: 0.796 Loaded shared library C:\Users\oc_vh\.openjfx\cache\21.0.2+5\amd64\msvcp140.dll
Event: 0.801 Loaded shared library C:\Users\oc_vh\.openjfx\cache\21.0.2+5\amd64\msvcp140_1.dll
Event: 0.817 Loaded shared library C:\Users\oc_vh\.openjfx\cache\21.0.2+5\amd64\msvcp140_2.dll
Event: 0.871 Loaded shared library C:\Users\oc_vh\.openjfx\cache\21.0.2+5\amd64\prism_d3d.dll
Event: 0.989 Loaded shared library C:\Users\oc_vh\.openjfx\cache\21.0.2+5\amd64\glass.dll
Event: 1.375 Loaded shared library C:\Users\oc_vh\.openjfx\cache\21.0.2+5\amd64\javafx_font.dll
Event: 2.697 Loaded shared library C:\Program Files\Java\jdk-21.0.11\bin\sunmscapi.dll
Event: 3.394 Loaded shared library C:\Program Files\Java\jdk-21.0.11\bin\verify.dll
Event: 57.321 Loaded shared library C:\Program Files\Java\jdk-21.0.11\bin\awt.dll
Event: 57.350 Loaded shared library C:\Users\oc_vh\.openjfx\cache\21.0.2+5\amd64\prism_common.dll
Event: 57.408 Loaded shared library C:\Program Files\Java\jdk-21.0.11\bin\freetype.dll
Event: 57.409 Loaded shared library C:\Program Files\Java\jdk-21.0.11\bin\fontmanager.dll

Deoptimization events (20 events):
Event: 656.847 Thread 0x000001dfa0fdff30 Uncommon trap: trap_request=0xffffff45 fr.pc=0x000001df4b55bd3c relative=0x000000000000133c
Event: 656.847 Thread 0x000001dfa0fdff30 Uncommon trap: reason=unstable_if action=reinterpret pc=0x000001df4b55bd3c method=com.sun.javafx.sg.prism.NGShape.setFillPaint(Ljava/lang/Object;)V @ 5 c2
Event: 656.847 Thread 0x000001dfa0fdff30 DEOPT PACKING pc=0x000001df4b55bd3c sp=0x000000a3feffb1b0
Event: 656.847 Thread 0x000001dfa0fdff30 DEOPT UNPACKING pc=0x000001df4a6446a2 sp=0x000000a3feffb118 mode 2
Event: 661.956 Thread 0x000001dfa964e920 Uncommon trap: trap_request=0xffffffbe fr.pc=0x000001df4b151540 relative=0x00000000000002a0
Event: 661.956 Thread 0x000001dfa964e920 Uncommon trap: reason=profile_predicate action=maybe_recompile pc=0x000001df4b151540 method=java.util.HashMap.valuesToArray([Ljava/lang/Object;)[Ljava/lang/Object; @ 36 c2
Event: 661.956 Thread 0x000001dfa964e920 DEOPT PACKING pc=0x000001df4b151540 sp=0x000000a38524ef20
Event: 661.956 Thread 0x000001dfa964e920 DEOPT UNPACKING pc=0x000001df4a6446a2 sp=0x000000a38524eed0 mode 2
Event: 671.411 Thread 0x000001dfa0fdff30 Uncommon trap: trap_request=0xffffff45 fr.pc=0x000001df4b27e54c relative=0x00000000000000ac
Event: 671.411 Thread 0x000001dfa0fdff30 Uncommon trap: reason=unstable_if action=reinterpret pc=0x000001df4b27e54c method=com.sun.javafx.stage.WindowCloseRequestHandler.dispatchBubblingEvent(Ljavafx/event/Event;)Ljavafx/event/Event; @ 7 c2
Event: 671.411 Thread 0x000001dfa0fdff30 DEOPT PACKING pc=0x000001df4b27e54c sp=0x000000a3feff8b40
Event: 671.411 Thread 0x000001dfa0fdff30 DEOPT UNPACKING pc=0x000001df4a6446a2 sp=0x000000a3feff8ac8 mode 2
Event: 758.196 Thread 0x000001dfa0add830 Uncommon trap: trap_request=0xffffff45 fr.pc=0x000001df4af0e8d0 relative=0x0000000000000510
Event: 758.196 Thread 0x000001dfa0add830 Uncommon trap: reason=unstable_if action=reinterpret pc=0x000001df4af0e8d0 method=java.util.concurrent.locks.AbstractQueuedSynchronizer$ConditionNode.isReleasable()Z @ 14 c2
Event: 758.197 Thread 0x000001dfa0add830 DEOPT PACKING pc=0x000001df4af0e8d0 sp=0x000000a3ffdff3c0
Event: 758.197 Thread 0x000001dfa0add830 DEOPT UNPACKING pc=0x000001df4a6446a2 sp=0x000000a3ffdff1e8 mode 2
Event: 758.197 Thread 0x000001dfa0add830 Uncommon trap: trap_request=0xffffff45 fr.pc=0x000001df4ade42f8 relative=0x0000000000000058
Event: 758.197 Thread 0x000001dfa0add830 Uncommon trap: reason=unstable_if action=reinterpret pc=0x000001df4ade42f8 method=java.lang.Thread.getAndClearInterrupt()Z @ 6 c2
Event: 758.197 Thread 0x000001dfa0add830 DEOPT PACKING pc=0x000001df4ade42f8 sp=0x000000a3ffdff370
Event: 758.197 Thread 0x000001dfa0add830 DEOPT UNPACKING pc=0x000001df4a6446a2 sp=0x000000a3ffdff2a8 mode 2

Classes loaded (20 events):
Event: 68.660 Loading class sun/print/ProxyGraphics2D
Event: 68.661 Loading class sun/print/ProxyGraphics2D done
Event: 68.662 Loading class sun/java2d/Spans$SpanIntersection
Event: 68.663 Loading class sun/java2d/Spans$SpanIntersection done
Event: 68.764 Loading class java/awt/geom/Path2D$Float$CopyIterator
Event: 68.764 Loading class java/awt/geom/Path2D$Float$CopyIterator done
Event: 68.766 Loading class java/awt/geom/Path2D$Float$TxIterator
Event: 68.766 Loading class java/awt/geom/Path2D$Float$TxIterator done
Event: 110.810 Loading class java/time/format/FormatStyle
Event: 110.810 Loading class java/time/format/FormatStyle done
Event: 111.342 Loading class java/time/format/DateTimeFormatterBuilder$LocalizedPrinterParser
Event: 111.342 Loading class java/time/format/DateTimeFormatterBuilder$LocalizedPrinterParser done
Event: 111.343 Loading class sun/util/locale/provider/JavaTimeDateTimePatternImpl
Event: 111.343 Loading class sun/util/locale/provider/JavaTimeDateTimePatternImpl done
Event: 113.369 Loading class java/lang/invoke/MethodHandleImpl$CountingWrapper$1
Event: 113.370 Loading class java/lang/invoke/MethodHandleImpl$CountingWrapper$1 done
Event: 524.040 Loading class java/lang/Class$EnclosingMethodInfo
Event: 524.040 Loading class java/lang/Class$EnclosingMethodInfo done
Event: 758.188 Loading class jdk/internal/misc/Signal$1
Event: 758.188 Loading class jdk/internal/misc/Signal$1 done

Classes unloaded (0 events):
No events

Classes redefined (0 events):
No events

Internal exceptions (20 events):
Event: 109.716 Thread 0x000001dfa0fdff30 Implicit null exception at 0x000001df4aee99a8 to 0x000001df4aeea384
Event: 109.742 Thread 0x000001dfa0fdff30 Exception <a 'java/io/FileNotFoundException'{0x000000070a65dc58}> (0x000000070a65dc58) 
thrown [s\open\src\hotspot\share\prims\jni.cpp, line 520]
Event: 109.742 Thread 0x000001dfa0fdff30 Exception <a 'java/io/FileNotFoundException'{0x000000070a65f2f8}> (0x000000070a65f2f8) 
thrown [s\open\src\hotspot\share\prims\jni.cpp, line 520]
Event: 109.743 Thread 0x000001dfa0fdff30 Exception <a 'java/io/FileNotFoundException'{0x000000070a660700}> (0x000000070a660700) 
thrown [s\open\src\hotspot\share\prims\jni.cpp, line 520]
Event: 109.743 Thread 0x000001dfa0fdff30 Exception <a 'java/io/FileNotFoundException'{0x000000070a661da0}> (0x000000070a661da0) 
thrown [s\open\src\hotspot\share\prims\jni.cpp, line 520]
Event: 110.871 Thread 0x000001dfa0fdff30 Implicit null exception at 0x000001df4b3e0ade to 0x000001df4b3e0c70
Event: 113.370 Thread 0x000001dfa0fdff30 Exception <a 'java/lang/NoSuchMethodError'{0x000000070a61f558}: 'int java.lang.invoke.DelegatingMethodHandle$Holder.delegate(java.lang.Object, int, java.lang.Object)'> (0x000000070a61f558) 
thrown [s\open\src\hotspot\share\interpreter\linkResolver.cpp, line 773]
Event: 293.846 Thread 0x000001dfa0fdff30 Exception <a 'java/lang/NoSuchMethodError'{0x000000070adf17c8}: 'java.lang.Object java.lang.invoke.DirectMethodHandle$Holder.newInvokeSpecial(java.lang.Object, java.lang.Object, java.lang.Object, double, double, double, double, int, int, int, int, int, int, int, int, int)'> (0x000000070adf17c8) 
thrown [s\open\src\hotspot\share\interpreter\linkResolver.cpp, line 773]
Event: 296.386 Thread 0x000001dfa0fdff30 Exception <a 'java/lang/NoSuchMethodError'{0x000000070c315868}: 'double java.lang.invoke.DirectMethodHandle$Holder.invokeVirtual(java.lang.Object, java.lang.Object)'> (0x000000070c315868) 
thrown [s\open\src\hotspot\share\interpreter\linkResolver.cpp, line 773]
Event: 476.942 Thread 0x000001dfa0fdff30 Implicit null exception at 0x000001df4acd0428 to 0x000001df4acd108c
Event: 492.930 Thread 0x000001dfa0fdff30 Implicit null exception at 0x000001df4b207cd8 to 0x000001df4b2085f4
Event: 522.050 Thread 0x000001dfa0fdff30 Implicit null exception at 0x000001df4af098c8 to 0x000001df4af0f8f8
Event: 540.680 Thread 0x000001dfa0fdff30 Implicit null exception at 0x000001df4b10007b to 0x000001df4b100634
Event: 540.681 Thread 0x000001dfa0fdff30 Implicit null exception at 0x000001df4ae87930 to 0x000001df4ae883c0
Event: 540.681 Thread 0x000001dfa0fdff30 Implicit null exception at 0x000001df4afc9330 to 0x000001df4afc93a4
Event: 540.681 Thread 0x000001dfa0fdff30 Implicit null exception at 0x000001df4afc1a1d to 0x000001df4afc2140
Event: 540.683 Thread 0x000001dfa0fdff30 Implicit null exception at 0x000001df4b20010a to 0x000001df4b2040c4
Event: 545.385 Thread 0x000001dfa0fdff30 Implicit null exception at 0x000001df4b5516c8 to 0x000001df4b551bb8
Event: 545.584 Thread 0x000001dfa0fdff30 Implicit null exception at 0x000001df4b4a20d7 to 0x000001df4b4a4d6c
Event: 607.035 Thread 0x000001dfa0fdff30 Implicit null exception at 0x000001df4aef5331 to 0x000001df4aef53d0

ZGC Phase Switch (0 events):
No events

VM Operations (20 events):
Event: 636.620 Executing VM operation: Cleanup done
Event: 642.621 Executing VM operation: Cleanup
Event: 642.621 Executing VM operation: Cleanup done
Event: 651.627 Executing VM operation: Cleanup
Event: 651.627 Executing VM operation: Cleanup done
Event: 652.627 Executing VM operation: Cleanup
Event: 652.627 Executing VM operation: Cleanup done
Event: 655.628 Executing VM operation: Cleanup
Event: 655.628 Executing VM operation: Cleanup done
Event: 657.629 Executing VM operation: Cleanup
Event: 657.629 Executing VM operation: Cleanup done
Event: 676.639 Executing VM operation: Cleanup
Event: 676.639 Executing VM operation: Cleanup done
Event: 716.656 Executing VM operation: Cleanup
Event: 716.656 Executing VM operation: Cleanup done
Event: 721.874 Executing VM operation: HandshakeAllThreads (HandshakeForDeflation)
Event: 721.874 Executing VM operation: HandshakeAllThreads (HandshakeForDeflation) done
Event: 721.875 Executing VM operation: RendezvousGCThreads
Event: 721.875 Executing VM operation: RendezvousGCThreads done
Event: 758.297 Executing VM operation: Exit

Events (20 events):
Event: 661.957 Thread 0x000001dfa964dc00 Thread added: 0x000001dfa964dc00
Event: 661.957 Thread 0x000001dfa964bb30 Thread added: 0x000001dfa964bb30
Event: 664.057 Thread 0x000001dfa964dc00 Thread exited: 0x000001dfa964dc00
Event: 664.059 Thread 0x000001dfa964e920 Thread exited: 0x000001dfa964e920
Event: 665.336 Thread 0x000001dfa964c850 Thread exited: 0x000001dfa964c850
Event: 665.336 Thread 0x000001dfa964bb30 Thread exited: 0x000001dfa964bb30
Event: 746.775 Thread 0x000001dfa964e920 Thread added: 0x000001dfa964e920
Event: 747.906 Thread 0x000001dfa964e920 Thread exited: 0x000001dfa964e920
Event: 749.816 Thread 0x000001dfa964efb0 Thread added: 0x000001dfa964efb0
Event: 750.846 Thread 0x000001dfa964efb0 Thread exited: 0x000001dfa964efb0
Event: 758.189 Thread 0x000001dfa964efb0 Thread added: 0x000001dfa964efb0
Event: 758.191 Thread 0x000001dfa964c850 Thread added: 0x000001dfa964c850
Event: 758.191 Thread 0x000001dfa964d570 Thread added: 0x000001dfa964d570
Event: 758.191 Thread 0x000001dfa964bb30 Thread added: 0x000001dfa964bb30
Event: 758.193 Thread 0x000001dfa964c850 Thread exited: 0x000001dfa964c850
Event: 758.194 Thread 0x000001dfa964f640 Thread added: 0x000001dfa964f640
Event: 758.198 Thread 0x000001dfa964d570 Thread exited: 0x000001dfa964d570
Event: 758.208 Thread 0x000001dfa8f0bd90 Thread exited: 0x000001dfa8f0bd90
Event: 758.241 Thread 0x000001dfa0add830 Thread exited: 0x000001dfa0add830
Event: 758.297 Thread 0x000001dfa964bb30 Thread exited: 0x000001dfa964bb30


Dynamic libraries:
0x00007ff7c9110000 - 0x00007ff7c9120000 	C:\Program Files\Java\jdk-21.0.11\bin\java.exe
0x00007fff23b60000 - 0x00007fff23dc7000 	C:\windows\SYSTEM32\ntdll.dll
0x00007fff226f0000 - 0x00007fff227b9000 	C:\windows\System32\KERNEL32.DLL
0x00007fff210a0000 - 0x00007fff21497000 	C:\windows\System32\KERNELBASE.dll
0x00007fff214a0000 - 0x00007fff215eb000 	C:\windows\System32\ucrtbase.dll
0x00007fff02280000 - 0x00007fff02299000 	C:\Program Files\Java\jdk-21.0.11\bin\jli.dll
0x00007fff0a650000 - 0x00007fff0a66e000 	C:\Program Files\Java\jdk-21.0.11\bin\VCRUNTIME140.dll
0x00007fff21cb0000 - 0x00007fff21d66000 	C:\windows\System32\ADVAPI32.dll
0x00007fff22b10000 - 0x00007fff22bb9000 	C:\windows\System32\msvcrt.dll
0x00007fff21960000 - 0x00007fff21a07000 	C:\windows\System32\sechost.dll
0x00007fff21b80000 - 0x00007fff21c98000 	C:\windows\System32\RPCRT4.dll
0x00007fff22bc0000 - 0x00007fff22d86000 	C:\windows\System32\USER32.dll
0x00007fff20f40000 - 0x00007fff20f67000 	C:\windows\System32\win32u.dll
0x00007fff227c0000 - 0x00007fff227eb000 	C:\windows\System32\GDI32.dll
0x00007fff1f720000 - 0x00007fff1f9b2000 	C:\windows\WinSxS\amd64_microsoft.windows.common-controls_6595b64144ccf1df_6.0.26100.8457_none_3e0b2faee331e92d\COMCTL32.dll
0x00007fff20f70000 - 0x00007fff2109c000 	C:\windows\System32\gdi32full.dll
0x00007fff215f0000 - 0x00007fff21693000 	C:\windows\System32\msvcp_win.dll
0x00007fff17e30000 - 0x00007fff17e3b000 	C:\windows\SYSTEM32\VERSION.dll
0x00007fff23750000 - 0x00007fff23782000 	C:\windows\System32\IMM32.DLL
0x00007fff18500000 - 0x00007fff1850c000 	C:\Program Files\Java\jdk-21.0.11\bin\vcruntime140_1.dll
0x00007ffee9240000 - 0x00007ffee92cd000 	C:\Program Files\Java\jdk-21.0.11\bin\msvcp140.dll
0x00007ffe82e10000 - 0x00007ffe83b38000 	C:\Program Files\Java\jdk-21.0.11\bin\server\jvm.dll
0x00007fff21a10000 - 0x00007fff21a90000 	C:\windows\System32\WS2_32.dll
0x00007fff1fdf0000 - 0x00007fff1fe4e000 	C:\windows\SYSTEM32\POWRPROF.dll
0x00007fff0cd60000 - 0x00007fff0cd96000 	C:\windows\SYSTEM32\WINMM.dll
0x00007fff1fac0000 - 0x00007fff1fad4000 	C:\windows\SYSTEM32\UMPDC.dll
0x00007fff1e9f0000 - 0x00007fff1ea0b000 	C:\windows\SYSTEM32\kernel.appcore.dll
0x00007fff0a640000 - 0x00007fff0a64a000 	C:\Program Files\Java\jdk-21.0.11\bin\jimage.dll
0x00007fff1fe60000 - 0x00007fff200a2000 	C:\windows\SYSTEM32\DBGHELP.DLL
0x00007fff23790000 - 0x00007fff23b13000 	C:\windows\System32\combase.dll
0x00007fff21d70000 - 0x00007fff21e49000 	C:\windows\System32\OLEAUT32.dll
0x00007fff1fce0000 - 0x00007fff1fd1b000 	C:\windows\SYSTEM32\dbgcore.DLL
0x00007fff20e90000 - 0x00007fff20f38000 	C:\windows\System32\bcryptPrimitives.dll
0x00007fff0a020000 - 0x00007fff0a030000 	C:\Program Files\Java\jdk-21.0.11\bin\instrument.dll
0x00007ffef6f10000 - 0x00007ffef6f31000 	C:\Program Files\Java\jdk-21.0.11\bin\java.dll
0x00007fff21f50000 - 0x00007fff226be000 	C:\windows\System32\SHELL32.dll
0x00007fff20590000 - 0x00007fff20dfc000 	C:\windows\System32\windows.storage.dll
0x00007fff21e50000 - 0x00007fff21f46000 	C:\windows\System32\SHCORE.dll
0x00007fff22fb0000 - 0x00007fff23016000 	C:\windows\System32\shlwapi.dll
0x00007fff204b0000 - 0x00007fff204d9000 	C:\windows\SYSTEM32\profapi.dll
0x00007ffecc330000 - 0x00007ffecc407000 	C:\Program Files\Java\jdk-21.0.11\bin\jsvml.dll
0x00007ffef33e0000 - 0x00007ffef33f8000 	C:\Program Files\Java\jdk-21.0.11\bin\zip.dll
0x00007fff02260000 - 0x00007fff02271000 	C:\Program Files\Java\jdk-21.0.11\bin\net.dll
0x00007fff16db0000 - 0x00007fff16ed9000 	C:\windows\SYSTEM32\WINHTTP.dll
0x00007fff1ef20000 - 0x00007fff1ef8c000 	C:\windows\system32\mswsock.dll
0x00007ffef3430000 - 0x00007ffef3446000 	C:\Program Files\Java\jdk-21.0.11\bin\nio.dll
0x00007fff1e470000 - 0x00007fff1e5a2000 	C:\windows\SYSTEM32\DNSAPI.dll
0x00007fff1e3e0000 - 0x00007fff1e412000 	C:\windows\SYSTEM32\IPHLPAPI.DLL
0x00007fff21ca0000 - 0x00007fff21caa000 	C:\windows\System32\NSI.dll
0x00007fff16070000 - 0x00007fff1607b000 	C:\Windows\System32\rasadhlp.dll
0x00007fff17760000 - 0x00007fff177e6000 	C:\windows\System32\fwpuclnt.dll
0x00007fff076c0000 - 0x00007fff076c9000 	C:\Program Files\Java\jdk-21.0.11\bin\extnet.dll
0x00007fff02350000 - 0x00007fff0235a000 	C:\Program Files\Java\jdk-21.0.11\bin\management.dll
0x00007ffee9b00000 - 0x00007ffee9b0c000 	C:\Program Files\Java\jdk-21.0.11\bin\management_ext.dll
0x00007fff21b60000 - 0x00007fff21b68000 	C:\windows\System32\PSAPI.DLL
0x000001df38c00000 - 0x000001df38c03000 	C:\Users\oc_vh\.openjfx\cache\21.0.2+5\amd64\api-ms-win-core-console-l1-1-0.dll
0x000001df38c10000 - 0x000001df38c13000 	C:\Users\oc_vh\.openjfx\cache\21.0.2+5\amd64\api-ms-win-core-console-l1-2-0.dll
0x000001df3ab10000 - 0x000001df3ab13000 	C:\Users\oc_vh\.openjfx\cache\21.0.2+5\amd64\api-ms-win-core-datetime-l1-1-0.dll
0x000001df3ab20000 - 0x000001df3ab23000 	C:\Users\oc_vh\.openjfx\cache\21.0.2+5\amd64\api-ms-win-core-debug-l1-1-0.dll
0x000001df3ab30000 - 0x000001df3ab33000 	C:\Users\oc_vh\.openjfx\cache\21.0.2+5\amd64\api-ms-win-core-errorhandling-l1-1-0.dll
0x000001df3ab40000 - 0x000001df3ab44000 	C:\Users\oc_vh\.openjfx\cache\21.0.2+5\amd64\api-ms-win-core-file-l1-1-0.dll
0x000001df3ab50000 - 0x000001df3ab53000 	C:\Users\oc_vh\.openjfx\cache\21.0.2+5\amd64\api-ms-win-core-file-l1-2-0.dll
0x000001df3ab60000 - 0x000001df3ab63000 	C:\Users\oc_vh\.openjfx\cache\21.0.2+5\amd64\api-ms-win-core-file-l2-1-0.dll
0x000001df3ab70000 - 0x000001df3ab73000 	C:\Users\oc_vh\.openjfx\cache\21.0.2+5\amd64\api-ms-win-core-handle-l1-1-0.dll
0x000001df3ab80000 - 0x000001df3ab83000 	C:\Users\oc_vh\.openjfx\cache\21.0.2+5\amd64\api-ms-win-core-heap-l1-1-0.dll
0x000001df3ab90000 - 0x000001df3ab93000 	C:\Users\oc_vh\.openjfx\cache\21.0.2+5\amd64\api-ms-win-core-interlocked-l1-1-0.dll
0x000001df3aba0000 - 0x000001df3aba3000 	C:\Users\oc_vh\.openjfx\cache\21.0.2+5\amd64\api-ms-win-core-libraryloader-l1-1-0.dll
0x00007fff201d0000 - 0x00007fff201eb000 	C:\windows\SYSTEM32\CRYPTSP.dll
0x00007fff1f240000 - 0x00007fff1f279000 	C:\windows\system32\rsaenh.dll
0x000001df3abb0000 - 0x000001df3abb3000 	C:\Users\oc_vh\.openjfx\cache\21.0.2+5\amd64\api-ms-win-core-localization-l1-2-0.dll
0x00007fff1ef90000 - 0x00007fff1efc3000 	C:\windows\SYSTEM32\USERENV.dll
0x00007fff20480000 - 0x00007fff204aa000 	C:\windows\SYSTEM32\bcrypt.dll
0x00007fff1f620000 - 0x00007fff1f62c000 	C:\windows\SYSTEM32\CRYPTBASE.dll
0x000001df3abc0000 - 0x000001df3abc3000 	C:\Users\oc_vh\.openjfx\cache\21.0.2+5\amd64\api-ms-win-core-memory-l1-1-0.dll
0x000001df5a970000 - 0x000001df5a973000 	C:\Users\oc_vh\.openjfx\cache\21.0.2+5\amd64\api-ms-win-core-namedpipe-l1-1-0.dll
0x000001df5a980000 - 0x000001df5a983000 	C:\Users\oc_vh\.openjfx\cache\21.0.2+5\amd64\api-ms-win-core-processenvironment-l1-1-0.dll
0x000001df5a990000 - 0x000001df5a993000 	C:\Users\oc_vh\.openjfx\cache\21.0.2+5\amd64\api-ms-win-core-processthreads-l1-1-0.dll
0x000001df5a9a0000 - 0x000001df5a9a3000 	C:\Users\oc_vh\.openjfx\cache\21.0.2+5\amd64\api-ms-win-core-processthreads-l1-1-1.dll
0x000001df5a9b0000 - 0x000001df5a9b3000 	C:\Users\oc_vh\.openjfx\cache\21.0.2+5\amd64\api-ms-win-core-profile-l1-1-0.dll
0x000001df5a9c0000 - 0x000001df5a9c3000 	C:\Users\oc_vh\.openjfx\cache\21.0.2+5\amd64\api-ms-win-core-rtlsupport-l1-1-0.dll
0x00007ffeea140000 - 0x00007ffeea158000 	C:\windows\system32\napinsp.dll
0x000001df5a9d0000 - 0x000001df5a9d3000 	C:\Users\oc_vh\.openjfx\cache\21.0.2+5\amd64\api-ms-win-core-string-l1-1-0.dll
0x00007fff04a70000 - 0x00007fff04a83000 	C:\windows\System32\winrnr.dll
0x00007ffee2910000 - 0x00007ffee2932000 	C:\windows\system32\nlansp_c.dll
0x00007ffee28f0000 - 0x00007ffee2906000 	C:\windows\system32\wshbth.dll
0x000001df5a9e0000 - 0x000001df5a9e3000 	C:\Users\oc_vh\.openjfx\cache\21.0.2+5\amd64\api-ms-win-core-synch-l1-1-0.dll
0x000001df5a9f0000 - 0x000001df5a9f3000 	C:\Users\oc_vh\.openjfx\cache\21.0.2+5\amd64\api-ms-win-core-synch-l1-2-0.dll
0x000001df5aa00000 - 0x000001df5aa03000 	C:\Users\oc_vh\.openjfx\cache\21.0.2+5\amd64\api-ms-win-core-sysinfo-l1-1-0.dll
0x000001df5aa10000 - 0x000001df5aa13000 	C:\Users\oc_vh\.openjfx\cache\21.0.2+5\amd64\api-ms-win-core-timezone-l1-1-0.dll
0x000001df5aa20000 - 0x000001df5aa23000 	C:\Users\oc_vh\.openjfx\cache\21.0.2+5\amd64\api-ms-win-core-util-l1-1-0.dll
0x000001df5aa30000 - 0x000001df5aa33000 	C:\Users\oc_vh\.openjfx\cache\21.0.2+5\amd64\api-ms-win-crt-conio-l1-1-0.dll
0x000001df5aa40000 - 0x000001df5aa44000 	C:\Users\oc_vh\.openjfx\cache\21.0.2+5\amd64\api-ms-win-crt-convert-l1-1-0.dll
0x000001df5aa50000 - 0x000001df5aa53000 	C:\Users\oc_vh\.openjfx\cache\21.0.2+5\amd64\api-ms-win-crt-environment-l1-1-0.dll
0x000001df5aa60000 - 0x000001df5aa63000 	C:\Users\oc_vh\.openjfx\cache\21.0.2+5\amd64\api-ms-win-crt-filesystem-l1-1-0.dll
0x000001df5aa70000 - 0x000001df5aa73000 	C:\Users\oc_vh\.openjfx\cache\21.0.2+5\amd64\api-ms-win-crt-heap-l1-1-0.dll
0x000001df5aa80000 - 0x000001df5aa83000 	C:\Users\oc_vh\.openjfx\cache\21.0.2+5\amd64\api-ms-win-crt-locale-l1-1-0.dll
0x000001df5aa90000 - 0x000001df5aa95000 	C:\Users\oc_vh\.openjfx\cache\21.0.2+5\amd64\api-ms-win-crt-math-l1-1-0.dll
0x000001df5aaa0000 - 0x000001df5aaa5000 	C:\Users\oc_vh\.openjfx\cache\21.0.2+5\amd64\api-ms-win-crt-multibyte-l1-1-0.dll
0x000001df5aab0000 - 0x000001df5aac0000 	C:\Users\oc_vh\.openjfx\cache\21.0.2+5\amd64\api-ms-win-crt-private-l1-1-0.dll
0x000001df5aac0000 - 0x000001df5aac3000 	C:\Users\oc_vh\.openjfx\cache\21.0.2+5\amd64\api-ms-win-crt-process-l1-1-0.dll
0x000001df5aad0000 - 0x000001df5aad4000 	C:\Users\oc_vh\.openjfx\cache\21.0.2+5\amd64\api-ms-win-crt-runtime-l1-1-0.dll
0x000001df5aae0000 - 0x000001df5aae4000 	C:\Users\oc_vh\.openjfx\cache\21.0.2+5\amd64\api-ms-win-crt-stdio-l1-1-0.dll
0x000001df5aaf0000 - 0x000001df5aaf4000 	C:\Users\oc_vh\.openjfx\cache\21.0.2+5\amd64\api-ms-win-crt-string-l1-1-0.dll
0x000001df5ab00000 - 0x000001df5ab03000 	C:\Users\oc_vh\.openjfx\cache\21.0.2+5\amd64\api-ms-win-crt-time-l1-1-0.dll
0x000001df5ab10000 - 0x000001df5ab13000 	C:\Users\oc_vh\.openjfx\cache\21.0.2+5\amd64\api-ms-win-crt-utility-l1-1-0.dll
0x00007ffeb2360000 - 0x00007ffeb245c000 	C:\Users\oc_vh\.openjfx\cache\21.0.2+5\amd64\ucrtbase.dll
0x00007ffee9ad0000 - 0x00007ffee9aeb000 	C:\Users\oc_vh\.openjfx\cache\21.0.2+5\amd64\vcruntime140.dll
0x00007ffee9ac0000 - 0x00007ffee9acc000 	C:\Users\oc_vh\.openjfx\cache\21.0.2+5\amd64\vcruntime140_1.dll
0x00007ffecbde0000 - 0x00007ffecbe6e000 	C:\Users\oc_vh\.openjfx\cache\21.0.2+5\amd64\msvcp140.dll
0x00007ffee9590000 - 0x00007ffee9599000 	C:\Users\oc_vh\.openjfx\cache\21.0.2+5\amd64\msvcp140_1.dll
0x00007ffedfc50000 - 0x00007ffedfc91000 	C:\Users\oc_vh\.openjfx\cache\21.0.2+5\amd64\msvcp140_2.dll
0x00007fff0bba0000 - 0x00007fff0bbf6000 	C:\windows\SYSTEM32\pdh.dll
0x00007ffee94c0000 - 0x00007ffee94f0000 	C:\Users\oc_vh\.openjfx\cache\21.0.2+5\amd64\prism_d3d.dll
0x00007ffefb690000 - 0x00007ffefb843000 	C:\windows\system32\d3d9.dll
0x00007fff1d140000 - 0x00007fff1d16f000 	C:\windows\SYSTEM32\dwmapi.dll
0x00007fff1cf60000 - 0x00007fff1cfa5000 	C:\windows\SYSTEM32\dxcore.dll
0x00007fff1ce50000 - 0x00007fff1cefa000 	C:\windows\system32\uxtheme.dll
0x00007fff22970000 - 0x00007fff22b07000 	C:\windows\System32\ole32.dll
0x00007fff20220000 - 0x00007fff20271000 	C:\windows\SYSTEM32\CFGMGR32.dll
0x00007fff16fa0000 - 0x00007fff17001000 	C:\windows\SYSTEM32\directxdatabasehelper.dll
0x00007fff23260000 - 0x00007fff236e7000 	C:\windows\System32\SETUPAPI.dll
0x00007ffed1600000 - 0x00007ffed1642000 	C:\Users\oc_vh\.openjfx\cache\21.0.2+5\amd64\glass.dll
0x00007fff22870000 - 0x00007fff22960000 	C:\windows\System32\COMDLG32.dll
0x00007fff22dc0000 - 0x00007fff22f1c000 	C:\windows\System32\MSCTF.dll
0x00007ffee9450000 - 0x00007ffee9464000 	C:\Users\oc_vh\.openjfx\cache\21.0.2+5\amd64\javafx_font.dll
0x00007fff1b310000 - 0x00007fff1b577000 	C:\windows\SYSTEM32\dwrite.dll
0x00007ffee2370000 - 0x00007ffee2382000 	C:\windows\System32\perfproc.dll
0x00007ffee9af0000 - 0x00007ffee9afe000 	C:\Program Files\Java\jdk-21.0.11\bin\sunmscapi.dll

dbghelp: loaded successfully - version: 4.0.5 - missing functions: none
symbol engine: initialized successfully - sym options: 0x614 - pdb path: .;C:\Program Files\Java\jdk-21.0.11\bin;C:\windows\SYSTEM32;C:\windows\WinSxS\amd64_microsoft.windows.common-controls_6595b64144ccf1df_6.0.26100.8457_none_3e0b2faee331e92d;C:\Program Files\Java\jdk-21.0.11\bin\server;C:\Users\oc_vh\.openjfx\cache\21.0.2+5\amd64;C:\windows\System32\DriverStore\FileRepository\iigd_dch.inf_amd64_a0e4070823166b80;C:\Program Files\Common Files\Microsoft Shared\Ink;C:\windows\System32\DriverStore\FileRepository\ntprint.inf_amd64_78082862576f78bc\Amd64;C:\windows\System32\DriverStore\FileRepository\prnms003.inf_amd64_fe120272380ff332\Amd64;C:\Program Files\Microsoft Office\root\VFS\ProgramFilesCommonX64\Microsoft Shared\Office16;C:\Program Files\Microsoft OneDrive\26.084.0504.0007;C:\windows\WinSxS\amd64_microsoft.windows.gdiplus_6595b64144ccf1df_1.1.26100.8328_none_6ef30b123dc73046

VM Arguments:
jvm_args: -javaagent:C:\Program Files\JetBrains\IntelliJ IDEA 2026.1.2\lib\idea_rt.jar=57764 -Dfile.encoding=UTF-8 -Dsun.stdout.encoding=UTF-8 -Dsun.stderr.encoding=UTF-8 
java_command: com.asm.App
java_class_path (initial): C:\Users\oc_vh\IdeaProjects\pdv-almacenes-san-miguel\target\classes;C:\Users\oc_vh\.m2\repository\org\openjfx\javafx-controls\21.0.2\javafx-controls-21.0.2.jar;C:\Users\oc_vh\.m2\repository\org\openjfx\javafx-controls\21.0.2\javafx-controls-21.0.2-win.jar;C:\Users\oc_vh\.m2\repository\org\openjfx\javafx-graphics\21.0.2\javafx-graphics-21.0.2.jar;C:\Users\oc_vh\.m2\repository\org\openjfx\javafx-graphics\21.0.2\javafx-graphics-21.0.2-win.jar;C:\Users\oc_vh\.m2\repository\org\openjfx\javafx-base\21.0.2\javafx-base-21.0.2.jar;C:\Users\oc_vh\.m2\repository\org\openjfx\javafx-base\21.0.2\javafx-base-21.0.2-win.jar;C:\Users\oc_vh\.m2\repository\org\openjfx\javafx-fxml\21.0.2\javafx-fxml-21.0.2.jar;C:\Users\oc_vh\.m2\repository\org\openjfx\javafx-fxml\21.0.2\javafx-fxml-21.0.2-win.jar;C:\Users\oc_vh\.m2\repository\org\hibernate\orm\hibernate-core\6.2.7.Final\hibernate-core-6.2.7.Final.jar;C:\Users\oc_vh\.m2\repository\jakarta\persistence\jakarta.persistence-api\3.1.0\jakarta.persistence-api-3.1.0.jar;C:\Users\oc_vh\.m2\repository\jakarta\transaction\jakarta.transaction-api\2.0.1\jakarta.transaction-api-2.0.1.jar;C:\Users\oc_vh\.m2\repository\org\jboss\logging\jboss-logging\3.5.0.Final\jboss-logging-3.5.0.Final.jar;C:\Users\oc_vh\.m2\repository\org\hibernate\common\hibernate-commons-annotations\6.0.6.Final\hibernate-commons-annotations-6.0.6.Final.jar;C:\Users\oc_vh\.m2\repository\io\smallrye\jandex\3.0.5\jandex-3.0.5.jar;C:\Users\oc_vh\.m2\repository\com\fasterxml\classmate\1.5.1\classmate-1.5.1.jar;C:\Users\oc_vh\.m2\repository\net\bytebuddy\byte-buddy\1.12.18\byte-buddy-1.12.18.jar;C:\Users\oc_vh\.m2\repository\jakarta\xml\bind\jakarta.xml.bind-api\4.0.0\jakarta.xml.bind-api-4.0.0.jar;C:\Users\oc_vh\.m2\repository\jakarta\activation\jakarta.activation-api\2.1.0\jakarta.activation-api-2.1.0.jar;C:\Users\oc_vh\.m2\repository\org\glassfish\jaxb\jaxb-runtime\4.0.2\jaxb-runtime-4.0.2.jar;C:\Users\oc_vh\.m2\repository\org\glassfish\jaxb\jaxb-core\4.0.2\jaxb-core-4.0.2.jar;C:\Users\oc_vh\.m2\repository\org\eclipse\angus\angus-activation\2.0.0\angus-activation-2.0.0.jar;C:\Users\oc_vh\.m2\repository\org\glassfish\jaxb\txw2\4.0.2\txw2-4.0.2.jar;C:\Users\oc_vh\.m2\repository\com\sun\istack\istack-commons-runtime\4.1.1\istack-commons-runtime-4.1.1.jar;C:\Users\oc_vh\.m2\repository\jakarta\inject\jakarta.inject-api\2.0.1\jakarta.inject-api-2.0.1.jar;C:\Users\oc_vh\.m2\repository\org\antlr\antlr4-runtime\4.10.1\antlr4-runtime-4.10.1.jar;C:\Users\oc_vh\.m2\repository\com\mysql\mysql-connector-j\8.0.33\mysql-connector-j-8.0.33.jar;C:\Users\oc_vh\.m2\repository\com\google\protobuf\protobuf-java\3.21.9\protobuf-java-3.21.9.jar;C:\Users\oc_vh\.m2\repository\org\junit\jupiter\junit-jupiter-api\5.9.2\junit-jupiter-api-5.9.2.jar;C:\Users\oc_vh\.m2\repository\org\opentest4j\opentest4j\1.2.0\opentest4j-1.2.0.jar;C:\Users\oc_vh\.m2\repository\org\junit\platform\junit-platform-commons\1.9.2\junit-platform-commons-1.9.2.jar;C:\Users\oc_vh\.m2\repository\org\apiguardian\apiguardian-api\1.1.2\apiguardian-api-1.1.2.jar;C:\Users\oc_vh\.m2\repository\org\junit\jupiter\junit-jupiter-engine\5.9.2\junit-jupiter-engine-5.9.2.jar;C:\Users\oc_vh\.m2\repository\org\junit\platform\junit-platform-engine\1.9.2\junit-platform-engine-1.9.2.jar
Launcher Type: SUN_STANDARD

[Global flags]
     intx CICompilerCount                          = 4                                         {product} {ergonomic}
     uint ConcGCThreads                            = 3                                         {product} {ergonomic}
     uint G1ConcRefinementThreads                  = 10                                        {product} {ergonomic}
   size_t G1HeapRegionSize                         = 2097152                                   {product} {ergonomic}
    uintx GCDrainStackTargetSize                   = 64                                        {product} {ergonomic}
   size_t InitialHeapSize                          = 264241152                                 {product} {ergonomic}
   size_t MarkStackSize                            = 4194304                                   {product} {ergonomic}
   size_t MaxHeapSize                              = 4198498304                                {product} {ergonomic}
   size_t MaxNewSize                               = 2518679552                                {product} {ergonomic}
   size_t MinHeapDeltaBytes                        = 2097152                                   {product} {ergonomic}
   size_t MinHeapSize                              = 8388608                                   {product} {ergonomic}
    uintx NonNMethodCodeHeapSize                   = 5839372                                {pd product} {ergonomic}
    uintx NonProfiledCodeHeapSize                  = 122909434                              {pd product} {ergonomic}
    uintx ProfiledCodeHeapSize                     = 122909434                              {pd product} {ergonomic}
    uintx ReservedCodeCacheSize                    = 251658240                              {pd product} {ergonomic}
     bool SegmentedCodeCache                       = true                                      {product} {ergonomic}
   size_t SoftMaxHeapSize                          = 4198498304                             {manageable} {ergonomic}
     bool UseCompressedOops                        = true                           {product lp64_product} {ergonomic}
     bool UseG1GC                                  = true                                      {product} {ergonomic}
     bool UseLargePagesIndividualAllocation        = false                                  {pd product} {ergonomic}

Logging:
Log output configuration:
 #0: stdout all=off uptime,level,tags foldmultilines=false
 #1: stderr all=off uptime,level,tags foldmultilines=false

Environment Variables:
JAVA_HOME=C:\Program Files\Java\jdk-21.0.11
PATH=C:\Program Files\Common Files\Oracle\Java\javapath;C:\Program Files\Microsoft MPI\Bin\;C:\windows\system32;C:\windows;C:\windows\System32\Wbem;C:\windows\System32\WindowsPowerShell\v1.0\;C:\windows\System32\OpenSSH\;C:\Program Files (x86)\NVIDIA Corporation\PhysX\Common;C:\Program Files\NVIDIA Corporation\NVIDIA App\NvDLISR;C:\Users\Administrator\AppData\Local\Microsoft\WindowsApps;C:\Program Files\HP\OMEN-Broadcast\Common;C:\Program Files (x86)\Microsoft SQL Server\170\Tools\Binn\;C:\Program Files\Microsoft SQL Server\170\Tools\Binn\;C:\Program Files\Microsoft SQL Server\Client SDK\ODBC\180\Tools\Binn\;C:\Program Files\Microsoft SQL Server\170\DTS\Binn\;C:\Program Files\PuTTY\;C:\Program Files\Microchip\xc8\v2.36\bin;C:\Program Files\Java\jdk-21.0.11\bin;C:\Program Files\Git\cmd;C:\Program Files\Microsoft SQL Server\Client SDK\ODBC\130\Tools\Binn\;C:\Program Files (x86)\Microsoft SQL Server\130\Tools\Binn\;C:\Program Files\Microsoft SQL Server\130\Tools\Binn\;C:\Program Files\Microsoft SQL Server\130\DTS\Binn\;C:\Users\oc_vh\AppData\Local\Microsoft\WindowsApps;C:\Users\oc_vh\AppData\Local\Programs\Microsoft VS Code\bin;C:\Program Files\JetBrains\IntelliJ IDEA 2026.1.2\bin
USERNAME=oc_vh
OS=Windows_NT
PROCESSOR_IDENTIFIER=Intel64 Family 6 Model 186 Stepping 2, GenuineIntel
TMP=C:\Users\oc_vh\AppData\Local\Temp
TEMP=C:\Users\oc_vh\AppData\Local\Temp




Periodic native trim disabled

---------------  S Y S T E M  ---------------

OS:
 Windows 11 , 64 bit Build 26100 (10.0.26100.8328)
OS uptime: 5 days 17:17 hours
Hyper-V role detected

CPU: total 12 (initial active 12) (6 cores per cpu, 2 threads per core) family 6 model 186 stepping 2 microcode 0x6134, cx8, cmov, fxsr, ht, mmx, 3dnowpref, sse, sse2, sse3, ssse3, sse4.1, sse4.2, popcnt, lzcnt, tsc, tscinvbit, avx, avx2, aes, erms, clmul, bmi1, bmi2, adx, sha, fma, vzeroupper, clflush, clflushopt, clwb, hv, serialize, rdtscp, rdpid, fsrm, f16c, cet_ibt, cet_ss
Processor Information for processor 0
  Max Mhz: 2100, Current Mhz: 2100, Mhz Limit: 2100
Processor Information for processor 1
  Max Mhz: 2100, Current Mhz: 2100, Mhz Limit: 2100
Processor Information for processor 2
  Max Mhz: 2100, Current Mhz: 2100, Mhz Limit: 2100
Processor Information for processor 3
  Max Mhz: 2100, Current Mhz: 2100, Mhz Limit: 2100
Processor Information for processor 4
  Max Mhz: 2100, Current Mhz: 2100, Mhz Limit: 2100
Processor Information for processor 5
  Max Mhz: 2100, Current Mhz: 2100, Mhz Limit: 2100
Processor Information for processor 6
  Max Mhz: 2100, Current Mhz: 2100, Mhz Limit: 2100
Processor Information for processor 7
  Max Mhz: 2100, Current Mhz: 2100, Mhz Limit: 2100
Processor Information for processor 8
  Max Mhz: 2100, Current Mhz: 1540, Mhz Limit: 2100
Processor Information for processor 9
  Max Mhz: 2100, Current Mhz: 1540, Mhz Limit: 2100
Processor Information for processor 10
  Max Mhz: 2100, Current Mhz: 1540, Mhz Limit: 2100
Processor Information for processor 11
  Max Mhz: 2100, Current Mhz: 1540, Mhz Limit: 2100

Memory: 4k page, system-wide physical 16013M (1027M free)
TotalPageFile size 31500M (AvailPageFile size 2178M)
current process WorkingSet (physical memory assigned to process): 635M, peak: 750M
current process commit charge ("private bytes"): 614M, peak: 739M

vm_info: Java HotSpot(TM) 64-Bit Server VM (21.0.11+9-LTS-211) for windows-amd64 JRE (21.0.11+9-LTS-211), built on 2026-03-11T00:23:15Z by "mach5run" with MS VC++ 17.13 (VS2022)

END.
