#
# A fatal error has been detected by the Java Runtime Environment:
#
#  EXCEPTION_ACCESS_VIOLATION (0xc0000005) at pc=0x00007ffc3adf64f7, pid=43956, tid=39792
#
# JRE version: Java(TM) SE Runtime Environment (21.0.11+9) (build 21.0.11+9-LTS-211)
# Java VM: Java HotSpot(TM) 64-Bit Server VM (21.0.11+9-LTS-211, mixed mode, sharing, tiered, compressed oops, compressed class ptrs, g1 gc, windows-amd64)
# Problematic frame:
# C  [glass.dll+0x264f7]
#
# No core dump will be written. Minidumps are not enabled by default on client versions of Windows
#
# If you would like to submit a bug report, please visit:
#   https://bugreport.java.com/bugreport/crash.jsp
#

---------------  S U M M A R Y ------------

Command Line: -javaagent:C:\Program Files\JetBrains\IntelliJ IDEA 2026.1.2\lib\idea_rt.jar=57016 -Dfile.encoding=UTF-8 -Dsun.stdout.encoding=UTF-8 -Dsun.stderr.encoding=UTF-8 com.asm.App

Host: 13th Gen Intel(R) Core(TM) i5-13420H, 12 cores, 15G,  Windows 11 , 64 bit Build 26100 (10.0.26100.8328)
Time: Thu May 28 00:32:58 2026 Hora estándar central (México) elapsed time: 322.791722 seconds (0d 0h 5m 22s)

---------------  T H R E A D  ---------------

Current thread (0x000001d07f130560):  VMThread "VM Thread"          [id=39792, stack(0x000000894cb00000,0x000000894cc00000) (1024K)]

Stack: [0x000000894cb00000,0x000000894cc00000],  sp=0x000000894cbff180,  free space=1020k
Native frames: (J=compiled Java code, j=interpreted, Vv=VM code, C=native code)
C  [glass.dll+0x264f7]


siginfo: EXCEPTION_ACCESS_VIOLATION (0xc0000005), reading address 0x0000000000000000


Registers:
RAX=0x0000000000000000, RBX=0x000001d07f1342f2, RCX=0x000001d07f130560, RDX=0x000000894cbff180
RSP=0x000000894cbff180, RBP=0x00003f45e4d7b4b6, RSI=0x000001d054edbe48, RDI=0x000001d054edbe20
R8 =0x0000000000010002, R9 =0x00003f45e4d7b4b6, R10=0x000001d06c8f0000, R11=0x0000000000000050
R12=0x000000007ffe0385, R13=0x0000000000000001, R14=0x000000894cbff288, R15=0x000001d054edbe20
RIP=0x00007ffc3adf64f7, EFLAGS=0x0000000000010206


Register to memory mapping:

RAX=0x0 is null
RBX=0x000001d07f1342f2 is a global jni handle
RCX=0x000001d07f130560 points into unknown readable memory: 0x00007ffbd20331f8 | f8 31 03 d2 fb 7f 00 00
RDX=0x000000894cbff180 points into unknown readable memory: 0x0000000000000000 | 00 00 00 00 00 00 00 00
RSP=0x000000894cbff180 points into unknown readable memory: 0x0000000000000000 | 00 00 00 00 00 00 00 00
RBP=0x00003f45e4d7b4b6 is an unknown value
RSI=0x000001d054edbe48 points into unknown readable memory: 0x00003f45e4d7b4b6 | b6 b4 d7 e4 45 3f 00 00
RDI=0x000001d054edbe20 points into unknown readable memory: 0x56003f5a1bd90378 | 78 03 d9 1b 5a 3f 00 56
R8 =0x0000000000010002 is an unknown value
R9 =0x00003f45e4d7b4b6 is an unknown value
R10=0x000001d06c8f0000 points into unknown readable memory: 0x0000000000000000 | 00 00 00 00 00 00 00 00
R11=0x0000000000000050 is an unknown value
R12=0x000000007ffe0385 points into unknown readable memory: 00 00 00
R13=0x0000000000000001 is an unknown value
R14=0x000000894cbff288 points into unknown readable memory: 0x000000894cbff270 | 70 f2 bf 4c 89 00 00 00
R15=0x000001d054edbe20 points into unknown readable memory: 0x56003f5a1bd90378 | 78 03 d9 1b 5a 3f 00 56

Top of Stack: (sp=0x000000894cbff180)
0x000000894cbff180:   0000000000000000 000001d000000000
0x000000894cbff190:   000001d054027b20 000000007ffe0385
0x000000894cbff1a0:   000001d054edbe28 00007ffc81f0bc75
0x000000894cbff1b0:   000001d054edbe20 000001d000000000
0x000000894cbff1c0:   000001d054edbe40 00003f45e4d7b4b6
0x000000894cbff1d0:   fffffffffffffffe 00007ffc566d0000
0x000000894cbff1e0:   00007ffc3add0000 00007ffc3add0000
0x000000894cbff1f0:   000000894cbff278 00007ffc81f0b897
0x000000894cbff200:   000000894cbff200 000000894cbff288
0x000000894cbff210:   000000894cbff7d0 00007ffc81ff88c0
0x000000894cbff220:   0000000000000001 00007ffc81f0b84d
0x000000894cbff230:   0000000000000000 0000000000000001
0x000000894cbff240:   00007ffc7cf9ed80 000000894cbff278
0x000000894cbff250:   fffffffffffffffe 000000894cbff240
0x000000894cbff260:   0000000000000000 00007ffc3adf3ccd
0x000000894cbff270:   00007ffc3ae0a008 0000000000000002
0x000000894cbff280:   00007ffc00000002 000000894cbff270
0x000000894cbff290:   0000000000000000 00007ffc82010000
0x000000894cbff2a0:   0000000000000000 00007ffc3adf3df2
0x000000894cbff2b0:   0000000000000001 000000894cbff7d0
0x000000894cbff2c0:   0000000000000001 0000000000000000
0x000000894cbff2d0:   0000000000000001 00007ffc80990000
0x000000894cbff2e0:   00007ffc00000001 000000894cbff7d0
0x000000894cbff2f0:   0000000000000000 00007ffc3adf3e40
0x000000894cbff300:   0000000000000001 00007ffc8479f98a
0x000000894cbff310:   00007ffc3add0000 0000000000000000
0x000000894cbff320:   0000000000000001 000000007ffe0384
0x000000894cbff330:   0000000000000000 00007ffc84652d23
0x000000894cbff340:   0000000000000000 000001d06ccc04a8
0x000000894cbff350:   000000000000008d 0000000000000000
0x000000894cbff360:   0000000000000000 0000000000000000
0x000000894cbff370:   0000000000000000 fffff62900000000 

Instructions: (pc=0x00007ffc3adf64f7)
0x00007ffc3adf63f7:   8b 4d 58 e8 8d cf ff ff 48 8b 4d 60 e8 84 cf ff
0x00007ffc3adf6407:   ff 48 8b 95 80 00 00 00 48 8b 8d 18 01 00 00 e8
0x00007ffc3adf6417:   76 c4 ff ff 33 d2 33 c9 e8 cc e1 ff ff 90 48 89
0x00007ffc3adf6427:   54 24 10 55 48 83 ec 20 48 8b ea 48 b8 00 00 00
0x00007ffc3adf6437:   00 00 00 00 00 48 83 c4 20 5d c3 cc 40 55 48 8b
0x00007ffc3adf6447:   ea 48 8b 01 33 c9 81 38 05 00 00 c0 0f 94 c1 8b
0x00007ffc3adf6457:   c1 5d c3 cc 40 55 48 83 ec 20 48 8b ea 8a 4d 40
0x00007ffc3adf6467:   48 83 c4 20 5d e9 73 d3 ff ff cc 40 55 48 83 ec
0x00007ffc3adf6477:   20 48 8b ea 8a 4d 20 e8 61 d3 ff ff 90 48 83 c4
0x00007ffc3adf6487:   20 5d c3 cc 40 55 48 83 ec 20 48 8b ea 48 83 c4
0x00007ffc3adf6497:   20 5d e9 c2 d1 ff ff cc 40 55 48 83 ec 30 48 8b
0x00007ffc3adf64a7:   ea 48 8b 01 8b 10 48 89 4c 24 28 89 54 24 20 4c
0x00007ffc3adf64b7:   8d 0d 63 d6 ff ff 4c 8b 45 70 8b 55 68 48 8b 4d
0x00007ffc3adf64c7:   60 e8 03 d1 ff ff 90 48 83 c4 30 5d c3 cc cc cc
0x00007ffc3adf64d7:   cc cc cc cc cc cc cc cc cc 40 53 48 83 ec 20 48
0x00007ffc3adf64e7:   8b 1d 1b 35 01 00 48 85 db 74 16 e8 89 8f ff ff
0x00007ffc3adf64f7:   4c 8b 00 48 8b d3 48 8b c8 41 ff 90 b0 00 00 00
0x00007ffc3adf6507:   90 48 83 c4 20 5b c3 cc cc 40 53 48 83 ec 20 48
0x00007ffc3adf6517:   8b 1d 8b 36 01 00 48 85 db 74 57 b8 ff ff ff ff
0x00007ffc3adf6527:   f0 0f c1 43 10 83 f8 01 75 3d 48 85 db 74 38 48
0x00007ffc3adf6537:   8b 0b 48 85 c9 74 0d ff 15 64 0d 00 00 48 c7 03
0x00007ffc3adf6547:   00 00 00 00 48 8b 4b 08 48 85 c9 74 0d e8 33 ce
0x00007ffc3adf6557:   ff ff 48 c7 43 08 00 00 00 00 ba 18 00 00 00 48
0x00007ffc3adf6567:   8b cb e8 1e ce ff ff 48 c7 05 2f 36 01 00 00 00
0x00007ffc3adf6577:   00 00 48 83 c4 20 5b c3 cc 40 53 48 83 ec 20 48
0x00007ffc3adf6587:   8b 1d fb 35 01 00 48 85 db 74 57 b8 ff ff ff ff
0x00007ffc3adf6597:   f0 0f c1 43 10 83 f8 01 75 3d 48 85 db 74 38 48
0x00007ffc3adf65a7:   8b 0b 48 85 c9 74 0d ff 15 f4 0c 00 00 48 c7 03
0x00007ffc3adf65b7:   00 00 00 00 48 8b 4b 08 48 85 c9 74 0d e8 c3 cd
0x00007ffc3adf65c7:   ff ff 48 c7 43 08 00 00 00 00 ba 18 00 00 00 48
0x00007ffc3adf65d7:   8b cb e8 ae cd ff ff 48 c7 05 9f 35 01 00 00 00
0x00007ffc3adf65e7:   00 00 48 83 c4 20 5b c3 cc 40 53 48 83 ec 20 48 


Stack slot to memory mapping:

stack at sp + 0 slots: 0x0 is null
stack at sp + 1 slots: 0x000001d000000000 points into unknown readable memory: 0x0000000000000036 | 36 00 00 00 00 00 00 00
stack at sp + 2 slots: 0x000001d054027b20 points into unknown readable memory: 0x000001d0550803d0 | d0 03 08 55 d0 01 00 00
stack at sp + 3 slots: 0x000000007ffe0385 points into unknown readable memory: 00 00 00
stack at sp + 4 slots: 0x000001d054edbe28 points into unknown readable memory: 0x00003f45e4d7b4b6 | b6 b4 d7 e4 45 3f 00 00
stack at sp + 5 slots: 0x00007ffc81f0bc75 ucrtbase.dll
stack at sp + 6 slots: 0x000001d054edbe20 points into unknown readable memory: 0x56003f5a1bd90378 | 78 03 d9 1b 5a 3f 00 56
stack at sp + 7 slots: 0x000001d000000000 points into unknown readable memory: 0x0000000000000036 | 36 00 00 00 00 00 00 00

VM_Operation (0x000000894feff000): Exit, mode: safepoint, requested by thread 0x000001d054a70b20


---------------  P R O C E S S  ---------------

Threads class SMR info:
_java_thread_list=0x000001d05bde4e00, length=29, elements={
0x000001d06cf084b0, 0x000001d07f151350, 0x000001d07f151db0, 0x000001d07f156260,
0x000001d07f158750, 0x000001d07f15d340, 0x000001d07f16b030, 0x000001d07f16ff00,
0x000001d07f1722f0, 0x000001d07f1695f0, 0x000001d07f16bd50, 0x000001d07f16b6c0,
0x000001d07f169c80, 0x000001d07f1688d0, 0x000001d07f16a310, 0x000001d07f168f60,
0x000001d07f16a9a0, 0x000001d054a6d010, 0x000001d054a6af40, 0x000001d054a6dd30,
0x000001d054a6e3c0, 0x000001d054a6bc60, 0x000001d054a6b5d0, 0x000001d054a6f770,
0x000001d054a6c2f0, 0x000001d054a6fe00, 0x000001d054a6f0e0, 0x000001d054a70b20,
0x000001d054a71ed0
}

Java Threads: ( => current thread )
  0x000001d06cf084b0 JavaThread "main"                              [_thread_blocked, id=39852, stack(0x000000894c400000,0x000000894c500000) (1024K)]
  0x000001d07f151350 JavaThread "Reference Handler"          daemon [_thread_blocked, id=32448, stack(0x000000894cc00000,0x000000894cd00000) (1024K)]
  0x000001d07f151db0 JavaThread "Finalizer"                  daemon [_thread_blocked, id=29528, stack(0x000000894cd00000,0x000000894ce00000) (1024K)]
  0x000001d07f156260 JavaThread "Signal Dispatcher"          daemon [_thread_blocked, id=6548, stack(0x000000894ce00000,0x000000894cf00000) (1024K)]
  0x000001d07f158750 JavaThread "Attach Listener"            daemon [_thread_blocked, id=34208, stack(0x000000894cf00000,0x000000894d000000) (1024K)]
  0x000001d07f15d340 JavaThread "Service Thread"             daemon [_thread_blocked, id=36548, stack(0x000000894d000000,0x000000894d100000) (1024K)]
  0x000001d07f16b030 JavaThread "Monitor Deflation Thread"   daemon [_thread_blocked, id=10672, stack(0x000000894d100000,0x000000894d200000) (1024K)]
  0x000001d07f16ff00 JavaThread "C2 CompilerThread0"         daemon [_thread_blocked, id=22824, stack(0x000000894d200000,0x000000894d300000) (1024K)]
  0x000001d07f1722f0 JavaThread "C1 CompilerThread0"         daemon [_thread_blocked, id=6392, stack(0x000000894d300000,0x000000894d400000) (1024K)]
  0x000001d07f1695f0 JavaThread "Common-Cleaner"             daemon [_thread_blocked, id=1840, stack(0x000000894d400000,0x000000894d500000) (1024K)]
  0x000001d07f16bd50 JavaThread "Monitor Ctrl-Break"         daemon [_thread_in_native, id=32568, stack(0x000000894d600000,0x000000894d700000) (1024K)]
  0x000001d07f16b6c0 JavaThread "Notification Thread"        daemon [_thread_blocked, id=15984, stack(0x000000894d700000,0x000000894d800000) (1024K)]
  0x000001d07f169c80 JavaThread "JavaFX-Launcher"                   [_thread_blocked, id=40568, stack(0x000000894d800000,0x000000894d900000) (1024K)]
  0x000001d07f1688d0 JavaThread "RMI TCP Accept-0"           daemon [_thread_in_native, id=18416, stack(0x000000894da00000,0x000000894db00000) (1024K)]
  0x000001d07f16a310 JavaThread "RMI TCP Connection(1)-192.168.100.46" daemon [_thread_in_native, id=24136, stack(0x000000894db00000,0x000000894dc00000) (1024K)]
  0x000001d07f168f60 JavaThread "RMI Scheduler(0)"           daemon [_thread_blocked, id=35436, stack(0x000000894dc00000,0x000000894dd00000) (1024K)]
  0x000001d07f16a9a0 JavaThread "JMX server connection timeout 27" daemon [_thread_blocked, id=30260, stack(0x000000894dd00000,0x000000894de00000) (1024K)]
  0x000001d054a6d010 JavaThread "InvokeLaterDispatcher"      daemon [_thread_blocked, id=17316, stack(0x000000894d900000,0x000000894da00000) (1024K)]
  0x000001d054a6af40 JavaThread "JavaFX Application Thread"         [_thread_in_native, id=35132, stack(0x000000894e800000,0x000000894e900000) (1024K)]
  0x000001d054a6dd30 JavaThread "Thread-2"                   daemon [_thread_in_native, id=41728, stack(0x000000894d500000,0x000000894d600000) (1024K)]
  0x000001d054a6e3c0 JavaThread "mysql-cj-abandoned-connection-cleanup" daemon [_thread_blocked, id=31372, stack(0x000000894fc00000,0x000000894fd00000) (1024K)]
  0x000001d054a6bc60 JavaThread "Hibernate Connection Pool Validation Thread" daemon [_thread_blocked, id=10724, stack(0x000000894fd00000,0x000000894fe00000) (1024K)]
  0x000001d054a6b5d0 JavaThread "Prism Font Disposer"        daemon [_thread_blocked, id=964, stack(0x0000008950000000,0x0000008950100000) (1024K)]
  0x000001d054a6f770 JavaThread "Cleaner-0"                  daemon [_thread_blocked, id=4916, stack(0x0000008950100000,0x0000008950200000) (1024K)]
  0x000001d054a6c2f0 JavaThread "PrinterListener"            daemon [_thread_in_native, id=42432, stack(0x0000008950200000,0x0000008950300000) (1024K)]
  0x000001d054a6fe00 JavaThread "RemotePrinterListener"      daemon [_thread_in_native, id=39432, stack(0x0000008950300000,0x0000008950400000) (1024K)]
  0x000001d054a6f0e0 JavaThread "Java2D Disposer"            daemon [_thread_blocked, id=32524, stack(0x0000008950400000,0x0000008950500000) (1024K)]
  0x000001d054a70b20 JavaThread "SIGINT handler"             daemon [_thread_blocked, id=5316, stack(0x000000894fe00000,0x000000894ff00000) (1024K)]
  0x000001d054a71ed0 JavaThread "AWT-Shutdown"                      [_thread_blocked, id=18708, stack(0x0000008950a00000,0x0000008950b00000) (1024K)]
Total: 29

Other Threads:
=>0x000001d07f130560 VMThread "VM Thread"                           [id=39792, stack(0x000000894cb00000,0x000000894cc00000) (1024K)]
  0x000001d06cf6fbe0 WorkerThread "GC Thread#0"                     [id=2688, stack(0x000000894c500000,0x000000894c600000) (1024K)]
  0x000001d0549f5ee0 WorkerThread "GC Thread#1"                     [id=40156, stack(0x000000894de00000,0x000000894df00000) (1024K)]
  0x000001d0549f66a0 WorkerThread "GC Thread#2"                     [id=3504, stack(0x000000894df00000,0x000000894e000000) (1024K)]
  0x000001d0549f8a60 WorkerThread "GC Thread#3"                     [id=2984, stack(0x000000894e000000,0x000000894e100000) (1024K)]
  0x000001d0549f4440 WorkerThread "GC Thread#4"                     [id=13276, stack(0x000000894e100000,0x000000894e200000) (1024K)]
  0x000001d0549f47f0 WorkerThread "GC Thread#5"                     [id=40256, stack(0x000000894e200000,0x000000894e300000) (1024K)]
  0x000001d054a15740 WorkerThread "GC Thread#6"                     [id=10896, stack(0x000000894e300000,0x000000894e400000) (1024K)]
  0x000001d054a45380 WorkerThread "GC Thread#7"                     [id=30984, stack(0x000000894e400000,0x000000894e500000) (1024K)]
  0x000001d054a46750 WorkerThread "GC Thread#8"                     [id=36080, stack(0x000000894e500000,0x000000894e600000) (1024K)]
  0x000001d054a48580 WorkerThread "GC Thread#9"                     [id=35024, stack(0x000000894e600000,0x000000894e700000) (1024K)]
  0x000001d06cf80d30 ConcurrentGCThread "G1 Main Marker"            terminated
  0x000001d06cf825d0 WorkerThread "G1 Conc#0"                       [id=14332, stack(0x000000894c700000,0x000000894c800000) (1024K)]
  0x000001d054a47310 WorkerThread "G1 Conc#1"                       [id=4544, stack(0x000000894fa00000,0x000000894fb00000) (1024K)]
  0x000001d054a47a70 WorkerThread "G1 Conc#2"                       [id=34080, stack(0x000000894fb00000,0x000000894fc00000) (1024K)]
  0x000001d07efeb5f0 ConcurrentGCThread "G1 Refine#0"               terminated
  0x000001d07efecf30 ConcurrentGCThread "G1 Service"                terminated
Total: 17

Threads with active compile tasks:
Total: 0

VM state: at safepoint (shutting down)

VM Mutex/Monitor currently owned by a thread:  ([mutex/lock_event])
[0x00007ffbd21faf50] Threads_lock - owner thread: 0x000001d07f130560
[0x00007ffbd21fb050] Heap_lock - owner thread: 0x000001d054a70b20

Heap address: 0x0000000705c00000, size: 4004 MB, Compressed Oops mode: Zero based, Oop shift amount: 3

CDS archive(s) mapped at: [0x000001d00f000000-0x000001d00fc90000-0x000001d00fc90000), size 13172736, SharedBaseAddress: 0x000001d00f000000, ArchiveRelocationMode: 1.
Compressed class space mapped at: 0x000001d010000000-0x000001d050000000, reserved size: 1073741824
Narrow klass base: 0x000001d00f000000, Narrow klass shift: 0, Narrow klass range: 0x100000000

GC Precious Log:
 CardTable entry size: 512
 Card Set container configuration: InlinePtr #cards 4 size 8 Array Of Cards #cards 16 size 48 Howl #buckets 8 coarsen threshold 3686 Howl Bitmap #cards 512 size 80 coarsen threshold 460 Card regions per heap region 1 cards per card region 4096
 CPUs: 12 total, 12 available
 Memory: 16013M
 Large Page Support: Disabled
 NUMA Support: Disabled
 Compressed Oops: Enabled (Zero based)
 Heap Region Size: 2M
 Heap Min Capacity: 8M
 Heap Initial Capacity: 252M
 Heap Max Capacity: 4004M
 Pre-touch: Disabled
 Parallel Workers: 10
 Concurrent Workers: 3
 Concurrent Refinement Workers: 10
 Periodic GC: Disabled

Heap:
 garbage-first heap   total 96256K, used 35433K [0x0000000705c00000, 0x0000000800000000)
  region size 2048K, 8 young (16384K), 2 survivors (4096K)
 Metaspace       used 62433K, committed 63040K, reserved 1114112K
  class space    used 8557K, committed 8832K, reserved 1048576K

Heap Regions: E=young(eden), S=young(survivor), O=old, HS=humongous(starts), HC=humongous(continues), CS=collection set, F=free, TAMS=top-at-mark-start, PB=parsable bottom
|   0|0x0000000705c00000, 0x0000000705e00000, 0x0000000705e00000|100%| O|  |TAMS 0x0000000705c00000| PB 0x0000000705c00000| Untracked 
|   1|0x0000000705e00000, 0x0000000706000000, 0x0000000706000000|100%| O|  |TAMS 0x0000000705e00000| PB 0x0000000705e00000| Untracked 
|   2|0x0000000706000000, 0x0000000706200000, 0x0000000706200000|100%| O|  |TAMS 0x0000000706000000| PB 0x0000000706000000| Untracked 
|   3|0x0000000706200000, 0x0000000706400000, 0x0000000706400000|100%| O|  |TAMS 0x0000000706200000| PB 0x0000000706200000| Untracked 
|   4|0x0000000706400000, 0x0000000706600000, 0x0000000706600000|100%| O|  |TAMS 0x0000000706400000| PB 0x0000000706400000| Untracked 
|   5|0x0000000706600000, 0x0000000706800000, 0x0000000706800000|100%| O|  |TAMS 0x0000000706600000| PB 0x0000000706600000| Untracked 
|   6|0x0000000706800000, 0x0000000706a00000, 0x0000000706a00000|100%| O|  |TAMS 0x0000000706800000| PB 0x0000000706800000| Untracked 
|   7|0x0000000706a00000, 0x0000000706c00000, 0x0000000706c00000|100%| O|Cm|TAMS 0x0000000706a00000| PB 0x0000000706a00000| Complete 
|   8|0x0000000706c00000, 0x0000000706e00000, 0x0000000706e00000|100%|HS|  |TAMS 0x0000000706c00000| PB 0x0000000706c00000| Complete 
|   9|0x0000000706e00000, 0x0000000707000000, 0x0000000707000000|100%| O|  |TAMS 0x0000000706e00000| PB 0x0000000706e00000| Untracked 
|  10|0x0000000707000000, 0x00000007071d1940, 0x0000000707200000| 90%| O|  |TAMS 0x0000000707000000| PB 0x0000000707000000| Untracked 
|  11|0x0000000707200000, 0x0000000707200000, 0x0000000707400000|  0%| F|  |TAMS 0x0000000707200000| PB 0x0000000707200000| Untracked 
|  12|0x0000000707400000, 0x0000000707400000, 0x0000000707600000|  0%| F|  |TAMS 0x0000000707400000| PB 0x0000000707400000| Untracked 
|  13|0x0000000707600000, 0x0000000707600000, 0x0000000707800000|  0%| F|  |TAMS 0x0000000707600000| PB 0x0000000707600000| Untracked 
|  14|0x0000000707800000, 0x00000007078c8b78, 0x0000000707a00000| 39%| S|CS|TAMS 0x0000000707800000| PB 0x0000000707800000| Complete 
|  15|0x0000000707a00000, 0x0000000707c00000, 0x0000000707c00000|100%| S|CS|TAMS 0x0000000707a00000| PB 0x0000000707a00000| Complete 
|  16|0x0000000707c00000, 0x0000000707c00000, 0x0000000707e00000|  0%| F|  |TAMS 0x0000000707c00000| PB 0x0000000707c00000| Untracked 
|  17|0x0000000707e00000, 0x0000000707e00000, 0x0000000708000000|  0%| F|  |TAMS 0x0000000707e00000| PB 0x0000000707e00000| Untracked 
|  18|0x0000000708000000, 0x0000000708000000, 0x0000000708200000|  0%| F|  |TAMS 0x0000000708000000| PB 0x0000000708000000| Untracked 
|  19|0x0000000708200000, 0x0000000708200000, 0x0000000708400000|  0%| F|  |TAMS 0x0000000708200000| PB 0x0000000708200000| Untracked 
|  20|0x0000000708400000, 0x0000000708400000, 0x0000000708600000|  0%| F|  |TAMS 0x0000000708400000| PB 0x0000000708400000| Untracked 
|  21|0x0000000708600000, 0x0000000708600000, 0x0000000708800000|  0%| F|  |TAMS 0x0000000708600000| PB 0x0000000708600000| Untracked 
|  22|0x0000000708800000, 0x0000000708800000, 0x0000000708a00000|  0%| F|  |TAMS 0x0000000708800000| PB 0x0000000708800000| Untracked 
|  23|0x0000000708a00000, 0x0000000708a00000, 0x0000000708c00000|  0%| F|  |TAMS 0x0000000708a00000| PB 0x0000000708a00000| Untracked 
|  24|0x0000000708c00000, 0x0000000708c00000, 0x0000000708e00000|  0%| F|  |TAMS 0x0000000708c00000| PB 0x0000000708c00000| Untracked 
|  25|0x0000000708e00000, 0x0000000708e00000, 0x0000000709000000|  0%| F|  |TAMS 0x0000000708e00000| PB 0x0000000708e00000| Untracked 
|  26|0x0000000709000000, 0x0000000709000000, 0x0000000709200000|  0%| F|  |TAMS 0x0000000709000000| PB 0x0000000709000000| Untracked 
|  27|0x0000000709200000, 0x0000000709200000, 0x0000000709400000|  0%| F|  |TAMS 0x0000000709200000| PB 0x0000000709200000| Untracked 
|  28|0x0000000709400000, 0x0000000709400000, 0x0000000709600000|  0%| F|  |TAMS 0x0000000709400000| PB 0x0000000709400000| Untracked 
|  29|0x0000000709600000, 0x0000000709600000, 0x0000000709800000|  0%| F|  |TAMS 0x0000000709600000| PB 0x0000000709600000| Untracked 
|  30|0x0000000709800000, 0x0000000709800000, 0x0000000709a00000|  0%| F|  |TAMS 0x0000000709800000| PB 0x0000000709800000| Untracked 
|  31|0x0000000709a00000, 0x0000000709a00000, 0x0000000709c00000|  0%| F|  |TAMS 0x0000000709a00000| PB 0x0000000709a00000| Untracked 
|  32|0x0000000709c00000, 0x0000000709c00000, 0x0000000709e00000|  0%| F|  |TAMS 0x0000000709c00000| PB 0x0000000709c00000| Untracked 
|  33|0x0000000709e00000, 0x0000000709e00000, 0x000000070a000000|  0%| F|  |TAMS 0x0000000709e00000| PB 0x0000000709e00000| Untracked 
|  34|0x000000070a000000, 0x000000070a000000, 0x000000070a200000|  0%| F|  |TAMS 0x000000070a000000| PB 0x000000070a000000| Untracked 
|  35|0x000000070a200000, 0x000000070a200000, 0x000000070a400000|  0%| F|  |TAMS 0x000000070a200000| PB 0x000000070a200000| Untracked 
|  36|0x000000070a400000, 0x000000070a400000, 0x000000070a600000|  0%| F|  |TAMS 0x000000070a400000| PB 0x000000070a400000| Untracked 
|  37|0x000000070a600000, 0x000000070a600000, 0x000000070a800000|  0%| F|  |TAMS 0x000000070a600000| PB 0x000000070a600000| Untracked 
|  38|0x000000070a800000, 0x000000070a800000, 0x000000070aa00000|  0%| F|  |TAMS 0x000000070a800000| PB 0x000000070a800000| Untracked 
|  39|0x000000070aa00000, 0x000000070aa00000, 0x000000070ac00000|  0%| F|  |TAMS 0x000000070aa00000| PB 0x000000070aa00000| Untracked 
|  40|0x000000070ac00000, 0x000000070ac00000, 0x000000070ae00000|  0%| F|  |TAMS 0x000000070ac00000| PB 0x000000070ac00000| Untracked 
|  41|0x000000070ae00000, 0x000000070ae98298, 0x000000070b000000| 29%| E|  |TAMS 0x000000070ae00000| PB 0x000000070ae00000| Complete 
|  42|0x000000070b000000, 0x000000070b200000, 0x000000070b200000|100%| E|CS|TAMS 0x000000070b000000| PB 0x000000070b000000| Complete 
|  43|0x000000070b200000, 0x000000070b400000, 0x000000070b400000|100%| E|CS|TAMS 0x000000070b200000| PB 0x000000070b200000| Complete 
|  44|0x000000070b400000, 0x000000070b600000, 0x000000070b600000|100%| E|CS|TAMS 0x000000070b400000| PB 0x000000070b400000| Complete 
|  45|0x000000070b600000, 0x000000070b800000, 0x000000070b800000|100%| E|CS|TAMS 0x000000070b600000| PB 0x000000070b600000| Complete 
| 125|0x0000000715600000, 0x0000000715800000, 0x0000000715800000|100%| E|CS|TAMS 0x0000000715600000| PB 0x0000000715600000| Complete 

Card table byte_map: [0x000001d077df0000,0x000001d0785d0000] _byte_map_base: 0x000001d0745c2000

Marking Bits: (CMBitMap*) 0x000001d06cf70a10
 Bits: [0x000001d0785d0000, 0x000001d07c460000)

Polling page: 0x000001d06cc30000

Metaspace:

Usage:
  Non-class:     52.61 MB used.
      Class:      8.36 MB used.
       Both:     60.97 MB used.

Virtual space:
  Non-class space:       64.00 MB reserved,      52.94 MB ( 83%) committed,  1 nodes.
      Class space:        1.00 GB reserved,       8.62 MB ( <1%) committed,  1 nodes.
             Both:        1.06 GB reserved,      61.56 MB (  6%) committed. 

Chunk freelists:
   Non-Class:  10.97 MB
       Class:  7.24 MB
        Both:  18.21 MB

MaxMetaspaceSize: unlimited
CompressedClassSpaceSize: 1.00 GB
Initial GC threshold: 21.00 MB
Current GC threshold: 99.06 MB
CDS: on
 - commit_granule_bytes: 65536.
 - commit_granule_words: 8192.
 - virtual_space_node_default_size: 8388608.
 - enlarge_chunks_in_place: 1.
 - use_allocation_guard: 0.


Internal statistics:

num_allocs_failed_limit: 12.
num_arena_births: 748.
num_arena_deaths: 0.
num_vsnodes_births: 2.
num_vsnodes_deaths: 0.
num_space_committed: 985.
num_space_uncommitted: 0.
num_chunks_returned_to_freelist: 12.
num_chunks_taken_from_freelist: 2581.
num_chunk_merges: 9.
num_chunk_splits: 1842.
num_chunks_enlarged: 1398.
num_inconsistent_stats: 0.

CodeHeap 'non-profiled nmethods': size=120000Kb used=3052Kb max_used=3052Kb free=116947Kb
 bounds [0x000001d007ad0000, 0x000001d007dd0000, 0x000001d00f000000]
CodeHeap 'profiled nmethods': size=120000Kb used=11190Kb max_used=11190Kb free=108809Kb
 bounds [0x000001d000000000, 0x000001d000af0000, 0x000001d007530000]
CodeHeap 'non-nmethods': size=5760Kb used=2161Kb max_used=2208Kb free=3598Kb
 bounds [0x000001d007530000, 0x000001d0077a0000, 0x000001d007ad0000]
 total_blobs=6838 nmethods=5747 adapters=993
 compilation: enabled
              stopped_count=0, restarted_count=0
 full_count=0

Compilation events (20 events):
Event: 310.312 Thread 0x000001d07f1722f0 6240       3       java.util.concurrent.locks.LockSupport::setBlocker (12 bytes)
Event: 310.312 Thread 0x000001d07f1722f0 nmethod 6240 0x000001d000ae8910 code [0x000001d000ae8ac0, 0x000001d000ae8cd0]
Event: 314.629 Thread 0x000001d07f16ff00 6241       4       java.lang.Long::valueOf (40 bytes)
Event: 314.631 Thread 0x000001d07f16ff00 nmethod 6241 0x000001d007dcaa90 code [0x000001d007dcac20, 0x000001d007dcad38]
Event: 321.008 Thread 0x000001d07f16ff00 6242       4       java.io.ObjectStreamClass::getSerialVersionUID (42 bytes)
Event: 321.009 Thread 0x000001d07f16ff00 nmethod 6242 0x000001d007dcae10 code [0x000001d007dcafa0, 0x000001d007dcb068]
Event: 322.117 Thread 0x000001d07f1722f0 6243       3       java.util.logging.LogManager$4::<init> (26 bytes)
Event: 322.118 Thread 0x000001d07f1722f0 nmethod 6243 0x000001d000ae8d90 code [0x000001d000ae8f40, 0x000001d000ae9238]
Event: 322.118 Thread 0x000001d07f1722f0 6245       3       java.util.logging.LogManager::setLoggerHandlers (101 bytes)
Event: 322.119 Thread 0x000001d07f1722f0 nmethod 6245 0x000001d000ae9310 code [0x000001d000ae96e0, 0x000001d000aeb018]
Event: 322.119 Thread 0x000001d07f1722f0 6244       3       java.util.logging.LogManager$4::run (5 bytes)
Event: 322.120 Thread 0x000001d07f1722f0 nmethod 6244 0x000001d000aeb890 code [0x000001d000aeba40, 0x000001d000aebb98]
Event: 322.120 Thread 0x000001d07f1722f0 6246       3       java.util.concurrent.ConcurrentHashMap$KeyIterator::next (34 bytes)
Event: 322.120 Thread 0x000001d07f1722f0 nmethod 6246 0x000001d000aebc90 code [0x000001d000aebe60, 0x000001d000aec138]
Event: 322.120 Thread 0x000001d07f1722f0 6247       3       java.util.logging.Logger::updateEffectiveLevel (126 bytes)
Event: 322.121 Thread 0x000001d07f1722f0 nmethod 6247 0x000001d000aec290 code [0x000001d000aec4e0, 0x000001d000aed010]
Event: 322.121 Thread 0x000001d07f1722f0 6248       3       java.util.logging.Logger::getHandlers (5 bytes)
Event: 322.121 Thread 0x000001d07f1722f0 nmethod 6248 0x000001d000aed390 code [0x000001d000aed540, 0x000001d000aed708]
Event: 322.121 Thread 0x000001d07f1722f0 6249       3       java.util.logging.Logger::accessCheckedHandlers (17 bytes)
Event: 322.121 Thread 0x000001d07f1722f0 nmethod 6249 0x000001d000aed790 code [0x000001d000aed940, 0x000001d000aedc18]

GC Heap History (20 events):
Event: 0.740 GC heap before
{Heap before GC invocations=0 (full 0):
 garbage-first heap   total 258048K, used 20480K [0x0000000705c00000, 0x0000000800000000)
  region size 2048K, 11 young (22528K), 0 survivors (0K)
 Metaspace       used 7752K, committed 8000K, reserved 1114112K
  class space    used 843K, committed 960K, reserved 1048576K
}
Event: 0.747 GC heap after
{Heap after GC invocations=1 (full 0):
 garbage-first heap   total 258048K, used 5823K [0x0000000705c00000, 0x0000000800000000)
  region size 2048K, 2 young (4096K), 2 survivors (4096K)
 Metaspace       used 7752K, committed 8000K, reserved 1114112K
  class space    used 843K, committed 960K, reserved 1048576K
}
Event: 1.813 GC heap before
{Heap before GC invocations=1 (full 0):
 garbage-first heap   total 258048K, used 32447K [0x0000000705c00000, 0x0000000800000000)
  region size 2048K, 16 young (32768K), 2 survivors (4096K)
 Metaspace       used 17589K, committed 17984K, reserved 1114112K
  class space    used 2204K, committed 2432K, reserved 1048576K
}
Event: 1.821 GC heap after
{Heap after GC invocations=2 (full 0):
 garbage-first heap   total 258048K, used 9886K [0x0000000705c00000, 0x0000000800000000)
  region size 2048K, 2 young (4096K), 2 survivors (4096K)
 Metaspace       used 17589K, committed 17984K, reserved 1114112K
  class space    used 2204K, committed 2432K, reserved 1048576K
}
Event: 2.018 GC heap before
{Heap before GC invocations=2 (full 0):
 garbage-first heap   total 258048K, used 16030K [0x0000000705c00000, 0x0000000800000000)
  region size 2048K, 6 young (12288K), 2 survivors (4096K)
 Metaspace       used 21163K, committed 21504K, reserved 1114112K
  class space    used 2642K, committed 2816K, reserved 1048576K
}
Event: 2.021 GC heap after
{Heap after GC invocations=3 (full 0):
 garbage-first heap   total 258048K, used 10635K [0x0000000705c00000, 0x0000000800000000)
  region size 2048K, 3 young (6144K), 3 survivors (6144K)
 Metaspace       used 21163K, committed 21504K, reserved 1114112K
  class space    used 2642K, committed 2816K, reserved 1048576K
}
Event: 2.762 GC heap before
{Heap before GC invocations=4 (full 0):
 garbage-first heap   total 49152K, used 33163K [0x0000000705c00000, 0x0000000800000000)
  region size 2048K, 14 young (28672K), 3 survivors (6144K)
 Metaspace       used 31173K, committed 31616K, reserved 1114112K
  class space    used 3884K, committed 4096K, reserved 1048576K
}
Event: 2.768 GC heap after
{Heap after GC invocations=5 (full 0):
 garbage-first heap   total 49152K, used 13873K [0x0000000705c00000, 0x0000000800000000)
  region size 2048K, 2 young (4096K), 2 survivors (4096K)
 Metaspace       used 31173K, committed 31616K, reserved 1114112K
  class space    used 3884K, committed 4096K, reserved 1048576K
}
Event: 3.152 GC heap before
{Heap before GC invocations=5 (full 0):
 garbage-first heap   total 49152K, used 28209K [0x0000000705c00000, 0x0000000800000000)
  region size 2048K, 10 young (20480K), 2 survivors (4096K)
 Metaspace       used 35556K, committed 35968K, reserved 1114112K
  class space    used 4493K, committed 4672K, reserved 1048576K
}
Event: 3.159 GC heap after
{Heap after GC invocations=6 (full 0):
 garbage-first heap   total 49152K, used 14945K [0x0000000705c00000, 0x0000000800000000)
  region size 2048K, 1 young (2048K), 1 survivors (2048K)
 Metaspace       used 35556K, committed 35968K, reserved 1114112K
  class space    used 4493K, committed 4672K, reserved 1048576K
}
Event: 3.188 GC heap before
{Heap before GC invocations=6 (full 0):
 garbage-first heap   total 49152K, used 14945K [0x0000000705c00000, 0x0000000800000000)
  region size 2048K, 2 young (4096K), 1 survivors (2048K)
 Metaspace       used 35879K, committed 36288K, reserved 1114112K
  class space    used 4536K, committed 4736K, reserved 1048576K
}
Event: 3.191 GC heap after
{Heap after GC invocations=7 (full 0):
 garbage-first heap   total 49152K, used 14881K [0x0000000705c00000, 0x0000000800000000)
  region size 2048K, 1 young (2048K), 1 survivors (2048K)
 Metaspace       used 35879K, committed 36288K, reserved 1114112K
  class space    used 4536K, committed 4736K, reserved 1048576K
}
Event: 3.748 GC heap before
{Heap before GC invocations=8 (full 0):
 garbage-first heap   total 49152K, used 37409K [0x0000000705c00000, 0x0000000800000000)
  region size 2048K, 12 young (24576K), 1 survivors (2048K)
 Metaspace       used 42695K, committed 43136K, reserved 1114112K
  class space    used 5638K, committed 5824K, reserved 1048576K
}
Event: 3.750 GC heap after
{Heap after GC invocations=9 (full 0):
 garbage-first heap   total 49152K, used 15758K [0x0000000705c00000, 0x0000000800000000)
  region size 2048K, 1 young (2048K), 1 survivors (2048K)
 Metaspace       used 42695K, committed 43136K, reserved 1114112K
  class space    used 5638K, committed 5824K, reserved 1048576K
}
Event: 4.472 GC heap before
{Heap before GC invocations=9 (full 0):
 garbage-first heap   total 49152K, used 38286K [0x0000000705c00000, 0x0000000800000000)
  region size 2048K, 13 young (26624K), 1 survivors (2048K)
 Metaspace       used 50066K, committed 50624K, reserved 1114112K
  class space    used 6712K, committed 6976K, reserved 1048576K
}
Event: 4.475 GC heap after
{Heap after GC invocations=10 (full 0):
 garbage-first heap   total 49152K, used 17431K [0x0000000705c00000, 0x0000000800000000)
  region size 2048K, 2 young (4096K), 2 survivors (4096K)
 Metaspace       used 50066K, committed 50624K, reserved 1114112K
  class space    used 6712K, committed 6976K, reserved 1048576K
}
Event: 5.339 GC heap before
{Heap before GC invocations=10 (full 0):
 garbage-first heap   total 49152K, used 39959K [0x0000000705c00000, 0x0000000800000000)
  region size 2048K, 13 young (26624K), 2 survivors (4096K)
 Metaspace       used 56422K, committed 56960K, reserved 1114112K
  class space    used 7930K, committed 8192K, reserved 1048576K
}
Event: 5.349 GC heap after
{Heap after GC invocations=11 (full 0):
 garbage-first heap   total 49152K, used 20069K [0x0000000705c00000, 0x0000000800000000)
  region size 2048K, 2 young (4096K), 2 survivors (4096K)
 Metaspace       used 56422K, committed 56960K, reserved 1114112K
  class space    used 7930K, committed 8192K, reserved 1048576K
}
Event: 10.279 GC heap before
{Heap before GC invocations=11 (full 0):
 garbage-first heap   total 49152K, used 36453K [0x0000000705c00000, 0x0000000800000000)
  region size 2048K, 10 young (20480K), 2 survivors (4096K)
 Metaspace       used 60086K, committed 60608K, reserved 1114112K
  class space    used 8330K, committed 8576K, reserved 1048576K
}
Event: 10.285 GC heap after
{Heap after GC invocations=12 (full 0):
 garbage-first heap   total 153600K, used 25193K [0x0000000705c00000, 0x0000000800000000)
  region size 2048K, 2 young (4096K), 2 survivors (4096K)
 Metaspace       used 60086K, committed 60608K, reserved 1114112K
  class space    used 8330K, committed 8576K, reserved 1048576K
}

Dll operation events (20 events):
Event: 0.637 Loaded shared library C:\Users\oc_vh\.openjfx\cache\21.0.2+5\amd64\api-ms-win-crt-runtime-l1-1-0.dll
Event: 0.642 Loaded shared library C:\Users\oc_vh\.openjfx\cache\21.0.2+5\amd64\api-ms-win-crt-stdio-l1-1-0.dll
Event: 0.646 Loaded shared library C:\Users\oc_vh\.openjfx\cache\21.0.2+5\amd64\api-ms-win-crt-string-l1-1-0.dll
Event: 0.651 Loaded shared library C:\Users\oc_vh\.openjfx\cache\21.0.2+5\amd64\api-ms-win-crt-time-l1-1-0.dll
Event: 0.655 Loaded shared library C:\Users\oc_vh\.openjfx\cache\21.0.2+5\amd64\api-ms-win-crt-utility-l1-1-0.dll
Event: 0.676 Loaded shared library C:\Users\oc_vh\.openjfx\cache\21.0.2+5\amd64\ucrtbase.dll
Event: 0.685 Loaded shared library C:\Users\oc_vh\.openjfx\cache\21.0.2+5\amd64\vcruntime140.dll
Event: 0.691 Loaded shared library C:\Users\oc_vh\.openjfx\cache\21.0.2+5\amd64\vcruntime140_1.dll
Event: 0.704 Loaded shared library C:\Users\oc_vh\.openjfx\cache\21.0.2+5\amd64\msvcp140.dll
Event: 0.709 Loaded shared library C:\Users\oc_vh\.openjfx\cache\21.0.2+5\amd64\msvcp140_1.dll
Event: 0.717 Loaded shared library C:\Users\oc_vh\.openjfx\cache\21.0.2+5\amd64\msvcp140_2.dll
Event: 0.794 Loaded shared library C:\Users\oc_vh\.openjfx\cache\21.0.2+5\amd64\prism_d3d.dll
Event: 0.963 Loaded shared library C:\Users\oc_vh\.openjfx\cache\21.0.2+5\amd64\glass.dll
Event: 1.278 Loaded shared library C:\Users\oc_vh\.openjfx\cache\21.0.2+5\amd64\javafx_font.dll
Event: 2.294 Loaded shared library C:\Program Files\Java\jdk-21.0.11\bin\sunmscapi.dll
Event: 2.974 Loaded shared library C:\Program Files\Java\jdk-21.0.11\bin\verify.dll
Event: 10.205 Loaded shared library C:\Program Files\Java\jdk-21.0.11\bin\awt.dll
Event: 10.240 Loaded shared library C:\Users\oc_vh\.openjfx\cache\21.0.2+5\amd64\prism_common.dll
Event: 10.339 Loaded shared library C:\Program Files\Java\jdk-21.0.11\bin\freetype.dll
Event: 10.340 Loaded shared library C:\Program Files\Java\jdk-21.0.11\bin\fontmanager.dll

Deoptimization events (20 events):
Event: 10.842 Thread 0x000001d054a6af40 Uncommon trap: trap_request=0xffffff45 fr.pc=0x000001d007d08a98 relative=0x00000000000007f8
Event: 10.842 Thread 0x000001d054a6af40 Uncommon trap: reason=unstable_if action=reinterpret pc=0x000001d007d08a98 method=java.util.HashMap.putVal(ILjava/lang/Object;Ljava/lang/Object;ZZ)Ljava/lang/Object; @ 206 c2
Event: 10.842 Thread 0x000001d054a6af40 DEOPT PACKING pc=0x000001d007d08a98 sp=0x000000894e8f7b10
Event: 10.842 Thread 0x000001d054a6af40 DEOPT UNPACKING pc=0x000001d0075846a2 sp=0x000000894e8f7aa8 mode 2
Event: 300.711 Thread 0x000001d07f16a310 Uncommon trap: trap_request=0xffffff45 fr.pc=0x000001d007da7370 relative=0x0000000000002f30
Event: 300.711 Thread 0x000001d07f16a310 Uncommon trap: reason=unstable_if action=reinterpret pc=0x000001d007da7370 method=java.io.ObjectStreamField.isPrimitive()Z @ 14 c2
Event: 300.711 Thread 0x000001d07f16a310 DEOPT PACKING pc=0x000001d007da7370 sp=0x000000894dbfe100
Event: 300.711 Thread 0x000001d07f16a310 DEOPT UNPACKING pc=0x000001d0075846a2 sp=0x000000894dbfdfa8 mode 2
Event: 300.711 Thread 0x000001d07f16a310 Uncommon trap: trap_request=0xffffff45 fr.pc=0x000001d007da118c relative=0x000000000000144c
Event: 300.711 Thread 0x000001d07f16a310 Uncommon trap: reason=unstable_if action=reinterpret pc=0x000001d007da118c method=java.io.ObjectStreamClass$FieldReflector.getObjFieldValues(Ljava/lang/Object;[Ljava/lang/Object;)V @ 39 c2
Event: 300.711 Thread 0x000001d07f16a310 DEOPT PACKING pc=0x000001d007da118c sp=0x000000894dbfe110
Event: 300.711 Thread 0x000001d07f16a310 DEOPT UNPACKING pc=0x000001d0075846a2 sp=0x000000894dbfdfe0 mode 2
Event: 300.712 Thread 0x000001d07f16a310 Uncommon trap: trap_request=0xffffff45 fr.pc=0x000001d007d9361c relative=0x000000000000285c
Event: 300.712 Thread 0x000001d07f16a310 Uncommon trap: reason=unstable_if action=reinterpret pc=0x000001d007d9361c method=java.io.ObjectOutputStream.writeObject0(Ljava/lang/Object;Z)V @ 459 c2
Event: 300.712 Thread 0x000001d07f16a310 DEOPT PACKING pc=0x000001d007d9361c sp=0x000000894dbfe040
Event: 300.712 Thread 0x000001d07f16a310 DEOPT UNPACKING pc=0x000001d0075846a2 sp=0x000000894dbfe028 mode 2
Event: 322.122 Thread 0x000001d054a6c980 Uncommon trap: trap_request=0xffffff45 fr.pc=0x000001d007db4378 relative=0x0000000000000058
Event: 322.122 Thread 0x000001d054a6c980 Uncommon trap: reason=unstable_if action=reinterpret pc=0x000001d007db4378 method=java.lang.Thread.getAndClearInterrupt()Z @ 6 c2
Event: 322.122 Thread 0x000001d054a6c980 DEOPT PACKING pc=0x000001d007db4378 sp=0x000000894e7ff2e0
Event: 322.122 Thread 0x000001d054a6c980 DEOPT UNPACKING pc=0x000001d0075846a2 sp=0x000000894e7ff218 mode 2

Classes loaded (20 events):
Event: 12.952 Loading class sun/awt/im/ExecutableInputMethodManager$3
Event: 12.952 Loading class sun/awt/im/ExecutableInputMethodManager$3 done
Event: 12.953 Loading class sun/awt/windows/WInputMethod
Event: 12.953 Loading class sun/awt/im/InputMethodAdapter
Event: 12.954 Loading class java/awt/im/spi/InputMethod
Event: 12.954 Loading class java/awt/im/spi/InputMethod done
Event: 12.954 Loading class sun/awt/im/InputMethodAdapter done
Event: 12.954 Loading class sun/awt/windows/WInputMethod done
Event: 12.954 Loading class java/awt/Color
Event: 12.954 Loading class java/awt/Paint
Event: 12.954 Loading class java/awt/Paint done
Event: 12.954 Loading class java/awt/Color done
Event: 14.230 Loading class java/util/IdentityHashMap$ValueIterator
Event: 14.230 Loading class java/util/IdentityHashMap$ValueIterator done
Event: 14.230 Loading class sun/awt/AppContext$PostShutdownEventRunnable
Event: 14.230 Loading class sun/awt/AppContext$PostShutdownEventRunnable done
Event: 14.230 Loading class sun/awt/AWTAutoShutdown$1
Event: 14.230 Loading class sun/awt/AWTAutoShutdown$1 done
Event: 322.116 Loading class jdk/internal/misc/Signal$1
Event: 322.116 Loading class jdk/internal/misc/Signal$1 done

Classes unloaded (0 events):
No events

Classes redefined (0 events):
No events

Internal exceptions (20 events):
Event: 4.628 Thread 0x000001d054a6af40 Implicit null exception at 0x000001d007b89ebd to 0x000001d007b89f41
Event: 4.762 Thread 0x000001d054a6af40 Exception <a 'java/lang/IncompatibleClassChangeError'{0x00000007083cb718}: Found class java.lang.Object, but interface was expected> (0x00000007083cb718) 
thrown [s\open\src\hotspot\share\interpreter\linkResolver.cpp, line 840]
Event: 5.037 Thread 0x000001d054a6af40 Exception <a 'java/io/FileNotFoundException'{0x00000007078c8838}> (0x00000007078c8838) 
thrown [s\open\src\hotspot\share\prims\jni.cpp, line 520]
Event: 5.038 Thread 0x000001d054a6af40 Exception <a 'java/io/FileNotFoundException'{0x00000007078f3a08}> (0x00000007078f3a08) 
thrown [s\open\src\hotspot\share\prims\jni.cpp, line 520]
Event: 5.038 Thread 0x000001d054a6af40 Exception <a 'java/io/FileNotFoundException'{0x00000007078f99a0}> (0x00000007078f99a0) 
thrown [s\open\src\hotspot\share\prims\jni.cpp, line 520]
Event: 5.038 Thread 0x000001d054a6af40 Exception <a 'java/io/FileNotFoundException'{0x00000007078fad90}> (0x00000007078fad90) 
thrown [s\open\src\hotspot\share\prims\jni.cpp, line 520]
Event: 5.062 Thread 0x000001d054a6af40 Exception <a 'java/io/FileNotFoundException'{0x0000000707634b48}> (0x0000000707634b48) 
thrown [s\open\src\hotspot\share\prims\jni.cpp, line 520]
Event: 5.062 Thread 0x000001d054a6af40 Exception <a 'java/io/FileNotFoundException'{0x0000000707635f38}> (0x0000000707635f38) 
thrown [s\open\src\hotspot\share\prims\jni.cpp, line 520]
Event: 5.062 Thread 0x000001d054a6af40 Exception <a 'java/io/FileNotFoundException'{0x0000000707637340}> (0x0000000707637340) 
thrown [s\open\src\hotspot\share\prims\jni.cpp, line 520]
Event: 5.062 Thread 0x000001d054a6af40 Exception <a 'java/io/FileNotFoundException'{0x0000000707638730}> (0x0000000707638730) 
thrown [s\open\src\hotspot\share\prims\jni.cpp, line 520]
Event: 5.082 Thread 0x000001d054a6af40 Exception <a 'java/lang/NoSuchMethodError'{0x00000007076721f0}: 'java.lang.Object java.lang.invoke.DirectMethodHandle$Holder.newInvokeSpecial(java.lang.Object, java.lang.Object, int)'> (0x00000007076721f0) 
thrown [s\open\src\hotspot\share\interpreter\linkResolver.cpp, line 773]
Event: 5.302 Thread 0x000001d054a6c980 Exception <a 'java/lang/NoSuchMethodError'{0x00000007077a6e28}: 'int java.lang.invoke.DirectMethodHandle$Holder.invokeStaticInit(java.lang.Object, java.lang.Object)'> (0x00000007077a6e28) 
thrown [s\open\src\hotspot\share\interpreter\linkResolver.cpp, line 773]
Event: 5.461 Thread 0x000001d054a6c980 Exception <a 'java/lang/NoSuchMethodError'{0x0000000714e8ba98}: 'java.lang.Object java.lang.invoke.DirectMethodHandle$Holder.invokeStaticInit(java.lang.Object, int)'> (0x0000000714e8ba98) 
thrown [s\open\src\hotspot\share\interpreter\linkResolver.cpp, line 773]
Event: 6.447 Thread 0x000001d054a6af40 Exception <a 'java/lang/NoSuchMethodError'{0x0000000715652040}: 'long java.lang.invoke.DirectMethodHandle$Holder.invokeStatic(java.lang.Object, java.lang.Object, java.lang.Object)'> (0x0000000715652040) 
thrown [s\open\src\hotspot\share\interpreter\linkResolver.cpp, line 773]
Event: 6.447 Thread 0x000001d054a6af40 Exception <a 'java/lang/NoSuchMethodError'{0x0000000715655420}: 'long java.lang.invoke.DirectMethodHandle$Holder.invokeStaticInit(java.lang.Object, java.lang.Object, java.lang.Object)'> (0x0000000715655420) 
thrown [s\open\src\hotspot\share\interpreter\linkResolver.cpp, line 773]
Event: 6.449 Thread 0x000001d054a6af40 Exception <a 'java/lang/NoSuchMethodError'{0x00000007156697c0}: 'java.lang.Object java.lang.invoke.DirectMethodHandle$Holder.newInvokeSpecial(java.lang.Object, java.lang.Object, long)'> (0x00000007156697c0) 
thrown [s\open\src\hotspot\share\interpreter\linkResolver.cpp, line 773]
Event: 9.125 Thread 0x000001d054a6af40 Exception <a 'java/lang/NoSuchMethodError'{0x0000000714db13a8}: 'void java.lang.invoke.DirectMethodHandle$Holder.invokeInterface(java.lang.Object, java.lang.Object, java.lang.Object, java.lang.Object)'> (0x0000000714db13a8) 
thrown [s\open\src\hotspot\share\interpreter\linkResolver.cpp, line 773]
Event: 10.199 Thread 0x000001d054a6af40 Exception <a 'java/lang/ClassNotFoundException'{0x0000000707efafd8}: sun/awt/resources/spi/awtProvider> (0x0000000707efafd8) 
thrown [s\open\src\hotspot\share\classfile\systemDictionary.cpp, line 313]
Event: 10.206 Thread 0x000001d054a6af40 Exception <a 'java/io/FileNotFoundException'{0x0000000707efee48}> (0x0000000707efee48) 
thrown [s\open\src\hotspot\share\prims\jni.cpp, line 520]
Event: 10.207 Thread 0x000001d054a6af40 Exception <a 'java/io/FileNotFoundException'{0x0000000707f01148}> (0x0000000707f01148) 
thrown [s\open\src\hotspot\share\prims\jni.cpp, line 520]

ZGC Phase Switch (0 events):
No events

VM Operations (20 events):
Event: 182.962 Executing VM operation: Cleanup done
Event: 186.965 Executing VM operation: Cleanup
Event: 186.965 Executing VM operation: Cleanup done
Event: 188.966 Executing VM operation: Cleanup
Event: 188.966 Executing VM operation: Cleanup done
Event: 205.975 Executing VM operation: Cleanup
Event: 205.975 Executing VM operation: Cleanup done
Event: 206.976 Executing VM operation: Cleanup
Event: 206.976 Executing VM operation: Cleanup done
Event: 231.061 Executing VM operation: Cleanup
Event: 231.061 Executing VM operation: Cleanup done
Event: 241.080 Executing VM operation: Cleanup
Event: 241.080 Executing VM operation: Cleanup done
Event: 260.166 Executing VM operation: Cleanup
Event: 260.166 Executing VM operation: Cleanup done
Event: 273.307 Executing VM operation: Cleanup
Event: 273.307 Executing VM operation: Cleanup done
Event: 301.582 Executing VM operation: Cleanup
Event: 301.582 Executing VM operation: Cleanup done
Event: 322.225 Executing VM operation: Exit

Events (20 events):
Event: 10.303 Thread 0x000001d054a6f0e0 Thread added: 0x000001d054a6f0e0
Event: 10.305 Thread 0x000001d054a70b20 Thread added: 0x000001d054a70b20
Event: 10.305 Thread 0x000001d054a70490 Thread added: 0x000001d054a70490
Event: 10.950 Thread 0x000001d054a6d6a0 Thread added: 0x000001d054a6d6a0
Event: 10.995 Thread 0x000001d054a71ed0 Thread added: 0x000001d054a71ed0
Event: 10.997 Thread 0x000001d054a71840 Thread added: 0x000001d054a71840
Event: 12.947 Thread 0x000001d054a71ed0 Thread exited: 0x000001d054a71ed0
Event: 12.956 Thread 0x000001d054a6d6a0 Thread exited: 0x000001d054a6d6a0
Event: 14.231 Thread 0x000001d054a70b20 Thread exited: 0x000001d054a70b20
Event: 14.231 Thread 0x000001d054a71840 Thread exited: 0x000001d054a71840
Event: 322.117 Thread 0x000001d054a70b20 Thread added: 0x000001d054a70b20
Event: 322.118 Thread 0x000001d054a6d6a0 Thread added: 0x000001d054a6d6a0
Event: 322.118 Thread 0x000001d054a71840 Thread added: 0x000001d054a71840
Event: 322.118 Thread 0x000001d054a711b0 Thread added: 0x000001d054a711b0
Event: 322.119 Thread 0x000001d054a71ed0 Thread added: 0x000001d054a71ed0
Event: 322.121 Thread 0x000001d054a711b0 Thread exited: 0x000001d054a711b0
Event: 322.124 Thread 0x000001d054a6d6a0 Thread exited: 0x000001d054a6d6a0
Event: 322.133 Thread 0x000001d054a70490 Thread exited: 0x000001d054a70490
Event: 322.172 Thread 0x000001d054a6c980 Thread exited: 0x000001d054a6c980
Event: 322.225 Thread 0x000001d054a71840 Thread exited: 0x000001d054a71840


Dynamic libraries:
0x00007ff75cb90000 - 0x00007ff75cba0000 	C:\Program Files\Java\jdk-21.0.11\bin\java.exe
0x00007ffc84640000 - 0x00007ffc848a7000 	C:\windows\SYSTEM32\ntdll.dll
0x00007ffc83530000 - 0x00007ffc835f9000 	C:\windows\System32\KERNEL32.DLL
0x00007ffc81070000 - 0x00007ffc81467000 	C:\windows\System32\KERNELBASE.dll
0x00007ffc81ec0000 - 0x00007ffc8200b000 	C:\windows\System32\ucrtbase.dll
0x00007ffc77060000 - 0x00007ffc77079000 	C:\Program Files\Java\jdk-21.0.11\bin\jli.dll
0x00007ffc7e1c0000 - 0x00007ffc7e1de000 	C:\Program Files\Java\jdk-21.0.11\bin\VCRUNTIME140.dll
0x00007ffc84060000 - 0x00007ffc84116000 	C:\windows\System32\ADVAPI32.dll
0x00007ffc837a0000 - 0x00007ffc83849000 	C:\windows\System32\msvcrt.dll
0x00007ffc83480000 - 0x00007ffc83527000 	C:\windows\System32\sechost.dll
0x00007ffc83bb0000 - 0x00007ffc83cc8000 	C:\windows\System32\RPCRT4.dll
0x00007ffc83e90000 - 0x00007ffc84056000 	C:\windows\System32\USER32.dll
0x00007ffc82390000 - 0x00007ffc823b7000 	C:\windows\System32\win32u.dll
0x00007ffc83110000 - 0x00007ffc8313b000 	C:\windows\System32\GDI32.dll
0x00007ffc81520000 - 0x00007ffc8164c000 	C:\windows\System32\gdi32full.dll
0x00007ffc82190000 - 0x00007ffc82233000 	C:\windows\System32\msvcp_win.dll
0x00007ffc647b0000 - 0x00007ffc64a42000 	C:\windows\WinSxS\amd64_microsoft.windows.common-controls_6595b64144ccf1df_6.0.26100.8457_none_3e0b2faee331e92d\COMCTL32.dll
0x00007ffc77380000 - 0x00007ffc7738b000 	C:\windows\SYSTEM32\VERSION.dll
0x00007ffc83260000 - 0x00007ffc83292000 	C:\windows\System32\IMM32.DLL
0x00007ffc7e0d0000 - 0x00007ffc7e0dc000 	C:\Program Files\Java\jdk-21.0.11\bin\vcruntime140_1.dll
0x00007ffc56710000 - 0x00007ffc5679d000 	C:\Program Files\Java\jdk-21.0.11\bin\msvcp140.dll
0x00007ffbd15b0000 - 0x00007ffbd22d8000 	C:\Program Files\Java\jdk-21.0.11\bin\server\jvm.dll
0x00007ffc82f80000 - 0x00007ffc83000000 	C:\windows\System32\WS2_32.dll
0x00007ffc80850000 - 0x00007ffc808ae000 	C:\windows\SYSTEM32\POWRPROF.dll
0x00007ffc6c000000 - 0x00007ffc6c036000 	C:\windows\SYSTEM32\WINMM.dll
0x00007ffc80830000 - 0x00007ffc80844000 	C:\windows\SYSTEM32\UMPDC.dll
0x00007ffc7fe00000 - 0x00007ffc7fe1b000 	C:\windows\SYSTEM32\kernel.appcore.dll
0x00007ffc77360000 - 0x00007ffc7736a000 	C:\Program Files\Java\jdk-21.0.11\bin\jimage.dll
0x00007ffc7ee80000 - 0x00007ffc7f0c2000 	C:\windows\SYSTEM32\DBGHELP.DLL
0x00007ffc823e0000 - 0x00007ffc82763000 	C:\windows\System32\combase.dll
0x00007ffc839b0000 - 0x00007ffc83a89000 	C:\windows\System32\OLEAUT32.dll
0x00007ffc3fa10000 - 0x00007ffc3fa4b000 	C:\windows\SYSTEM32\dbgcore.DLL
0x00007ffc81470000 - 0x00007ffc81518000 	C:\windows\System32\bcryptPrimitives.dll
0x00007ffc76ed0000 - 0x00007ffc76ee0000 	C:\Program Files\Java\jdk-21.0.11\bin\instrument.dll
0x00007ffc6b560000 - 0x00007ffc6b581000 	C:\Program Files\Java\jdk-21.0.11\bin\java.dll
0x00007ffc82770000 - 0x00007ffc82ede000 	C:\windows\System32\SHELL32.dll
0x00007ffc81650000 - 0x00007ffc81ebc000 	C:\windows\System32\windows.storage.dll
0x00007ffc83ab0000 - 0x00007ffc83ba6000 	C:\windows\System32\SHCORE.dll
0x00007ffc830a0000 - 0x00007ffc83106000 	C:\windows\System32\shlwapi.dll
0x00007ffc80f90000 - 0x00007ffc80fb9000 	C:\windows\SYSTEM32\profapi.dll
0x00007ffc3bf80000 - 0x00007ffc3c057000 	C:\Program Files\Java\jdk-21.0.11\bin\jsvml.dll
0x00007ffc57730000 - 0x00007ffc57748000 	C:\Program Files\Java\jdk-21.0.11\bin\zip.dll
0x00007ffc57780000 - 0x00007ffc57791000 	C:\Program Files\Java\jdk-21.0.11\bin\net.dll
0x00007ffc78b90000 - 0x00007ffc78cb9000 	C:\windows\SYSTEM32\WINHTTP.dll
0x00007ffc80370000 - 0x00007ffc803dc000 	C:\windows\system32\mswsock.dll
0x00007ffc57760000 - 0x00007ffc57776000 	C:\Program Files\Java\jdk-21.0.11\bin\nio.dll
0x00007ffc7f880000 - 0x00007ffc7f9b2000 	C:\windows\SYSTEM32\DNSAPI.dll
0x00007ffc7f7f0000 - 0x00007ffc7f822000 	C:\windows\SYSTEM32\IPHLPAPI.DLL
0x00007ffc831d0000 - 0x00007ffc831da000 	C:\windows\System32\NSI.dll
0x00007ffc77610000 - 0x00007ffc7761b000 	C:\Windows\System32\rasadhlp.dll
0x00007ffc78e30000 - 0x00007ffc78eb6000 	C:\windows\System32\fwpuclnt.dll
0x00007ffc6f910000 - 0x00007ffc6f919000 	C:\Program Files\Java\jdk-21.0.11\bin\extnet.dll
0x00007ffc6b550000 - 0x00007ffc6b55a000 	C:\Program Files\Java\jdk-21.0.11\bin\management.dll
0x00007ffc6b530000 - 0x00007ffc6b53c000 	C:\Program Files\Java\jdk-21.0.11\bin\management_ext.dll
0x00007ffc83090000 - 0x00007ffc83098000 	C:\windows\System32\PSAPI.DLL
0x000001d06cc70000 - 0x000001d06cc73000 	C:\Users\oc_vh\.openjfx\cache\21.0.2+5\amd64\api-ms-win-core-console-l1-1-0.dll
0x000001d06cc80000 - 0x000001d06cc83000 	C:\Users\oc_vh\.openjfx\cache\21.0.2+5\amd64\api-ms-win-core-console-l1-2-0.dll
0x000001d06cc90000 - 0x000001d06cc93000 	C:\Users\oc_vh\.openjfx\cache\21.0.2+5\amd64\api-ms-win-core-datetime-l1-1-0.dll
0x000001d06cca0000 - 0x000001d06cca3000 	C:\Users\oc_vh\.openjfx\cache\21.0.2+5\amd64\api-ms-win-core-debug-l1-1-0.dll
0x000001d06ccb0000 - 0x000001d06ccb3000 	C:\Users\oc_vh\.openjfx\cache\21.0.2+5\amd64\api-ms-win-core-errorhandling-l1-1-0.dll
0x000001d07fa00000 - 0x000001d07fa04000 	C:\Users\oc_vh\.openjfx\cache\21.0.2+5\amd64\api-ms-win-core-file-l1-1-0.dll
0x000001d07fa10000 - 0x000001d07fa13000 	C:\Users\oc_vh\.openjfx\cache\21.0.2+5\amd64\api-ms-win-core-file-l1-2-0.dll
0x000001d07fa20000 - 0x000001d07fa23000 	C:\Users\oc_vh\.openjfx\cache\21.0.2+5\amd64\api-ms-win-core-file-l2-1-0.dll
0x000001d07fa30000 - 0x000001d07fa33000 	C:\Users\oc_vh\.openjfx\cache\21.0.2+5\amd64\api-ms-win-core-handle-l1-1-0.dll
0x000001d07fa40000 - 0x000001d07fa43000 	C:\Users\oc_vh\.openjfx\cache\21.0.2+5\amd64\api-ms-win-core-heap-l1-1-0.dll
0x000001d07fa50000 - 0x000001d07fa53000 	C:\Users\oc_vh\.openjfx\cache\21.0.2+5\amd64\api-ms-win-core-interlocked-l1-1-0.dll
0x000001d07fa60000 - 0x000001d07fa63000 	C:\Users\oc_vh\.openjfx\cache\21.0.2+5\amd64\api-ms-win-core-libraryloader-l1-1-0.dll
0x000001d07fa70000 - 0x000001d07fa73000 	C:\Users\oc_vh\.openjfx\cache\21.0.2+5\amd64\api-ms-win-core-localization-l1-2-0.dll
0x00007ffc806d0000 - 0x00007ffc806eb000 	C:\windows\SYSTEM32\CRYPTSP.dll
0x00007ffc7fd60000 - 0x00007ffc7fd99000 	C:\windows\system32\rsaenh.dll
0x00007ffc80420000 - 0x00007ffc80453000 	C:\windows\SYSTEM32\USERENV.dll
0x00007ffc80f60000 - 0x00007ffc80f8a000 	C:\windows\SYSTEM32\bcrypt.dll
0x000001d07fa80000 - 0x000001d07fa83000 	C:\Users\oc_vh\.openjfx\cache\21.0.2+5\amd64\api-ms-win-core-memory-l1-1-0.dll
0x00007ffc806c0000 - 0x00007ffc806cc000 	C:\windows\SYSTEM32\CRYPTBASE.dll
0x000001d07fa90000 - 0x000001d07fa93000 	C:\Users\oc_vh\.openjfx\cache\21.0.2+5\amd64\api-ms-win-core-namedpipe-l1-1-0.dll
0x000001d07faa0000 - 0x000001d07faa3000 	C:\Users\oc_vh\.openjfx\cache\21.0.2+5\amd64\api-ms-win-core-processenvironment-l1-1-0.dll
0x000001d07fab0000 - 0x000001d07fab3000 	C:\Users\oc_vh\.openjfx\cache\21.0.2+5\amd64\api-ms-win-core-processthreads-l1-1-0.dll
0x000001d07fac0000 - 0x000001d07fac3000 	C:\Users\oc_vh\.openjfx\cache\21.0.2+5\amd64\api-ms-win-core-processthreads-l1-1-1.dll
0x000001d07fad0000 - 0x000001d07fad3000 	C:\Users\oc_vh\.openjfx\cache\21.0.2+5\amd64\api-ms-win-core-profile-l1-1-0.dll
0x000001d07fae0000 - 0x000001d07fae3000 	C:\Users\oc_vh\.openjfx\cache\21.0.2+5\amd64\api-ms-win-core-rtlsupport-l1-1-0.dll
0x000001d07faf0000 - 0x000001d07faf3000 	C:\Users\oc_vh\.openjfx\cache\21.0.2+5\amd64\api-ms-win-core-string-l1-1-0.dll
0x00007ffc51b80000 - 0x00007ffc51b98000 	C:\windows\system32\napinsp.dll
0x00007ffc51b60000 - 0x00007ffc51b73000 	C:\windows\System32\winrnr.dll
0x00007ffc51b30000 - 0x00007ffc51b52000 	C:\windows\system32\nlansp_c.dll
0x00007ffc51ad0000 - 0x00007ffc51ae6000 	C:\windows\system32\wshbth.dll
0x000001d07fb00000 - 0x000001d07fb03000 	C:\Users\oc_vh\.openjfx\cache\21.0.2+5\amd64\api-ms-win-core-synch-l1-1-0.dll
0x000001d07fb10000 - 0x000001d07fb13000 	C:\Users\oc_vh\.openjfx\cache\21.0.2+5\amd64\api-ms-win-core-synch-l1-2-0.dll
0x000001d07fb20000 - 0x000001d07fb23000 	C:\Users\oc_vh\.openjfx\cache\21.0.2+5\amd64\api-ms-win-core-sysinfo-l1-1-0.dll
0x000001d07fb30000 - 0x000001d07fb33000 	C:\Users\oc_vh\.openjfx\cache\21.0.2+5\amd64\api-ms-win-core-timezone-l1-1-0.dll
0x000001d07fb40000 - 0x000001d07fb43000 	C:\Users\oc_vh\.openjfx\cache\21.0.2+5\amd64\api-ms-win-core-util-l1-1-0.dll
0x000001d07fb50000 - 0x000001d07fb53000 	C:\Users\oc_vh\.openjfx\cache\21.0.2+5\amd64\api-ms-win-crt-conio-l1-1-0.dll
0x000001d07fb60000 - 0x000001d07fb64000 	C:\Users\oc_vh\.openjfx\cache\21.0.2+5\amd64\api-ms-win-crt-convert-l1-1-0.dll
0x000001d07fb70000 - 0x000001d07fb73000 	C:\Users\oc_vh\.openjfx\cache\21.0.2+5\amd64\api-ms-win-crt-environment-l1-1-0.dll
0x000001d07fba0000 - 0x000001d07fba3000 	C:\Users\oc_vh\.openjfx\cache\21.0.2+5\amd64\api-ms-win-crt-filesystem-l1-1-0.dll
0x000001d07fb80000 - 0x000001d07fb83000 	C:\Users\oc_vh\.openjfx\cache\21.0.2+5\amd64\api-ms-win-crt-heap-l1-1-0.dll
0x000001d07fb90000 - 0x000001d07fb93000 	C:\Users\oc_vh\.openjfx\cache\21.0.2+5\amd64\api-ms-win-crt-locale-l1-1-0.dll
0x000001d07fbb0000 - 0x000001d07fbb5000 	C:\Users\oc_vh\.openjfx\cache\21.0.2+5\amd64\api-ms-win-crt-math-l1-1-0.dll
0x000001d07fbc0000 - 0x000001d07fbc5000 	C:\Users\oc_vh\.openjfx\cache\21.0.2+5\amd64\api-ms-win-crt-multibyte-l1-1-0.dll
0x000001d07fbd0000 - 0x000001d07fbe0000 	C:\Users\oc_vh\.openjfx\cache\21.0.2+5\amd64\api-ms-win-crt-private-l1-1-0.dll
0x000001d07fbe0000 - 0x000001d07fbe3000 	C:\Users\oc_vh\.openjfx\cache\21.0.2+5\amd64\api-ms-win-crt-process-l1-1-0.dll
0x000001d07fbf0000 - 0x000001d07fbf4000 	C:\Users\oc_vh\.openjfx\cache\21.0.2+5\amd64\api-ms-win-crt-runtime-l1-1-0.dll
0x000001d07fc00000 - 0x000001d07fc04000 	C:\Users\oc_vh\.openjfx\cache\21.0.2+5\amd64\api-ms-win-crt-stdio-l1-1-0.dll
0x000001d07fc10000 - 0x000001d07fc14000 	C:\Users\oc_vh\.openjfx\cache\21.0.2+5\amd64\api-ms-win-crt-string-l1-1-0.dll
0x000001d07fc20000 - 0x000001d07fc23000 	C:\Users\oc_vh\.openjfx\cache\21.0.2+5\amd64\api-ms-win-crt-time-l1-1-0.dll
0x000001d07fc30000 - 0x000001d07fc33000 	C:\Users\oc_vh\.openjfx\cache\21.0.2+5\amd64\api-ms-win-crt-utility-l1-1-0.dll
0x00007ffc3aeb0000 - 0x00007ffc3afac000 	C:\Users\oc_vh\.openjfx\cache\21.0.2+5\amd64\ucrtbase.dll
0x00007ffc566f0000 - 0x00007ffc5670b000 	C:\Users\oc_vh\.openjfx\cache\21.0.2+5\amd64\vcruntime140.dll
0x00007ffc58eb0000 - 0x00007ffc58ebc000 	C:\Users\oc_vh\.openjfx\cache\21.0.2+5\amd64\vcruntime140_1.dll
0x00007ffc74420000 - 0x00007ffc74476000 	C:\windows\SYSTEM32\pdh.dll
0x00007ffc3ae20000 - 0x00007ffc3aeae000 	C:\Users\oc_vh\.openjfx\cache\21.0.2+5\amd64\msvcp140.dll
0x00007ffc57720000 - 0x00007ffc57729000 	C:\Users\oc_vh\.openjfx\cache\21.0.2+5\amd64\msvcp140_1.dll
0x00007ffc56680000 - 0x00007ffc566c1000 	C:\Users\oc_vh\.openjfx\cache\21.0.2+5\amd64\msvcp140_2.dll
0x00007ffc40010000 - 0x00007ffc40040000 	C:\Users\oc_vh\.openjfx\cache\21.0.2+5\amd64\prism_d3d.dll
0x00007ffc62030000 - 0x00007ffc621e3000 	C:\windows\system32\d3d9.dll
0x00007ffc7e8d0000 - 0x00007ffc7e8ff000 	C:\windows\SYSTEM32\dwmapi.dll
0x00007ffc7e6f0000 - 0x00007ffc7e735000 	C:\windows\SYSTEM32\dxcore.dll
0x00007ffc7e610000 - 0x00007ffc7e6ba000 	C:\windows\system32\uxtheme.dll
0x00007ffc83600000 - 0x00007ffc83797000 	C:\windows\System32\ole32.dll
0x00007ffc80d20000 - 0x00007ffc80d71000 	C:\windows\SYSTEM32\CFGMGR32.dll
0x00007ffc792d0000 - 0x00007ffc79331000 	C:\windows\SYSTEM32\directxdatabasehelper.dll
0x00007ffc3add0000 - 0x00007ffc3ae12000 	C:\Users\oc_vh\.openjfx\cache\21.0.2+5\amd64\glass.dll
0x00007ffc83cd0000 - 0x00007ffc83dc0000 	C:\windows\System32\COMDLG32.dll
0x00007ffc83850000 - 0x00007ffc839ac000 	C:\windows\System32\MSCTF.dll
0x00007ffc566d0000 - 0x00007ffc566e4000 	C:\Users\oc_vh\.openjfx\cache\21.0.2+5\amd64\javafx_font.dll
0x00007ffc7cd70000 - 0x00007ffc7cfd7000 	C:\windows\SYSTEM32\dwrite.dll
0x00007ffc786a0000 - 0x00007ffc786b2000 	C:\windows\System32\perfproc.dll
0x00007ffc5aea0000 - 0x00007ffc5aeae000 	C:\Program Files\Java\jdk-21.0.11\bin\sunmscapi.dll
0x00007ffc82010000 - 0x00007ffc82188000 	C:\windows\System32\CRYPT32.dll

dbghelp: loaded successfully - version: 4.0.5 - missing functions: none
symbol engine: initialized successfully - sym options: 0x614 - pdb path: .;C:\Program Files\Java\jdk-21.0.11\bin;C:\windows\SYSTEM32;C:\windows\WinSxS\amd64_microsoft.windows.common-controls_6595b64144ccf1df_6.0.26100.8457_none_3e0b2faee331e92d;C:\Program Files\Java\jdk-21.0.11\bin\server;C:\Users\oc_vh\.openjfx\cache\21.0.2+5\amd64;C:\windows\System32\DriverStore\FileRepository\iigd_dch.inf_amd64_a0e4070823166b80;C:\Program Files\Common Files\Microsoft Shared\Ink;C:\windows\System32\DriverStore\FileRepository\ntprint.inf_amd64_78082862576f78bc\Amd64;C:\windows\System32\DriverStore\FileRepository\prnms003.inf_amd64_fe120272380ff332\Amd64;C:\Program Files\Microsoft Office\root\VFS\ProgramFilesCommonX64\Microsoft Shared\Office16

VM Arguments:
jvm_args: -javaagent:C:\Program Files\JetBrains\IntelliJ IDEA 2026.1.2\lib\idea_rt.jar=57016 -Dfile.encoding=UTF-8 -Dsun.stdout.encoding=UTF-8 -Dsun.stderr.encoding=UTF-8 
java_command: com.asm.App
java_class_path (initial): C:\Users\oc_vh\IdeaProjects\pdv-almacenes-san-miguel\target\classes;C:\Users\oc_vh\.m2\repository\org\openjfx\javafx-controls\21.0.2\javafx-controls-21.0.2.jar;C:\Users\oc_vh\.m2\repository\org\openjfx\javafx-controls\21.0.2\javafx-controls-21.0.2-win.jar;C:\Users\oc_vh\.m2\repository\org\openjfx\javafx-graphics\21.0.2\javafx-graphics-21.0.2.jar;C:\Users\oc_vh\.m2\repository\org\openjfx\javafx-graphics\21.0.2\javafx-graphics-21.0.2-win.jar;C:\Users\oc_vh\.m2\repository\org\openjfx\javafx-base\21.0.2\javafx-base-21.0.2.jar;C:\Users\oc_vh\.m2\repository\org\openjfx\javafx-base\21.0.2\javafx-base-21.0.2-win.jar;C:\Users\oc_vh\.m2\repository\org\openjfx\javafx-fxml\21.0.2\javafx-fxml-21.0.2.jar;C:\Users\oc_vh\.m2\repository\org\openjfx\javafx-fxml\21.0.2\javafx-fxml-21.0.2-win.jar;C:\Users\oc_vh\.m2\repository\org\hibernate\orm\hibernate-core\6.2.7.Final\hibernate-core-6.2.7.Final.jar;C:\Users\oc_vh\.m2\repository\jakarta\persistence\jakarta.persistence-api\3.1.0\jakarta.persistence-api-3.1.0.jar;C:\Users\oc_vh\.m2\repository\jakarta\transaction\jakarta.transaction-api\2.0.1\jakarta.transaction-api-2.0.1.jar;C:\Users\oc_vh\.m2\repository\org\jboss\logging\jboss-logging\3.5.0.Final\jboss-logging-3.5.0.Final.jar;C:\Users\oc_vh\.m2\repository\org\hibernate\common\hibernate-commons-annotations\6.0.6.Final\hibernate-commons-annotations-6.0.6.Final.jar;C:\Users\oc_vh\.m2\repository\io\smallrye\jandex\3.0.5\jandex-3.0.5.jar;C:\Users\oc_vh\.m2\repository\com\fasterxml\classmate\1.5.1\classmate-1.5.1.jar;C:\Users\oc_vh\.m2\repository\net\bytebuddy\byte-buddy\1.12.18\byte-buddy-1.12.18.jar;C:\Users\oc_vh\.m2\repository\jakarta\xml\bind\jakarta.xml.bind-api\4.0.0\jakarta.xml.bind-api-4.0.0.jar;C:\Users\oc_vh\.m2\repository\jakarta\activation\jakarta.activation-api\2.1.0\jakarta.activation-api-2.1.0.jar;C:\Users\oc_vh\.m2\repository\org\glassfish\jaxb\jaxb-runtime\4.0.2\jaxb-runtime-4.0.2.jar;C:\Users\oc_vh\.m2\repository\org\glassfish\jaxb\jaxb-core\4.0.2\jaxb-core-4.0.2.jar;C:\Users\oc_vh\.m2\repository\org\eclipse\angus\angus-activation\2.0.0\angus-activation-2.0.0.jar;C:\Users\oc_vh\.m2\repository\org\glassfish\jaxb\txw2\4.0.2\txw2-4.0.2.jar;C:\Users\oc_vh\.m2\repository\com\sun\istack\istack-commons-runtime\4.1.1\istack-commons-runtime-4.1.1.jar;C:\Users\oc_vh\.m2\repository\jakarta\inject\jakarta.inject-api\2.0.1\jakarta.inject-api-2.0.1.jar;C:\Users\oc_vh\.m2\repository\org\antlr\antlr4-runtime\4.10.1\antlr4-runtime-4.10.1.jar;C:\Users\oc_vh\.m2\repository\com\mysql\mysql-connector-j\8.0.33\mysql-connector-j-8.0.33.jar;C:\Users\oc_vh\.m2\repository\com\google\protobuf\protobuf-java\3.21.9\protobuf-java-3.21.9.jar
Launcher Type: SUN_STANDARD

[Global flags]
     intx CICompilerCount                          = 4                                         {product} {ergonomic}
     uint ConcGCThreads                            = 3                                         {product} {ergonomic}
     uint G1ConcRefinementThreads                  = 10                                        {product} {ergonomic}
   size_t G1HeapRegionSize                         = 2097152                                   {product} {ergonomic}
    uintx GCDrainStackTargetSize                   = 64                                        {product} {ergonomic}
   size_t InitialHeapSize                          = 264241152                                 {product} {ergonomic}
   size_t MarkStackSize                            = 4194304                                   {product} {ergonomic}
   size_t MaxHeapSize                              = 4198498304                                {product} {ergonomic}
   size_t MaxNewSize                               = 2518679552                                {product} {ergonomic}
   size_t MinHeapDeltaBytes                        = 2097152                                   {product} {ergonomic}
   size_t MinHeapSize                              = 8388608                                   {product} {ergonomic}
    uintx NonNMethodCodeHeapSize                   = 5839372                                {pd product} {ergonomic}
    uintx NonProfiledCodeHeapSize                  = 122909434                              {pd product} {ergonomic}
    uintx ProfiledCodeHeapSize                     = 122909434                              {pd product} {ergonomic}
    uintx ReservedCodeCacheSize                    = 251658240                              {pd product} {ergonomic}
     bool SegmentedCodeCache                       = true                                      {product} {ergonomic}
   size_t SoftMaxHeapSize                          = 4198498304                             {manageable} {ergonomic}
     bool UseCompressedOops                        = true                           {product lp64_product} {ergonomic}
     bool UseG1GC                                  = true                                      {product} {ergonomic}
     bool UseLargePagesIndividualAllocation        = false                                  {pd product} {ergonomic}

Logging:
Log output configuration:
 #0: stdout all=off uptime,level,tags foldmultilines=false
 #1: stderr all=off uptime,level,tags foldmultilines=false

Environment Variables:
JAVA_HOME=C:\Program Files\Java\jdk-21.0.11
PATH=C:\Program Files\Common Files\Oracle\Java\javapath;C:\Program Files\Microsoft MPI\Bin\;C:\windows\system32;C:\windows;C:\windows\System32\Wbem;C:\windows\System32\WindowsPowerShell\v1.0\;C:\windows\System32\OpenSSH\;C:\Program Files (x86)\NVIDIA Corporation\PhysX\Common;C:\Program Files\NVIDIA Corporation\NVIDIA App\NvDLISR;C:\Users\Administrator\AppData\Local\Microsoft\WindowsApps;C:\Program Files\HP\OMEN-Broadcast\Common;C:\Program Files (x86)\Microsoft SQL Server\170\Tools\Binn\;C:\Program Files\Microsoft SQL Server\170\Tools\Binn\;C:\Program Files\Microsoft SQL Server\Client SDK\ODBC\180\Tools\Binn\;C:\Program Files\Microsoft SQL Server\170\DTS\Binn\;C:\Program Files\PuTTY\;C:\Program Files\Microchip\xc8\v2.36\bin;%JAVA_HOME%\bin;C:\Program Files\Git\cmd;C:\Program Files\Microsoft SQL Server\Client SDK\ODBC\130\Tools\Binn\;C:\Program Files (x86)\Microsoft SQL Server\130\Tools\Binn\;C:\Program Files\Microsoft SQL Server\130\Tools\Binn\;C:\Program Files\Microsoft SQL Server\130\DTS\Binn\;C:\Users\oc_vh\AppData\Local\Microsoft\WindowsApps;C:\Users\oc_vh\AppData\Local\Programs\Microsoft VS Code\bin;C:\Program Files\JetBrains\IntelliJ IDEA 2026.1.2\bin
USERNAME=oc_vh
OS=Windows_NT
PROCESSOR_IDENTIFIER=Intel64 Family 6 Model 186 Stepping 2, GenuineIntel
TMP=C:\Users\oc_vh\AppData\Local\Temp
TEMP=C:\Users\oc_vh\AppData\Local\Temp




Periodic native trim disabled

---------------  S Y S T E M  ---------------

OS:
 Windows 11 , 64 bit Build 26100 (10.0.26100.8328)
OS uptime: 11 days 12:03 hours
Hyper-V role detected

CPU: total 12 (initial active 12) (6 cores per cpu, 2 threads per core) family 6 model 186 stepping 2 microcode 0x6134, cx8, cmov, fxsr, ht, mmx, 3dnowpref, sse, sse2, sse3, ssse3, sse4.1, sse4.2, popcnt, lzcnt, tsc, tscinvbit, avx, avx2, aes, erms, clmul, bmi1, bmi2, adx, sha, fma, vzeroupper, clflush, clflushopt, clwb, hv, serialize, rdtscp, rdpid, fsrm, f16c, cet_ibt, cet_ss
Processor Information for processor 0
  Max Mhz: 2100, Current Mhz: 2100, Mhz Limit: 2100
Processor Information for processor 1
  Max Mhz: 2100, Current Mhz: 2100, Mhz Limit: 2100
Processor Information for processor 2
  Max Mhz: 2100, Current Mhz: 2100, Mhz Limit: 2100
Processor Information for processor 3
  Max Mhz: 2100, Current Mhz: 2100, Mhz Limit: 2100
Processor Information for processor 4
  Max Mhz: 2100, Current Mhz: 2100, Mhz Limit: 2100
Processor Information for processor 5
  Max Mhz: 2100, Current Mhz: 2100, Mhz Limit: 2100
Processor Information for processor 6
  Max Mhz: 2100, Current Mhz: 2100, Mhz Limit: 2100
Processor Information for processor 7
  Max Mhz: 2100, Current Mhz: 2100, Mhz Limit: 2100
Processor Information for processor 8
  Max Mhz: 2100, Current Mhz: 1540, Mhz Limit: 2100
Processor Information for processor 9
  Max Mhz: 2100, Current Mhz: 2100, Mhz Limit: 2100
Processor Information for processor 10
  Max Mhz: 2100, Current Mhz: 1540, Mhz Limit: 2100
Processor Information for processor 11
  Max Mhz: 2100, Current Mhz: 1540, Mhz Limit: 2100

Memory: 4k page, system-wide physical 16013M (2863M free)
TotalPageFile size 28734M (AvailPageFile size 4946M)
current process WorkingSet (physical memory assigned to process): 353M, peak: 434M
current process commit charge ("private bytes"): 402M, peak: 552M

vm_info: Java HotSpot(TM) 64-Bit Server VM (21.0.11+9-LTS-211) for windows-amd64 JRE (21.0.11+9-LTS-211), built on 2026-03-11T00:23:15Z by "mach5run" with MS VC++ 17.13 (VS2022)

END.
